Archive member included to satisfy reference by file (symbol)

d:/arduino/7.0/toolchain/avr8/avr8-gnu-toolchain/bin/../lib/gcc/avr/5.4.0/../../../../avr/lib/avr6\libm.a(fixunssfsi.o)
                              TempHumSensorImpl.o (__fixunssfsi)
d:/arduino/7.0/toolchain/avr8/avr8-gnu-toolchain/bin/../lib/gcc/avr/5.4.0/../../../../avr/lib/avr6\libm.a(fp_split3.o)
                              d:/arduino/7.0/toolchain/avr8/avr8-gnu-toolchain/bin/../lib/gcc/avr/5.4.0/../../../../avr/lib/avr6\libm.a(fixunssfsi.o) (__fp_splitA)
d:/arduino/7.0/toolchain/avr8/avr8-gnu-toolchain/bin/../lib/gcc/avr/5.4.0/../../../../avr/lib/avr6\libm.a(fp_zero.o)
                              d:/arduino/7.0/toolchain/avr8/avr8-gnu-toolchain/bin/../lib/gcc/avr/5.4.0/../../../../avr/lib/avr6\libm.a(fixunssfsi.o) (__fp_zero)
../drivers\libIotLibrary.a(hih8120.o)
                              TempHumSensorImpl.o (hih8120_initialise)
../drivers\libIotLibrary.a(lora_driver.o)
                              UpLinkHandler.o (lora_driver_flushBuffers)
../drivers\libIotLibrary.a(lora_driver_utils.o)
                              ../drivers\libIotLibrary.a(lora_driver.o) (decode_port_no)
../drivers\libIotLibrary.a(serial.o)
                              ../drivers\libIotLibrary.a(lora_driver.o) (serial_create)
../drivers\libIotLibrary.a(stdio_driver.o)
                              main.o (stdio_initialise)
../drivers\libIotLibrary.a(status_leds.o)
                              main.o (status_leds_initialise)
../drivers\libIotLibrary.a(twi.o)
                              ../drivers\libIotLibrary.a(hih8120.o) (twiCreate)
../drivers\libIotLibrary.a(fifo.o)
                              ../drivers\libIotLibrary.a(serial.o) (fifo_init)
d:/arduino/7.0/toolchain/avr8/avr8-gnu-toolchain/bin/../lib/gcc/avr/5.4.0/../../../../avr/lib/avr6\libm.a(addsf3.o)
                              ../drivers\libIotLibrary.a(hih8120.o) (__subsf3)
d:/arduino/7.0/toolchain/avr8/avr8-gnu-toolchain/bin/../lib/gcc/avr/5.4.0/../../../../avr/lib/avr6\libm.a(addsf3x.o)
                              d:/arduino/7.0/toolchain/avr8/avr8-gnu-toolchain/bin/../lib/gcc/avr/5.4.0/../../../../avr/lib/avr6\libm.a(addsf3.o) (__addsf3x)
d:/arduino/7.0/toolchain/avr8/avr8-gnu-toolchain/bin/../lib/gcc/avr/5.4.0/../../../../avr/lib/avr6\libm.a(divsf3.o)
                              ../drivers\libIotLibrary.a(hih8120.o) (__divsf3)
d:/arduino/7.0/toolchain/avr8/avr8-gnu-toolchain/bin/../lib/gcc/avr/5.4.0/../../../../avr/lib/avr6\libm.a(divsf3x.o)
                              d:/arduino/7.0/toolchain/avr8/avr8-gnu-toolchain/bin/../lib/gcc/avr/5.4.0/../../../../avr/lib/avr6\libm.a(divsf3.o) (__divsf3x)
d:/arduino/7.0/toolchain/avr8/avr8-gnu-toolchain/bin/../lib/gcc/avr/5.4.0/../../../../avr/lib/avr6\libm.a(fixsfsi.o)
                              ../drivers\libIotLibrary.a(hih8120.o) (__fixsfsi)
d:/arduino/7.0/toolchain/avr8/avr8-gnu-toolchain/bin/../lib/gcc/avr/5.4.0/../../../../avr/lib/avr6\libm.a(floatsisf.o)
                              ../drivers\libIotLibrary.a(hih8120.o) (__floatunsisf)
d:/arduino/7.0/toolchain/avr8/avr8-gnu-toolchain/bin/../lib/gcc/avr/5.4.0/../../../../avr/lib/avr6\libm.a(fp_inf.o)
                              d:/arduino/7.0/toolchain/avr8/avr8-gnu-toolchain/bin/../lib/gcc/avr/5.4.0/../../../../avr/lib/avr6\libm.a(addsf3x.o) (__fp_inf)
d:/arduino/7.0/toolchain/avr8/avr8-gnu-toolchain/bin/../lib/gcc/avr/5.4.0/../../../../avr/lib/avr6\libm.a(fp_nan.o)
                              d:/arduino/7.0/toolchain/avr8/avr8-gnu-toolchain/bin/../lib/gcc/avr/5.4.0/../../../../avr/lib/avr6\libm.a(addsf3x.o) (__fp_nan)
d:/arduino/7.0/toolchain/avr8/avr8-gnu-toolchain/bin/../lib/gcc/avr/5.4.0/../../../../avr/lib/avr6\libm.a(fp_pscA.o)
                              d:/arduino/7.0/toolchain/avr8/avr8-gnu-toolchain/bin/../lib/gcc/avr/5.4.0/../../../../avr/lib/avr6\libm.a(addsf3x.o) (__fp_pscA)
d:/arduino/7.0/toolchain/avr8/avr8-gnu-toolchain/bin/../lib/gcc/avr/5.4.0/../../../../avr/lib/avr6\libm.a(fp_pscB.o)
                              d:/arduino/7.0/toolchain/avr8/avr8-gnu-toolchain/bin/../lib/gcc/avr/5.4.0/../../../../avr/lib/avr6\libm.a(addsf3x.o) (__fp_pscB)
d:/arduino/7.0/toolchain/avr8/avr8-gnu-toolchain/bin/../lib/gcc/avr/5.4.0/../../../../avr/lib/avr6\libm.a(fp_round.o)
                              d:/arduino/7.0/toolchain/avr8/avr8-gnu-toolchain/bin/../lib/gcc/avr/5.4.0/../../../../avr/lib/avr6\libm.a(addsf3.o) (__fp_round)
d:/arduino/7.0/toolchain/avr8/avr8-gnu-toolchain/bin/../lib/gcc/avr/5.4.0/../../../../avr/lib/avr6\libm.a(mulsf3.o)
                              ../drivers\libIotLibrary.a(hih8120.o) (__mulsf3)
d:/arduino/7.0/toolchain/avr8/avr8-gnu-toolchain/bin/../lib/gcc/avr/5.4.0/../../../../avr/lib/avr6\libm.a(mulsf3x.o)
                              d:/arduino/7.0/toolchain/avr8/avr8-gnu-toolchain/bin/../lib/gcc/avr/5.4.0/../../../../avr/lib/avr6\libm.a(mulsf3.o) (__mulsf3x)
[...]
Memory Configuration

Name             Origin             Length             Attributes
text             0x00000000         0x00040000         xr
data             0x00800200         0x00002000         rw !x
eeprom           0x00810000         0x00001000         rw !x
fuse             0x00820000         0x00000003         rw !x
lock             0x00830000         0x00000400         rw !x
signature        0x00840000         0x00000400         rw !x
user_signatures  0x00850000         0x00000400         rw !x
*default*        0x00000000         0xffffffff

Linker script and memory map

Address of section .data set to 0x800200
LOAD D:/Arduino/7.0/Packs/atmel/ATmega_DFP/1.6.364/gcc/dev/atmega2560/avr6/crtatmega2560.o
LOAD ConfigurationImpl.o
LOAD DownLinkHandler.o
LOAD FreeRTOS/FreeRTOSTraceDriver/FreeRTOSTraceDriver.o
LOAD FreeRTOS/src/croutine.o
LOAD FreeRTOS/src/event_groups.o
LOAD FreeRTOS/src/heap_4.o
LOAD FreeRTOS/src/list.o
LOAD FreeRTOS/src/port.o
LOAD FreeRTOS/src/queue.o
LOAD FreeRTOS/src/stream_buffer.o
LOAD FreeRTOS/src/tasks.o
LOAD FreeRTOS/src/timers.o
LOAD FreeRTOS/src/variantHooks.o
LOAD SensorDataHandler.o
LOAD TempHumSensorImpl.o
LOAD UpLinkHandler.o
LOAD main.o
LOAD LoRaWANHandler.o
START GROUP
LOAD d:/arduino/7.0/toolchain/avr8/avr8-gnu-toolchain/bin/../lib/gcc/avr/5.4.0/../../../../avr/lib/avr6\libm.a
LOAD ../drivers\libIotLibrary.a
END GROUP
START GROUP
LOAD d:/arduino/7.0/toolchain/avr8/avr8-gnu-toolchain/bin/../lib/gcc/avr/5.4.0/avr6\libgcc.a
LOAD d:/arduino/7.0/toolchain/avr8/avr8-gnu-toolchain/bin/../lib/gcc/avr/5.4.0/../../../../avr/lib/avr6\libm.a
LOAD d:/arduino/7.0/toolchain/avr8/avr8-gnu-toolchain/bin/../lib/gcc/avr/5.4.0/../../../../avr/lib/avr6\libc.a
LOAD D:/Arduino/7.0/Packs/atmel/ATmega_DFP/1.6.364/gcc/dev/atmega2560/avr6\libatmega2560.a
END GROUP
                0x00000000                __TEXT_REGION_ORIGIN__ = DEFINED (__TEXT_REGION_ORIGIN__)?__TEXT_REGION_ORIGIN__:0x0
                [0x00800200]                __DATA_REGION_ORIGIN__ = DEFINED (__DATA_REGION_ORIGIN__)?__DATA_REGION_ORIGIN__:0x800200
                [0x00040000]                __TEXT_REGION_LENGTH__ = DEFINED (__TEXT_REGION_LENGTH__)?__TEXT_REGION_LENGTH__:0x100000
                [0x00002000]                __DATA_REGION_LENGTH__ = DEFINED (__DATA_REGION_LENGTH__)?__DATA_REGION_LENGTH__:0xfe00
                [0x00001000]                __EEPROM_REGION_LENGTH__ = DEFINED (__EEPROM_REGION_LENGTH__)?__EEPROM_REGION_LENGTH__:0x10000
                [0x00000003]                __FUSE_REGION_LENGTH__ = DEFINED (__FUSE_REGION_LENGTH__)?__FUSE_REGION_LENGTH__:0x400
                0x00000400                __LOCK_REGION_LENGTH__ = DEFINED (__LOCK_REGION_LENGTH__)?__LOCK_REGION_LENGTH__:0x400
                0x00000400                __SIGNATURE_REGION_LENGTH__ = DEFINED (__SIGNATURE_REGION_LENGTH__)?__SIGNATURE_REGION_LENGTH__:0x400
                0x00000400                __USER_SIGNATURE_REGION_LENGTH__ = DEFINED (__USER_SIGNATURE_REGION_LENGTH__)?__USER_SIGNATURE_REGION_LENGTH__:0x400

.hash
 *(.hash)

.dynsym
 *(.dynsym)

.dynstr
 *(.dynstr)

.gnu.version
 *(.gnu.version)

.gnu.version_d
 *(.gnu.version_d)

.gnu.version_r
 *(.gnu.version_r)

.rel.init
 *(.rel.init)

.rela.init
 *(.rela.init)

.rel.text
 *(.rel.text)
 *(.rel.text.*)
 *(.rel.gnu.linkonce.t*)

.rela.text
 *(.rela.text)
 *(.rela.text.*)
 *(.rela.gnu.linkonce.t*)

.rel.fini
 *(.rel.fini)

.rela.fini
 *(.rela.fini)

.rel.rodata
 *(.rel.rodata)
 *(.rel.rodata.*)
 *(.rel.gnu.linkonce.r*)

.rela.rodata
 *(.rela.rodata)
 *(.rela.rodata.*)
 *(.rela.gnu.linkonce.r*)

.rel.data
 *(.rel.data)
 *(.rel.data.*)
 *(.rel.gnu.linkonce.d*)

.rela.data
 *(.rela.data)
 *(.rela.data.*)
 *(.rela.gnu.linkonce.d*)

.rel.ctors
 *(.rel.ctors)

.rela.ctors
 *(.rela.ctors)

.rel.dtors
 *(.rel.dtors)

.rela.dtors
 *(.rela.dtors)

.rel.got
 *(.rel.got)

.rela.got
 *(.rela.got)

.rel.bss
 *(.rel.bss)

.rela.bss
 *(.rela.bss)

.rel.plt
 *(.rel.plt)

.rela.plt
 *(.rela.plt)

.text           0x00000000     0x5958
 *(.vectors)
 .vectors       0x00000000       0xe4 D:/Arduino/7.0/Packs/atmel/ATmega_DFP/1.6.364/gcc/dev/atmega2560/avr6/crtatmega2560.o
                0x00000000                __vector_default
                0x00000000                __vectors
 *(.vectors)
 *(.progmem.gcc*)
 .progmem.gcc_sw_table.prvProcessReceivedCommands
                0x000000e4       0x14 FreeRTOS/src/timers.o
 .progmem.gcc_sw_table.__vector_39
                0x000000f8       0xa2 ../drivers\libIotLibrary.a(twi.o)
                0x0000019a                . = ALIGN (0x2)
                0x0000019a                __trampolines_start = .
 *(.trampolines)
 .trampolines   0x0000019a        0x0 linker stubs
 *(.trampolines*)
                0x0000019a                __trampolines_end = .
 *libprintf_flt.a:*(.progmem.data)
 *libc.a:*(.progmem.data)
 *(.progmem*)
                0x0000019a                . = ALIGN (0x2)
 *(.jumptables)
 *(.jumptables*)
 *(.lowtext)
 .lowtext       0x0000019a       0x14 FreeRTOS/src/tasks.o
 .lowtext       0x000001ae       0x1e FreeRTOS/src/timers.o
 *(.lowtext*)
                0x000001cc                __ctors_start = .
 *(.ctors)
                0x000001cc                __ctors_end = .
                0x000001cc                __dtors_start = .
 *(.dtors)
                0x000001cc                __dtors_end = .
 SORT(*)(.ctors)
 SORT(*)(.dtors)
 *(.init0)
 .init0         0x000001cc        0x0 D:/Arduino/7.0/Packs/atmel/ATmega_DFP/1.6.364/gcc/dev/atmega2560/avr6/crtatmega2560.o
                0x000001cc                __init
 *(.init0)
 *(.init1)
 *(.init1)
 *(.init2)
 .init2         0x000001cc       0x10 D:/Arduino/7.0/Packs/atmel/ATmega_DFP/1.6.364/gcc/dev/atmega2560/avr6/crtatmega2560.o
 *(.init2)
 *(.init3)
 *(.init3)
 *(.init4)
 .init4         0x000001dc       0x1a d:/arduino/7.0/toolchain/avr8/avr8-gnu-toolchain/bin/../lib/gcc/avr/5.4.0/avr6\libgcc.a(_copy_data.o)
                0x000001dc                __do_copy_data
 .init4         0x000001f6       0x10 d:/arduino/7.0/toolchain/avr8/avr8-gnu-toolchain/bin/../lib/gcc/avr/5.4.0/avr6\libgcc.a(_clear_bss.o)
                0x000001f6                __do_clear_bss
 *(.init4)
 *(.init5)
 *(.init5)
 *(.init6)
 *(.init6)
 *(.init7)
 *(.init7)
 *(.init8)
 *(.init8)
 *(.init9)
 .init9         0x00000206        0x8 D:/Arduino/7.0/Packs/atmel/ATmega_DFP/1.6.364/gcc/dev/atmega2560/avr6/crtatmega2560.o
 *(.init9)
 *(.text)
 .text          0x0000020e        0x2 D:/Arduino/7.0/Packs/atmel/ATmega_DFP/1.6.364/gcc/dev/atmega2560/avr6/crtatmega2560.o
                0x0000020e                __vector_38
                0x0000020e                __vector_22
                0x0000020e                __vector_28
                0x0000020e                __vector_1
                0x0000020e                __vector_32
                0x0000020e                __vector_34
                0x0000020e                __vector_24
                0x0000020e                __vector_46
                0x0000020e                __bad_interrupt
                0x0000020e                __vector_6
                0x0000020e                __vector_31
                0x0000020e                __vector_35
                0x0000020e                __vector_3
                0x0000020e                __vector_23
                0x0000020e                __vector_30
                0x0000020e                __vector_45
                0x0000020e                __vector_11
                0x0000020e                __vector_13
                0x0000020e                __vector_17
                0x0000020e                __vector_19
                0x0000020e                __vector_56
                0x0000020e                __vector_7
                0x0000020e                __vector_49
                0x0000020e                __vector_41
                0x0000020e                __vector_43
                0x0000020e                __vector_27
                0x0000020e                __vector_5
                0x0000020e                __vector_33
                0x0000020e                __vector_47
                0x0000020e                __vector_4
                0x0000020e                __vector_44
                0x0000020e                __vector_9
                0x0000020e                __vector_2
                0x0000020e                __vector_21
                0x0000020e                __vector_15
                0x0000020e                __vector_29
                0x0000020e                __vector_40
                0x0000020e                __vector_8
                0x0000020e                __vector_48
                0x0000020e                __vector_14
                0x0000020e                __vector_53
                0x0000020e                __vector_10
                0x0000020e                __vector_50
                0x0000020e                __vector_16
                0x0000020e                __vector_18
                0x0000020e                __vector_20
                0x0000020e                __vector_42
                0x00000210                . = ALIGN (0x2)
 *(.text.*)
 .text.xEventGroupCreate
                0x00000210       0x26 FreeRTOS/src/event_groups.o
                0x00000210                xEventGroupCreate
 .text.prvHeapInit
                0x00000236       0x52 FreeRTOS/src/heap_4.o
 .text.prvInsertBlockIntoFreeList
                0x00000288       0x94 FreeRTOS/src/heap_4.o
 .text.pvPortMalloc
                0x0000031c      0x152 FreeRTOS/src/heap_4.o
                0x0000031c                pvPortMalloc
 .text.vPortFree
                0x0000046e       0x7a FreeRTOS/src/heap_4.o
                0x0000046e                vPortFree
 .text.vListInitialise
                0x000004e8       0x22 FreeRTOS/src/list.o
                0x000004e8                vListInitialise
 .text.vListInitialiseItem
                0x0000050a        0x8 FreeRTOS/src/list.o
                0x0000050a                vListInitialiseItem
 .text.vListInsert
                0x00000512       0x7a FreeRTOS/src/list.o
                0x00000512                vListInsert
 .text.uxListRemove
                0x0000058c       0x4e FreeRTOS/src/list.o
                0x0000058c                uxListRemove
 .text.prvSetupTimerInterrupt
                0x000005da       0x18 FreeRTOS/src/port.o
 .text.pxPortInitialiseStack
                0x000005f2       0x2e FreeRTOS/src/port.o
                0x000005f2                pxPortInitialiseStack
 .text.xPortStartScheduler
                0x00000620       0x64 FreeRTOS/src/port.o
                0x00000620                xPortStartScheduler
 .text.vPortYield
                0x00000684       0xc2 FreeRTOS/src/port.o
                0x00000684                vPortYield
 .text.vPortYieldFromTick
                0x00000746       0xca FreeRTOS/src/port.o
                0x00000746                vPortYieldFromTick
 .text.__vector_12
                0x00000810        0x4 FreeRTOS/src/port.o
                0x00000810                __vector_12
 .text.prvIsQueueEmpty
                0x00000814       0x1a FreeRTOS/src/queue.o
 .text.prvIsQueueFull
                0x0000082e       0x1c FreeRTOS/src/queue.o
 .text.prvCopyDataToQueue
                0x0000084a       0xbe FreeRTOS/src/queue.o
 .text.prvCopyDataFromQueue
                0x00000908       0x34 FreeRTOS/src/queue.o
 .text.prvUnlockQueue
                0x0000093c       0x68 FreeRTOS/src/queue.o
 .text.xQueueGenericReset
                0x000009a4       0x86 FreeRTOS/src/queue.o
                0x000009a4                xQueueGenericReset
 .text.prvInitialiseNewQueue
                0x00000a2a       0x24 FreeRTOS/src/queue.o
 .text.xQueueGenericCreate
                0x00000a4e       0x46 FreeRTOS/src/queue.o
                0x00000a4e                xQueueGenericCreate
 .text.xQueueGenericSend
                0x00000a94      0x124 FreeRTOS/src/queue.o
                0x00000a94                xQueueGenericSend
 .text.prvInitialiseMutex
                0x00000bb8       0x24 FreeRTOS/src/queue.o
 .text.xQueueCreateMutex
                0x00000bdc       0x18 FreeRTOS/src/queue.o
                0x00000bdc                xQueueCreateMutex
 .text.xQueueGenericSendFromISR
                0x00000bf4       0x76 FreeRTOS/src/queue.o
                0x00000bf4                xQueueGenericSendFromISR
 .text.xQueueReceive
                0x00000c6a      0x11e FreeRTOS/src/queue.o
                0x00000c6a                xQueueReceive
 .text.vQueueWaitForMessageRestricted
                0x00000d88       0x38 FreeRTOS/src/queue.o
                0x00000d88                vQueueWaitForMessageRestricted
 .text.prvBytesInBuffer
                0x00000dc0       0x26 FreeRTOS/src/stream_buffer.o
 .text.prvInitialiseNewStreamBuffer
                0x00000de6       0x20 FreeRTOS/src/stream_buffer.o
 .text.prvWriteBytesToBuffer
                0x00000e06       0x92 FreeRTOS/src/stream_buffer.o
 .text.prvWriteMessageToBuffer
                0x00000e98       0x86 FreeRTOS/src/stream_buffer.o
 .text.prvReadBytesFromBuffer
                0x00000f1e       0x9e FreeRTOS/src/stream_buffer.o
 .text.prvReadMessageFromBuffer
                0x00000fbc       0x8a FreeRTOS/src/stream_buffer.o
 .text.xStreamBufferGenericCreate
                0x00001046       0x64 FreeRTOS/src/stream_buffer.o
                0x00001046                xStreamBufferGenericCreate
 .text.xStreamBufferReset
                0x000010aa       0x3c FreeRTOS/src/stream_buffer.o
                0x000010aa                xStreamBufferReset
 .text.xStreamBufferSpacesAvailable
                0x000010e6       0x24 FreeRTOS/src/stream_buffer.o
                0x000010e6                xStreamBufferSpacesAvailable
 .text.xStreamBufferSend
                0x0000110a      0x186 FreeRTOS/src/stream_buffer.o
                0x0000110a                xStreamBufferSend
 .text.xStreamBufferSendFromISR
                0x00001290       0x88 FreeRTOS/src/stream_buffer.o
                0x00001290                xStreamBufferSendFromISR
 .text.xStreamBufferReceive
                0x00001318      0x102 FreeRTOS/src/stream_buffer.o
                0x00001318                xStreamBufferReceive
 .text.prvResetNextTaskUnblockTime
                0x0000141a       0x4e FreeRTOS/src/tasks.o
 .text.prvDeleteTCB
                0x00001468       0x1a FreeRTOS/src/tasks.o
 .text.prvInitialiseNewTask
                0x00001482       0xf8 FreeRTOS/src/tasks.o
 .text.prvInitialiseTaskLists
                0x0000157a       0x60 FreeRTOS/src/tasks.o
 .text.prvAddNewTaskToReadyList
                0x000015da       0xde FreeRTOS/src/tasks.o
 .text.prvCheckTasksWaitingTermination
                0x000016b8       0x4a FreeRTOS/src/tasks.o
 .text.prvAddCurrentTaskToDelayedList
                0x00001702      0x144 FreeRTOS/src/tasks.o
 .text.xTaskCreate
                0x00001846       0x98 FreeRTOS/src/tasks.o
                0x00001846                xTaskCreate
 .text.vTaskStartScheduler
                0x000018de       0x70 FreeRTOS/src/tasks.o
                0x000018de                vTaskStartScheduler
 .text.vTaskSuspendAll
                0x0000194e        0xc FreeRTOS/src/tasks.o
                0x0000194e                vTaskSuspendAll
 .text.xTaskGetTickCount
                0x0000195a       0x1c FreeRTOS/src/tasks.o
                0x0000195a                xTaskGetTickCount
 .text.xTaskIncrementTick
                0x00001976      0x258 FreeRTOS/src/tasks.o
                0x00001976                xTaskIncrementTick
 .text.xTaskResumeAll
                0x00001bce      0x1b8 FreeRTOS/src/tasks.o
                0x00001bce                xTaskResumeAll
 .text.xTaskDelayUntil
                0x00001d86       0xca FreeRTOS/src/tasks.o
                0x00001d86                xTaskDelayUntil
 .text.vTaskDelay
                0x00001e50       0x36 FreeRTOS/src/tasks.o
                0x00001e50                vTaskDelay
 .text.vTaskSwitchContext
                0x00001e86       0xca FreeRTOS/src/tasks.o
                0x00001e86                vTaskSwitchContext
 .text.vTaskPlaceOnEventList
                0x00001f50       0x2e FreeRTOS/src/tasks.o
                0x00001f50                vTaskPlaceOnEventList
 .text.vTaskPlaceOnEventListRestricted
                0x00001f7e       0x84 FreeRTOS/src/tasks.o
                0x00001f7e                vTaskPlaceOnEventListRestricted
 .text.xTaskRemoveFromEventList
                0x00002002      0x15e FreeRTOS/src/tasks.o
                0x00002002                xTaskRemoveFromEventList
 .text.vTaskSetTimeOutState
                0x00002160       0x2c FreeRTOS/src/tasks.o
                0x00002160                vTaskSetTimeOutState
 .text.vTaskInternalSetTimeOutState
                0x0000218c       0x22 FreeRTOS/src/tasks.o
                0x0000218c                vTaskInternalSetTimeOutState
 .text.xTaskCheckForTimeOut
                0x000021ae       0xcc FreeRTOS/src/tasks.o
                0x000021ae                xTaskCheckForTimeOut
 .text.vTaskMissedYield
                0x0000227a        0x8 FreeRTOS/src/tasks.o
                0x0000227a                vTaskMissedYield
 .text.xTaskGetCurrentTaskHandle
                0x00002282        0xa FreeRTOS/src/tasks.o
                0x00002282                xTaskGetCurrentTaskHandle
 .text.xTaskGetSchedulerState
                0x0000228c       0x1c FreeRTOS/src/tasks.o
                0x0000228c                xTaskGetSchedulerState
 .text.xTaskPriorityDisinherit
                0x000022a8       0xb6 FreeRTOS/src/tasks.o
                0x000022a8                xTaskPriorityDisinherit
 .text.xTaskGenericNotifyWait
                0x0000235e      0x14e FreeRTOS/src/tasks.o
                0x0000235e                xTaskGenericNotifyWait
 .text.xTaskGenericNotify
                0x000024ac      0x1ee FreeRTOS/src/tasks.o
                0x000024ac                xTaskGenericNotify
 .text.xTaskGenericNotifyFromISR
                0x0000269a      0x244 FreeRTOS/src/tasks.o
                0x0000269a                xTaskGenericNotifyFromISR
 .text.xTaskGenericNotifyStateClear
                0x000028de       0x34 FreeRTOS/src/tasks.o
                0x000028de                xTaskGenericNotifyStateClear
 .text.prvGetNextExpireTime
                0x00002912       0x30 FreeRTOS/src/timers.o
 .text.prvInsertTimerInActiveList
                0x00002942       0x92 FreeRTOS/src/timers.o
 .text.prvCheckForValidListAndQueue
                0x000029d4       0x52 FreeRTOS/src/timers.o
 .text.xTimerCreateTimerTask
                0x00002a26       0x42 FreeRTOS/src/timers.o
                0x00002a26                xTimerCreateTimerTask
 .text.xTimerGenericCommand
                0x00002a68       0xbc FreeRTOS/src/timers.o
                0x00002a68                xTimerGenericCommand
 .text.prvSwitchTimerLists
                0x00002b24       0xd0 FreeRTOS/src/timers.o
 .text.prvSampleTimeNow
                0x00002bf4       0x5c FreeRTOS/src/timers.o
 .text.prvProcessExpiredTimer
                0x00002c50       0xac FreeRTOS/src/timers.o
 .text.prvProcessTimerOrBlockTask
                0x00002cfc       0xae FreeRTOS/src/timers.o
 .text.prvProcessReceivedCommands
                0x00002daa      0x168 FreeRTOS/src/timers.o
 .text.vApplicationIdleHook
                0x00002f12        0x2 FreeRTOS/src/variantHooks.o
                0x00002f12                vApplicationIdleHook
 .text.prvSetMainLedOn
                0x00002f14        0xe FreeRTOS/src/variantHooks.o
                0x00002f14                prvSetMainLedOn
 .text.prvBlinkMainLed
                0x00002f22        0x8 FreeRTOS/src/variantHooks.o
                0x00002f22                prvBlinkMainLed
 .text.vApplicationMallocFailedHook
                0x00002f2a       0x18 FreeRTOS/src/variantHooks.o
                0x00002f2a                vApplicationMallocFailedHook
 .text.vApplicationStackOverflowHook
                0x00002f42       0x18 FreeRTOS/src/variantHooks.o
                0x00002f42                vApplicationStackOverflowHook
 .text.tempHum_taskRun
                0x00002f5a       0x8e TempHumSensorImpl.o
                0x00002f5a                tempHum_taskRun
 .text.tempHum_getDataFromTempHumSensorTask
                0x00002fe8       0x48 TempHumSensorImpl.o
                0x00002fe8                tempHum_getDataFromTempHumSensorTask
 .text.task3    0x00003030       0x20 main.o
                0x00003030                task3
 .text.create_tasks_and_semaphores
                0x00003050       0x56 main.o
                0x00003050                create_tasks_and_semaphores
 .text.initialiseSystem
                0x000030a6       0x30 main.o
                0x000030a6                initialiseSystem
 .text.main     0x000030d6        0xc main.o
                0x000030d6                main
 .text._lora_setup
                0x000030e2      0x188 LoRaWANHandler.o
 .text.lora_handler_task
                0x0000326a       0x9e LoRaWANHandler.o
                0x0000326a                lora_handler_task
 .text.lora_handler_initialise
                0x00003308       0x28 LoRaWANHandler.o
                0x00003308                lora_handler_initialise
 .text.avr-libc.fplib
                0x00003330       0x58 d:/arduino/7.0/toolchain/avr8/avr8-gnu-toolchain/bin/../lib/gcc/avr/5.4.0/../../../../avr/lib/avr6\libm.a(fixunssfsi.o)
                0x00003330                __fixunssfsi
 .text.avr-libc.fplib
                0x00003388       0x44 d:/arduino/7.0/toolchain/avr8/avr8-gnu-toolchain/bin/../lib/gcc/avr/5.4.0/../../../../avr/lib/avr6\libm.a(fp_split3.o)
                0x00003388                __fp_split3
                0x00003398                __fp_splitA
 .text.avr-libc.fplib
                0x000033cc        0xe d:/arduino/7.0/toolchain/avr8/avr8-gnu-toolchain/bin/../lib/gcc/avr/5.4.0/../../../../avr/lib/avr6\libm.a(fp_zero.o)
                0x000033cc                __fp_zero
                0x000033ce                __fp_szero
 .text._hihTwiCallback
                0x000033da       0x5a ../drivers\libIotLibrary.a(hih8120.o)
 .text.hih8120_initialise
                0x00003434       0x30 ../drivers\libIotLibrary.a(hih8120.o)
                0x00003434                hih8120_initialise
 .text.hih8120_wakeup
                0x00003464       0x2a ../drivers\libIotLibrary.a(hih8120.o)
                0x00003464                hih8120_wakeup
 .text.hih8120_measure
                0x0000348e       0x22 ../drivers\libIotLibrary.a(hih8120.o)
                0x0000348e                hih8120_measure
 .text.hih8120_getHumidity
                0x000034b0       0x2a ../drivers\libIotLibrary.a(hih8120.o)
                0x000034b0                hih8120_getHumidity
 .text.hih8120_getTemperature
                0x000034da       0x36 ../drivers\libIotLibrary.a(hih8120.o)
                0x000034da                hih8120_getTemperature
 .text._serialCallBack
                0x00003510       0x8c ../drivers\libIotLibrary.a(lora_driver.o)
 .text._uploadMessage
                0x0000359c       0xb4 ../drivers\libIotLibrary.a(lora_driver.o)
 .text._reply2ReturnCode
                0x00003650       0xea ../drivers\libIotLibrary.a(lora_driver.o)
 .text._uploadMessageRc
                0x0000373a        0x6 ../drivers\libIotLibrary.a(lora_driver.o)
 .text.lora_driver_flushBuffers
                0x00003740        0xe ../drivers\libIotLibrary.a(lora_driver.o)
                0x00003740                lora_driver_flushBuffers
 .text.lora_driver_initialise
                0x0000374e       0x80 ../drivers\libIotLibrary.a(lora_driver.o)
                0x0000374e                lora_driver_initialise
 .text.lora_driver_resetRn2483
                0x000037ce       0x1c ../drivers\libIotLibrary.a(lora_driver.o)
                0x000037ce                lora_driver_resetRn2483
 .text.lora_driver_rn2483FactoryReset
                0x000037ea       0x24 ../drivers\libIotLibrary.a(lora_driver.o)
                0x000037ea                lora_driver_rn2483FactoryReset
 .text.lora_driver_getRn2483Hweui
                0x0000380e       0x38 ../drivers\libIotLibrary.a(lora_driver.o)
                0x0000380e                lora_driver_getRn2483Hweui
 .text.lora_driver_setDeviceIdentifier
                0x00003846       0x22 ../drivers\libIotLibrary.a(lora_driver.o)
                0x00003846                lora_driver_setDeviceIdentifier
 .text.lora_driver_setApplicationIdentifier
                0x00003868       0x22 ../drivers\libIotLibrary.a(lora_driver.o)
                0x00003868                lora_driver_setApplicationIdentifier
 .text.lora_driver_setApplicationKey
                0x0000388a       0x22 ../drivers\libIotLibrary.a(lora_driver.o)
                0x0000388a                lora_driver_setApplicationKey
 .text.lora_driver_saveMac
                0x000038ac        0xc ../drivers\libIotLibrary.a(lora_driver.o)
                0x000038ac                lora_driver_saveMac
 .text.lora_driver_join
                0x000038b8       0x52 ../drivers\libIotLibrary.a(lora_driver.o)
                0x000038b8                lora_driver_join
 .text.lora_driver_sendUploadMessage
                0x0000390a      0x196 ../drivers\libIotLibrary.a(lora_driver.o)
                0x0000390a                lora_driver_sendUploadMessage
 .text.lora_driver_setAdaptiveDataRate
                0x00003aa0       0x16 ../drivers\libIotLibrary.a(lora_driver.o)
                0x00003aa0                lora_driver_setAdaptiveDataRate
 .text.lora_driver_setReceiveDelay
                0x00003ab6       0x30 ../drivers\libIotLibrary.a(lora_driver.o)
                0x00003ab6                lora_driver_setReceiveDelay
 .text.lora_driver_configureToEu868
                0x00003ae6      0x1bc ../drivers\libIotLibrary.a(lora_driver.o)
                0x00003ae6                lora_driver_configureToEu868
 .text.lora_driver_setOtaaIdentity
                0x00003ca2       0x42 ../drivers\libIotLibrary.a(lora_driver.o)
                0x00003ca2                lora_driver_setOtaaIdentity
 .text.lora_driver_mapReturnCodeToText
                0x00003ce4       0x18 ../drivers\libIotLibrary.a(lora_driver.o)
                0x00003ce4                lora_driver_mapReturnCodeToText
 .text.decode_port_no
                0x00003cfc       0x58 ../drivers\libIotLibrary.a(lora_driver_utils.o)
                0x00003cfc                decode_port_no
 .text.decode_hexadecimal_string_bytes
                0x00003d54       0x92 ../drivers\libIotLibrary.a(lora_driver_utils.o)
                0x00003d54                decode_hexadecimal_string_bytes
 .text.serial_create
                0x00003de6      0x144 ../drivers\libIotLibrary.a(serial.o)
                0x00003de6                serial_create
 .text.serial_sendByte
                0x00003f2a       0x56 ../drivers\libIotLibrary.a(serial.o)
                0x00003f2a                serial_sendByte
 .text.serial_sendBytes
                0x00003f80       0xaa ../drivers\libIotLibrary.a(serial.o)
                0x00003f80                serial_sendBytes
 .text.serial_getByte
                0x0000402a       0x40 ../drivers\libIotLibrary.a(serial.o)
                0x0000402a                serial_getByte
 .text.__vector_25
                0x0000406a       0xa4 ../drivers\libIotLibrary.a(serial.o)
                0x0000406a                __vector_25
 .text.__vector_26
                0x0000410e       0x88 ../drivers\libIotLibrary.a(serial.o)
                0x0000410e                __vector_26
 .text.__vector_36
                0x00004196       0xa4 ../drivers\libIotLibrary.a(serial.o)
                0x00004196                __vector_36
 .text.__vector_37
                0x0000423a       0x88 ../drivers\libIotLibrary.a(serial.o)
                0x0000423a                __vector_37
 .text.__vector_51
                0x000042c2       0xa4 ../drivers\libIotLibrary.a(serial.o)
                0x000042c2                __vector_51
 .text.__vector_52
                0x00004366       0x88 ../drivers\libIotLibrary.a(serial.o)
                0x00004366                __vector_52
 .text.__vector_54
                0x000043ee       0xa4 ../drivers\libIotLibrary.a(serial.o)
                0x000043ee                __vector_54
 .text.__vector_55
                0x00004492       0x88 ../drivers\libIotLibrary.a(serial.o)
                0x00004492                __vector_55
 .text.usart_getchar
                0x0000451a       0x2a ../drivers\libIotLibrary.a(stdio_driver.o)
 .text.usart_putchar
                0x00004544       0x12 ../drivers\libIotLibrary.a(stdio_driver.o)
 .text.stdio_initialise
                0x00004556       0x52 ../drivers\libIotLibrary.a(stdio_driver.o)
                0x00004556                stdio_initialise
 .text._turn_off
                0x000045a8       0x98 ../drivers\libIotLibrary.a(status_leds.o)
 .text._turn_on
                0x00004640       0x98 ../drivers\libIotLibrary.a(status_leds.o)
 .text._hal_led_task
                0x000046d8       0x8c ../drivers\libIotLibrary.a(status_leds.o)
 .text.status_leds_initialise
                0x00004764       0x9c ../drivers\libIotLibrary.a(status_leds.o)
                0x00004764                status_leds_initialise
 .text.status_leds_slowBlink
                0x00004800       0x46 ../drivers\libIotLibrary.a(status_leds.o)
                0x00004800                status_leds_slowBlink
 .text.status_leds_fastBlink
                0x00004846       0x46 ../drivers\libIotLibrary.a(status_leds.o)
                0x00004846                status_leds_fastBlink
 .text.status_leds_ledOn
                0x0000488c       0x1e ../drivers\libIotLibrary.a(status_leds.o)
                0x0000488c                status_leds_ledOn
 .text.status_leds_ledOff
                0x000048aa       0x1e ../drivers\libIotLibrary.a(status_leds.o)
                0x000048aa                status_leds_ledOff
 .text.status_leds_longPuls
                0x000048c8       0x24 ../drivers\libIotLibrary.a(status_leds.o)
                0x000048c8                status_leds_longPuls
 .text.status_leds_shortPuls
                0x000048ec       0x22 ../drivers\libIotLibrary.a(status_leds.o)
                0x000048ec                status_leds_shortPuls
 .text._initTwiInterface
                0x0000490e       0x22 ../drivers\libIotLibrary.a(twi.o)
 .text.twiCreate
                0x00004930       0x9a ../drivers\libIotLibrary.a(twi.o)
                0x00004930                twiCreate
 .text.twiIsBusy
                0x000049ca        0x8 ../drivers\libIotLibrary.a(twi.o)
                0x000049ca                twiIsBusy
 .text.twiTransmit
                0x000049d2       0x98 ../drivers\libIotLibrary.a(twi.o)
                0x000049d2                twiTransmit
 .text.twiReceive
                0x00004a6a       0x66 ../drivers\libIotLibrary.a(twi.o)
                0x00004a6a                twiReceive
 .text.__vector_39
                0x00004ad0      0x17a ../drivers\libIotLibrary.a(twi.o)
                0x00004ad0                __vector_39
 .text.fifo_init
                0x00004c4a       0x38 ../drivers\libIotLibrary.a(fifo.o)
                0x00004c4a                fifo_init
 .text.avr-libc.fplib
                0x00004c82        0xa d:/arduino/7.0/toolchain/avr8/avr8-gnu-toolchain/bin/../lib/gcc/avr/5.4.0/../../../../avr/lib/avr6\libm.a(addsf3.o)
                0x00004c82                __subsf3
                0x00004c84                __addsf3
 .text.avr-libc.fplib
                0x00004c8c       0xc4 d:/arduino/7.0/toolchain/avr8/avr8-gnu-toolchain/bin/../lib/gcc/avr/5.4.0/../../../../avr/lib/avr6\libm.a(addsf3x.o)
                0x00004ca6                __addsf3x
 .text.avr-libc.fplib
                0x00004d50        0x4 d:/arduino/7.0/toolchain/avr8/avr8-gnu-toolchain/bin/../lib/gcc/avr/5.4.0/../../../../avr/lib/avr6\libm.a(divsf3.o)
                0x00004d50                __divsf3
 .text.avr-libc.fplib
                0x00004d54       0xd2 d:/arduino/7.0/toolchain/avr8/avr8-gnu-toolchain/bin/../lib/gcc/avr/5.4.0/../../../../avr/lib/avr6\libm.a(divsf3x.o)
                0x00004d6c                __divsf3x
                0x00004d72                __divsf3_pse
 .text.avr-libc.fplib
                0x00004e26       0x7a d:/arduino/7.0/toolchain/avr8/avr8-gnu-toolchain/bin/../lib/gcc/avr/5.4.0/../../../../avr/lib/avr6\libm.a(floatsisf.o)
                0x00004e26                __floatunsisf
                0x00004e2a                __floatsisf
 .text.avr-libc.fplib
                0x00004ea0        0xc d:/arduino/7.0/toolchain/avr8/avr8-gnu-toolchain/bin/../lib/gcc/avr/5.4.0/../../../../avr/lib/avr6\libm.a(fp_inf.o)
                0x00004ea0                __fp_inf
 .text.avr-libc.fplib
                0x00004eac        0x6 d:/arduino/7.0/toolchain/avr8/avr8-gnu-toolchain/bin/../lib/gcc/avr/5.4.0/../../../../avr/lib/avr6\libm.a(fp_nan.o)
                0x00004eac                __fp_nan
 .text.avr-libc.fplib
                0x00004eb2        0xe d:/arduino/7.0/toolchain/avr8/avr8-gnu-toolchain/bin/../lib/gcc/avr/5.4.0/../../../../avr/lib/avr6\libm.a(fp_pscA.o)
                0x00004eb2                __fp_pscA
 .text.avr-libc.fplib
                0x00004ec0        0xe d:/arduino/7.0/toolchain/avr8/avr8-gnu-toolchain/bin/../lib/gcc/avr/5.4.0/../../../../avr/lib/avr6\libm.a(fp_pscB.o)
                0x00004ec0                __fp_pscB
 .text.avr-libc.fplib
                0x00004ece       0x22 d:/arduino/7.0/toolchain/avr8/avr8-gnu-toolchain/bin/../lib/gcc/avr/5.4.0/../../../../avr/lib/avr6\libm.a(fp_round.o)
                0x00004ece                __fp_round
 .text.avr-libc.fplib
                0x00004ef0        0x4 d:/arduino/7.0/toolchain/avr8/avr8-gnu-toolchain/bin/../lib/gcc/avr/5.4.0/../../../../avr/lib/avr6\libm.a(mulsf3.o)
                0x00004ef0                __mulsf3
 .text.avr-libc.fplib
                0x00004ef4       0xc8 d:/arduino/7.0/toolchain/avr8/avr8-gnu-toolchain/bin/../lib/gcc/avr/5.4.0/../../../../avr/lib/avr6\libm.a(mulsf3x.o)
                0x00004f0a                __mulsf3x
                0x00004f10                __mulsf3_pse
 .text.libgcc.div
                0x00004fbc       0x44 d:/arduino/7.0/toolchain/avr8/avr8-gnu-toolchain/bin/../lib/gcc/avr/5.4.0/avr6\libgcc.a(_udivmodsi4.o)
                0x00004fbc                __udivmodsi4
 .text.libgcc   0x00005000       0x10 d:/arduino/7.0/toolchain/avr8/avr8-gnu-toolchain/bin/../lib/gcc/avr/5.4.0/avr6\libgcc.a(_tablejump2.o)
                0x00005000                __tablejump2__
 .text.avr-libc
                0x00005010      0x242 d:/arduino/7.0/toolchain/avr8/avr8-gnu-toolchain/bin/../lib/gcc/avr/5.4.0/../../../../avr/lib/avr6\libc.a(malloc.o)
                0x00005010                malloc
                0x00005140                free
 .text.avr-libc
                0x00005252        0x8 d:/arduino/7.0/toolchain/avr8/avr8-gnu-toolchain/bin/../lib/gcc/avr/5.4.0/../../../../avr/lib/avr6\libc.a(abort.o)
                0x00005252                abort
 .text.avr-libc
                0x0000525a       0x12 d:/arduino/7.0/toolchain/avr8/avr8-gnu-toolchain/bin/../lib/gcc/avr/5.4.0/../../../../avr/lib/avr6\libc.a(memcpy.o)
                0x0000525a                memcpy
 .text.avr-libc
                0x0000526c        0xe d:/arduino/7.0/toolchain/avr8/avr8-gnu-toolchain/bin/../lib/gcc/avr/5.4.0/../../../../avr/lib/avr6\libc.a(memset.o)
                0x0000526c                memset
 .text.avr-libc
                0x0000527a       0x4a d:/arduino/7.0/toolchain/avr8/avr8-gnu-toolchain/bin/../lib/gcc/avr/5.4.0/../../../../avr/lib/avr6\libc.a(strcasestr.o)
                0x0000527a                strcasestr
 .text.avr-libc
                0x000052c4       0x16 d:/arduino/7.0/toolchain/avr8/avr8-gnu-toolchain/bin/../lib/gcc/avr/5.4.0/../../../../avr/lib/avr6\libc.a(strcat.o)
                0x000052c4                strcat
 .text.avr-libc
                0x000052da        0xe d:/arduino/7.0/toolchain/avr8/avr8-gnu-toolchain/bin/../lib/gcc/avr/5.4.0/../../../../avr/lib/avr6\libc.a(strcpy.o)
                0x000052da                strcpy
 .text.avr-libc
                0x000052e8       0x30 d:/arduino/7.0/toolchain/avr8/avr8-gnu-toolchain/bin/../lib/gcc/avr/5.4.0/../../../../avr/lib/avr6\libc.a(strncasecmp.o)
                0x000052e8                strncasecmp
 .text.avr-libc
                0x00005318       0x26 d:/arduino/7.0/toolchain/avr8/avr8-gnu-toolchain/bin/../lib/gcc/avr/5.4.0/../../../../avr/lib/avr6\libc.a(printf.o)
                0x00005318                printf
 .text.avr-libc
                0x0000533e       0x60 d:/arduino/7.0/toolchain/avr8/avr8-gnu-toolchain/bin/../lib/gcc/avr/5.4.0/../../../../avr/lib/avr6\libc.a(puts.o)
                0x0000533e                puts
 .text.avr-libc
                0x0000539e       0x5c d:/arduino/7.0/toolchain/avr8/avr8-gnu-toolchain/bin/../lib/gcc/avr/5.4.0/../../../../avr/lib/avr6\libc.a(sprintf.o)
                0x0000539e                sprintf
 .text.avr-libc
                0x000053fa      0x3fa d:/arduino/7.0/toolchain/avr8/avr8-gnu-toolchain/bin/../lib/gcc/avr/5.4.0/../../../../avr/lib/avr6\libc.a(vfprintf_std.o)
                0x000053fa                vfprintf
 .text.avr-libc
                0x000057f4       0x16 d:/arduino/7.0/toolchain/avr8/avr8-gnu-toolchain/bin/../lib/gcc/avr/5.4.0/../../../../avr/lib/avr6\libc.a(strnlen_P.o)
                0x000057f4                strnlen_P
 .text.avr-libc
                0x0000580a       0x16 d:/arduino/7.0/toolchain/avr8/avr8-gnu-toolchain/bin/../lib/gcc/avr/5.4.0/../../../../avr/lib/avr6\libc.a(strnlen.o)
                0x0000580a                strnlen
 .text.avr-libc
                0x00005820       0x78 d:/arduino/7.0/toolchain/avr8/avr8-gnu-toolchain/bin/../lib/gcc/avr/5.4.0/../../../../avr/lib/avr6\libc.a(fputc.o)
                0x00005820                fputc
 .text.avr-libc
                0x00005898       0xbc d:/arduino/7.0/toolchain/avr8/avr8-gnu-toolchain/bin/../lib/gcc/avr/5.4.0/../../../../avr/lib/avr6\libc.a(ultoa_invert.o)
                0x00005898                __ultoa_invert
                0x00005954                . = ALIGN (0x2)
 *(.fini9)
 .fini9         0x00005954        0x0 d:/arduino/7.0/toolchain/avr8/avr8-gnu-toolchain/bin/../lib/gcc/avr/5.4.0/avr6\libgcc.a(_exit.o)
                0x00005954                _exit
                0x00005954                exit
 *(.fini9)
 *(.fini8)
 *(.fini8)
 *(.fini7)
 *(.fini7)
 *(.fini6)
 *(.fini6)
 *(.fini5)
 *(.fini5)
 *(.fini4)
 *(.fini4)
 *(.fini3)
 *(.fini3)
 *(.fini2)
 *(.fini2)
 *(.fini1)
 *(.fini1)
 *(.fini0)
 .fini0         0x00005954        0x4 d:/arduino/7.0/toolchain/avr8/avr8-gnu-toolchain/bin/../lib/gcc/avr/5.4.0/avr6\libgcc.a(_exit.o)
 *(.fini0)
                0x00005958                _etext = .

.data           0x00800200      0x4ce load address 0x00005958
                0x00800200                PROVIDE (__data_start, .)
 *(.data)
 .data          0x00800200        0x6 d:/arduino/7.0/toolchain/avr8/avr8-gnu-toolchain/bin/../lib/gcc/avr/5.4.0/../../../../avr/lib/avr6\libc.a(malloc.o)
                0x00800200                __malloc_heap_end
                0x00800202                __malloc_heap_start
                0x00800204                __malloc_margin
 *(.data*)
 .data.uxTopUsedPriority
                0x00800206        0x1 FreeRTOS/src/tasks.o
                0x00800206                uxTopUsedPriority
 .data._temp    0x00800207        0x2 ../drivers\libIotLibrary.a(hih8120.o)
 .data._hum     0x00800209        0x2 ../drivers\libIotLibrary.a(hih8120.o)
 .data._com_port_2_udr
                0x0080020b        0x8 ../drivers\libIotLibrary.a(serial.o)
                0x0080020b                _com_port_2_udr
 .data.mystdout.1882
                0x00800213        0xe ../drivers\libIotLibrary.a(stdio_driver.o)
 .data._twiCurrentState
                0x00800221        0x1 ../drivers\libIotLibrary.a(twi.o)
 *(.gnu.linkonce.d*)
 *(.rodata)
 .rodata        0x00800222       0x20 ../drivers\libIotLibrary.a(lora_driver.o)
 *(.rodata*)
 .rodata.str1.1
                0x00800242        0x5 FreeRTOS/src/tasks.o
 .rodata.str1.1
                0x00800247        0x8 FreeRTOS/src/timers.o
 .rodata.str1.1
                0x0080024f       0x4f TempHumSensorImpl.o
 .rodata.str1.1
                0x0080029e       0x12 main.o
 .rodata.str1.1
                0x008002b0      0x149 LoRaWANHandler.o
 .rodata.str1.1
                0x008003f9      0x295 ../drivers\libIotLibrary.a(lora_driver.o)
                                0x2a5 (size before relaxing)
 .rodata._joinMode
                0x0080068e        0x4 ../drivers\libIotLibrary.a(lora_driver.o)
 .rodata._returnCode
                0x00800692       0x33 ../drivers\libIotLibrary.a(lora_driver.o)
                0x00800692                _returnCode
 .rodata.str1.1
                0x008006c5        0x8 ../drivers\libIotLibrary.a(status_leds.o)
 *(.gnu.linkonce.r*)
                0x008006ce                . = ALIGN (0x2)
 *fill*         0x008006cd        0x1 
                0x008006ce                _edata = .
                0x008006ce                PROVIDE (__data_end, .)

.bss            0x008006ce      0xff9
                0x008006ce                PROVIDE (__bss_start, .)
 *(.bss)
 *(.bss*)
 .bss.xBlockAllocatedBit
                0x008006ce        0x2 FreeRTOS/src/heap_4.o
 .bss.xNumberOfSuccessfulFrees
                0x008006d0        0x2 FreeRTOS/src/heap_4.o
 .bss.xNumberOfSuccessfulAllocations
                0x008006d2        0x2 FreeRTOS/src/heap_4.o
 .bss.xMinimumEverFreeBytesRemaining
                0x008006d4        0x2 FreeRTOS/src/heap_4.o
 .bss.xFreeBytesRemaining
                0x008006d6        0x2 FreeRTOS/src/heap_4.o
 .bss.pxEnd     0x008006d8        0x2 FreeRTOS/src/heap_4.o
 .bss.xStart    0x008006da        0x4 FreeRTOS/src/heap_4.o
 .bss.ucHeap    0x008006de      0xdac FreeRTOS/src/heap_4.o
 .bss.uxSchedulerSuspended
                0x0080148a        0x1 FreeRTOS/src/tasks.o
 .bss.xIdleTaskHandle
                0x0080148b        0x2 FreeRTOS/src/tasks.o
 .bss.xNextTaskUnblockTime
                0x0080148d        0x4 FreeRTOS/src/tasks.o
 .bss.uxTaskNumber
                0x00801491        0x1 FreeRTOS/src/tasks.o
 .bss.xNumOfOverflows
                0x00801492        0x1 FreeRTOS/src/tasks.o
 .bss.xYieldPending
                0x00801493        0x1 FreeRTOS/src/tasks.o
 .bss.xPendedTicks
                0x00801494        0x4 FreeRTOS/src/tasks.o
 .bss.xSchedulerRunning
                0x00801498        0x1 FreeRTOS/src/tasks.o
 .bss.uxTopReadyPriority
                0x00801499        0x1 FreeRTOS/src/tasks.o
 .bss.xTickCount
                0x0080149a        0x4 FreeRTOS/src/tasks.o
 .bss.uxCurrentNumberOfTasks
                0x0080149e        0x1 FreeRTOS/src/tasks.o
 .bss.xSuspendedTaskList
                0x0080149f        0xb FreeRTOS/src/tasks.o
 .bss.uxDeletedTasksWaitingCleanUp
                0x008014aa        0x1 FreeRTOS/src/tasks.o
 .bss.xTasksWaitingTermination
                0x008014ab        0xb FreeRTOS/src/tasks.o
 .bss.xPendingReadyList
                0x008014b6        0xb FreeRTOS/src/tasks.o
 .bss.pxOverflowDelayedTaskList
                0x008014c1        0x2 FreeRTOS/src/tasks.o
 .bss.pxDelayedTaskList
                0x008014c3        0x2 FreeRTOS/src/tasks.o
 .bss.xDelayedTaskList2
                0x008014c5        0xb FreeRTOS/src/tasks.o
 .bss.xDelayedTaskList1
                0x008014d0        0xb FreeRTOS/src/tasks.o
 .bss.pxReadyTasksLists
                0x008014db       0x6e FreeRTOS/src/tasks.o
 .bss.pxCurrentTCB
                0x00801549        0x2 FreeRTOS/src/tasks.o
                0x00801549                pxCurrentTCB
 .bss.xLastTime.2436
                0x0080154b        0x4 FreeRTOS/src/timers.o
 .bss.xTimerTaskHandle
                0x0080154f        0x2 FreeRTOS/src/timers.o
 .bss.xTimerQueue
                0x00801551        0x2 FreeRTOS/src/timers.o
 .bss.pxOverflowTimerList
                0x00801553        0x2 FreeRTOS/src/timers.o
 .bss.pxCurrentTimerList
                0x00801555        0x2 FreeRTOS/src/timers.o
 .bss.xActiveTimerList2
                0x00801557        0xb FreeRTOS/src/timers.o
 .bss.xActiveTimerList1
                0x00801562        0xb FreeRTOS/src/timers.o
 .bss.humidity  0x0080156d        0x4 TempHumSensorImpl.o
                0x0080156d                humidity
 .bss.temperature
                0x00801571        0x4 TempHumSensorImpl.o
                0x00801571                temperature
 .bss._dataReadyEventGroup
                0x00801575        0x2 TempHumSensorImpl.o
                0x00801575                _dataReadyEventGroup
 .bss._meassureEventGroup
                0x00801577        0x2 TempHumSensorImpl.o
                0x00801577                _meassureEventGroup
 .bss._uplink_payload
                0x00801579       0x16 LoRaWANHandler.o
 .bss._measuringIsReady
                0x0080158f        0x1 ../drivers\libIotLibrary.a(hih8120.o)
 .bss._hih8120Handler
                0x00801590        0x2 ../drivers\libIotLibrary.a(hih8120.o)
 .bss._tmp_buf.2871
                0x00801592       0x37 ../drivers\libIotLibrary.a(lora_driver.o)
 .bss.rec_buf_inp.2878
                0x008015c9        0x1 ../drivers\libIotLibrary.a(lora_driver.o)
 .bss._downlinkMessageBuffer
                0x008015ca        0x2 ../drivers\libIotLibrary.a(lora_driver.o)
 .bss._serialReplyBufferHandle
                0x008015cc        0x2 ../drivers\libIotLibrary.a(lora_driver.o)
 .bss._rn2483_serial
                0x008015ce        0x2 ../drivers\libIotLibrary.a(lora_driver.o)
 .bss._downlinkPayload
                0x008015d0       0x16 ../drivers\libIotLibrary.a(lora_driver.o)
 .bss._payLoadHexBytes
                0x008015e6       0x15 ../drivers\libIotLibrary.a(lora_driver.o)
 .bss._recMessageBuf
                0x008015fb       0x2d ../drivers\libIotLibrary.a(lora_driver.o)
 .bss._sendMessage
                0x00801628       0x2d ../drivers\libIotLibrary.a(lora_driver.o)
 .bss._replyMess
                0x00801655       0x2d ../drivers\libIotLibrary.a(lora_driver.o)
 .bss._ser_handle
                0x00801682        0x8 ../drivers\libIotLibrary.a(serial.o)
 .bss._com_serial_instance
                0x0080168a        0x2 ../drivers\libIotLibrary.a(stdio_driver.o)
 .bss._led_status
                0x0080168c       0x18 ../drivers\libIotLibrary.a(status_leds.o)
 .bss._index.1885
                0x008016a4        0x1 ../drivers\libIotLibrary.a(twi.o)
 .bss._twiCurrentHandler
                0x008016a5        0x2 ../drivers\libIotLibrary.a(twi.o)
 .bss._twiMessageLen
                0x008016a7        0x1 ../drivers\libIotLibrary.a(twi.o)
 .bss._twiMessageBuffer
                0x008016a8        0xa ../drivers\libIotLibrary.a(twi.o)
 .bss._twiIsInitiated
                0x008016b2        0x1 ../drivers\libIotLibrary.a(twi.o)
 *(COMMON)
 COMMON         0x008016b3        0x8 TempHumSensorImpl.o
                0x008016b3                xLastWakeTime
                0x008016b7                xFrequency
 COMMON         0x008016bb        0x2 main.o
                0x008016bb                xTestSemaphore
 COMMON         0x008016bd        0x4 d:/arduino/7.0/toolchain/avr8/avr8-gnu-toolchain/bin/../lib/gcc/avr/5.4.0/../../../../avr/lib/avr6\libc.a(malloc.o)
                0x008016bd                __brkval
                0x008016bf                __flp
 COMMON         0x008016c1        0x6 d:/arduino/7.0/toolchain/avr8/avr8-gnu-toolchain/bin/../lib/gcc/avr/5.4.0/../../../../avr/lib/avr6\libc.a(iob.o)
                0x008016c1                __iob
                0x008016c7                PROVIDE (__bss_end, .)
                0x00005958                __data_load_start = LOADADDR (.data)
                0x00005e26                __data_load_end = (__data_load_start + SIZEOF (.data))

.noinit         0x008016c7        0x0
                [!provide]                PROVIDE (__noinit_start, .)
 *(.noinit*)
                [!provide]                PROVIDE (__noinit_end, .)
                0x008016c7                _end = .
                0x008016c7                PROVIDE (__heap_start, .)

.eeprom         0x00810000        0x0
 *(.eeprom*)
                0x00810000                __eeprom_end = .

.fuse
 *(.fuse)
 *(.lfuse)
 *(.hfuse)
 *(.efuse)

.lock
 *(.lock*)

.signature
 *(.signature*)

.user_signatures
 *(.user_signatures*)

.stab
 *(.stab)

.stabstr
 *(.stabstr)

.stab.excl
 *(.stab.excl)

.stab.exclstr
 *(.stab.exclstr)

.stab.index
 *(.stab.index)

.stab.indexstr
 *(.stab.indexstr)

.comment        0x00000000       0x5c
 *(.comment)
 .comment       0x00000000       0x30 FreeRTOS/src/event_groups.o
                                 0x31 (size before relaxing)
 .comment       0x00000030       0x31 FreeRTOS/src/heap_4.o
 .comment       0x00000030       0x31 FreeRTOS/src/list.o
 .comment       0x00000030       0x31 FreeRTOS/src/port.o
 .comment       0x00000030       0x31 FreeRTOS/src/queue.o
 .comment       0x00000030       0x31 FreeRTOS/src/stream_buffer.o
 .comment       0x00000030       0x31 FreeRTOS/src/tasks.o
 .comment       0x00000030       0x31 FreeRTOS/src/timers.o
 .comment       0x00000030       0x31 FreeRTOS/src/variantHooks.o
 .comment       0x00000030       0x31 TempHumSensorImpl.o
 .comment       0x00000030       0x31 main.o
 .comment       0x00000030       0x31 LoRaWANHandler.o
 .comment       0x00000030       0x31 ../drivers\libIotLibrary.a(hih8120.o)
 .comment       0x00000030       0x31 ../drivers\libIotLibrary.a(lora_driver.o)
 .comment       0x00000030       0x31 ../drivers\libIotLibrary.a(lora_driver_utils.o)
 .comment       0x00000030       0x31 ../drivers\libIotLibrary.a(serial.o)
 .comment       0x00000030       0x31 ../drivers\libIotLibrary.a(stdio_driver.o)
 .comment       0x00000030       0x31 ../drivers\libIotLibrary.a(status_leds.o)
 .comment       0x00000030       0x31 ../drivers\libIotLibrary.a(twi.o)
 .comment       0x00000030       0x31 ../drivers\libIotLibrary.a(fifo.o)
 .comment       0x00000030       0x31 d:/arduino/7.0/toolchain/avr8/avr8-gnu-toolchain/bin/../lib/gcc/avr/5.4.0/../../../../avr/lib/avr6\libc.a(malloc.o)
 .comment       0x00000030       0x31 d:/arduino/7.0/toolchain/avr8/avr8-gnu-toolchain/bin/../lib/gcc/avr/5.4.0/../../../../avr/lib/avr6\libc.a(iob.o)
 .comment       0x00000030       0x31 d:/arduino/7.0/toolchain/avr8/avr8-gnu-toolchain/bin/../lib/gcc/avr/5.4.0/../../../../avr/lib/avr6\libc.a(printf.o)
 .comment       0x00000030       0x31 d:/arduino/7.0/toolchain/avr8/avr8-gnu-toolchain/bin/../lib/gcc/avr/5.4.0/../../../../avr/lib/avr6\libc.a(puts.o)
 .comment       0x00000030       0x31 d:/arduino/7.0/toolchain/avr8/avr8-gnu-toolchain/bin/../lib/gcc/avr/5.4.0/../../../../avr/lib/avr6\libc.a(sprintf.o)
 .comment       0x00000030       0x2c d:/arduino/7.0/toolchain/avr8/avr8-gnu-toolchain/bin/../lib/gcc/avr/5.4.0/../../../../avr/lib/avr6\libc.a(vfprintf_std.o)
                                 0x2d (size before relaxing)
 .comment       0x0000005c       0x31 d:/arduino/7.0/toolchain/avr8/avr8-gnu-toolchain/bin/../lib/gcc/avr/5.4.0/../../../../avr/lib/avr6\libc.a(fputc.o)

.note.gnu.avr.deviceinfo
                0x00000000       0x40
 .note.gnu.avr.deviceinfo
                0x00000000       0x40 D:/Arduino/7.0/Packs/atmel/ATmega_DFP/1.6.364/gcc/dev/atmega2560/avr6/crtatmega2560.o

.note.gnu.build-id
 *(.note.gnu.build-id)

.debug
 *(.debug)

.line
 *(.line)

.debug_srcinfo
 *(.debug_srcinfo)

.debug_sfnames
 *(.debug_sfnames)

.debug_aranges  0x00000000      0xa08
 *(.debug_aranges)
 .debug_aranges
                0x00000000       0x68 FreeRTOS/src/event_groups.o
 .debug_aranges
                0x00000068       0x58 FreeRTOS/src/heap_4.o
 .debug_aranges
                0x000000c0       0x40 FreeRTOS/src/list.o
 .debug_aranges
                0x00000100       0x58 FreeRTOS/src/port.o
 .debug_aranges
                0x00000158       0xf8 FreeRTOS/src/queue.o
 .debug_aranges
                0x00000250       0xc0 FreeRTOS/src/stream_buffer.o
 .debug_aranges
                0x00000310      0x1d0 FreeRTOS/src/tasks.o
 .debug_aranges
                0x000004e0       0xc8 FreeRTOS/src/timers.o
 .debug_aranges
                0x000005a8       0x40 FreeRTOS/src/variantHooks.o
 .debug_aranges
                0x000005e8       0x48 TempHumSensorImpl.o
 .debug_aranges
                0x00000630       0x40 main.o
 .debug_aranges
                0x00000670       0x30 LoRaWANHandler.o
 .debug_aranges
                0x000006a0       0x68 ../drivers\libIotLibrary.a(hih8120.o)
 .debug_aranges
                0x00000708      0x138 ../drivers\libIotLibrary.a(lora_driver.o)
 .debug_aranges
                0x00000840       0x28 ../drivers\libIotLibrary.a(lora_driver_utils.o)
 .debug_aranges
                0x00000868       0x90 ../drivers\libIotLibrary.a(serial.o)
 .debug_aranges
                0x000008f8       0x38 ../drivers\libIotLibrary.a(stdio_driver.o)
 .debug_aranges
                0x00000930       0x68 ../drivers\libIotLibrary.a(status_leds.o)
 .debug_aranges
                0x00000998       0x50 ../drivers\libIotLibrary.a(twi.o)
 .debug_aranges
                0x000009e8       0x20 ../drivers\libIotLibrary.a(fifo.o)

.debug_pubnames
 *(.debug_pubnames)

.debug_info     0x00000000     0xcc92
 *(.debug_info .gnu.linkonce.wi.*)
 .debug_info    0x00000000      0xbbc D:/Arduino/7.0/Packs/atmel/ATmega_DFP/1.6.364/gcc/dev/atmega2560/avr6/crtatmega2560.o
 .debug_info    0x00000bbc      0x971 FreeRTOS/src/event_groups.o
 .debug_info    0x0000152d      0x4e6 FreeRTOS/src/heap_4.o
 .debug_info    0x00001a13      0x2e7 FreeRTOS/src/list.o
 .debug_info    0x00001cfa      0x2ff FreeRTOS/src/port.o
 .debug_info    0x00001ff9     0x17e6 FreeRTOS/src/queue.o
 .debug_info    0x000037df     0x13df FreeRTOS/src/stream_buffer.o
 .debug_info    0x00004bbe     0x2239 FreeRTOS/src/tasks.o
 .debug_info    0x00006df7     0x10dd FreeRTOS/src/timers.o
 .debug_info    0x00007ed4      0x20f FreeRTOS/src/variantHooks.o
 .debug_info    0x000080e3      0x421 TempHumSensorImpl.o
 .debug_info    0x00008504      0x64a main.o
 .debug_info    0x00008b4e      0x77d LoRaWANHandler.o
 .debug_info    0x000092cb      0x3a9 ../drivers\libIotLibrary.a(hih8120.o)
 .debug_info    0x00009674     0x1747 ../drivers\libIotLibrary.a(lora_driver.o)
 .debug_info    0x0000adbb      0x143 ../drivers\libIotLibrary.a(lora_driver_utils.o)
 .debug_info    0x0000aefe      0xd9c ../drivers\libIotLibrary.a(serial.o)
 .debug_info    0x0000bc9a      0x3b6 ../drivers\libIotLibrary.a(stdio_driver.o)
 .debug_info    0x0000c050      0x522 ../drivers\libIotLibrary.a(status_leds.o)
 .debug_info    0x0000c572      0x55d ../drivers\libIotLibrary.a(twi.o)
 .debug_info    0x0000cacf      0x1c3 ../drivers\libIotLibrary.a(fifo.o)

.debug_abbrev   0x00000000     0x30e1
 *(.debug_abbrev)
 .debug_abbrev  0x00000000      0xb1a D:/Arduino/7.0/Packs/atmel/ATmega_DFP/1.6.364/gcc/dev/atmega2560/avr6/crtatmega2560.o
 .debug_abbrev  0x00000b1a      0x1dc FreeRTOS/src/event_groups.o
 .debug_abbrev  0x00000cf6      0x200 FreeRTOS/src/heap_4.o
 .debug_abbrev  0x00000ef6       0xff FreeRTOS/src/list.o
 .debug_abbrev  0x00000ff5      0x179 FreeRTOS/src/port.o
 .debug_abbrev  0x0000116e      0x241 FreeRTOS/src/queue.o
 .debug_abbrev  0x000013af      0x246 FreeRTOS/src/stream_buffer.o
 .debug_abbrev  0x000015f5      0x2c8 FreeRTOS/src/tasks.o
 .debug_abbrev  0x000018bd      0x28c FreeRTOS/src/timers.o
 .debug_abbrev  0x00001b49       0xff FreeRTOS/src/variantHooks.o
 .debug_abbrev  0x00001c48      0x19c TempHumSensorImpl.o
 .debug_abbrev  0x00001de4      0x1ea main.o
 .debug_abbrev  0x00001fce      0x1b6 LoRaWANHandler.o
 .debug_abbrev  0x00002184      0x184 ../drivers\libIotLibrary.a(hih8120.o)
 .debug_abbrev  0x00002308      0x33b ../drivers\libIotLibrary.a(lora_driver.o)
 .debug_abbrev  0x00002643       0xc0 ../drivers\libIotLibrary.a(lora_driver_utils.o)
 .debug_abbrev  0x00002703      0x355 ../drivers\libIotLibrary.a(serial.o)
 .debug_abbrev  0x00002a58      0x1b3 ../drivers\libIotLibrary.a(stdio_driver.o)
 .debug_abbrev  0x00002c0b      0x1d7 ../drivers\libIotLibrary.a(status_leds.o)
 .debug_abbrev  0x00002de2      0x217 ../drivers\libIotLibrary.a(twi.o)
 .debug_abbrev  0x00002ff9       0xe8 ../drivers\libIotLibrary.a(fifo.o)

.debug_line     0x00000000     0x61d8
 *(.debug_line .debug_line.* .debug_line_end)
 .debug_line    0x00000000      0x1fa D:/Arduino/7.0/Packs/atmel/ATmega_DFP/1.6.364/gcc/dev/atmega2560/avr6/crtatmega2560.o
 .debug_line    0x000001fa      0x3fa FreeRTOS/src/event_groups.o
 .debug_line    0x000005f4      0x3ed FreeRTOS/src/heap_4.o
 .debug_line    0x000009e1      0x1c2 FreeRTOS/src/list.o
 .debug_line    0x00000ba3      0x258 FreeRTOS/src/port.o
 .debug_line    0x00000dfb      0xbb1 FreeRTOS/src/queue.o
 .debug_line    0x000019ac      0x768 FreeRTOS/src/stream_buffer.o
 .debug_line    0x00002114     0x1588 FreeRTOS/src/tasks.o
 .debug_line    0x0000369c      0x60b FreeRTOS/src/timers.o
 .debug_line    0x00003ca7      0x17d FreeRTOS/src/variantHooks.o
 .debug_line    0x00003e24      0x218 TempHumSensorImpl.o
 .debug_line    0x0000403c      0x28b main.o
 .debug_line    0x000042c7      0x23e LoRaWANHandler.o
 .debug_line    0x00004505      0x24a ../drivers\libIotLibrary.a(hih8120.o)
 .debug_line    0x0000474f      0x9aa ../drivers\libIotLibrary.a(lora_driver.o)
 .debug_line    0x000050f9      0x195 ../drivers\libIotLibrary.a(lora_driver_utils.o)
 .debug_line    0x0000528e      0x6a1 ../drivers\libIotLibrary.a(serial.o)
 .debug_line    0x0000592f      0x146 ../drivers\libIotLibrary.a(stdio_driver.o)
 .debug_line    0x00005a75      0x32c ../drivers\libIotLibrary.a(status_leds.o)
 .debug_line    0x00005da1      0x31c ../drivers\libIotLibrary.a(twi.o)
 .debug_line    0x000060bd      0x11b ../drivers\libIotLibrary.a(fifo.o)

.debug_frame    0x00000000     0x24b4
 *(.debug_frame)
 .debug_frame   0x00000000      0x1dc FreeRTOS/src/event_groups.o
 .debug_frame   0x000001dc       0xfc FreeRTOS/src/heap_4.o
 .debug_frame   0x000002d8       0x90 FreeRTOS/src/list.o
 .debug_frame   0x00000368       0x94 FreeRTOS/src/port.o
 .debug_frame   0x000003fc      0x3a4 FreeRTOS/src/queue.o
 .debug_frame   0x000007a0      0x40c FreeRTOS/src/stream_buffer.o
 .debug_frame   0x00000bac      0x7a0 FreeRTOS/src/tasks.o
 .debug_frame   0x0000134c      0x3ac FreeRTOS/src/timers.o
 .debug_frame   0x000016f8       0x64 FreeRTOS/src/variantHooks.o
 .debug_frame   0x0000175c       0x8c TempHumSensorImpl.o
 .debug_frame   0x000017e8       0x90 main.o
 .debug_frame   0x00001878       0x80 LoRaWANHandler.o
 .debug_frame   0x000018f8       0xc0 ../drivers\libIotLibrary.a(hih8120.o)
 .debug_frame   0x000019b8      0x460 ../drivers\libIotLibrary.a(lora_driver.o)
 .debug_frame   0x00001e18       0x48 ../drivers\libIotLibrary.a(lora_driver_utils.o)
 .debug_frame   0x00001e60      0x384 ../drivers\libIotLibrary.a(serial.o)
 .debug_frame   0x000021e4       0x94 ../drivers\libIotLibrary.a(stdio_driver.o)
 .debug_frame   0x00002278       0xec ../drivers\libIotLibrary.a(status_leds.o)
 .debug_frame   0x00002364      0x12c ../drivers\libIotLibrary.a(twi.o)
 .debug_frame   0x00002490       0x24 ../drivers\libIotLibrary.a(fifo.o)

.debug_str      0x00000000     0x3faf
 *(.debug_str)
 .debug_str     0x00000000      0x3e6 D:/Arduino/7.0/Packs/atmel/ATmega_DFP/1.6.364/gcc/dev/atmega2560/avr6/crtatmega2560.o
 .debug_str     0x000003e6      0x4fd FreeRTOS/src/event_groups.o
                                0x57e (size before relaxing)
 .debug_str     0x000008e3      0x2ce FreeRTOS/src/heap_4.o
                                0x474 (size before relaxing)
 .debug_str     0x00000bb1       0x89 FreeRTOS/src/list.o
                                0x2b0 (size before relaxing)
 .debug_str     0x00000c3a      0x163 FreeRTOS/src/port.o
                                0x2e5 (size before relaxing)
 .debug_str     0x00000d9d      0x652 FreeRTOS/src/queue.o
                                0x924 (size before relaxing)
 .debug_str     0x000013ef      0x4ed FreeRTOS/src/stream_buffer.o
                                0x7ad (size before relaxing)
 .debug_str     0x000018dc      0x8c8 FreeRTOS/src/tasks.o
                                0xf45 (size before relaxing)
 .debug_str     0x000021a4      0x414 FreeRTOS/src/timers.o
                                0x81b (size before relaxing)
 .debug_str     0x000025b8       0x81 FreeRTOS/src/variantHooks.o
                                0x25c (size before relaxing)
 .debug_str     0x00002639      0x211 TempHumSensorImpl.o
                                0x415 (size before relaxing)
 .debug_str     0x0000284a      0x1bb main.o
                                0x528 (size before relaxing)
 .debug_str     0x00002a05      0x418 LoRaWANHandler.o
                                0x65f (size before relaxing)
 .debug_str     0x00002e1d      0x2fd ../drivers\libIotLibrary.a(hih8120.o)
                                0x45c (size before relaxing)
 .debug_str     0x0000311a      0x695 ../drivers\libIotLibrary.a(lora_driver.o)
                                0xcdb (size before relaxing)
 .debug_str     0x000037af       0x54 ../drivers\libIotLibrary.a(lora_driver_utils.o)
                                0x206 (size before relaxing)
 .debug_str     0x00003803      0x2f1 ../drivers\libIotLibrary.a(serial.o)
                                0x628 (size before relaxing)
 .debug_str     0x00003af4       0xa6 ../drivers\libIotLibrary.a(stdio_driver.o)
                                0x37d (size before relaxing)
 .debug_str     0x00003b9a      0x104 ../drivers\libIotLibrary.a(status_leds.o)
                                0x381 (size before relaxing)
 .debug_str     0x00003c9e      0x2ef ../drivers\libIotLibrary.a(twi.o)
                                0x5b4 (size before relaxing)
 .debug_str     0x00003f8d       0x22 ../drivers\libIotLibrary.a(fifo.o)
                                0x239 (size before relaxing)

.debug_loc      0x00000000     0xbca2
 *(.debug_loc)
 .debug_loc     0x00000000      0xcc9 FreeRTOS/src/event_groups.o
 .debug_loc     0x00000cc9      0x4be FreeRTOS/src/heap_4.o
 .debug_loc     0x00001187      0x17d FreeRTOS/src/list.o
 .debug_loc     0x00001304       0xf6 FreeRTOS/src/port.o
 .debug_loc     0x000013fa     0x1abd FreeRTOS/src/queue.o
 .debug_loc     0x00002eb7     0x1daf FreeRTOS/src/stream_buffer.o
 .debug_loc     0x00004c66     0x2a07 FreeRTOS/src/tasks.o
 .debug_loc     0x0000766d     0x10f3 FreeRTOS/src/timers.o
 .debug_loc     0x00008760       0xdc FreeRTOS/src/variantHooks.o
 .debug_loc     0x0000883c      0x102 TempHumSensorImpl.o
 .debug_loc     0x0000893e      0x12c main.o
 .debug_loc     0x00008a6a      0x174 LoRaWANHandler.o
 .debug_loc     0x00008bde       0x9f ../drivers\libIotLibrary.a(hih8120.o)
 .debug_loc     0x00008c7d     0x1216 ../drivers\libIotLibrary.a(lora_driver.o)
 .debug_loc     0x00009e93      0x1d2 ../drivers\libIotLibrary.a(lora_driver_utils.o)
 .debug_loc     0x0000a065     0x114c ../drivers\libIotLibrary.a(serial.o)
 .debug_loc     0x0000b1b1      0x18c ../drivers\libIotLibrary.a(stdio_driver.o)
 .debug_loc     0x0000b33d      0x292 ../drivers\libIotLibrary.a(status_leds.o)
 .debug_loc     0x0000b5cf      0x575 ../drivers\libIotLibrary.a(twi.o)
 .debug_loc     0x0000bb44      0x15e ../drivers\libIotLibrary.a(fifo.o)

.debug_macinfo
 *(.debug_macinfo)

.debug_weaknames
 *(.debug_weaknames)

.debug_funcnames
 *(.debug_funcnames)

.debug_typenames
 *(.debug_typenames)

.debug_varnames
 *(.debug_varnames)

.debug_pubtypes
 *(.debug_pubtypes)

.debug_ranges   0x00000000      0x998
 *(.debug_ranges)
 .debug_ranges  0x00000000       0x70 FreeRTOS/src/event_groups.o
 .debug_ranges  0x00000070       0x48 FreeRTOS/src/heap_4.o
 .debug_ranges  0x000000b8       0x30 FreeRTOS/src/list.o
 .debug_ranges  0x000000e8       0x48 FreeRTOS/src/port.o
 .debug_ranges  0x00000130      0x130 FreeRTOS/src/queue.o
 .debug_ranges  0x00000260       0xb0 FreeRTOS/src/stream_buffer.o
 .debug_ranges  0x00000310      0x200 FreeRTOS/src/tasks.o
 .debug_ranges  0x00000510       0xb8 FreeRTOS/src/timers.o
 .debug_ranges  0x000005c8       0x30 FreeRTOS/src/variantHooks.o
 .debug_ranges  0x000005f8       0x38 TempHumSensorImpl.o
 .debug_ranges  0x00000630       0x30 main.o
 .debug_ranges  0x00000660       0x20 LoRaWANHandler.o
 .debug_ranges  0x00000680       0x58 ../drivers\libIotLibrary.a(hih8120.o)
 .debug_ranges  0x000006d8      0x128 ../drivers\libIotLibrary.a(lora_driver.o)
 .debug_ranges  0x00000800       0x30 ../drivers\libIotLibrary.a(lora_driver_utils.o)
 .debug_ranges  0x00000830       0x98 ../drivers\libIotLibrary.a(serial.o)
 .debug_ranges  0x000008c8       0x28 ../drivers\libIotLibrary.a(stdio_driver.o)
 .debug_ranges  0x000008f0       0x58 ../drivers\libIotLibrary.a(status_leds.o)
 .debug_ranges  0x00000948       0x40 ../drivers\libIotLibrary.a(twi.o)
 .debug_ranges  0x00000988       0x10 ../drivers\libIotLibrary.a(fifo.o)

.debug_macro
 *(.debug_macro)
OUTPUT(4.Semester.elf elf32-avr)
LOAD linker stubs
