Archive member included to satisfy reference by file (symbol)

d:/arduino/7.0/toolchain/avr8/avr8-gnu-toolchain/bin/../lib/gcc/avr/5.4.0/../../../../avr/lib/avr6\libm.a(fixunssfsi.o)
                              TempHumSensorImpl.o (__fixunssfsi)
d:/arduino/7.0/toolchain/avr8/avr8-gnu-toolchain/bin/../lib/gcc/avr/5.4.0/../../../../avr/lib/avr6\libm.a(fp_split3.o)
                              d:/arduino/7.0/toolchain/avr8/avr8-gnu-toolchain/bin/../lib/gcc/avr/5.4.0/../../../../avr/lib/avr6\libm.a(fixunssfsi.o) (__fp_splitA)
d:/arduino/7.0/toolchain/avr8/avr8-gnu-toolchain/bin/../lib/gcc/avr/5.4.0/../../../../avr/lib/avr6\libm.a(fp_zero.o)
                              d:/arduino/7.0/toolchain/avr8/avr8-gnu-toolchain/bin/../lib/gcc/avr/5.4.0/../../../../avr/lib/avr6\libm.a(fixunssfsi.o) (__fp_zero)
../drivers\libIotLibrary.a(hih8120.o)
                              TempHumSensorImpl.o (hih8120_initialise)
../drivers\libIotLibrary.a(lora_driver.o)
                              UpLinkHandler.o (lora_driver_flushBuffers)
../drivers\libIotLibrary.a(lora_driver_utils.o)
                              ../drivers\libIotLibrary.a(lora_driver.o) (decode_port_no)
../drivers\libIotLibrary.a(mh_z19.o)
                              main.o (mh_z19_initialise)
../drivers\libIotLibrary.a(rc_servo.o)
                              RadiatorController.o (rc_servo_setPosition)
../drivers\libIotLibrary.a(serial.o)
                              ../drivers\libIotLibrary.a(lora_driver.o) (serial_create)
../drivers\libIotLibrary.a(stdio_driver.o)
                              main.o (stdio_initialise)
../drivers\libIotLibrary.a(status_leds.o)
                              main.o (status_leds_initialise)
../drivers\libIotLibrary.a(twi.o)
                              ../drivers\libIotLibrary.a(hih8120.o) (twiCreate)
../drivers\libIotLibrary.a(fifo.o)
                              ../drivers\libIotLibrary.a(serial.o) (fifo_init)
d:/arduino/7.0/toolchain/avr8/avr8-gnu-toolchain/bin/../lib/gcc/avr/5.4.0/../../../../avr/lib/avr6\libm.a(addsf3.o)
                              ../drivers\libIotLibrary.a(hih8120.o) (__subsf3)
d:/arduino/7.0/toolchain/avr8/avr8-gnu-toolchain/bin/../lib/gcc/avr/5.4.0/../../../../avr/lib/avr6\libm.a(addsf3x.o)
                              d:/arduino/7.0/toolchain/avr8/avr8-gnu-toolchain/bin/../lib/gcc/avr/5.4.0/../../../../avr/lib/avr6\libm.a(addsf3.o) (__addsf3x)
d:/arduino/7.0/toolchain/avr8/avr8-gnu-toolchain/bin/../lib/gcc/avr/5.4.0/../../../../avr/lib/avr6\libm.a(divsf3.o)
                              ../drivers\libIotLibrary.a(hih8120.o) (__divsf3)
d:/arduino/7.0/toolchain/avr8/avr8-gnu-toolchain/bin/../lib/gcc/avr/5.4.0/../../../../avr/lib/avr6\libm.a(divsf3x.o)
                              d:/arduino/7.0/toolchain/avr8/avr8-gnu-toolchain/bin/../lib/gcc/avr/5.4.0/../../../../avr/lib/avr6\libm.a(divsf3.o) (__divsf3x)
d:/arduino/7.0/toolchain/avr8/avr8-gnu-toolchain/bin/../lib/gcc/avr/5.4.0/../../../../avr/lib/avr6\libm.a(fixsfsi.o)
                              ../drivers\libIotLibrary.a(hih8120.o) (__fixsfsi)
d:/arduino/7.0/toolchain/avr8/avr8-gnu-toolchain/bin/../lib/gcc/avr/5.4.0/../../../../avr/lib/avr6\libm.a(floatsisf.o)
                              ../drivers\libIotLibrary.a(hih8120.o) (__floatunsisf)
d:/arduino/7.0/toolchain/avr8/avr8-gnu-toolchain/bin/../lib/gcc/avr/5.4.0/../../../../avr/lib/avr6\libm.a(fp_inf.o)
                              d:/arduino/7.0/toolchain/avr8/avr8-gnu-toolchain/bin/../lib/gcc/avr/5.4.0/../../../../avr/lib/avr6\libm.a(addsf3x.o) (__fp_inf)
d:/arduino/7.0/toolchain/avr8/avr8-gnu-toolchain/bin/../lib/gcc/avr/5.4.0/../../../../avr/lib/avr6\libm.a(fp_nan.o)
                              d:/arduino/7.0/toolchain/avr8/avr8-gnu-toolchain/bin/../lib/gcc/avr/5.4.0/../../../../avr/lib/avr6\libm.a(addsf3x.o) (__fp_nan)
d:/arduino/7.0/toolchain/avr8/avr8-gnu-toolchain/bin/../lib/gcc/avr/5.4.0/../../../../avr/lib/avr6\libm.a(fp_pscA.o)
                              d:/arduino/7.0/toolchain/avr8/avr8-gnu-toolchain/bin/../lib/gcc/avr/5.4.0/../../../../avr/lib/avr6\libm.a(addsf3x.o) (__fp_pscA)
d:/arduino/7.0/toolchain/avr8/avr8-gnu-toolchain/bin/../lib/gcc/avr/5.4.0/../../../../avr/lib/avr6\libm.a(fp_pscB.o)
                              d:/arduino/7.0/toolchain/avr8/avr8-gnu-toolchain/bin/../lib/gcc/avr/5.4.0/../../../../avr/lib/avr6\libm.a(addsf3x.o) (__fp_pscB)
d:/arduino/7.0/toolchain/avr8/avr8-gnu-toolchain/bin/../lib/gcc/avr/5.4.0/../../../../avr/lib/avr6\libm.a(fp_round.o)
                              d:/arduino/7.0/toolchain/avr8/avr8-gnu-toolchain/bin/../lib/gcc/avr/5.4.0/../../../../avr/lib/avr6\libm.a(addsf3.o) (__fp_round)
d:/arduino/7.0/toolchain/avr8/avr8-gnu-toolchain/bin/../lib/gcc/avr/5.4.0/../../../../avr/lib/avr6\libm.a(mulsf3.o)
                              ../drivers\libIotLibrary.a(hih8120.o) (__mulsf3)
d:/arduino/7.0/toolchain/avr8/avr8-gnu-toolchain/bin/../lib/gcc/avr/5.4.0/../../../../avr/lib/avr6\libm.a(mulsf3x.o)
[...]
Memory Configuration

Name             Origin             Length             Attributes
text             0x00000000         0x00040000         xr
data             0x00800200         0x00002000         rw !x
eeprom           0x00810000         0x00001000         rw !x
fuse             0x00820000         0x00000003         rw !x
lock             0x00830000         0x00000400         rw !x
signature        0x00840000         0x00000400         rw !x
user_signatures  0x00850000         0x00000400         rw !x
*default*        0x00000000         0xffffffff

Linker script and memory map

Address of section .data set to 0x800200
LOAD D:/Arduino/7.0/Packs/atmel/ATmega_DFP/1.6.364/gcc/dev/atmega2560/avr6/crtatmega2560.o
LOAD CO2_SensorImpl.o
LOAD ConfigurationImpl.o
LOAD DownLinkHandler.o
LOAD FreeRTOS/FreeRTOSTraceDriver/FreeRTOSTraceDriver.o
LOAD FreeRTOS/src/croutine.o
LOAD FreeRTOS/src/event_groups.o
LOAD FreeRTOS/src/heap_4.o
LOAD FreeRTOS/src/list.o
LOAD FreeRTOS/src/port.o
LOAD FreeRTOS/src/queue.o
LOAD FreeRTOS/src/stream_buffer.o
LOAD FreeRTOS/src/tasks.o
LOAD FreeRTOS/src/timers.o
LOAD FreeRTOS/src/variantHooks.o
LOAD RadiatorController.o
LOAD SensorDataHandler.o
LOAD TempHumSensorImpl.o
LOAD UpLinkHandler.o
LOAD main.o
LOAD LoRaWANHandler.o
START GROUP
LOAD d:/arduino/7.0/toolchain/avr8/avr8-gnu-toolchain/bin/../lib/gcc/avr/5.4.0/../../../../avr/lib/avr6\libm.a
LOAD ../drivers\libIotLibrary.a
END GROUP
START GROUP
LOAD d:/arduino/7.0/toolchain/avr8/avr8-gnu-toolchain/bin/../lib/gcc/avr/5.4.0/avr6\libgcc.a
LOAD d:/arduino/7.0/toolchain/avr8/avr8-gnu-toolchain/bin/../lib/gcc/avr/5.4.0/../../../../avr/lib/avr6\libm.a
LOAD d:/arduino/7.0/toolchain/avr8/avr8-gnu-toolchain/bin/../lib/gcc/avr/5.4.0/../../../../avr/lib/avr6\libc.a
LOAD D:/Arduino/7.0/Packs/atmel/ATmega_DFP/1.6.364/gcc/dev/atmega2560/avr6\libatmega2560.a
END GROUP
                0x00000000                __TEXT_REGION_ORIGIN__ = DEFINED (__TEXT_REGION_ORIGIN__)?__TEXT_REGION_ORIGIN__:0x0
                [0x00800200]                __DATA_REGION_ORIGIN__ = DEFINED (__DATA_REGION_ORIGIN__)?__DATA_REGION_ORIGIN__:0x800200
                [0x00040000]                __TEXT_REGION_LENGTH__ = DEFINED (__TEXT_REGION_LENGTH__)?__TEXT_REGION_LENGTH__:0x100000
                [0x00002000]                __DATA_REGION_LENGTH__ = DEFINED (__DATA_REGION_LENGTH__)?__DATA_REGION_LENGTH__:0xfe00
                [0x00001000]                __EEPROM_REGION_LENGTH__ = DEFINED (__EEPROM_REGION_LENGTH__)?__EEPROM_REGION_LENGTH__:0x10000
                [0x00000003]                __FUSE_REGION_LENGTH__ = DEFINED (__FUSE_REGION_LENGTH__)?__FUSE_REGION_LENGTH__:0x400
                0x00000400                __LOCK_REGION_LENGTH__ = DEFINED (__LOCK_REGION_LENGTH__)?__LOCK_REGION_LENGTH__:0x400
                0x00000400                __SIGNATURE_REGION_LENGTH__ = DEFINED (__SIGNATURE_REGION_LENGTH__)?__SIGNATURE_REGION_LENGTH__:0x400
                0x00000400                __USER_SIGNATURE_REGION_LENGTH__ = DEFINED (__USER_SIGNATURE_REGION_LENGTH__)?__USER_SIGNATURE_REGION_LENGTH__:0x400

.hash
 *(.hash)

.dynsym
 *(.dynsym)

.dynstr
 *(.dynstr)

.gnu.version
 *(.gnu.version)

.gnu.version_d
 *(.gnu.version_d)

.gnu.version_r
 *(.gnu.version_r)

.rel.init
 *(.rel.init)

.rela.init
 *(.rela.init)

.rel.text
 *(.rel.text)
 *(.rel.text.*)
 *(.rel.gnu.linkonce.t*)

.rela.text
 *(.rela.text)
 *(.rela.text.*)
 *(.rela.gnu.linkonce.t*)

.rel.fini
 *(.rel.fini)

.rela.fini
 *(.rela.fini)

.rel.rodata
 *(.rel.rodata)
 *(.rel.rodata.*)
 *(.rel.gnu.linkonce.r*)

.rela.rodata
 *(.rela.rodata)
 *(.rela.rodata.*)
 *(.rela.gnu.linkonce.r*)

.rel.data
 *(.rel.data)
 *(.rel.data.*)
 *(.rel.gnu.linkonce.d*)

.rela.data
 *(.rela.data)
 *(.rela.data.*)
 *(.rela.gnu.linkonce.d*)

.rel.ctors
 *(.rel.ctors)

.rela.ctors
 *(.rela.ctors)

.rel.dtors
 *(.rel.dtors)

.rela.dtors
 *(.rela.dtors)

.rel.got
 *(.rel.got)

.rela.got
 *(.rela.got)

.rel.bss
 *(.rel.bss)

.rela.bss
 *(.rela.bss)

.rel.plt
 *(.rel.plt)

.rela.plt
 *(.rela.plt)

.text           0x00000000     0x6a14
 *(.vectors)
 .vectors       0x00000000       0xe4 D:/Arduino/7.0/Packs/atmel/ATmega_DFP/1.6.364/gcc/dev/atmega2560/avr6/crtatmega2560.o
                0x00000000                __vector_default
                0x00000000                __vectors
 *(.vectors)
 *(.progmem.gcc*)
 .progmem.gcc_sw_table.prvProcessReceivedCommands
                0x000000e4       0x14 FreeRTOS/src/timers.o
 .progmem.gcc_sw_table.__vector_39
                0x000000f8       0xa2 ../drivers\libIotLibrary.a(twi.o)
                0x0000019a                . = ALIGN (0x2)
                0x0000019a                __trampolines_start = .
 *(.trampolines)
 .trampolines   0x0000019a        0x0 linker stubs
 *(.trampolines*)
                0x0000019a                __trampolines_end = .
 *libprintf_flt.a:*(.progmem.data)
 *libc.a:*(.progmem.data)
 *(.progmem*)
                0x0000019a                . = ALIGN (0x2)
 *(.jumptables)
 *(.jumptables*)
 *(.lowtext)
 .lowtext       0x0000019a       0x14 FreeRTOS/src/tasks.o
 .lowtext       0x000001ae       0x1e FreeRTOS/src/timers.o
 *(.lowtext*)
                0x000001cc                __ctors_start = .
 *(.ctors)
                0x000001cc                __ctors_end = .
                0x000001cc                __dtors_start = .
 *(.dtors)
                0x000001cc                __dtors_end = .
 SORT(*)(.ctors)
 SORT(*)(.dtors)
 *(.init0)
 .init0         0x000001cc        0x0 D:/Arduino/7.0/Packs/atmel/ATmega_DFP/1.6.364/gcc/dev/atmega2560/avr6/crtatmega2560.o
                0x000001cc                __init
 *(.init0)
 *(.init1)
 *(.init1)
 *(.init2)
 .init2         0x000001cc       0x10 D:/Arduino/7.0/Packs/atmel/ATmega_DFP/1.6.364/gcc/dev/atmega2560/avr6/crtatmega2560.o
 *(.init2)
 *(.init3)
 *(.init3)
 *(.init4)
 .init4         0x000001dc       0x1a d:/arduino/7.0/toolchain/avr8/avr8-gnu-toolchain/bin/../lib/gcc/avr/5.4.0/avr6\libgcc.a(_copy_data.o)
                0x000001dc                __do_copy_data
 .init4         0x000001f6       0x10 d:/arduino/7.0/toolchain/avr8/avr8-gnu-toolchain/bin/../lib/gcc/avr/5.4.0/avr6\libgcc.a(_clear_bss.o)
                0x000001f6                __do_clear_bss
 *(.init4)
 *(.init5)
 *(.init5)
 *(.init6)
 *(.init6)
 *(.init7)
 *(.init7)
 *(.init8)
 *(.init8)
 *(.init9)
 .init9         0x00000206        0x8 D:/Arduino/7.0/Packs/atmel/ATmega_DFP/1.6.364/gcc/dev/atmega2560/avr6/crtatmega2560.o
 *(.init9)
 *(.text)
 .text          0x0000020e        0x2 D:/Arduino/7.0/Packs/atmel/ATmega_DFP/1.6.364/gcc/dev/atmega2560/avr6/crtatmega2560.o
                0x0000020e                __vector_38
                0x0000020e                __vector_22
                0x0000020e                __vector_28
                0x0000020e                __vector_1
                0x0000020e                __vector_32
                0x0000020e                __vector_34
                0x0000020e                __vector_24
                0x0000020e                __vector_46
                0x0000020e                __bad_interrupt
                0x0000020e                __vector_6
                0x0000020e                __vector_31
                0x0000020e                __vector_35
                0x0000020e                __vector_3
                0x0000020e                __vector_23
                0x0000020e                __vector_30
                0x0000020e                __vector_45
                0x0000020e                __vector_11
                0x0000020e                __vector_13
                0x0000020e                __vector_17
                0x0000020e                __vector_19
                0x0000020e                __vector_56
                0x0000020e                __vector_7
                0x0000020e                __vector_49
                0x0000020e                __vector_41
                0x0000020e                __vector_43
                0x0000020e                __vector_27
                0x0000020e                __vector_5
                0x0000020e                __vector_33
                0x0000020e                __vector_47
                0x0000020e                __vector_4
                0x0000020e                __vector_44
                0x0000020e                __vector_9
                0x0000020e                __vector_2
                0x0000020e                __vector_21
                0x0000020e                __vector_15
                0x0000020e                __vector_29
                0x0000020e                __vector_40
                0x0000020e                __vector_8
                0x0000020e                __vector_48
                0x0000020e                __vector_14
                0x0000020e                __vector_53
                0x0000020e                __vector_10
                0x0000020e                __vector_50
                0x0000020e                __vector_16
                0x0000020e                __vector_18
                0x0000020e                __vector_20
                0x0000020e                __vector_42
                0x00000210                . = ALIGN (0x2)
 *(.text.*)
 .text.myCo2CallBack
                0x00000210       0x1c CO2_SensorImpl.o
                0x00000210                myCo2CallBack
 .text.CO2_sensor_create
                0x0000022c       0x3e CO2_SensorImpl.o
                0x0000022c                CO2_sensor_create
 .text.get_CO2_data
                0x0000026a        0xa CO2_SensorImpl.o
                0x0000026a                get_CO2_data
 .text.CO2_taskRun
                0x00000274       0x70 CO2_SensorImpl.o
                0x00000274                CO2_taskRun
 .text.CO2_Sensor_Task
                0x000002e4       0x40 CO2_SensorImpl.o
                0x000002e4                CO2_Sensor_Task
 .text.Configuration_SetMinTemperature
                0x00000324       0x46 ConfigurationImpl.o
                0x00000324                Configuration_SetMinTemperature
 .text.Configuration_SetMinHumidity
                0x0000036a       0x46 ConfigurationImpl.o
                0x0000036a                Configuration_SetMinHumidity
 .text.Configuration_SetMaxTemperature
                0x000003b0       0x46 ConfigurationImpl.o
                0x000003b0                Configuration_SetMaxTemperature
 .text.Configuration_SetMaxHumidity
                0x000003f6       0x44 ConfigurationImpl.o
                0x000003f6                Configuration_SetMaxHumidity
 .text.lora_DownLinkHandler_create
                0x0000043a       0x26 DownLinkHandler.o
                0x0000043a                lora_DownLinkHandler_create
 .text.lora_DownLinkHandler_task
                0x00000460      0x164 DownLinkHandler.o
                0x00000460                lora_DownLinkHandler_task
 .text.lora_DownLinkHandler_startTask
                0x000005c4        0x8 DownLinkHandler.o
                0x000005c4                lora_DownLinkHandler_startTask
 .text.prvTestWaitCondition
                0x000005cc       0x42 FreeRTOS/src/event_groups.o
 .text.xEventGroupCreate
                0x0000060e       0x26 FreeRTOS/src/event_groups.o
                0x0000060e                xEventGroupCreate
 .text.xEventGroupWaitBits
                0x00000634      0x140 FreeRTOS/src/event_groups.o
                0x00000634                xEventGroupWaitBits
 .text.xEventGroupSetBits
                0x00000774      0x11c FreeRTOS/src/event_groups.o
                0x00000774                xEventGroupSetBits
 .text.prvHeapInit
                0x00000890       0x52 FreeRTOS/src/heap_4.o
 .text.prvInsertBlockIntoFreeList
                0x000008e2       0x94 FreeRTOS/src/heap_4.o
 .text.pvPortMalloc
                0x00000976      0x152 FreeRTOS/src/heap_4.o
                0x00000976                pvPortMalloc
 .text.vPortFree
                0x00000ac8       0x7a FreeRTOS/src/heap_4.o
                0x00000ac8                vPortFree
 .text.vListInitialise
                0x00000b42       0x22 FreeRTOS/src/list.o
                0x00000b42                vListInitialise
 .text.vListInitialiseItem
                0x00000b64        0x8 FreeRTOS/src/list.o
                0x00000b64                vListInitialiseItem
 .text.vListInsert
                0x00000b6c       0x7a FreeRTOS/src/list.o
                0x00000b6c                vListInsert
 .text.uxListRemove
                0x00000be6       0x4e FreeRTOS/src/list.o
                0x00000be6                uxListRemove
 .text.prvSetupTimerInterrupt
                0x00000c34       0x18 FreeRTOS/src/port.o
 .text.pxPortInitialiseStack
                0x00000c4c       0x2e FreeRTOS/src/port.o
                0x00000c4c                pxPortInitialiseStack
 .text.xPortStartScheduler
                0x00000c7a       0x64 FreeRTOS/src/port.o
                0x00000c7a                xPortStartScheduler
 .text.vPortYield
                0x00000cde       0xc2 FreeRTOS/src/port.o
                0x00000cde                vPortYield
 .text.vPortYieldFromTick
                0x00000da0       0xca FreeRTOS/src/port.o
                0x00000da0                vPortYieldFromTick
 .text.__vector_12
                0x00000e6a        0x4 FreeRTOS/src/port.o
                0x00000e6a                __vector_12
 .text.prvGetDisinheritPriorityAfterTimeout
                0x00000e6e       0x20 FreeRTOS/src/queue.o
 .text.prvIsQueueEmpty
                0x00000e8e       0x1a FreeRTOS/src/queue.o
 .text.prvIsQueueFull
                0x00000ea8       0x1c FreeRTOS/src/queue.o
 .text.prvCopyDataToQueue
                0x00000ec4       0xbe FreeRTOS/src/queue.o
 .text.prvCopyDataFromQueue
                0x00000f82       0x34 FreeRTOS/src/queue.o
 .text.prvUnlockQueue
                0x00000fb6       0x68 FreeRTOS/src/queue.o
 .text.xQueueGenericReset
                0x0000101e       0x86 FreeRTOS/src/queue.o
                0x0000101e                xQueueGenericReset
 .text.prvInitialiseNewQueue
                0x000010a4       0x24 FreeRTOS/src/queue.o
 .text.xQueueGenericCreate
                0x000010c8       0x46 FreeRTOS/src/queue.o
                0x000010c8                xQueueGenericCreate
 .text.xQueueGenericSend
                0x0000110e      0x124 FreeRTOS/src/queue.o
                0x0000110e                xQueueGenericSend
 .text.prvInitialiseMutex
                0x00001232       0x24 FreeRTOS/src/queue.o
 .text.xQueueCreateMutex
                0x00001256       0x18 FreeRTOS/src/queue.o
                0x00001256                xQueueCreateMutex
 .text.xQueueGenericSendFromISR
                0x0000126e       0x76 FreeRTOS/src/queue.o
                0x0000126e                xQueueGenericSendFromISR
 .text.xQueueReceive
                0x000012e4      0x11e FreeRTOS/src/queue.o
                0x000012e4                xQueueReceive
 .text.xQueueSemaphoreTake
                0x00001402      0x162 FreeRTOS/src/queue.o
                0x00001402                xQueueSemaphoreTake
 .text.vQueueWaitForMessageRestricted
                0x00001564       0x38 FreeRTOS/src/queue.o
                0x00001564                vQueueWaitForMessageRestricted
 .text.prvBytesInBuffer
                0x0000159c       0x26 FreeRTOS/src/stream_buffer.o
 .text.prvInitialiseNewStreamBuffer
                0x000015c2       0x20 FreeRTOS/src/stream_buffer.o
 .text.prvWriteBytesToBuffer
                0x000015e2       0x92 FreeRTOS/src/stream_buffer.o
 .text.prvWriteMessageToBuffer
                0x00001674       0x86 FreeRTOS/src/stream_buffer.o
 .text.prvReadBytesFromBuffer
                0x000016fa       0x9e FreeRTOS/src/stream_buffer.o
 .text.prvReadMessageFromBuffer
                0x00001798       0x8a FreeRTOS/src/stream_buffer.o
 .text.xStreamBufferGenericCreate
                0x00001822       0x64 FreeRTOS/src/stream_buffer.o
                0x00001822                xStreamBufferGenericCreate
 .text.xStreamBufferReset
                0x00001886       0x3c FreeRTOS/src/stream_buffer.o
                0x00001886                xStreamBufferReset
 .text.xStreamBufferSpacesAvailable
                0x000018c2       0x24 FreeRTOS/src/stream_buffer.o
                0x000018c2                xStreamBufferSpacesAvailable
 .text.xStreamBufferSend
                0x000018e6      0x18a FreeRTOS/src/stream_buffer.o
                0x000018e6                xStreamBufferSend
 .text.xStreamBufferSendFromISR
                0x00001a70       0x88 FreeRTOS/src/stream_buffer.o
                0x00001a70                xStreamBufferSendFromISR
 .text.xStreamBufferReceive
                0x00001af8      0x106 FreeRTOS/src/stream_buffer.o
                0x00001af8                xStreamBufferReceive
 .text.prvResetNextTaskUnblockTime
                0x00001bfe       0x4e FreeRTOS/src/tasks.o
 .text.prvDeleteTCB
                0x00001c4c       0x1a FreeRTOS/src/tasks.o
 .text.prvInitialiseNewTask
                0x00001c66       0xfc FreeRTOS/src/tasks.o
 .text.prvInitialiseTaskLists
                0x00001d62       0x60 FreeRTOS/src/tasks.o
 .text.prvAddNewTaskToReadyList
                0x00001dc2       0xde FreeRTOS/src/tasks.o
 .text.prvCheckTasksWaitingTermination
                0x00001ea0       0x4a FreeRTOS/src/tasks.o
 .text.prvAddCurrentTaskToDelayedList
                0x00001eea      0x144 FreeRTOS/src/tasks.o
 .text.xTaskCreate
                0x0000202e       0x98 FreeRTOS/src/tasks.o
                0x0000202e                xTaskCreate
 .text.vTaskStartScheduler
                0x000020c6       0x70 FreeRTOS/src/tasks.o
                0x000020c6                vTaskStartScheduler
 .text.vTaskSuspendAll
                0x00002136        0xc FreeRTOS/src/tasks.o
                0x00002136                vTaskSuspendAll
 .text.xTaskGetTickCount
                0x00002142       0x1c FreeRTOS/src/tasks.o
                0x00002142                xTaskGetTickCount
 .text.xTaskIncrementTick
                0x0000215e      0x258 FreeRTOS/src/tasks.o
                0x0000215e                xTaskIncrementTick
 .text.xTaskResumeAll
                0x000023b6      0x1b8 FreeRTOS/src/tasks.o
                0x000023b6                xTaskResumeAll
 .text.xTaskDelayUntil
                0x0000256e       0xca FreeRTOS/src/tasks.o
                0x0000256e                xTaskDelayUntil
 .text.vTaskDelay
                0x00002638       0x36 FreeRTOS/src/tasks.o
                0x00002638                vTaskDelay
 .text.vTaskSwitchContext
                0x0000266e       0xca FreeRTOS/src/tasks.o
                0x0000266e                vTaskSwitchContext
 .text.vTaskPlaceOnEventList
                0x00002738       0x2e FreeRTOS/src/tasks.o
                0x00002738                vTaskPlaceOnEventList
 .text.vTaskPlaceOnUnorderedEventList
                0x00002766       0x94 FreeRTOS/src/tasks.o
                0x00002766                vTaskPlaceOnUnorderedEventList
 .text.vTaskPlaceOnEventListRestricted
                0x000027fa       0x84 FreeRTOS/src/tasks.o
                0x000027fa                vTaskPlaceOnEventListRestricted
 .text.xTaskRemoveFromEventList
                0x0000287e      0x15e FreeRTOS/src/tasks.o
                0x0000287e                xTaskRemoveFromEventList
 .text.vTaskRemoveFromUnorderedEventList
                0x000029dc      0x134 FreeRTOS/src/tasks.o
                0x000029dc                vTaskRemoveFromUnorderedEventList
 .text.vTaskSetTimeOutState
                0x00002b10       0x2c FreeRTOS/src/tasks.o
                0x00002b10                vTaskSetTimeOutState
 .text.vTaskInternalSetTimeOutState
                0x00002b3c       0x22 FreeRTOS/src/tasks.o
                0x00002b3c                vTaskInternalSetTimeOutState
 .text.xTaskCheckForTimeOut
                0x00002b5e       0xcc FreeRTOS/src/tasks.o
                0x00002b5e                xTaskCheckForTimeOut
 .text.vTaskMissedYield
                0x00002c2a        0x8 FreeRTOS/src/tasks.o
                0x00002c2a                vTaskMissedYield
 .text.xTaskGetCurrentTaskHandle
                0x00002c32        0xa FreeRTOS/src/tasks.o
                0x00002c32                xTaskGetCurrentTaskHandle
 .text.xTaskGetSchedulerState
                0x00002c3c       0x1c FreeRTOS/src/tasks.o
                0x00002c3c                xTaskGetSchedulerState
 .text.xTaskPriorityInherit
                0x00002c58      0x10e FreeRTOS/src/tasks.o
                0x00002c58                xTaskPriorityInherit
 .text.xTaskPriorityDisinherit
                0x00002d66       0xb6 FreeRTOS/src/tasks.o
                0x00002d66                xTaskPriorityDisinherit
 .text.vTaskPriorityDisinheritAfterTimeout
                0x00002e1c       0xce FreeRTOS/src/tasks.o
                0x00002e1c                vTaskPriorityDisinheritAfterTimeout
 .text.uxTaskResetEventItemValue
                0x00002eea       0x54 FreeRTOS/src/tasks.o
                0x00002eea                uxTaskResetEventItemValue
 .text.pvTaskIncrementMutexHeldCount
                0x00002f3e       0x24 FreeRTOS/src/tasks.o
                0x00002f3e                pvTaskIncrementMutexHeldCount
 .text.xTaskGenericNotifyWait
                0x00002f62      0x150 FreeRTOS/src/tasks.o
                0x00002f62                xTaskGenericNotifyWait
 .text.xTaskGenericNotify
                0x000030b2      0x1ee FreeRTOS/src/tasks.o
                0x000030b2                xTaskGenericNotify
 .text.xTaskGenericNotifyFromISR
                0x000032a0      0x244 FreeRTOS/src/tasks.o
                0x000032a0                xTaskGenericNotifyFromISR
 .text.xTaskGenericNotifyStateClear
                0x000034e4       0x34 FreeRTOS/src/tasks.o
                0x000034e4                xTaskGenericNotifyStateClear
 .text.prvGetNextExpireTime
                0x00003518       0x30 FreeRTOS/src/timers.o
 .text.prvInsertTimerInActiveList
                0x00003548       0x92 FreeRTOS/src/timers.o
 .text.prvCheckForValidListAndQueue
                0x000035da       0x52 FreeRTOS/src/timers.o
 .text.xTimerCreateTimerTask
                0x0000362c       0x42 FreeRTOS/src/timers.o
                0x0000362c                xTimerCreateTimerTask
 .text.xTimerGenericCommand
                0x0000366e       0xbc FreeRTOS/src/timers.o
                0x0000366e                xTimerGenericCommand
 .text.prvSwitchTimerLists
                0x0000372a       0xd0 FreeRTOS/src/timers.o
 .text.prvSampleTimeNow
                0x000037fa       0x5c FreeRTOS/src/timers.o
 .text.prvProcessExpiredTimer
                0x00003856       0xac FreeRTOS/src/timers.o
 .text.prvProcessTimerOrBlockTask
                0x00003902       0xae FreeRTOS/src/timers.o
 .text.prvProcessReceivedCommands
                0x000039b0      0x168 FreeRTOS/src/timers.o
 .text.vApplicationIdleHook
                0x00003b18        0x2 FreeRTOS/src/variantHooks.o
                0x00003b18                vApplicationIdleHook
 .text.prvSetMainLedOn
                0x00003b1a        0xe FreeRTOS/src/variantHooks.o
                0x00003b1a                prvSetMainLedOn
 .text.prvBlinkMainLed
                0x00003b28        0x8 FreeRTOS/src/variantHooks.o
                0x00003b28                prvBlinkMainLed
 .text.vApplicationMallocFailedHook
                0x00003b30       0x18 FreeRTOS/src/variantHooks.o
                0x00003b30                vApplicationMallocFailedHook
 .text.vApplicationStackOverflowHook
                0x00003b48       0x18 FreeRTOS/src/variantHooks.o
                0x00003b48                vApplicationStackOverflowHook
 .text.SensorDataPackage_create
                0x00003b60       0x1a SensorDataHandler.o
                0x00003b60                SensorDataPackage_create
 .text.setCO2Ppm
                0x00003b7a        0xe SensorDataHandler.o
                0x00003b7a                setCO2Ppm
 .text.setTemperatureData
                0x00003b88        0xe SensorDataHandler.o
                0x00003b88                setTemperatureData
 .text.setHumidityData
                0x00003b96        0xe SensorDataHandler.o
                0x00003b96                setHumidityData
 .text.getLoRaPayload
                0x00003ba4       0x4a SensorDataHandler.o
                0x00003ba4                getLoRaPayload
 .text.Temp_Humidty_sensor_create
                0x00003bee       0x64 TempHumSensorImpl.o
                0x00003bee                Temp_Humidty_sensor_create
 .text.get_temperature_data
                0x00003c52       0x16 TempHumSensorImpl.o
                0x00003c52                get_temperature_data
 .text.get_humidity_data
                0x00003c68       0x16 TempHumSensorImpl.o
                0x00003c68                get_humidity_data
 .text.tempHum_init
                0x00003c7e       0x18 TempHumSensorImpl.o
                0x00003c7e                tempHum_init
 .text.tempHum_getDataFromTempHumSensorTask
                0x00003c96       0xd0 TempHumSensorImpl.o
                0x00003c96                tempHum_getDataFromTempHumSensorTask
 .text.uplink_lora_setup
                0x00003d66      0x1a8 UpLinkHandler.o
 .text.upLink_create
                0x00003f0e       0x2e UpLinkHandler.o
                0x00003f0e                upLink_create
 .text.lora_Handler_task
                0x00003f3c       0x6c UpLinkHandler.o
                0x00003f3c                lora_Handler_task
 .text.upLinkHandler_StartTask
                0x00003fa8        0x2 UpLinkHandler.o
                0x00003fa8                upLinkHandler_StartTask
 .text.Temperature_Humidity_Task
                0x00003faa        0x4 main.o
                0x00003faa                Temperature_Humidity_Task
 .text.CO2_Task
                0x00003fae        0x6 main.o
                0x00003fae                CO2_Task
 .text.Application_Task
                0x00003fb4      0x10c main.o
                0x00003fb4                Application_Task
 .text.create_tasks_and_semaphores
                0x000040c0      0x10c main.o
                0x000040c0                create_tasks_and_semaphores
 .text.initialiseSystem
                0x000041cc       0x44 main.o
                0x000041cc                initialiseSystem
 .text.main     0x00004210        0xc main.o
                0x00004210                main
 .text.avr-libc.fplib
                0x0000421c       0x58 d:/arduino/7.0/toolchain/avr8/avr8-gnu-toolchain/bin/../lib/gcc/avr/5.4.0/../../../../avr/lib/avr6\libm.a(fixunssfsi.o)
                0x0000421c                __fixunssfsi
 .text.avr-libc.fplib
                0x00004274       0x44 d:/arduino/7.0/toolchain/avr8/avr8-gnu-toolchain/bin/../lib/gcc/avr/5.4.0/../../../../avr/lib/avr6\libm.a(fp_split3.o)
                0x00004274                __fp_split3
                0x00004284                __fp_splitA
 .text.avr-libc.fplib
                0x000042b8        0xe d:/arduino/7.0/toolchain/avr8/avr8-gnu-toolchain/bin/../lib/gcc/avr/5.4.0/../../../../avr/lib/avr6\libm.a(fp_zero.o)
                0x000042b8                __fp_zero
                0x000042ba                __fp_szero
 .text._hihTwiCallback
                0x000042c6       0x5a ../drivers\libIotLibrary.a(hih8120.o)
 .text.hih8120_initialise
                0x00004320       0x30 ../drivers\libIotLibrary.a(hih8120.o)
                0x00004320                hih8120_initialise
 .text.hih8120_wakeup
                0x00004350       0x2a ../drivers\libIotLibrary.a(hih8120.o)
                0x00004350                hih8120_wakeup
 .text.hih8120_measure
                0x0000437a       0x22 ../drivers\libIotLibrary.a(hih8120.o)
                0x0000437a                hih8120_measure
 .text.hih8120_getHumidity
                0x0000439c       0x2a ../drivers\libIotLibrary.a(hih8120.o)
                0x0000439c                hih8120_getHumidity
 .text.hih8120_getTemperature
                0x000043c6       0x36 ../drivers\libIotLibrary.a(hih8120.o)
                0x000043c6                hih8120_getTemperature
 .text._serialCallBack
                0x000043fc       0x8c ../drivers\libIotLibrary.a(lora_driver.o)
 .text._uploadMessage
                0x00004488       0xb4 ../drivers\libIotLibrary.a(lora_driver.o)
 .text._reply2ReturnCode
                0x0000453c       0xea ../drivers\libIotLibrary.a(lora_driver.o)
 .text._uploadMessageRc
                0x00004626        0x6 ../drivers\libIotLibrary.a(lora_driver.o)
 .text.lora_driver_flushBuffers
                0x0000462c        0xe ../drivers\libIotLibrary.a(lora_driver.o)
                0x0000462c                lora_driver_flushBuffers
 .text.lora_driver_initialise
                0x0000463a       0x80 ../drivers\libIotLibrary.a(lora_driver.o)
                0x0000463a                lora_driver_initialise
 .text.lora_driver_resetRn2483
                0x000046ba       0x1c ../drivers\libIotLibrary.a(lora_driver.o)
                0x000046ba                lora_driver_resetRn2483
 .text.lora_driver_rn2483FactoryReset
                0x000046d6       0x24 ../drivers\libIotLibrary.a(lora_driver.o)
                0x000046d6                lora_driver_rn2483FactoryReset
 .text.lora_driver_getRn2483Hweui
                0x000046fa       0x38 ../drivers\libIotLibrary.a(lora_driver.o)
                0x000046fa                lora_driver_getRn2483Hweui
 .text.lora_driver_setDeviceIdentifier
                0x00004732       0x22 ../drivers\libIotLibrary.a(lora_driver.o)
                0x00004732                lora_driver_setDeviceIdentifier
 .text.lora_driver_setApplicationIdentifier
                0x00004754       0x22 ../drivers\libIotLibrary.a(lora_driver.o)
                0x00004754                lora_driver_setApplicationIdentifier
 .text.lora_driver_setApplicationKey
                0x00004776       0x22 ../drivers\libIotLibrary.a(lora_driver.o)
                0x00004776                lora_driver_setApplicationKey
 .text.lora_driver_saveMac
                0x00004798        0xc ../drivers\libIotLibrary.a(lora_driver.o)
                0x00004798                lora_driver_saveMac
 .text.lora_driver_join
                0x000047a4       0x52 ../drivers\libIotLibrary.a(lora_driver.o)
                0x000047a4                lora_driver_join
 .text.lora_driver_sendUploadMessage
                0x000047f6      0x196 ../drivers\libIotLibrary.a(lora_driver.o)
                0x000047f6                lora_driver_sendUploadMessage
 .text.lora_driver_setAdaptiveDataRate
                0x0000498c       0x16 ../drivers\libIotLibrary.a(lora_driver.o)
                0x0000498c                lora_driver_setAdaptiveDataRate
 .text.lora_driver_setReceiveDelay
                0x000049a2       0x30 ../drivers\libIotLibrary.a(lora_driver.o)
                0x000049a2                lora_driver_setReceiveDelay
 .text.lora_driver_configureToEu868
                0x000049d2      0x1bc ../drivers\libIotLibrary.a(lora_driver.o)
                0x000049d2                lora_driver_configureToEu868
 .text.lora_driver_setOtaaIdentity
                0x00004b8e       0x42 ../drivers\libIotLibrary.a(lora_driver.o)
                0x00004b8e                lora_driver_setOtaaIdentity
 .text.lora_driver_mapReturnCodeToText
                0x00004bd0       0x18 ../drivers\libIotLibrary.a(lora_driver.o)
                0x00004bd0                lora_driver_mapReturnCodeToText
 .text.decode_port_no
                0x00004be8       0x58 ../drivers\libIotLibrary.a(lora_driver_utils.o)
                0x00004be8                decode_port_no
 .text.decode_hexadecimal_string_bytes
                0x00004c40       0x92 ../drivers\libIotLibrary.a(lora_driver_utils.o)
                0x00004c40                decode_hexadecimal_string_bytes
 .text._serialCallBack
                0x00004cd2       0xb6 ../drivers\libIotLibrary.a(mh_z19.o)
 .text.mh_z19_initialise
                0x00004d88       0x4a ../drivers\libIotLibrary.a(mh_z19.o)
                0x00004d88                mh_z19_initialise
 .text.mh_z19_injectCallBack
                0x00004dd2        0xa ../drivers\libIotLibrary.a(mh_z19.o)
                0x00004dd2                mh_z19_injectCallBack
 .text.mh_z19_takeMeassuring
                0x00004ddc       0x5e ../drivers\libIotLibrary.a(mh_z19.o)
                0x00004ddc                mh_z19_takeMeassuring
 .text.rc_servo_setPosition
                0x00004e3a       0x30 ../drivers\libIotLibrary.a(rc_servo.o)
                0x00004e3a                rc_servo_setPosition
 .text.rc_servo_initialise
                0x00004e6a       0x38 ../drivers\libIotLibrary.a(rc_servo.o)
                0x00004e6a                rc_servo_initialise
 .text.serial_create
                0x00004ea2      0x144 ../drivers\libIotLibrary.a(serial.o)
                0x00004ea2                serial_create
 .text.serial_sendByte
                0x00004fe6       0x56 ../drivers\libIotLibrary.a(serial.o)
                0x00004fe6                serial_sendByte
 .text.serial_sendBytes
                0x0000503c       0xaa ../drivers\libIotLibrary.a(serial.o)
                0x0000503c                serial_sendBytes
 .text.serial_getByte
                0x000050e6       0x40 ../drivers\libIotLibrary.a(serial.o)
                0x000050e6                serial_getByte
 .text.__vector_25
                0x00005126       0xa4 ../drivers\libIotLibrary.a(serial.o)
                0x00005126                __vector_25
 .text.__vector_26
                0x000051ca       0x88 ../drivers\libIotLibrary.a(serial.o)
                0x000051ca                __vector_26
 .text.__vector_36
                0x00005252       0xa4 ../drivers\libIotLibrary.a(serial.o)
                0x00005252                __vector_36
 .text.__vector_37
                0x000052f6       0x88 ../drivers\libIotLibrary.a(serial.o)
                0x000052f6                __vector_37
 .text.__vector_51
                0x0000537e       0xa4 ../drivers\libIotLibrary.a(serial.o)
                0x0000537e                __vector_51
 .text.__vector_52
                0x00005422       0x88 ../drivers\libIotLibrary.a(serial.o)
                0x00005422                __vector_52
 .text.__vector_54
                0x000054aa       0xa4 ../drivers\libIotLibrary.a(serial.o)
                0x000054aa                __vector_54
 .text.__vector_55
                0x0000554e       0x88 ../drivers\libIotLibrary.a(serial.o)
                0x0000554e                __vector_55
 .text.usart_getchar
                0x000055d6       0x2a ../drivers\libIotLibrary.a(stdio_driver.o)
 .text.usart_putchar
                0x00005600       0x12 ../drivers\libIotLibrary.a(stdio_driver.o)
 .text.stdio_initialise
                0x00005612       0x52 ../drivers\libIotLibrary.a(stdio_driver.o)
                0x00005612                stdio_initialise
 .text._turn_off
                0x00005664       0x98 ../drivers\libIotLibrary.a(status_leds.o)
 .text._turn_on
                0x000056fc       0x98 ../drivers\libIotLibrary.a(status_leds.o)
 .text._hal_led_task
                0x00005794       0x8c ../drivers\libIotLibrary.a(status_leds.o)
 .text.status_leds_initialise
                0x00005820       0x9c ../drivers\libIotLibrary.a(status_leds.o)
                0x00005820                status_leds_initialise
 .text.status_leds_slowBlink
                0x000058bc       0x46 ../drivers\libIotLibrary.a(status_leds.o)
                0x000058bc                status_leds_slowBlink
 .text.status_leds_fastBlink
                0x00005902       0x46 ../drivers\libIotLibrary.a(status_leds.o)
                0x00005902                status_leds_fastBlink
 .text.status_leds_ledOn
                0x00005948       0x1e ../drivers\libIotLibrary.a(status_leds.o)
                0x00005948                status_leds_ledOn
 .text.status_leds_ledOff
                0x00005966       0x1e ../drivers\libIotLibrary.a(status_leds.o)
                0x00005966                status_leds_ledOff
 .text.status_leds_longPuls
                0x00005984       0x24 ../drivers\libIotLibrary.a(status_leds.o)
                0x00005984                status_leds_longPuls
 .text.status_leds_shortPuls
                0x000059a8       0x22 ../drivers\libIotLibrary.a(status_leds.o)
                0x000059a8                status_leds_shortPuls
 .text._initTwiInterface
                0x000059ca       0x22 ../drivers\libIotLibrary.a(twi.o)
 .text.twiCreate
                0x000059ec       0x9a ../drivers\libIotLibrary.a(twi.o)
                0x000059ec                twiCreate
 .text.twiIsBusy
                0x00005a86        0x8 ../drivers\libIotLibrary.a(twi.o)
                0x00005a86                twiIsBusy
 .text.twiTransmit
                0x00005a8e       0x98 ../drivers\libIotLibrary.a(twi.o)
                0x00005a8e                twiTransmit
 .text.twiReceive
                0x00005b26       0x66 ../drivers\libIotLibrary.a(twi.o)
                0x00005b26                twiReceive
 .text.__vector_39
                0x00005b8c      0x17a ../drivers\libIotLibrary.a(twi.o)
                0x00005b8c                __vector_39
 .text.fifo_init
                0x00005d06       0x38 ../drivers\libIotLibrary.a(fifo.o)
                0x00005d06                fifo_init
 .text.avr-libc.fplib
                0x00005d3e        0xa d:/arduino/7.0/toolchain/avr8/avr8-gnu-toolchain/bin/../lib/gcc/avr/5.4.0/../../../../avr/lib/avr6\libm.a(addsf3.o)
                0x00005d3e                __subsf3
                0x00005d40                __addsf3
 .text.avr-libc.fplib
                0x00005d48       0xc4 d:/arduino/7.0/toolchain/avr8/avr8-gnu-toolchain/bin/../lib/gcc/avr/5.4.0/../../../../avr/lib/avr6\libm.a(addsf3x.o)
                0x00005d62                __addsf3x
 .text.avr-libc.fplib
                0x00005e0c        0x4 d:/arduino/7.0/toolchain/avr8/avr8-gnu-toolchain/bin/../lib/gcc/avr/5.4.0/../../../../avr/lib/avr6\libm.a(divsf3.o)
                0x00005e0c                __divsf3
 .text.avr-libc.fplib
                0x00005e10       0xd2 d:/arduino/7.0/toolchain/avr8/avr8-gnu-toolchain/bin/../lib/gcc/avr/5.4.0/../../../../avr/lib/avr6\libm.a(divsf3x.o)
                0x00005e28                __divsf3x
                0x00005e2e                __divsf3_pse
 .text.avr-libc.fplib
                0x00005ee2       0x7a d:/arduino/7.0/toolchain/avr8/avr8-gnu-toolchain/bin/../lib/gcc/avr/5.4.0/../../../../avr/lib/avr6\libm.a(floatsisf.o)
                0x00005ee2                __floatunsisf
                0x00005ee6                __floatsisf
 .text.avr-libc.fplib
                0x00005f5c        0xc d:/arduino/7.0/toolchain/avr8/avr8-gnu-toolchain/bin/../lib/gcc/avr/5.4.0/../../../../avr/lib/avr6\libm.a(fp_inf.o)
                0x00005f5c                __fp_inf
 .text.avr-libc.fplib
                0x00005f68        0x6 d:/arduino/7.0/toolchain/avr8/avr8-gnu-toolchain/bin/../lib/gcc/avr/5.4.0/../../../../avr/lib/avr6\libm.a(fp_nan.o)
                0x00005f68                __fp_nan
 .text.avr-libc.fplib
                0x00005f6e        0xe d:/arduino/7.0/toolchain/avr8/avr8-gnu-toolchain/bin/../lib/gcc/avr/5.4.0/../../../../avr/lib/avr6\libm.a(fp_pscA.o)
                0x00005f6e                __fp_pscA
 .text.avr-libc.fplib
                0x00005f7c        0xe d:/arduino/7.0/toolchain/avr8/avr8-gnu-toolchain/bin/../lib/gcc/avr/5.4.0/../../../../avr/lib/avr6\libm.a(fp_pscB.o)
                0x00005f7c                __fp_pscB
 .text.avr-libc.fplib
                0x00005f8a       0x22 d:/arduino/7.0/toolchain/avr8/avr8-gnu-toolchain/bin/../lib/gcc/avr/5.4.0/../../../../avr/lib/avr6\libm.a(fp_round.o)
                0x00005f8a                __fp_round
 .text.avr-libc.fplib
                0x00005fac        0x4 d:/arduino/7.0/toolchain/avr8/avr8-gnu-toolchain/bin/../lib/gcc/avr/5.4.0/../../../../avr/lib/avr6\libm.a(mulsf3.o)
                0x00005fac                __mulsf3
 .text.avr-libc.fplib
                0x00005fb0       0xc8 d:/arduino/7.0/toolchain/avr8/avr8-gnu-toolchain/bin/../lib/gcc/avr/5.4.0/../../../../avr/lib/avr6\libm.a(mulsf3x.o)
                0x00005fc6                __mulsf3x
                0x00005fcc                __mulsf3_pse
 .text.libgcc.div
                0x00006078       0x44 d:/arduino/7.0/toolchain/avr8/avr8-gnu-toolchain/bin/../lib/gcc/avr/5.4.0/avr6\libgcc.a(_udivmodsi4.o)
                0x00006078                __udivmodsi4
 .text.libgcc   0x000060bc       0x10 d:/arduino/7.0/toolchain/avr8/avr8-gnu-toolchain/bin/../lib/gcc/avr/5.4.0/avr6\libgcc.a(_tablejump2.o)
                0x000060bc                __tablejump2__
 .text.avr-libc
                0x000060cc      0x242 d:/arduino/7.0/toolchain/avr8/avr8-gnu-toolchain/bin/../lib/gcc/avr/5.4.0/../../../../avr/lib/avr6\libc.a(malloc.o)
                0x000060cc                malloc
                0x000061fc                free
 .text.avr-libc
                0x0000630e        0x8 d:/arduino/7.0/toolchain/avr8/avr8-gnu-toolchain/bin/../lib/gcc/avr/5.4.0/../../../../avr/lib/avr6\libc.a(abort.o)
                0x0000630e                abort
 .text.avr-libc
                0x00006316       0x12 d:/arduino/7.0/toolchain/avr8/avr8-gnu-toolchain/bin/../lib/gcc/avr/5.4.0/../../../../avr/lib/avr6\libc.a(memcpy.o)
                0x00006316                memcpy
 .text.avr-libc
                0x00006328        0xe d:/arduino/7.0/toolchain/avr8/avr8-gnu-toolchain/bin/../lib/gcc/avr/5.4.0/../../../../avr/lib/avr6\libc.a(memset.o)
                0x00006328                memset
 .text.avr-libc
                0x00006336       0x4a d:/arduino/7.0/toolchain/avr8/avr8-gnu-toolchain/bin/../lib/gcc/avr/5.4.0/../../../../avr/lib/avr6\libc.a(strcasestr.o)
                0x00006336                strcasestr
 .text.avr-libc
                0x00006380       0x16 d:/arduino/7.0/toolchain/avr8/avr8-gnu-toolchain/bin/../lib/gcc/avr/5.4.0/../../../../avr/lib/avr6\libc.a(strcat.o)
                0x00006380                strcat
 .text.avr-libc
                0x00006396        0xe d:/arduino/7.0/toolchain/avr8/avr8-gnu-toolchain/bin/../lib/gcc/avr/5.4.0/../../../../avr/lib/avr6\libc.a(strcpy.o)
                0x00006396                strcpy
 .text.avr-libc
                0x000063a4       0x30 d:/arduino/7.0/toolchain/avr8/avr8-gnu-toolchain/bin/../lib/gcc/avr/5.4.0/../../../../avr/lib/avr6\libc.a(strncasecmp.o)
                0x000063a4                strncasecmp
 .text.avr-libc
                0x000063d4       0x26 d:/arduino/7.0/toolchain/avr8/avr8-gnu-toolchain/bin/../lib/gcc/avr/5.4.0/../../../../avr/lib/avr6\libc.a(printf.o)
                0x000063d4                printf
 .text.avr-libc
                0x000063fa       0x60 d:/arduino/7.0/toolchain/avr8/avr8-gnu-toolchain/bin/../lib/gcc/avr/5.4.0/../../../../avr/lib/avr6\libc.a(puts.o)
                0x000063fa                puts
 .text.avr-libc
                0x0000645a       0x5c d:/arduino/7.0/toolchain/avr8/avr8-gnu-toolchain/bin/../lib/gcc/avr/5.4.0/../../../../avr/lib/avr6\libc.a(sprintf.o)
                0x0000645a                sprintf
 .text.avr-libc
                0x000064b6      0x3fa d:/arduino/7.0/toolchain/avr8/avr8-gnu-toolchain/bin/../lib/gcc/avr/5.4.0/../../../../avr/lib/avr6\libc.a(vfprintf_std.o)
                0x000064b6                vfprintf
 .text.avr-libc
                0x000068b0       0x16 d:/arduino/7.0/toolchain/avr8/avr8-gnu-toolchain/bin/../lib/gcc/avr/5.4.0/../../../../avr/lib/avr6\libc.a(strnlen_P.o)
                0x000068b0                strnlen_P
 .text.avr-libc
                0x000068c6       0x16 d:/arduino/7.0/toolchain/avr8/avr8-gnu-toolchain/bin/../lib/gcc/avr/5.4.0/../../../../avr/lib/avr6\libc.a(strnlen.o)
                0x000068c6                strnlen
 .text.avr-libc
                0x000068dc       0x78 d:/arduino/7.0/toolchain/avr8/avr8-gnu-toolchain/bin/../lib/gcc/avr/5.4.0/../../../../avr/lib/avr6\libc.a(fputc.o)
                0x000068dc                fputc
 .text.avr-libc
                0x00006954       0xbc d:/arduino/7.0/toolchain/avr8/avr8-gnu-toolchain/bin/../lib/gcc/avr/5.4.0/../../../../avr/lib/avr6\libc.a(ultoa_invert.o)
                0x00006954                __ultoa_invert
                0x00006a10                . = ALIGN (0x2)
 *(.fini9)
 .fini9         0x00006a10        0x0 d:/arduino/7.0/toolchain/avr8/avr8-gnu-toolchain/bin/../lib/gcc/avr/5.4.0/avr6\libgcc.a(_exit.o)
                0x00006a10                _exit
                0x00006a10                exit
 *(.fini9)
 *(.fini8)
 *(.fini8)
 *(.fini7)
 *(.fini7)
 *(.fini6)
 *(.fini6)
 *(.fini5)
 *(.fini5)
 *(.fini4)
 *(.fini4)
 *(.fini3)
 *(.fini3)
 *(.fini2)
 *(.fini2)
 *(.fini1)
 *(.fini1)
 *(.fini0)
 .fini0         0x00006a10        0x4 d:/arduino/7.0/toolchain/avr8/avr8-gnu-toolchain/bin/../lib/gcc/avr/5.4.0/avr6\libgcc.a(_exit.o)
 *(.fini0)
                0x00006a14                _etext = .

.data           0x00800200      0x63e load address 0x00006a14
                0x00800200                PROVIDE (__data_start, .)
 *(.data)
 .data          0x00800200        0x6 d:/arduino/7.0/toolchain/avr8/avr8-gnu-toolchain/bin/../lib/gcc/avr/5.4.0/../../../../avr/lib/avr6\libc.a(malloc.o)
                0x00800200                __malloc_heap_end
                0x00800202                __malloc_heap_start
                0x00800204                __malloc_margin
 *(.data*)
 .data.uxTopUsedPriority
                0x00800206        0x1 FreeRTOS/src/tasks.o
                0x00800206                uxTopUsedPriority
 .data._temp    0x00800207        0x2 ../drivers\libIotLibrary.a(hih8120.o)
 .data._hum     0x00800209        0x2 ../drivers\libIotLibrary.a(hih8120.o)
 .data._com_port_2_udr
                0x0080020b        0x8 ../drivers\libIotLibrary.a(serial.o)
                0x0080020b                _com_port_2_udr
 .data.mystdout.1882
                0x00800213        0xe ../drivers\libIotLibrary.a(stdio_driver.o)
 .data._twiCurrentState
                0x00800221        0x1 ../drivers\libIotLibrary.a(twi.o)
 *(.gnu.linkonce.d*)
 *(.rodata)
 .rodata        0x00800222       0x20 ../drivers\libIotLibrary.a(lora_driver.o)
 .rodata        0x00800242       0x2d ../drivers\libIotLibrary.a(mh_z19.o)
 *(.rodata*)
 .rodata.str1.1
                0x0080026f       0x2e CO2_SensorImpl.o
 .rodata.str1.1
                0x0080029d       0x60 DownLinkHandler.o
 .rodata.str1.1
                0x008002fd        0x5 FreeRTOS/src/tasks.o
 .rodata.str1.1
                0x00800302        0x8 FreeRTOS/src/timers.o
 .rodata.str1.1
                0x0080030a       0x71 TempHumSensorImpl.o
 .rodata.str1.1
                0x0080037b      0x17f UpLinkHandler.o
 .rodata.str1.1
                0x008004fa       0x6f main.o
 .rodata.str1.1
                0x00800569      0x295 ../drivers\libIotLibrary.a(lora_driver.o)
                                0x2a5 (size before relaxing)
 .rodata._joinMode
                0x008007fe        0x4 ../drivers\libIotLibrary.a(lora_driver.o)
 .rodata._returnCode
                0x00800802       0x33 ../drivers\libIotLibrary.a(lora_driver.o)
                0x00800802                _returnCode
 .rodata.str1.1
                0x00800835        0x8 ../drivers\libIotLibrary.a(status_leds.o)
 *(.gnu.linkonce.r*)
                0x0080083e                . = ALIGN (0x2)
 *fill*         0x0080083d        0x1 
                0x0080083e                _edata = .
                0x0080083e                PROVIDE (__data_end, .)

.bss            0x0080083e     0x104d
                0x0080083e                PROVIDE (__bss_start, .)
 *(.bss)
 *(.bss*)
 .bss._downlink_payload
                0x0080083e       0x16 DownLinkHandler.o
 .bss.xBlockAllocatedBit
                0x00800854        0x2 FreeRTOS/src/heap_4.o
 .bss.xNumberOfSuccessfulFrees
                0x00800856        0x2 FreeRTOS/src/heap_4.o
 .bss.xNumberOfSuccessfulAllocations
                0x00800858        0x2 FreeRTOS/src/heap_4.o
 .bss.xMinimumEverFreeBytesRemaining
                0x0080085a        0x2 FreeRTOS/src/heap_4.o
 .bss.xFreeBytesRemaining
                0x0080085c        0x2 FreeRTOS/src/heap_4.o
 .bss.pxEnd     0x0080085e        0x2 FreeRTOS/src/heap_4.o
 .bss.xStart    0x00800860        0x4 FreeRTOS/src/heap_4.o
 .bss.ucHeap    0x00800864      0xdac FreeRTOS/src/heap_4.o
 .bss.uxSchedulerSuspended
                0x00801610        0x1 FreeRTOS/src/tasks.o
 .bss.xIdleTaskHandle
                0x00801611        0x2 FreeRTOS/src/tasks.o
 .bss.xNextTaskUnblockTime
                0x00801613        0x4 FreeRTOS/src/tasks.o
 .bss.uxTaskNumber
                0x00801617        0x1 FreeRTOS/src/tasks.o
 .bss.xNumOfOverflows
                0x00801618        0x1 FreeRTOS/src/tasks.o
 .bss.xYieldPending
                0x00801619        0x1 FreeRTOS/src/tasks.o
 .bss.xPendedTicks
                0x0080161a        0x4 FreeRTOS/src/tasks.o
 .bss.xSchedulerRunning
                0x0080161e        0x1 FreeRTOS/src/tasks.o
 .bss.uxTopReadyPriority
                0x0080161f        0x1 FreeRTOS/src/tasks.o
 .bss.xTickCount
                0x00801620        0x4 FreeRTOS/src/tasks.o
 .bss.uxCurrentNumberOfTasks
                0x00801624        0x1 FreeRTOS/src/tasks.o
 .bss.xSuspendedTaskList
                0x00801625        0xb FreeRTOS/src/tasks.o
 .bss.uxDeletedTasksWaitingCleanUp
                0x00801630        0x1 FreeRTOS/src/tasks.o
 .bss.xTasksWaitingTermination
                0x00801631        0xb FreeRTOS/src/tasks.o
 .bss.xPendingReadyList
                0x0080163c        0xb FreeRTOS/src/tasks.o
 .bss.pxOverflowDelayedTaskList
                0x00801647        0x2 FreeRTOS/src/tasks.o
 .bss.pxDelayedTaskList
                0x00801649        0x2 FreeRTOS/src/tasks.o
 .bss.xDelayedTaskList2
                0x0080164b        0xb FreeRTOS/src/tasks.o
 .bss.xDelayedTaskList1
                0x00801656        0xb FreeRTOS/src/tasks.o
 .bss.pxReadyTasksLists
                0x00801661       0x6e FreeRTOS/src/tasks.o
 .bss.pxCurrentTCB
                0x008016cf        0x2 FreeRTOS/src/tasks.o
                0x008016cf                pxCurrentTCB
 .bss.xLastTime.2436
                0x008016d1        0x4 FreeRTOS/src/timers.o
 .bss.xTimerTaskHandle
                0x008016d5        0x2 FreeRTOS/src/timers.o
 .bss.xTimerQueue
                0x008016d7        0x2 FreeRTOS/src/timers.o
 .bss.pxOverflowTimerList
                0x008016d9        0x2 FreeRTOS/src/timers.o
 .bss.pxCurrentTimerList
                0x008016db        0x2 FreeRTOS/src/timers.o
 .bss.xActiveTimerList2
                0x008016dd        0xb FreeRTOS/src/timers.o
 .bss.xActiveTimerList1
                0x008016e8        0xb FreeRTOS/src/timers.o
 .bss.payload   0x008016f3       0x16 SensorDataHandler.o
 .bss.humidity  0x00801709        0x4 TempHumSensorImpl.o
                0x00801709                humidity
 .bss.temperature
                0x0080170d        0x4 TempHumSensorImpl.o
                0x0080170d                temperature
 .bss.messageBuffer
                0x00801711        0x2 UpLinkHandler.o
 .bss._uplink_payload
                0x00801713       0x16 UpLinkHandler.o
 .bss._measuringIsReady
                0x00801729        0x1 ../drivers\libIotLibrary.a(hih8120.o)
 .bss._hih8120Handler
                0x0080172a        0x2 ../drivers\libIotLibrary.a(hih8120.o)
 .bss._tmp_buf.2871
                0x0080172c       0x37 ../drivers\libIotLibrary.a(lora_driver.o)
 .bss.rec_buf_inp.2878
                0x00801763        0x1 ../drivers\libIotLibrary.a(lora_driver.o)
 .bss._downlinkMessageBuffer
                0x00801764        0x2 ../drivers\libIotLibrary.a(lora_driver.o)
 .bss._serialReplyBufferHandle
                0x00801766        0x2 ../drivers\libIotLibrary.a(lora_driver.o)
 .bss._rn2483_serial
                0x00801768        0x2 ../drivers\libIotLibrary.a(lora_driver.o)
 .bss._downlinkPayload
                0x0080176a       0x16 ../drivers\libIotLibrary.a(lora_driver.o)
 .bss._payLoadHexBytes
                0x00801780       0x15 ../drivers\libIotLibrary.a(lora_driver.o)
 .bss._recMessageBuf
                0x00801795       0x2d ../drivers\libIotLibrary.a(lora_driver.o)
 .bss._sendMessage
                0x008017c2       0x2d ../drivers\libIotLibrary.a(lora_driver.o)
 .bss._replyMess
                0x008017ef       0x2d ../drivers\libIotLibrary.a(lora_driver.o)
 .bss.data.1944
                0x0080181c        0x2 ../drivers\libIotLibrary.a(mh_z19.o)
 .bss.inDex.1943
                0x0080181e        0x1 ../drivers\libIotLibrary.a(mh_z19.o)
 .bss.crc_sum.1945
                0x0080181f        0x1 ../drivers\libIotLibrary.a(mh_z19.o)
 .bss._appCallBack
                0x00801820        0x2 ../drivers\libIotLibrary.a(mh_z19.o)
 .bss._mh_state
                0x00801822        0x1 ../drivers\libIotLibrary.a(mh_z19.o)
                0x00801822                _mh_state
 .bss._ppm      0x00801823        0x2 ../drivers\libIotLibrary.a(mh_z19.o)
 .bss._serial   0x00801825        0x2 ../drivers\libIotLibrary.a(mh_z19.o)
 .bss._ser_handle
                0x00801827        0x8 ../drivers\libIotLibrary.a(serial.o)
 .bss._com_serial_instance
                0x0080182f        0x2 ../drivers\libIotLibrary.a(stdio_driver.o)
 .bss._led_status
                0x00801831       0x18 ../drivers\libIotLibrary.a(status_leds.o)
 .bss._index.1885
                0x00801849        0x1 ../drivers\libIotLibrary.a(twi.o)
 .bss._twiCurrentHandler
                0x0080184a        0x2 ../drivers\libIotLibrary.a(twi.o)
 .bss._twiMessageLen
                0x0080184c        0x1 ../drivers\libIotLibrary.a(twi.o)
 .bss._twiMessageBuffer
                0x0080184d        0xa ../drivers\libIotLibrary.a(twi.o)
 .bss._twiIsInitiated
                0x00801857        0x1 ../drivers\libIotLibrary.a(twi.o)
 *(COMMON)
 COMMON         0x00801858        0xd CO2_SensorImpl.o
                0x00801858                rc
                0x00801859                co2_data
                0x0080185b                xLastWakeTime
                0x0080185f                meassureEventGroup
                0x00801861                xFrequency
 COMMON         0x00801865        0x4 ConfigurationImpl.o
                0x00801865                conf
                0x00801867                mutex
 COMMON         0x00801869        0x2 SensorDataHandler.o
                0x00801869                packet
 COMMON         0x0080186b        0x4 TempHumSensorImpl.o
                0x0080186b                _meassureEventGroup
                0x0080186d                _dataReadyEventGroup
 COMMON         0x0080186f       0x12 main.o
                0x0080186f                xMessageBuffer
                0x00801871                xUpLinkSemaphore
                0x00801873                downlinkMessageBuffer
                0x00801875                dataReadyEventGroup
                0x00801879                measureEventGroup
                0x0080187d                xCO2Semaphore
                0x0080187f                xTemperatureHumiditySemaphore
 COMMON         0x00801881        0x4 d:/arduino/7.0/toolchain/avr8/avr8-gnu-toolchain/bin/../lib/gcc/avr/5.4.0/../../../../avr/lib/avr6\libc.a(malloc.o)
                0x00801881                __brkval
                0x00801883                __flp
 COMMON         0x00801885        0x6 d:/arduino/7.0/toolchain/avr8/avr8-gnu-toolchain/bin/../lib/gcc/avr/5.4.0/../../../../avr/lib/avr6\libc.a(iob.o)
                0x00801885                __iob
                0x0080188b                PROVIDE (__bss_end, .)
                0x00006a14                __data_load_start = LOADADDR (.data)
                0x00007052                __data_load_end = (__data_load_start + SIZEOF (.data))

.noinit         0x0080188b        0x0
                [!provide]                PROVIDE (__noinit_start, .)
 *(.noinit*)
                [!provide]                PROVIDE (__noinit_end, .)
                0x0080188b                _end = .
                0x0080188b                PROVIDE (__heap_start, .)

.eeprom         0x00810000        0x0
 *(.eeprom*)
                0x00810000                __eeprom_end = .

.fuse
 *(.fuse)
 *(.lfuse)
 *(.hfuse)
 *(.efuse)

.lock
 *(.lock*)

.signature
 *(.signature*)

.user_signatures
 *(.user_signatures*)

.stab
 *(.stab)

.stabstr
 *(.stabstr)

.stab.excl
 *(.stab.excl)

.stab.exclstr
 *(.stab.exclstr)

.stab.index
 *(.stab.index)

.stab.indexstr
 *(.stab.indexstr)

.comment        0x00000000       0x5c
 *(.comment)
 .comment       0x00000000       0x30 CO2_SensorImpl.o
                                 0x31 (size before relaxing)
 .comment       0x00000030       0x31 ConfigurationImpl.o
 .comment       0x00000030       0x31 DownLinkHandler.o
 .comment       0x00000030       0x31 FreeRTOS/src/event_groups.o
 .comment       0x00000030       0x31 FreeRTOS/src/heap_4.o
 .comment       0x00000030       0x31 FreeRTOS/src/list.o
 .comment       0x00000030       0x31 FreeRTOS/src/port.o
 .comment       0x00000030       0x31 FreeRTOS/src/queue.o
 .comment       0x00000030       0x31 FreeRTOS/src/stream_buffer.o
 .comment       0x00000030       0x31 FreeRTOS/src/tasks.o
 .comment       0x00000030       0x31 FreeRTOS/src/timers.o
 .comment       0x00000030       0x31 FreeRTOS/src/variantHooks.o
 .comment       0x00000030       0x31 SensorDataHandler.o
 .comment       0x00000030       0x31 TempHumSensorImpl.o
 .comment       0x00000030       0x31 UpLinkHandler.o
 .comment       0x00000030       0x31 main.o
 .comment       0x00000030       0x31 ../drivers\libIotLibrary.a(hih8120.o)
 .comment       0x00000030       0x31 ../drivers\libIotLibrary.a(lora_driver.o)
 .comment       0x00000030       0x31 ../drivers\libIotLibrary.a(lora_driver_utils.o)
 .comment       0x00000030       0x31 ../drivers\libIotLibrary.a(mh_z19.o)
 .comment       0x00000030       0x31 ../drivers\libIotLibrary.a(rc_servo.o)
 .comment       0x00000030       0x31 ../drivers\libIotLibrary.a(serial.o)
 .comment       0x00000030       0x31 ../drivers\libIotLibrary.a(stdio_driver.o)
 .comment       0x00000030       0x31 ../drivers\libIotLibrary.a(status_leds.o)
 .comment       0x00000030       0x31 ../drivers\libIotLibrary.a(twi.o)
 .comment       0x00000030       0x31 ../drivers\libIotLibrary.a(fifo.o)
 .comment       0x00000030       0x31 d:/arduino/7.0/toolchain/avr8/avr8-gnu-toolchain/bin/../lib/gcc/avr/5.4.0/../../../../avr/lib/avr6\libc.a(malloc.o)
 .comment       0x00000030       0x31 d:/arduino/7.0/toolchain/avr8/avr8-gnu-toolchain/bin/../lib/gcc/avr/5.4.0/../../../../avr/lib/avr6\libc.a(iob.o)
 .comment       0x00000030       0x31 d:/arduino/7.0/toolchain/avr8/avr8-gnu-toolchain/bin/../lib/gcc/avr/5.4.0/../../../../avr/lib/avr6\libc.a(printf.o)
 .comment       0x00000030       0x31 d:/arduino/7.0/toolchain/avr8/avr8-gnu-toolchain/bin/../lib/gcc/avr/5.4.0/../../../../avr/lib/avr6\libc.a(puts.o)
 .comment       0x00000030       0x31 d:/arduino/7.0/toolchain/avr8/avr8-gnu-toolchain/bin/../lib/gcc/avr/5.4.0/../../../../avr/lib/avr6\libc.a(sprintf.o)
 .comment       0x00000030       0x2c d:/arduino/7.0/toolchain/avr8/avr8-gnu-toolchain/bin/../lib/gcc/avr/5.4.0/../../../../avr/lib/avr6\libc.a(vfprintf_std.o)
                                 0x2d (size before relaxing)
 .comment       0x0000005c       0x31 d:/arduino/7.0/toolchain/avr8/avr8-gnu-toolchain/bin/../lib/gcc/avr/5.4.0/../../../../avr/lib/avr6\libc.a(fputc.o)

.note.gnu.avr.deviceinfo
                0x00000000       0x40
 .note.gnu.avr.deviceinfo
                0x00000000       0x40 D:/Arduino/7.0/Packs/atmel/ATmega_DFP/1.6.364/gcc/dev/atmega2560/avr6/crtatmega2560.o

.note.gnu.build-id
 *(.note.gnu.build-id)

.debug
 *(.debug)

.line
 *(.line)

.debug_srcinfo
 *(.debug_srcinfo)

.debug_sfnames
 *(.debug_sfnames)

.debug_aranges  0x00000000      0xba8
 *(.debug_aranges)
 .debug_aranges
                0x00000000       0x40 CO2_SensorImpl.o
 .debug_aranges
                0x00000040       0x68 ConfigurationImpl.o
 .debug_aranges
                0x000000a8       0x30 DownLinkHandler.o
 .debug_aranges
                0x000000d8       0x68 FreeRTOS/src/event_groups.o
 .debug_aranges
                0x00000140       0x58 FreeRTOS/src/heap_4.o
 .debug_aranges
                0x00000198       0x40 FreeRTOS/src/list.o
 .debug_aranges
                0x000001d8       0x58 FreeRTOS/src/port.o
 .debug_aranges
                0x00000230       0xf8 FreeRTOS/src/queue.o
 .debug_aranges
                0x00000328       0xc0 FreeRTOS/src/stream_buffer.o
 .debug_aranges
                0x000003e8      0x1d0 FreeRTOS/src/tasks.o
 .debug_aranges
                0x000005b8       0xc8 FreeRTOS/src/timers.o
 .debug_aranges
                0x00000680       0x40 FreeRTOS/src/variantHooks.o
 .debug_aranges
                0x000006c0       0x40 SensorDataHandler.o
 .debug_aranges
                0x00000700       0x40 TempHumSensorImpl.o
 .debug_aranges
                0x00000740       0x38 UpLinkHandler.o
 .debug_aranges
                0x00000778       0x48 main.o
 .debug_aranges
                0x000007c0       0x68 ../drivers\libIotLibrary.a(hih8120.o)
 .debug_aranges
                0x00000828      0x138 ../drivers\libIotLibrary.a(lora_driver.o)
 .debug_aranges
                0x00000960       0x28 ../drivers\libIotLibrary.a(lora_driver_utils.o)
 .debug_aranges
                0x00000988       0x58 ../drivers\libIotLibrary.a(mh_z19.o)
 .debug_aranges
                0x000009e0       0x28 ../drivers\libIotLibrary.a(rc_servo.o)
 .debug_aranges
                0x00000a08       0x90 ../drivers\libIotLibrary.a(serial.o)
 .debug_aranges
                0x00000a98       0x38 ../drivers\libIotLibrary.a(stdio_driver.o)
 .debug_aranges
                0x00000ad0       0x68 ../drivers\libIotLibrary.a(status_leds.o)
 .debug_aranges
                0x00000b38       0x50 ../drivers\libIotLibrary.a(twi.o)
 .debug_aranges
                0x00000b88       0x20 ../drivers\libIotLibrary.a(fifo.o)

.debug_pubnames
 *(.debug_pubnames)

.debug_info     0x00000000     0xe586
 *(.debug_info .gnu.linkonce.wi.*)
 .debug_info    0x00000000      0xbbc D:/Arduino/7.0/Packs/atmel/ATmega_DFP/1.6.364/gcc/dev/atmega2560/avr6/crtatmega2560.o
 .debug_info    0x00000bbc      0x3e2 CO2_SensorImpl.o
 .debug_info    0x00000f9e      0x4fe ConfigurationImpl.o
 .debug_info    0x0000149c      0x43c DownLinkHandler.o
 .debug_info    0x000018d8      0x971 FreeRTOS/src/event_groups.o
 .debug_info    0x00002249      0x4e6 FreeRTOS/src/heap_4.o
 .debug_info    0x0000272f      0x2e7 FreeRTOS/src/list.o
 .debug_info    0x00002a16      0x2ff FreeRTOS/src/port.o
 .debug_info    0x00002d15     0x17e6 FreeRTOS/src/queue.o
 .debug_info    0x000044fb     0x13df FreeRTOS/src/stream_buffer.o
 .debug_info    0x000058da     0x2239 FreeRTOS/src/tasks.o
 .debug_info    0x00007b13     0x10dd FreeRTOS/src/timers.o
 .debug_info    0x00008bf0      0x20f FreeRTOS/src/variantHooks.o
 .debug_info    0x00008dff      0x235 SensorDataHandler.o
 .debug_info    0x00009034      0x452 TempHumSensorImpl.o
 .debug_info    0x00009486      0x823 UpLinkHandler.o
 .debug_info    0x00009ca9      0x8b1 main.o
 .debug_info    0x0000a55a      0x3a9 ../drivers\libIotLibrary.a(hih8120.o)
 .debug_info    0x0000a903     0x1747 ../drivers\libIotLibrary.a(lora_driver.o)
 .debug_info    0x0000c04a      0x143 ../drivers\libIotLibrary.a(lora_driver_utils.o)
 .debug_info    0x0000c18d      0x556 ../drivers\libIotLibrary.a(mh_z19.o)
 .debug_info    0x0000c6e3      0x10f ../drivers\libIotLibrary.a(rc_servo.o)
 .debug_info    0x0000c7f2      0xd9c ../drivers\libIotLibrary.a(serial.o)
 .debug_info    0x0000d58e      0x3b6 ../drivers\libIotLibrary.a(stdio_driver.o)
 .debug_info    0x0000d944      0x522 ../drivers\libIotLibrary.a(status_leds.o)
 .debug_info    0x0000de66      0x55d ../drivers\libIotLibrary.a(twi.o)
 .debug_info    0x0000e3c3      0x1c3 ../drivers\libIotLibrary.a(fifo.o)

.debug_abbrev   0x00000000     0x3958
 *(.debug_abbrev)
 .debug_abbrev  0x00000000      0xb1a D:/Arduino/7.0/Packs/atmel/ATmega_DFP/1.6.364/gcc/dev/atmega2560/avr6/crtatmega2560.o
 .debug_abbrev  0x00000b1a      0x193 CO2_SensorImpl.o
 .debug_abbrev  0x00000cad      0x144 ConfigurationImpl.o
 .debug_abbrev  0x00000df1      0x185 DownLinkHandler.o
 .debug_abbrev  0x00000f76      0x1dc FreeRTOS/src/event_groups.o
 .debug_abbrev  0x00001152      0x200 FreeRTOS/src/heap_4.o
 .debug_abbrev  0x00001352       0xff FreeRTOS/src/list.o
 .debug_abbrev  0x00001451      0x179 FreeRTOS/src/port.o
 .debug_abbrev  0x000015ca      0x241 FreeRTOS/src/queue.o
 .debug_abbrev  0x0000180b      0x246 FreeRTOS/src/stream_buffer.o
 .debug_abbrev  0x00001a51      0x2c8 FreeRTOS/src/tasks.o
 .debug_abbrev  0x00001d19      0x28c FreeRTOS/src/timers.o
 .debug_abbrev  0x00001fa5       0xff FreeRTOS/src/variantHooks.o
 .debug_abbrev  0x000020a4      0x129 SensorDataHandler.o
 .debug_abbrev  0x000021cd      0x191 TempHumSensorImpl.o
 .debug_abbrev  0x0000235e      0x1d4 UpLinkHandler.o
 .debug_abbrev  0x00002532      0x1d5 main.o
 .debug_abbrev  0x00002707      0x184 ../drivers\libIotLibrary.a(hih8120.o)
 .debug_abbrev  0x0000288b      0x33b ../drivers\libIotLibrary.a(lora_driver.o)
 .debug_abbrev  0x00002bc6       0xc0 ../drivers\libIotLibrary.a(lora_driver_utils.o)
 .debug_abbrev  0x00002c86      0x238 ../drivers\libIotLibrary.a(mh_z19.o)
 .debug_abbrev  0x00002ebe       0xbc ../drivers\libIotLibrary.a(rc_servo.o)
 .debug_abbrev  0x00002f7a      0x355 ../drivers\libIotLibrary.a(serial.o)
 .debug_abbrev  0x000032cf      0x1b3 ../drivers\libIotLibrary.a(stdio_driver.o)
 .debug_abbrev  0x00003482      0x1d7 ../drivers\libIotLibrary.a(status_leds.o)
 .debug_abbrev  0x00003659      0x217 ../drivers\libIotLibrary.a(twi.o)
 .debug_abbrev  0x00003870       0xe8 ../drivers\libIotLibrary.a(fifo.o)

.debug_line     0x00000000     0x6f58
 *(.debug_line .debug_line.* .debug_line_end)
 .debug_line    0x00000000      0x1fa D:/Arduino/7.0/Packs/atmel/ATmega_DFP/1.6.364/gcc/dev/atmega2560/avr6/crtatmega2560.o
 .debug_line    0x000001fa      0x1d0 CO2_SensorImpl.o
 .debug_line    0x000003ca      0x26c ConfigurationImpl.o
 .debug_line    0x00000636      0x262 DownLinkHandler.o
 .debug_line    0x00000898      0x3fa FreeRTOS/src/event_groups.o
 .debug_line    0x00000c92      0x3ed FreeRTOS/src/heap_4.o
 .debug_line    0x0000107f      0x1c2 FreeRTOS/src/list.o
 .debug_line    0x00001241      0x258 FreeRTOS/src/port.o
 .debug_line    0x00001499      0xbb1 FreeRTOS/src/queue.o
 .debug_line    0x0000204a      0x768 FreeRTOS/src/stream_buffer.o
 .debug_line    0x000027b2     0x1588 FreeRTOS/src/tasks.o
 .debug_line    0x00003d3a      0x60b FreeRTOS/src/timers.o
 .debug_line    0x00004345      0x17d FreeRTOS/src/variantHooks.o
 .debug_line    0x000044c2      0x17f SensorDataHandler.o
 .debug_line    0x00004641      0x204 TempHumSensorImpl.o
 .debug_line    0x00004845      0x29b UpLinkHandler.o
 .debug_line    0x00004ae0      0x3ac main.o
 .debug_line    0x00004e8c      0x24a ../drivers\libIotLibrary.a(hih8120.o)
 .debug_line    0x000050d6      0x9aa ../drivers\libIotLibrary.a(lora_driver.o)
 .debug_line    0x00005a80      0x195 ../drivers\libIotLibrary.a(lora_driver_utils.o)
 .debug_line    0x00005c15      0x2fc ../drivers\libIotLibrary.a(mh_z19.o)
 .debug_line    0x00005f11       0xfd ../drivers\libIotLibrary.a(rc_servo.o)
 .debug_line    0x0000600e      0x6a1 ../drivers\libIotLibrary.a(serial.o)
 .debug_line    0x000066af      0x146 ../drivers\libIotLibrary.a(stdio_driver.o)
 .debug_line    0x000067f5      0x32c ../drivers\libIotLibrary.a(status_leds.o)
 .debug_line    0x00006b21      0x31c ../drivers\libIotLibrary.a(twi.o)
 .debug_line    0x00006e3d      0x11b ../drivers\libIotLibrary.a(fifo.o)

.debug_frame    0x00000000     0x28c8
 *(.debug_frame)
 .debug_frame   0x00000000       0xa4 CO2_SensorImpl.o
 .debug_frame   0x000000a4       0xf4 ConfigurationImpl.o
 .debug_frame   0x00000198       0xb8 DownLinkHandler.o
 .debug_frame   0x00000250      0x1dc FreeRTOS/src/event_groups.o
 .debug_frame   0x0000042c       0xfc FreeRTOS/src/heap_4.o
 .debug_frame   0x00000528       0x90 FreeRTOS/src/list.o
 .debug_frame   0x000005b8       0x94 FreeRTOS/src/port.o
 .debug_frame   0x0000064c      0x3a4 FreeRTOS/src/queue.o
 .debug_frame   0x000009f0      0x40c FreeRTOS/src/stream_buffer.o
 .debug_frame   0x00000dfc      0x7a0 FreeRTOS/src/tasks.o
 .debug_frame   0x0000159c      0x3ac FreeRTOS/src/timers.o
 .debug_frame   0x00001948       0x64 FreeRTOS/src/variantHooks.o
 .debug_frame   0x000019ac       0x64 SensorDataHandler.o
 .debug_frame   0x00001a10       0x98 TempHumSensorImpl.o
 .debug_frame   0x00001aa8       0x90 UpLinkHandler.o
 .debug_frame   0x00001b38       0xa0 main.o
 .debug_frame   0x00001bd8       0xc0 ../drivers\libIotLibrary.a(hih8120.o)
 .debug_frame   0x00001c98      0x460 ../drivers\libIotLibrary.a(lora_driver.o)
 .debug_frame   0x000020f8       0x48 ../drivers\libIotLibrary.a(lora_driver_utils.o)
 .debug_frame   0x00002140      0x100 ../drivers\libIotLibrary.a(mh_z19.o)
 .debug_frame   0x00002240       0x34 ../drivers\libIotLibrary.a(rc_servo.o)
 .debug_frame   0x00002274      0x384 ../drivers\libIotLibrary.a(serial.o)
 .debug_frame   0x000025f8       0x94 ../drivers\libIotLibrary.a(stdio_driver.o)
 .debug_frame   0x0000268c       0xec ../drivers\libIotLibrary.a(status_leds.o)
 .debug_frame   0x00002778      0x12c ../drivers\libIotLibrary.a(twi.o)
 .debug_frame   0x000028a4       0x24 ../drivers\libIotLibrary.a(fifo.o)

.debug_str      0x00000000     0x45fb
 *(.debug_str)
 .debug_str     0x00000000      0x3e6 D:/Arduino/7.0/Packs/atmel/ATmega_DFP/1.6.364/gcc/dev/atmega2560/avr6/crtatmega2560.o
 .debug_str     0x000003e6      0x311 CO2_SensorImpl.o
                                0x398 (size before relaxing)
 .debug_str     0x000006f7      0x248 ConfigurationImpl.o
                                0x3ec (size before relaxing)
 .debug_str     0x0000093f      0x178 DownLinkHandler.o
                                0x3cc (size before relaxing)
 .debug_str     0x00000ab7      0x358 FreeRTOS/src/event_groups.o
                                0x57e (size before relaxing)
 .debug_str     0x00000e0f      0x2ce FreeRTOS/src/heap_4.o
                                0x474 (size before relaxing)
 .debug_str     0x000010dd       0x89 FreeRTOS/src/list.o
                                0x2b0 (size before relaxing)
 .debug_str     0x00001166      0x147 FreeRTOS/src/port.o
                                0x2e5 (size before relaxing)
 .debug_str     0x000012ad      0x601 FreeRTOS/src/queue.o
                                0x924 (size before relaxing)
 .debug_str     0x000018ae      0x4b1 FreeRTOS/src/stream_buffer.o
                                0x7ad (size before relaxing)
 .debug_str     0x00001d5f      0x89f FreeRTOS/src/tasks.o
                                0xf45 (size before relaxing)
 .debug_str     0x000025fe      0x414 FreeRTOS/src/timers.o
                                0x81b (size before relaxing)
 .debug_str     0x00002a12       0x81 FreeRTOS/src/variantHooks.o
                                0x25c (size before relaxing)
 .debug_str     0x00002a93       0xc4 SensorDataHandler.o
                                0x26f (size before relaxing)
 .debug_str     0x00002b57      0x1e1 TempHumSensorImpl.o
                                0x42f (size before relaxing)
 .debug_str     0x00002d38      0x42b UpLinkHandler.o
                                0x679 (size before relaxing)
 .debug_str     0x00003163      0x1bf main.o
                                0x61f (size before relaxing)
 .debug_str     0x00003322      0x2fd ../drivers\libIotLibrary.a(hih8120.o)
                                0x45c (size before relaxing)
 .debug_str     0x0000361f      0x68f ../drivers\libIotLibrary.a(lora_driver.o)
                                0xcdb (size before relaxing)
 .debug_str     0x00003cae       0x4f ../drivers\libIotLibrary.a(lora_driver_utils.o)
                                0x206 (size before relaxing)
 .debug_str     0x00003cfd      0x110 ../drivers\libIotLibrary.a(mh_z19.o)
                                0x489 (size before relaxing)
 .debug_str     0x00003e0d       0x51 ../drivers\libIotLibrary.a(rc_servo.o)
                                0x1e2 (size before relaxing)
 .debug_str     0x00003e5e      0x2e7 ../drivers\libIotLibrary.a(serial.o)
                                0x628 (size before relaxing)
 .debug_str     0x00004145       0xa6 ../drivers\libIotLibrary.a(stdio_driver.o)
                                0x37d (size before relaxing)
 .debug_str     0x000041eb      0x104 ../drivers\libIotLibrary.a(status_leds.o)
                                0x381 (size before relaxing)
 .debug_str     0x000042ef      0x2ea ../drivers\libIotLibrary.a(twi.o)
                                0x5b4 (size before relaxing)
 .debug_str     0x000045d9       0x22 ../drivers\libIotLibrary.a(fifo.o)
                                0x239 (size before relaxing)

.debug_loc      0x00000000     0xc805
 *(.debug_loc)
 .debug_loc     0x00000000      0x1d2 CO2_SensorImpl.o
 .debug_loc     0x000001d2      0x1ee ConfigurationImpl.o
 .debug_loc     0x000003c0      0x32b DownLinkHandler.o
 .debug_loc     0x000006eb      0xcc9 FreeRTOS/src/event_groups.o
 .debug_loc     0x000013b4      0x4be FreeRTOS/src/heap_4.o
 .debug_loc     0x00001872      0x17d FreeRTOS/src/list.o
 .debug_loc     0x000019ef       0xf6 FreeRTOS/src/port.o
 .debug_loc     0x00001ae5     0x1abd FreeRTOS/src/queue.o
 .debug_loc     0x000035a2     0x1daf FreeRTOS/src/stream_buffer.o
 .debug_loc     0x00005351     0x2a07 FreeRTOS/src/tasks.o
 .debug_loc     0x00007d58     0x10f3 FreeRTOS/src/timers.o
 .debug_loc     0x00008e4b       0xdc FreeRTOS/src/variantHooks.o
 .debug_loc     0x00008f27      0x172 TempHumSensorImpl.o
 .debug_loc     0x00009099      0x1d0 UpLinkHandler.o
 .debug_loc     0x00009269      0x12d main.o
 .debug_loc     0x00009396       0x9f ../drivers\libIotLibrary.a(hih8120.o)
 .debug_loc     0x00009435     0x1216 ../drivers\libIotLibrary.a(lora_driver.o)
 .debug_loc     0x0000a64b      0x1d2 ../drivers\libIotLibrary.a(lora_driver_utils.o)
 .debug_loc     0x0000a81d      0x37c ../drivers\libIotLibrary.a(mh_z19.o)
 .debug_loc     0x0000ab99       0x2f ../drivers\libIotLibrary.a(rc_servo.o)
 .debug_loc     0x0000abc8     0x114c ../drivers\libIotLibrary.a(serial.o)
 .debug_loc     0x0000bd14      0x18c ../drivers\libIotLibrary.a(stdio_driver.o)
 .debug_loc     0x0000bea0      0x292 ../drivers\libIotLibrary.a(status_leds.o)
 .debug_loc     0x0000c132      0x575 ../drivers\libIotLibrary.a(twi.o)
 .debug_loc     0x0000c6a7      0x15e ../drivers\libIotLibrary.a(fifo.o)

.debug_macinfo
 *(.debug_macinfo)

.debug_weaknames
 *(.debug_weaknames)

.debug_funcnames
 *(.debug_funcnames)

.debug_typenames
 *(.debug_typenames)

.debug_varnames
 *(.debug_varnames)

.debug_pubtypes
 *(.debug_pubtypes)

.debug_ranges   0x00000000      0xad8
 *(.debug_ranges)
 .debug_ranges  0x00000000       0x30 CO2_SensorImpl.o
 .debug_ranges  0x00000030       0x58 ConfigurationImpl.o
 .debug_ranges  0x00000088       0x20 DownLinkHandler.o
 .debug_ranges  0x000000a8       0x70 FreeRTOS/src/event_groups.o
 .debug_ranges  0x00000118       0x48 FreeRTOS/src/heap_4.o
 .debug_ranges  0x00000160       0x30 FreeRTOS/src/list.o
 .debug_ranges  0x00000190       0x48 FreeRTOS/src/port.o
 .debug_ranges  0x000001d8      0x130 FreeRTOS/src/queue.o
 .debug_ranges  0x00000308       0xb0 FreeRTOS/src/stream_buffer.o
 .debug_ranges  0x000003b8      0x200 FreeRTOS/src/tasks.o
 .debug_ranges  0x000005b8       0xb8 FreeRTOS/src/timers.o
 .debug_ranges  0x00000670       0x30 FreeRTOS/src/variantHooks.o
 .debug_ranges  0x000006a0       0x30 SensorDataHandler.o
 .debug_ranges  0x000006d0       0x30 TempHumSensorImpl.o
 .debug_ranges  0x00000700       0x28 UpLinkHandler.o
 .debug_ranges  0x00000728       0x38 main.o
 .debug_ranges  0x00000760       0x58 ../drivers\libIotLibrary.a(hih8120.o)
 .debug_ranges  0x000007b8      0x128 ../drivers\libIotLibrary.a(lora_driver.o)
 .debug_ranges  0x000008e0       0x30 ../drivers\libIotLibrary.a(lora_driver_utils.o)
 .debug_ranges  0x00000910       0x48 ../drivers\libIotLibrary.a(mh_z19.o)
 .debug_ranges  0x00000958       0x18 ../drivers\libIotLibrary.a(rc_servo.o)
 .debug_ranges  0x00000970       0x98 ../drivers\libIotLibrary.a(serial.o)
 .debug_ranges  0x00000a08       0x28 ../drivers\libIotLibrary.a(stdio_driver.o)
 .debug_ranges  0x00000a30       0x58 ../drivers\libIotLibrary.a(status_leds.o)
 .debug_ranges  0x00000a88       0x40 ../drivers\libIotLibrary.a(twi.o)
 .debug_ranges  0x00000ac8       0x10 ../drivers\libIotLibrary.a(fifo.o)

.debug_macro
 *(.debug_macro)
OUTPUT(4.Semester.elf elf32-avr)
LOAD linker stubs
