Archive member included to satisfy reference by file (symbol)

d:/arduino/7.0/toolchain/avr8/avr8-gnu-toolchain/bin/../lib/gcc/avr/5.4.0/../../../../avr/lib/avr6\libm.a(fixunssfsi.o)
                              TempHumSensorImpl.o (__fixunssfsi)
d:/arduino/7.0/toolchain/avr8/avr8-gnu-toolchain/bin/../lib/gcc/avr/5.4.0/../../../../avr/lib/avr6\libm.a(floatsisf.o)
                              TempHumSensorImpl.o (__floatunsisf)
d:/arduino/7.0/toolchain/avr8/avr8-gnu-toolchain/bin/../lib/gcc/avr/5.4.0/../../../../avr/lib/avr6\libm.a(fp_split3.o)
                              d:/arduino/7.0/toolchain/avr8/avr8-gnu-toolchain/bin/../lib/gcc/avr/5.4.0/../../../../avr/lib/avr6\libm.a(fixunssfsi.o) (__fp_splitA)
d:/arduino/7.0/toolchain/avr8/avr8-gnu-toolchain/bin/../lib/gcc/avr/5.4.0/../../../../avr/lib/avr6\libm.a(fp_zero.o)
                              d:/arduino/7.0/toolchain/avr8/avr8-gnu-toolchain/bin/../lib/gcc/avr/5.4.0/../../../../avr/lib/avr6\libm.a(fixunssfsi.o) (__fp_zero)
../drivers\libIotLibrary.a(hih8120.o)
                              main.o (hih8120_initialise)
../drivers\libIotLibrary.a(lora_driver.o)
                              UpLinkHandler.o (lora_driver_flushBuffers)
../drivers\libIotLibrary.a(lora_driver_utils.o)
                              ../drivers\libIotLibrary.a(lora_driver.o) (decode_port_no)
../drivers\libIotLibrary.a(mh_z19.o)
                              main.o (mh_z19_initialise)
../drivers\libIotLibrary.a(rc_servo.o)
                              ConditionerControllerHandler.o (rc_servo_setPosition)
../drivers\libIotLibrary.a(serial.o)
                              ../drivers\libIotLibrary.a(lora_driver.o) (serial_create)
../drivers\libIotLibrary.a(stdio_driver.o)
                              main.o (stdio_initialise)
../drivers\libIotLibrary.a(status_leds.o)
                              main.o (status_leds_initialise)
../drivers\libIotLibrary.a(twi.o)
                              ../drivers\libIotLibrary.a(hih8120.o) (twiCreate)
../drivers\libIotLibrary.a(fifo.o)
                              ../drivers\libIotLibrary.a(serial.o) (fifo_init)
d:/arduino/7.0/toolchain/avr8/avr8-gnu-toolchain/bin/../lib/gcc/avr/5.4.0/../../../../avr/lib/avr6\libm.a(addsf3.o)
                              ../drivers\libIotLibrary.a(hih8120.o) (__subsf3)
d:/arduino/7.0/toolchain/avr8/avr8-gnu-toolchain/bin/../lib/gcc/avr/5.4.0/../../../../avr/lib/avr6\libm.a(addsf3x.o)
                              d:/arduino/7.0/toolchain/avr8/avr8-gnu-toolchain/bin/../lib/gcc/avr/5.4.0/../../../../avr/lib/avr6\libm.a(addsf3.o) (__addsf3x)
d:/arduino/7.0/toolchain/avr8/avr8-gnu-toolchain/bin/../lib/gcc/avr/5.4.0/../../../../avr/lib/avr6\libm.a(divsf3.o)
                              ../drivers\libIotLibrary.a(hih8120.o) (__divsf3)
d:/arduino/7.0/toolchain/avr8/avr8-gnu-toolchain/bin/../lib/gcc/avr/5.4.0/../../../../avr/lib/avr6\libm.a(divsf3x.o)
                              d:/arduino/7.0/toolchain/avr8/avr8-gnu-toolchain/bin/../lib/gcc/avr/5.4.0/../../../../avr/lib/avr6\libm.a(divsf3.o) (__divsf3x)
d:/arduino/7.0/toolchain/avr8/avr8-gnu-toolchain/bin/../lib/gcc/avr/5.4.0/../../../../avr/lib/avr6\libm.a(fixsfsi.o)
                              ../drivers\libIotLibrary.a(hih8120.o) (__fixsfsi)
d:/arduino/7.0/toolchain/avr8/avr8-gnu-toolchain/bin/../lib/gcc/avr/5.4.0/../../../../avr/lib/avr6\libm.a(fp_inf.o)
                              d:/arduino/7.0/toolchain/avr8/avr8-gnu-toolchain/bin/../lib/gcc/avr/5.4.0/../../../../avr/lib/avr6\libm.a(addsf3x.o) (__fp_inf)
d:/arduino/7.0/toolchain/avr8/avr8-gnu-toolchain/bin/../lib/gcc/avr/5.4.0/../../../../avr/lib/avr6\libm.a(fp_nan.o)
                              d:/arduino/7.0/toolchain/avr8/avr8-gnu-toolchain/bin/../lib/gcc/avr/5.4.0/../../../../avr/lib/avr6\libm.a(addsf3x.o) (__fp_nan)
d:/arduino/7.0/toolchain/avr8/avr8-gnu-toolchain/bin/../lib/gcc/avr/5.4.0/../../../../avr/lib/avr6\libm.a(fp_pscA.o)
                              d:/arduino/7.0/toolchain/avr8/avr8-gnu-toolchain/bin/../lib/gcc/avr/5.4.0/../../../../avr/lib/avr6\libm.a(addsf3x.o) (__fp_pscA)
d:/arduino/7.0/toolchain/avr8/avr8-gnu-toolchain/bin/../lib/gcc/avr/5.4.0/../../../../avr/lib/avr6\libm.a(fp_pscB.o)
                              d:/arduino/7.0/toolchain/avr8/avr8-gnu-toolchain/bin/../lib/gcc/avr/5.4.0/../../../../avr/lib/avr6\libm.a(addsf3x.o) (__fp_pscB)
d:/arduino/7.0/toolchain/avr8/avr8-gnu-toolchain/bin/../lib/gcc/avr/5.4.0/../../../../avr/lib/avr6\libm.a(fp_round.o)
                              d:/arduino/7.0/toolchain/avr8/avr8-gnu-toolchain/bin/../lib/gcc/avr/5.4.0/../../../../avr/lib/avr6\libm.a(addsf3.o) (__fp_round)
d:/arduino/7.0/toolchain/avr8/avr8-gnu-toolchain/bin/../lib/gcc/avr/5.4.0/../../../../avr/lib/avr6\libm.a(mulsf3.o)
                              ../drivers\libIotLibrary.a(hih8120.o) (__mulsf3)
d:/arduino/7.0/toolchain/avr8/avr8-gnu-toolchain/bin/../lib/gcc/avr/5.4.0/../../../../avr/lib/avr6\libm.a(mulsf3x.o)
[...]
Memory Configuration

Name             Origin             Length             Attributes
text             0x00000000         0x00040000         xr
data             0x00800200         0x00002000         rw !x
eeprom           0x00810000         0x00001000         rw !x
fuse             0x00820000         0x00000003         rw !x
lock             0x00830000         0x00000400         rw !x
signature        0x00840000         0x00000400         rw !x
user_signatures  0x00850000         0x00000400         rw !x
*default*        0x00000000         0xffffffff

Linker script and memory map

Address of section .data set to 0x800200
LOAD D:/Arduino/7.0/Packs/atmel/ATmega_DFP/1.6.364/gcc/dev/atmega2560/avr6/crtatmega2560.o
LOAD Application.o
LOAD CO2_SensorImpl.o
LOAD ConfigurationImpl.o
LOAD DownLinkHandler.o
LOAD FreeRTOS/FreeRTOSTraceDriver/FreeRTOSTraceDriver.o
LOAD FreeRTOS/src/croutine.o
LOAD FreeRTOS/src/event_groups.o
LOAD FreeRTOS/src/heap_4.o
LOAD FreeRTOS/src/list.o
LOAD FreeRTOS/src/port.o
LOAD FreeRTOS/src/queue.o
LOAD FreeRTOS/src/stream_buffer.o
LOAD FreeRTOS/src/tasks.o
LOAD FreeRTOS/src/timers.o
LOAD FreeRTOS/src/variantHooks.o
LOAD ConditionerControllerHandler.o
LOAD Utility.o
LOAD SensorDataHandler.o
LOAD TempHumSensorImpl.o
LOAD UpLinkHandler.o
LOAD main.o
LOAD LoRaWANHandler.o
START GROUP
LOAD d:/arduino/7.0/toolchain/avr8/avr8-gnu-toolchain/bin/../lib/gcc/avr/5.4.0/../../../../avr/lib/avr6\libm.a
LOAD ../drivers\libIotLibrary.a
END GROUP
START GROUP
LOAD d:/arduino/7.0/toolchain/avr8/avr8-gnu-toolchain/bin/../lib/gcc/avr/5.4.0/avr6\libgcc.a
LOAD d:/arduino/7.0/toolchain/avr8/avr8-gnu-toolchain/bin/../lib/gcc/avr/5.4.0/../../../../avr/lib/avr6\libm.a
LOAD d:/arduino/7.0/toolchain/avr8/avr8-gnu-toolchain/bin/../lib/gcc/avr/5.4.0/../../../../avr/lib/avr6\libc.a
LOAD D:/Arduino/7.0/Packs/atmel/ATmega_DFP/1.6.364/gcc/dev/atmega2560/avr6\libatmega2560.a
END GROUP
                0x00000000                __TEXT_REGION_ORIGIN__ = DEFINED (__TEXT_REGION_ORIGIN__)?__TEXT_REGION_ORIGIN__:0x0
                [0x00800200]                __DATA_REGION_ORIGIN__ = DEFINED (__DATA_REGION_ORIGIN__)?__DATA_REGION_ORIGIN__:0x800200
                [0x00040000]                __TEXT_REGION_LENGTH__ = DEFINED (__TEXT_REGION_LENGTH__)?__TEXT_REGION_LENGTH__:0x100000
                [0x00002000]                __DATA_REGION_LENGTH__ = DEFINED (__DATA_REGION_LENGTH__)?__DATA_REGION_LENGTH__:0xfe00
                [0x00001000]                __EEPROM_REGION_LENGTH__ = DEFINED (__EEPROM_REGION_LENGTH__)?__EEPROM_REGION_LENGTH__:0x10000
                [0x00000003]                __FUSE_REGION_LENGTH__ = DEFINED (__FUSE_REGION_LENGTH__)?__FUSE_REGION_LENGTH__:0x400
                0x00000400                __LOCK_REGION_LENGTH__ = DEFINED (__LOCK_REGION_LENGTH__)?__LOCK_REGION_LENGTH__:0x400
                0x00000400                __SIGNATURE_REGION_LENGTH__ = DEFINED (__SIGNATURE_REGION_LENGTH__)?__SIGNATURE_REGION_LENGTH__:0x400
                0x00000400                __USER_SIGNATURE_REGION_LENGTH__ = DEFINED (__USER_SIGNATURE_REGION_LENGTH__)?__USER_SIGNATURE_REGION_LENGTH__:0x400

.hash
 *(.hash)

.dynsym
 *(.dynsym)

.dynstr
 *(.dynstr)

.gnu.version
 *(.gnu.version)

.gnu.version_d
 *(.gnu.version_d)

.gnu.version_r
 *(.gnu.version_r)

.rel.init
 *(.rel.init)

.rela.init
 *(.rela.init)

.rel.text
 *(.rel.text)
 *(.rel.text.*)
 *(.rel.gnu.linkonce.t*)

.rela.text
 *(.rela.text)
 *(.rela.text.*)
 *(.rela.gnu.linkonce.t*)

.rel.fini
 *(.rel.fini)

.rela.fini
 *(.rela.fini)

.rel.rodata
 *(.rel.rodata)
 *(.rel.rodata.*)
 *(.rel.gnu.linkonce.r*)

.rela.rodata
 *(.rela.rodata)
 *(.rela.rodata.*)
 *(.rela.gnu.linkonce.r*)

.rel.data
 *(.rel.data)
 *(.rel.data.*)
 *(.rel.gnu.linkonce.d*)

.rela.data
 *(.rela.data)
 *(.rela.data.*)
 *(.rela.gnu.linkonce.d*)

.rel.ctors
 *(.rel.ctors)

.rela.ctors
 *(.rela.ctors)

.rel.dtors
 *(.rel.dtors)

.rela.dtors
 *(.rela.dtors)

.rel.got
 *(.rel.got)

.rela.got
 *(.rela.got)

.rel.bss
 *(.rel.bss)

.rela.bss
 *(.rela.bss)

.rel.plt
 *(.rel.plt)

.rela.plt
 *(.rela.plt)

.text           0x00000000     0x6abe
 *(.vectors)
 .vectors       0x00000000       0xe4 D:/Arduino/7.0/Packs/atmel/ATmega_DFP/1.6.364/gcc/dev/atmega2560/avr6/crtatmega2560.o
                0x00000000                __vector_default
                0x00000000                __vectors
 *(.vectors)
 *(.progmem.gcc*)
 .progmem.gcc_sw_table.prvProcessReceivedCommands
                0x000000e4       0x14 FreeRTOS/src/timers.o
 .progmem.gcc_sw_table.__vector_39
                0x000000f8       0xa2 ../drivers\libIotLibrary.a(twi.o)
                0x0000019a                . = ALIGN (0x2)
                0x0000019a                __trampolines_start = .
 *(.trampolines)
 .trampolines   0x0000019a        0x0 linker stubs
 *(.trampolines*)
                0x0000019a                __trampolines_end = .
 *libprintf_flt.a:*(.progmem.data)
 *libc.a:*(.progmem.data)
 *(.progmem*)
                0x0000019a                . = ALIGN (0x2)
 *(.jumptables)
 *(.jumptables*)
 *(.lowtext)
 .lowtext       0x0000019a       0x14 FreeRTOS/src/tasks.o
 .lowtext       0x000001ae       0x1e FreeRTOS/src/timers.o
 *(.lowtext*)
                0x000001cc                __ctors_start = .
 *(.ctors)
                0x000001cc                __ctors_end = .
                0x000001cc                __dtors_start = .
 *(.dtors)
                0x000001cc                __dtors_end = .
 SORT(*)(.ctors)
 SORT(*)(.dtors)
 *(.init0)
 .init0         0x000001cc        0x0 D:/Arduino/7.0/Packs/atmel/ATmega_DFP/1.6.364/gcc/dev/atmega2560/avr6/crtatmega2560.o
                0x000001cc                __init
 *(.init0)
 *(.init1)
 *(.init1)
 *(.init2)
 .init2         0x000001cc       0x10 D:/Arduino/7.0/Packs/atmel/ATmega_DFP/1.6.364/gcc/dev/atmega2560/avr6/crtatmega2560.o
 *(.init2)
 *(.init3)
 *(.init3)
 *(.init4)
 .init4         0x000001dc       0x1a d:/arduino/7.0/toolchain/avr8/avr8-gnu-toolchain/bin/../lib/gcc/avr/5.4.0/avr6\libgcc.a(_copy_data.o)
                0x000001dc                __do_copy_data
 .init4         0x000001f6       0x10 d:/arduino/7.0/toolchain/avr8/avr8-gnu-toolchain/bin/../lib/gcc/avr/5.4.0/avr6\libgcc.a(_clear_bss.o)
                0x000001f6                __do_clear_bss
 *(.init4)
 *(.init5)
 *(.init5)
 *(.init6)
 *(.init6)
 *(.init7)
 *(.init7)
 *(.init8)
 *(.init8)
 *(.init9)
 .init9         0x00000206        0x8 D:/Arduino/7.0/Packs/atmel/ATmega_DFP/1.6.364/gcc/dev/atmega2560/avr6/crtatmega2560.o
 *(.init9)
 *(.text)
 .text          0x0000020e        0x2 D:/Arduino/7.0/Packs/atmel/ATmega_DFP/1.6.364/gcc/dev/atmega2560/avr6/crtatmega2560.o
                0x0000020e                __vector_38
                0x0000020e                __vector_22
                0x0000020e                __vector_28
                0x0000020e                __vector_1
                0x0000020e                __vector_32
                0x0000020e                __vector_34
                0x0000020e                __vector_24
                0x0000020e                __vector_46
                0x0000020e                __bad_interrupt
                0x0000020e                __vector_6
                0x0000020e                __vector_31
                0x0000020e                __vector_35
                0x0000020e                __vector_3
                0x0000020e                __vector_23
                0x0000020e                __vector_30
                0x0000020e                __vector_45
                0x0000020e                __vector_11
                0x0000020e                __vector_13
                0x0000020e                __vector_17
                0x0000020e                __vector_19
                0x0000020e                __vector_56
                0x0000020e                __vector_7
                0x0000020e                __vector_49
                0x0000020e                __vector_41
                0x0000020e                __vector_43
                0x0000020e                __vector_27
                0x0000020e                __vector_5
                0x0000020e                __vector_33
                0x0000020e                __vector_47
                0x0000020e                __vector_4
                0x0000020e                __vector_44
                0x0000020e                __vector_9
                0x0000020e                __vector_2
                0x0000020e                __vector_21
                0x0000020e                __vector_15
                0x0000020e                __vector_29
                0x0000020e                __vector_40
                0x0000020e                __vector_8
                0x0000020e                __vector_48
                0x0000020e                __vector_14
                0x0000020e                __vector_53
                0x0000020e                __vector_10
                0x0000020e                __vector_50
                0x0000020e                __vector_16
                0x0000020e                __vector_18
                0x0000020e                __vector_20
                0x0000020e                __vector_42
                0x00000210                . = ALIGN (0x2)
 *(.text.*)
 .text.application_task_create
                0x00000210       0x28 Application.o
                0x00000210                application_task_create
 .text.application_run
                0x00000238      0x158 Application.o
                0x00000238                application_run
 .text.Application_Task
                0x00000390       0x28 Application.o
                0x00000390                Application_Task
 .text.myCo2CallBack
                0x000003b8       0x1c CO2_SensorImpl.o
                0x000003b8                myCo2CallBack
 .text.co2_task_create
                0x000003d4       0x28 CO2_SensorImpl.o
                0x000003d4                co2_task_create
 .text.get_CO2_data
                0x000003fc        0xa CO2_SensorImpl.o
                0x000003fc                get_CO2_data
 .text.CO2_taskRun
                0x00000406       0x60 CO2_SensorImpl.o
                0x00000406                CO2_taskRun
 .text.CO2_Sensor_Task
                0x00000466        0xc CO2_SensorImpl.o
                0x00000466                CO2_Sensor_Task
 .text.Configuration_SetMinTemperature
                0x00000472       0x46 ConfigurationImpl.o
                0x00000472                Configuration_SetMinTemperature
 .text.Configuration_SetMaxTemperature
                0x000004b8       0x44 ConfigurationImpl.o
                0x000004b8                Configuration_SetMaxTemperature
 .text.Configuration_SetMinHumidity
                0x000004fc       0x44 ConfigurationImpl.o
                0x000004fc                Configuration_SetMinHumidity
 .text.Configuration_SetMaxHumidity
                0x00000540       0x42 ConfigurationImpl.o
                0x00000540                Configuration_SetMaxHumidity
 .text.Configuration_GetMaxTemperature
                0x00000582        0xa ConfigurationImpl.o
                0x00000582                Configuration_GetMaxTemperature
 .text.Configuration_GetMinTemperature
                0x0000058c        0xa ConfigurationImpl.o
                0x0000058c                Configuration_GetMinTemperature
 .text.Configuration_GetMaxHumidity
                0x00000596        0xa ConfigurationImpl.o
                0x00000596                Configuration_GetMaxHumidity
 .text.Configuration_GetMinHumidity
                0x000005a0        0xa ConfigurationImpl.o
                0x000005a0                Configuration_GetMinHumidity
 .text.lora_DownLinkHandler_create
                0x000005aa       0x2c DownLinkHandler.o
                0x000005aa                lora_DownLinkHandler_create
 .text.lora_DownLinkHandler_task
                0x000005d6      0x12a DownLinkHandler.o
                0x000005d6                lora_DownLinkHandler_task
 .text.lora_DownLinkHandler_startTask
                0x00000700        0x4 DownLinkHandler.o
                0x00000700                lora_DownLinkHandler_startTask
 .text.prvTestWaitCondition
                0x00000704       0x42 FreeRTOS/src/event_groups.o
 .text.xEventGroupCreate
                0x00000746       0x26 FreeRTOS/src/event_groups.o
                0x00000746                xEventGroupCreate
 .text.xEventGroupWaitBits
                0x0000076c      0x140 FreeRTOS/src/event_groups.o
                0x0000076c                xEventGroupWaitBits
 .text.xEventGroupSetBits
                0x000008ac      0x11c FreeRTOS/src/event_groups.o
                0x000008ac                xEventGroupSetBits
 .text.prvHeapInit
                0x000009c8       0x52 FreeRTOS/src/heap_4.o
 .text.prvInsertBlockIntoFreeList
                0x00000a1a       0x94 FreeRTOS/src/heap_4.o
 .text.pvPortMalloc
                0x00000aae      0x152 FreeRTOS/src/heap_4.o
                0x00000aae                pvPortMalloc
 .text.vPortFree
                0x00000c00       0x7a FreeRTOS/src/heap_4.o
                0x00000c00                vPortFree
 .text.vListInitialise
                0x00000c7a       0x22 FreeRTOS/src/list.o
                0x00000c7a                vListInitialise
 .text.vListInitialiseItem
                0x00000c9c        0x8 FreeRTOS/src/list.o
                0x00000c9c                vListInitialiseItem
 .text.vListInsert
                0x00000ca4       0x7a FreeRTOS/src/list.o
                0x00000ca4                vListInsert
 .text.uxListRemove
                0x00000d1e       0x4e FreeRTOS/src/list.o
                0x00000d1e                uxListRemove
 .text.prvSetupTimerInterrupt
                0x00000d6c       0x18 FreeRTOS/src/port.o
 .text.pxPortInitialiseStack
                0x00000d84       0x2e FreeRTOS/src/port.o
                0x00000d84                pxPortInitialiseStack
 .text.xPortStartScheduler
                0x00000db2       0x64 FreeRTOS/src/port.o
                0x00000db2                xPortStartScheduler
 .text.vPortYield
                0x00000e16       0xc2 FreeRTOS/src/port.o
                0x00000e16                vPortYield
 .text.vPortYieldFromTick
                0x00000ed8       0xca FreeRTOS/src/port.o
                0x00000ed8                vPortYieldFromTick
 .text.__vector_12
                0x00000fa2        0x4 FreeRTOS/src/port.o
                0x00000fa2                __vector_12
 .text.prvGetDisinheritPriorityAfterTimeout
                0x00000fa6       0x20 FreeRTOS/src/queue.o
 .text.prvIsQueueEmpty
                0x00000fc6       0x1a FreeRTOS/src/queue.o
 .text.prvIsQueueFull
                0x00000fe0       0x1c FreeRTOS/src/queue.o
 .text.prvCopyDataToQueue
                0x00000ffc       0xbe FreeRTOS/src/queue.o
 .text.prvCopyDataFromQueue
                0x000010ba       0x34 FreeRTOS/src/queue.o
 .text.prvUnlockQueue
                0x000010ee       0x68 FreeRTOS/src/queue.o
 .text.xQueueGenericReset
                0x00001156       0x86 FreeRTOS/src/queue.o
                0x00001156                xQueueGenericReset
 .text.prvInitialiseNewQueue
                0x000011dc       0x24 FreeRTOS/src/queue.o
 .text.xQueueGenericCreate
                0x00001200       0x46 FreeRTOS/src/queue.o
                0x00001200                xQueueGenericCreate
 .text.xQueueGenericSend
                0x00001246      0x124 FreeRTOS/src/queue.o
                0x00001246                xQueueGenericSend
 .text.prvInitialiseMutex
                0x0000136a       0x24 FreeRTOS/src/queue.o
 .text.xQueueCreateMutex
                0x0000138e       0x18 FreeRTOS/src/queue.o
                0x0000138e                xQueueCreateMutex
 .text.xQueueGenericSendFromISR
                0x000013a6       0x76 FreeRTOS/src/queue.o
                0x000013a6                xQueueGenericSendFromISR
 .text.xQueueReceive
                0x0000141c      0x11e FreeRTOS/src/queue.o
                0x0000141c                xQueueReceive
 .text.xQueueSemaphoreTake
                0x0000153a      0x162 FreeRTOS/src/queue.o
                0x0000153a                xQueueSemaphoreTake
 .text.vQueueWaitForMessageRestricted
                0x0000169c       0x38 FreeRTOS/src/queue.o
                0x0000169c                vQueueWaitForMessageRestricted
 .text.prvBytesInBuffer
                0x000016d4       0x26 FreeRTOS/src/stream_buffer.o
 .text.prvInitialiseNewStreamBuffer
                0x000016fa       0x20 FreeRTOS/src/stream_buffer.o
 .text.prvWriteBytesToBuffer
                0x0000171a       0x92 FreeRTOS/src/stream_buffer.o
 .text.prvWriteMessageToBuffer
                0x000017ac       0x86 FreeRTOS/src/stream_buffer.o
 .text.prvReadBytesFromBuffer
                0x00001832       0x9e FreeRTOS/src/stream_buffer.o
 .text.prvReadMessageFromBuffer
                0x000018d0       0x8a FreeRTOS/src/stream_buffer.o
 .text.xStreamBufferGenericCreate
                0x0000195a       0x64 FreeRTOS/src/stream_buffer.o
                0x0000195a                xStreamBufferGenericCreate
 .text.xStreamBufferReset
                0x000019be       0x3c FreeRTOS/src/stream_buffer.o
                0x000019be                xStreamBufferReset
 .text.xStreamBufferSpacesAvailable
                0x000019fa       0x24 FreeRTOS/src/stream_buffer.o
                0x000019fa                xStreamBufferSpacesAvailable
 .text.xStreamBufferSend
                0x00001a1e      0x18a FreeRTOS/src/stream_buffer.o
                0x00001a1e                xStreamBufferSend
 .text.xStreamBufferSendFromISR
                0x00001ba8       0x88 FreeRTOS/src/stream_buffer.o
                0x00001ba8                xStreamBufferSendFromISR
 .text.xStreamBufferReceive
                0x00001c30      0x106 FreeRTOS/src/stream_buffer.o
                0x00001c30                xStreamBufferReceive
 .text.prvResetNextTaskUnblockTime
                0x00001d36       0x4e FreeRTOS/src/tasks.o
 .text.prvDeleteTCB
                0x00001d84       0x1a FreeRTOS/src/tasks.o
 .text.prvInitialiseNewTask
                0x00001d9e       0xfc FreeRTOS/src/tasks.o
 .text.prvInitialiseTaskLists
                0x00001e9a       0x60 FreeRTOS/src/tasks.o
 .text.prvAddNewTaskToReadyList
                0x00001efa       0xde FreeRTOS/src/tasks.o
 .text.prvCheckTasksWaitingTermination
                0x00001fd8       0x4a FreeRTOS/src/tasks.o
 .text.prvAddCurrentTaskToDelayedList
                0x00002022      0x144 FreeRTOS/src/tasks.o
 .text.xTaskCreate
                0x00002166       0x98 FreeRTOS/src/tasks.o
                0x00002166                xTaskCreate
 .text.vTaskStartScheduler
                0x000021fe       0x70 FreeRTOS/src/tasks.o
                0x000021fe                vTaskStartScheduler
 .text.vTaskSuspendAll
                0x0000226e        0xc FreeRTOS/src/tasks.o
                0x0000226e                vTaskSuspendAll
 .text.xTaskGetTickCount
                0x0000227a       0x1c FreeRTOS/src/tasks.o
                0x0000227a                xTaskGetTickCount
 .text.xTaskIncrementTick
                0x00002296      0x258 FreeRTOS/src/tasks.o
                0x00002296                xTaskIncrementTick
 .text.xTaskResumeAll
                0x000024ee      0x1b8 FreeRTOS/src/tasks.o
                0x000024ee                xTaskResumeAll
 .text.xTaskDelayUntil
                0x000026a6       0xca FreeRTOS/src/tasks.o
                0x000026a6                xTaskDelayUntil
 .text.vTaskDelay
                0x00002770       0x36 FreeRTOS/src/tasks.o
                0x00002770                vTaskDelay
 .text.vTaskSwitchContext
                0x000027a6       0xca FreeRTOS/src/tasks.o
                0x000027a6                vTaskSwitchContext
 .text.vTaskPlaceOnEventList
                0x00002870       0x2e FreeRTOS/src/tasks.o
                0x00002870                vTaskPlaceOnEventList
 .text.vTaskPlaceOnUnorderedEventList
                0x0000289e       0x94 FreeRTOS/src/tasks.o
                0x0000289e                vTaskPlaceOnUnorderedEventList
 .text.vTaskPlaceOnEventListRestricted
                0x00002932       0x84 FreeRTOS/src/tasks.o
                0x00002932                vTaskPlaceOnEventListRestricted
 .text.xTaskRemoveFromEventList
                0x000029b6      0x15e FreeRTOS/src/tasks.o
                0x000029b6                xTaskRemoveFromEventList
 .text.vTaskRemoveFromUnorderedEventList
                0x00002b14      0x134 FreeRTOS/src/tasks.o
                0x00002b14                vTaskRemoveFromUnorderedEventList
 .text.vTaskSetTimeOutState
                0x00002c48       0x2c FreeRTOS/src/tasks.o
                0x00002c48                vTaskSetTimeOutState
 .text.vTaskInternalSetTimeOutState
                0x00002c74       0x22 FreeRTOS/src/tasks.o
                0x00002c74                vTaskInternalSetTimeOutState
 .text.xTaskCheckForTimeOut
                0x00002c96       0xcc FreeRTOS/src/tasks.o
                0x00002c96                xTaskCheckForTimeOut
 .text.vTaskMissedYield
                0x00002d62        0x8 FreeRTOS/src/tasks.o
                0x00002d62                vTaskMissedYield
 .text.xTaskGetCurrentTaskHandle
                0x00002d6a        0xa FreeRTOS/src/tasks.o
                0x00002d6a                xTaskGetCurrentTaskHandle
 .text.xTaskGetSchedulerState
                0x00002d74       0x1c FreeRTOS/src/tasks.o
                0x00002d74                xTaskGetSchedulerState
 .text.xTaskPriorityInherit
                0x00002d90      0x10e FreeRTOS/src/tasks.o
                0x00002d90                xTaskPriorityInherit
 .text.xTaskPriorityDisinherit
                0x00002e9e       0xb6 FreeRTOS/src/tasks.o
                0x00002e9e                xTaskPriorityDisinherit
 .text.vTaskPriorityDisinheritAfterTimeout
                0x00002f54       0xce FreeRTOS/src/tasks.o
                0x00002f54                vTaskPriorityDisinheritAfterTimeout
 .text.uxTaskResetEventItemValue
                0x00003022       0x54 FreeRTOS/src/tasks.o
                0x00003022                uxTaskResetEventItemValue
 .text.pvTaskIncrementMutexHeldCount
                0x00003076       0x24 FreeRTOS/src/tasks.o
                0x00003076                pvTaskIncrementMutexHeldCount
 .text.xTaskGenericNotifyWait
                0x0000309a      0x150 FreeRTOS/src/tasks.o
                0x0000309a                xTaskGenericNotifyWait
 .text.xTaskGenericNotify
                0x000031ea      0x1ee FreeRTOS/src/tasks.o
                0x000031ea                xTaskGenericNotify
 .text.xTaskGenericNotifyFromISR
                0x000033d8      0x244 FreeRTOS/src/tasks.o
                0x000033d8                xTaskGenericNotifyFromISR
 .text.xTaskGenericNotifyStateClear
                0x0000361c       0x34 FreeRTOS/src/tasks.o
                0x0000361c                xTaskGenericNotifyStateClear
 .text.prvGetNextExpireTime
                0x00003650       0x30 FreeRTOS/src/timers.o
 .text.prvInsertTimerInActiveList
                0x00003680       0x92 FreeRTOS/src/timers.o
 .text.prvCheckForValidListAndQueue
                0x00003712       0x52 FreeRTOS/src/timers.o
 .text.xTimerCreateTimerTask
                0x00003764       0x42 FreeRTOS/src/timers.o
                0x00003764                xTimerCreateTimerTask
 .text.xTimerGenericCommand
                0x000037a6       0xbc FreeRTOS/src/timers.o
                0x000037a6                xTimerGenericCommand
 .text.prvSwitchTimerLists
                0x00003862       0xd0 FreeRTOS/src/timers.o
 .text.prvSampleTimeNow
                0x00003932       0x5c FreeRTOS/src/timers.o
 .text.prvProcessExpiredTimer
                0x0000398e       0xac FreeRTOS/src/timers.o
 .text.prvProcessTimerOrBlockTask
                0x00003a3a       0xae FreeRTOS/src/timers.o
 .text.prvProcessReceivedCommands
                0x00003ae8      0x168 FreeRTOS/src/timers.o
 .text.vApplicationIdleHook
                0x00003c50        0x2 FreeRTOS/src/variantHooks.o
                0x00003c50                vApplicationIdleHook
 .text.prvSetMainLedOn
                0x00003c52        0xe FreeRTOS/src/variantHooks.o
                0x00003c52                prvSetMainLedOn
 .text.prvBlinkMainLed
                0x00003c60        0x8 FreeRTOS/src/variantHooks.o
                0x00003c60                prvBlinkMainLed
 .text.vApplicationMallocFailedHook
                0x00003c68       0x18 FreeRTOS/src/variantHooks.o
                0x00003c68                vApplicationMallocFailedHook
 .text.vApplicationStackOverflowHook
                0x00003c80       0x18 FreeRTOS/src/variantHooks.o
                0x00003c80                vApplicationStackOverflowHook
 .text.conditioner_controller_create
                0x00003c98       0x28 ConditionerControllerHandler.o
                0x00003c98                conditioner_controller_create
 .text.Conditioner_task
                0x00003cc0       0xf6 ConditionerControllerHandler.o
                0x00003cc0                Conditioner_task
 .text.Conditioner_Task_Run
                0x00003db6        0x4 ConditionerControllerHandler.o
                0x00003db6                Conditioner_Task_Run
 .text.create_message_buffer
                0x00003dba       0x2e Utility.o
                0x00003dba                create_message_buffer
 .text.create_mutex
                0x00003de8       0x10 Utility.o
                0x00003de8                create_mutex
 .text.create_event_groups
                0x00003df8       0x1a Utility.o
                0x00003df8                create_event_groups
 .text.SensorDataPackage_create
                0x00003e12       0x1a SensorDataHandler.o
                0x00003e12                SensorDataPackage_create
 .text.setCO2Ppm
                0x00003e2c        0xe SensorDataHandler.o
                0x00003e2c                setCO2Ppm
 .text.setTemperatureData
                0x00003e3a        0xe SensorDataHandler.o
                0x00003e3a                setTemperatureData
 .text.setHumidityData
                0x00003e48        0xe SensorDataHandler.o
                0x00003e48                setHumidityData
 .text.getLoRaPayload
                0x00003e56       0x4a SensorDataHandler.o
                0x00003e56                getLoRaPayload
 .text.get_temperature_data
                0x00003ea0       0x16 TempHumSensorImpl.o
                0x00003ea0                get_temperature_data
 .text.get_humidity_data
                0x00003eb6        0xa TempHumSensorImpl.o
                0x00003eb6                get_humidity_data
 .text.tempHum_taskCreate
                0x00003ec0       0x28 TempHumSensorImpl.o
                0x00003ec0                tempHum_taskCreate
 .text.tempHum_Run
                0x00003ee8       0xe6 TempHumSensorImpl.o
                0x00003ee8                tempHum_Run
 .text.tempHum_Task
                0x00003fce        0x4 TempHumSensorImpl.o
                0x00003fce                tempHum_Task
 .text.uplink_lora_setup
                0x00003fd2      0x1a8 UpLinkHandler.o
 .text.upLink_create
                0x0000417a       0x2c UpLinkHandler.o
                0x0000417a                upLink_create
 .text.send     0x000041a6       0x50 UpLinkHandler.o
                0x000041a6                send
 .text.lora_Handler_task
                0x000041f6       0x2c UpLinkHandler.o
                0x000041f6                lora_Handler_task
 .text.upLinkHandler_StartTask
                0x00004222        0x2 UpLinkHandler.o
                0x00004222                upLinkHandler_StartTask
 .text.create_tasks
                0x00004224       0x1a main.o
                0x00004224                create_tasks
 .text.drivers_initialisation
                0x0000423e        0xa main.o
                0x0000423e                drivers_initialisation
 .text.createUtility
                0x00004248        0x8 main.o
                0x00004248                createUtility
 .text.initialiseSystem
                0x00004250       0x30 main.o
                0x00004250                initialiseSystem
 .text.main     0x00004280       0x14 main.o
                0x00004280                main
 .text.avr-libc.fplib
                0x00004294       0x58 d:/arduino/7.0/toolchain/avr8/avr8-gnu-toolchain/bin/../lib/gcc/avr/5.4.0/../../../../avr/lib/avr6\libm.a(fixunssfsi.o)
                0x00004294                __fixunssfsi
 .text.avr-libc.fplib
                0x000042ec       0x7a d:/arduino/7.0/toolchain/avr8/avr8-gnu-toolchain/bin/../lib/gcc/avr/5.4.0/../../../../avr/lib/avr6\libm.a(floatsisf.o)
                0x000042ec                __floatunsisf
                0x000042f0                __floatsisf
 .text.avr-libc.fplib
                0x00004366       0x44 d:/arduino/7.0/toolchain/avr8/avr8-gnu-toolchain/bin/../lib/gcc/avr/5.4.0/../../../../avr/lib/avr6\libm.a(fp_split3.o)
                0x00004366                __fp_split3
                0x00004376                __fp_splitA
 .text.avr-libc.fplib
                0x000043aa        0xe d:/arduino/7.0/toolchain/avr8/avr8-gnu-toolchain/bin/../lib/gcc/avr/5.4.0/../../../../avr/lib/avr6\libm.a(fp_zero.o)
                0x000043aa                __fp_zero
                0x000043ac                __fp_szero
 .text._hihTwiCallback
                0x000043b8       0x5a ../drivers\libIotLibrary.a(hih8120.o)
 .text.hih8120_initialise
                0x00004412       0x30 ../drivers\libIotLibrary.a(hih8120.o)
                0x00004412                hih8120_initialise
 .text.hih8120_wakeup
                0x00004442       0x2a ../drivers\libIotLibrary.a(hih8120.o)
                0x00004442                hih8120_wakeup
 .text.hih8120_measure
                0x0000446c       0x22 ../drivers\libIotLibrary.a(hih8120.o)
                0x0000446c                hih8120_measure
 .text.hih8120_getHumidity
                0x0000448e       0x28 ../drivers\libIotLibrary.a(hih8120.o)
                0x0000448e                hih8120_getHumidity
 .text.hih8120_getHumidityPercent_x10
                0x000044b6       0x14 ../drivers\libIotLibrary.a(hih8120.o)
                0x000044b6                hih8120_getHumidityPercent_x10
 .text.hih8120_getTemperature
                0x000044ca       0x34 ../drivers\libIotLibrary.a(hih8120.o)
                0x000044ca                hih8120_getTemperature
 .text.hih8120_getTemperature_x10
                0x000044fe       0x16 ../drivers\libIotLibrary.a(hih8120.o)
                0x000044fe                hih8120_getTemperature_x10
 .text._serialCallBack
                0x00004514       0x8c ../drivers\libIotLibrary.a(lora_driver.o)
 .text._uploadMessage
                0x000045a0       0xb4 ../drivers\libIotLibrary.a(lora_driver.o)
 .text._reply2ReturnCode
                0x00004654       0xea ../drivers\libIotLibrary.a(lora_driver.o)
 .text._uploadMessageRc
                0x0000473e        0x6 ../drivers\libIotLibrary.a(lora_driver.o)
 .text.lora_driver_flushBuffers
                0x00004744        0xe ../drivers\libIotLibrary.a(lora_driver.o)
                0x00004744                lora_driver_flushBuffers
 .text.lora_driver_initialise
                0x00004752       0x80 ../drivers\libIotLibrary.a(lora_driver.o)
                0x00004752                lora_driver_initialise
 .text.lora_driver_resetRn2483
                0x000047d2       0x1c ../drivers\libIotLibrary.a(lora_driver.o)
                0x000047d2                lora_driver_resetRn2483
 .text.lora_driver_rn2483FactoryReset
                0x000047ee       0x24 ../drivers\libIotLibrary.a(lora_driver.o)
                0x000047ee                lora_driver_rn2483FactoryReset
 .text.lora_driver_getRn2483Hweui
                0x00004812       0x38 ../drivers\libIotLibrary.a(lora_driver.o)
                0x00004812                lora_driver_getRn2483Hweui
 .text.lora_driver_setDeviceIdentifier
                0x0000484a       0x22 ../drivers\libIotLibrary.a(lora_driver.o)
                0x0000484a                lora_driver_setDeviceIdentifier
 .text.lora_driver_setApplicationIdentifier
                0x0000486c       0x22 ../drivers\libIotLibrary.a(lora_driver.o)
                0x0000486c                lora_driver_setApplicationIdentifier
 .text.lora_driver_setApplicationKey
                0x0000488e       0x22 ../drivers\libIotLibrary.a(lora_driver.o)
                0x0000488e                lora_driver_setApplicationKey
 .text.lora_driver_saveMac
                0x000048b0        0xc ../drivers\libIotLibrary.a(lora_driver.o)
                0x000048b0                lora_driver_saveMac
 .text.lora_driver_join
                0x000048bc       0x52 ../drivers\libIotLibrary.a(lora_driver.o)
                0x000048bc                lora_driver_join
 .text.lora_driver_sendUploadMessage
                0x0000490e      0x196 ../drivers\libIotLibrary.a(lora_driver.o)
                0x0000490e                lora_driver_sendUploadMessage
 .text.lora_driver_setAdaptiveDataRate
                0x00004aa4       0x16 ../drivers\libIotLibrary.a(lora_driver.o)
                0x00004aa4                lora_driver_setAdaptiveDataRate
 .text.lora_driver_setReceiveDelay
                0x00004aba       0x30 ../drivers\libIotLibrary.a(lora_driver.o)
                0x00004aba                lora_driver_setReceiveDelay
 .text.lora_driver_configureToEu868
                0x00004aea      0x1bc ../drivers\libIotLibrary.a(lora_driver.o)
                0x00004aea                lora_driver_configureToEu868
 .text.lora_driver_setOtaaIdentity
                0x00004ca6       0x42 ../drivers\libIotLibrary.a(lora_driver.o)
                0x00004ca6                lora_driver_setOtaaIdentity
 .text.lora_driver_mapReturnCodeToText
                0x00004ce8       0x18 ../drivers\libIotLibrary.a(lora_driver.o)
                0x00004ce8                lora_driver_mapReturnCodeToText
 .text.decode_port_no
                0x00004d00       0x58 ../drivers\libIotLibrary.a(lora_driver_utils.o)
                0x00004d00                decode_port_no
 .text.decode_hexadecimal_string_bytes
                0x00004d58       0x92 ../drivers\libIotLibrary.a(lora_driver_utils.o)
                0x00004d58                decode_hexadecimal_string_bytes
 .text._serialCallBack
                0x00004dea       0xb6 ../drivers\libIotLibrary.a(mh_z19.o)
 .text.mh_z19_initialise
                0x00004ea0       0x4a ../drivers\libIotLibrary.a(mh_z19.o)
                0x00004ea0                mh_z19_initialise
 .text.mh_z19_injectCallBack
                0x00004eea        0xa ../drivers\libIotLibrary.a(mh_z19.o)
                0x00004eea                mh_z19_injectCallBack
 .text.mh_z19_takeMeassuring
                0x00004ef4       0x5e ../drivers\libIotLibrary.a(mh_z19.o)
                0x00004ef4                mh_z19_takeMeassuring
 .text.rc_servo_setPosition
                0x00004f52       0x30 ../drivers\libIotLibrary.a(rc_servo.o)
                0x00004f52                rc_servo_setPosition
 .text.rc_servo_initialise
                0x00004f82       0x38 ../drivers\libIotLibrary.a(rc_servo.o)
                0x00004f82                rc_servo_initialise
 .text.serial_create
                0x00004fba      0x142 ../drivers\libIotLibrary.a(serial.o)
                0x00004fba                serial_create
 .text.serial_sendByte
                0x000050fc       0x56 ../drivers\libIotLibrary.a(serial.o)
                0x000050fc                serial_sendByte
 .text.serial_sendBytes
                0x00005152       0xaa ../drivers\libIotLibrary.a(serial.o)
                0x00005152                serial_sendBytes
 .text.serial_getByte
                0x000051fc       0x40 ../drivers\libIotLibrary.a(serial.o)
                0x000051fc                serial_getByte
 .text.__vector_25
                0x0000523c       0xa4 ../drivers\libIotLibrary.a(serial.o)
                0x0000523c                __vector_25
 .text.__vector_26
                0x000052e0       0x88 ../drivers\libIotLibrary.a(serial.o)
                0x000052e0                __vector_26
 .text.__vector_36
                0x00005368       0xa4 ../drivers\libIotLibrary.a(serial.o)
                0x00005368                __vector_36
 .text.__vector_37
                0x0000540c       0x88 ../drivers\libIotLibrary.a(serial.o)
                0x0000540c                __vector_37
 .text.__vector_51
                0x00005494       0xa4 ../drivers\libIotLibrary.a(serial.o)
                0x00005494                __vector_51
 .text.__vector_52
                0x00005538       0x88 ../drivers\libIotLibrary.a(serial.o)
                0x00005538                __vector_52
 .text.__vector_54
                0x000055c0       0xa4 ../drivers\libIotLibrary.a(serial.o)
                0x000055c0                __vector_54
 .text.__vector_55
                0x00005664       0x88 ../drivers\libIotLibrary.a(serial.o)
                0x00005664                __vector_55
 .text.usart_getchar
                0x000056ec       0x2a ../drivers\libIotLibrary.a(stdio_driver.o)
 .text.usart_putchar
                0x00005716       0x12 ../drivers\libIotLibrary.a(stdio_driver.o)
 .text.stdio_initialise
                0x00005728       0x52 ../drivers\libIotLibrary.a(stdio_driver.o)
                0x00005728                stdio_initialise
 .text._turn_off
                0x0000577a       0x98 ../drivers\libIotLibrary.a(status_leds.o)
 .text._turn_on
                0x00005812       0x98 ../drivers\libIotLibrary.a(status_leds.o)
 .text._hal_led_task
                0x000058aa       0x8c ../drivers\libIotLibrary.a(status_leds.o)
 .text.status_leds_initialise
                0x00005936       0x9c ../drivers\libIotLibrary.a(status_leds.o)
                0x00005936                status_leds_initialise
 .text.status_leds_slowBlink
                0x000059d2       0x46 ../drivers\libIotLibrary.a(status_leds.o)
                0x000059d2                status_leds_slowBlink
 .text.status_leds_fastBlink
                0x00005a18       0x46 ../drivers\libIotLibrary.a(status_leds.o)
                0x00005a18                status_leds_fastBlink
 .text.status_leds_ledOn
                0x00005a5e       0x1e ../drivers\libIotLibrary.a(status_leds.o)
                0x00005a5e                status_leds_ledOn
 .text.status_leds_ledOff
                0x00005a7c       0x1e ../drivers\libIotLibrary.a(status_leds.o)
                0x00005a7c                status_leds_ledOff
 .text.status_leds_longPuls
                0x00005a9a       0x24 ../drivers\libIotLibrary.a(status_leds.o)
                0x00005a9a                status_leds_longPuls
 .text.status_leds_shortPuls
                0x00005abe       0x22 ../drivers\libIotLibrary.a(status_leds.o)
                0x00005abe                status_leds_shortPuls
 .text._initTwiInterface
                0x00005ae0       0x22 ../drivers\libIotLibrary.a(twi.o)
 .text.twiCreate
                0x00005b02       0x9a ../drivers\libIotLibrary.a(twi.o)
                0x00005b02                twiCreate
 .text.twiIsBusy
                0x00005b9c        0x8 ../drivers\libIotLibrary.a(twi.o)
                0x00005b9c                twiIsBusy
 .text.twiTransmit
                0x00005ba4       0x98 ../drivers\libIotLibrary.a(twi.o)
                0x00005ba4                twiTransmit
 .text.twiReceive
                0x00005c3c       0x66 ../drivers\libIotLibrary.a(twi.o)
                0x00005c3c                twiReceive
 .text.__vector_39
                0x00005ca2      0x17a ../drivers\libIotLibrary.a(twi.o)
                0x00005ca2                __vector_39
 .text.fifo_init
                0x00005e1c       0x38 ../drivers\libIotLibrary.a(fifo.o)
                0x00005e1c                fifo_init
 .text.avr-libc.fplib
                0x00005e54        0xa d:/arduino/7.0/toolchain/avr8/avr8-gnu-toolchain/bin/../lib/gcc/avr/5.4.0/../../../../avr/lib/avr6\libm.a(addsf3.o)
                0x00005e54                __subsf3
                0x00005e56                __addsf3
 .text.avr-libc.fplib
                0x00005e5e       0xc4 d:/arduino/7.0/toolchain/avr8/avr8-gnu-toolchain/bin/../lib/gcc/avr/5.4.0/../../../../avr/lib/avr6\libm.a(addsf3x.o)
                0x00005e78                __addsf3x
 .text.avr-libc.fplib
                0x00005f22        0x4 d:/arduino/7.0/toolchain/avr8/avr8-gnu-toolchain/bin/../lib/gcc/avr/5.4.0/../../../../avr/lib/avr6\libm.a(divsf3.o)
                0x00005f22                __divsf3
 .text.avr-libc.fplib
                0x00005f26       0xd2 d:/arduino/7.0/toolchain/avr8/avr8-gnu-toolchain/bin/../lib/gcc/avr/5.4.0/../../../../avr/lib/avr6\libm.a(divsf3x.o)
                0x00005f3e                __divsf3x
                0x00005f44                __divsf3_pse
 .text.avr-libc.fplib
                0x00005ff8        0xe d:/arduino/7.0/toolchain/avr8/avr8-gnu-toolchain/bin/../lib/gcc/avr/5.4.0/../../../../avr/lib/avr6\libm.a(fixsfsi.o)
                0x00005ff8                __fixsfsi
 .text.avr-libc.fplib
                0x00006006        0xc d:/arduino/7.0/toolchain/avr8/avr8-gnu-toolchain/bin/../lib/gcc/avr/5.4.0/../../../../avr/lib/avr6\libm.a(fp_inf.o)
                0x00006006                __fp_inf
 .text.avr-libc.fplib
                0x00006012        0x6 d:/arduino/7.0/toolchain/avr8/avr8-gnu-toolchain/bin/../lib/gcc/avr/5.4.0/../../../../avr/lib/avr6\libm.a(fp_nan.o)
                0x00006012                __fp_nan
 .text.avr-libc.fplib
                0x00006018        0xe d:/arduino/7.0/toolchain/avr8/avr8-gnu-toolchain/bin/../lib/gcc/avr/5.4.0/../../../../avr/lib/avr6\libm.a(fp_pscA.o)
                0x00006018                __fp_pscA
 .text.avr-libc.fplib
                0x00006026        0xe d:/arduino/7.0/toolchain/avr8/avr8-gnu-toolchain/bin/../lib/gcc/avr/5.4.0/../../../../avr/lib/avr6\libm.a(fp_pscB.o)
                0x00006026                __fp_pscB
 .text.avr-libc.fplib
                0x00006034       0x22 d:/arduino/7.0/toolchain/avr8/avr8-gnu-toolchain/bin/../lib/gcc/avr/5.4.0/../../../../avr/lib/avr6\libm.a(fp_round.o)
                0x00006034                __fp_round
 .text.avr-libc.fplib
                0x00006056        0x4 d:/arduino/7.0/toolchain/avr8/avr8-gnu-toolchain/bin/../lib/gcc/avr/5.4.0/../../../../avr/lib/avr6\libm.a(mulsf3.o)
                0x00006056                __mulsf3
 .text.avr-libc.fplib
                0x0000605a       0xc8 d:/arduino/7.0/toolchain/avr8/avr8-gnu-toolchain/bin/../lib/gcc/avr/5.4.0/../../../../avr/lib/avr6\libm.a(mulsf3x.o)
                0x00006070                __mulsf3x
                0x00006076                __mulsf3_pse
 .text.libgcc.div
                0x00006122       0x44 d:/arduino/7.0/toolchain/avr8/avr8-gnu-toolchain/bin/../lib/gcc/avr/5.4.0/avr6\libgcc.a(_udivmodsi4.o)
                0x00006122                __udivmodsi4
 .text.libgcc   0x00006166       0x10 d:/arduino/7.0/toolchain/avr8/avr8-gnu-toolchain/bin/../lib/gcc/avr/5.4.0/avr6\libgcc.a(_tablejump2.o)
                0x00006166                __tablejump2__
 .text.avr-libc
                0x00006176      0x242 d:/arduino/7.0/toolchain/avr8/avr8-gnu-toolchain/bin/../lib/gcc/avr/5.4.0/../../../../avr/lib/avr6\libc.a(malloc.o)
                0x00006176                malloc
                0x000062a6                free
 .text.avr-libc
                0x000063b8        0x8 d:/arduino/7.0/toolchain/avr8/avr8-gnu-toolchain/bin/../lib/gcc/avr/5.4.0/../../../../avr/lib/avr6\libc.a(abort.o)
                0x000063b8                abort
 .text.avr-libc
                0x000063c0       0x12 d:/arduino/7.0/toolchain/avr8/avr8-gnu-toolchain/bin/../lib/gcc/avr/5.4.0/../../../../avr/lib/avr6\libc.a(memcpy.o)
                0x000063c0                memcpy
 .text.avr-libc
                0x000063d2        0xe d:/arduino/7.0/toolchain/avr8/avr8-gnu-toolchain/bin/../lib/gcc/avr/5.4.0/../../../../avr/lib/avr6\libc.a(memset.o)
                0x000063d2                memset
 .text.avr-libc
                0x000063e0       0x4a d:/arduino/7.0/toolchain/avr8/avr8-gnu-toolchain/bin/../lib/gcc/avr/5.4.0/../../../../avr/lib/avr6\libc.a(strcasestr.o)
                0x000063e0                strcasestr
 .text.avr-libc
                0x0000642a       0x16 d:/arduino/7.0/toolchain/avr8/avr8-gnu-toolchain/bin/../lib/gcc/avr/5.4.0/../../../../avr/lib/avr6\libc.a(strcat.o)
                0x0000642a                strcat
 .text.avr-libc
                0x00006440        0xe d:/arduino/7.0/toolchain/avr8/avr8-gnu-toolchain/bin/../lib/gcc/avr/5.4.0/../../../../avr/lib/avr6\libc.a(strcpy.o)
                0x00006440                strcpy
 .text.avr-libc
                0x0000644e       0x30 d:/arduino/7.0/toolchain/avr8/avr8-gnu-toolchain/bin/../lib/gcc/avr/5.4.0/../../../../avr/lib/avr6\libc.a(strncasecmp.o)
                0x0000644e                strncasecmp
 .text.avr-libc
                0x0000647e       0x26 d:/arduino/7.0/toolchain/avr8/avr8-gnu-toolchain/bin/../lib/gcc/avr/5.4.0/../../../../avr/lib/avr6\libc.a(printf.o)
                0x0000647e                printf
 .text.avr-libc
                0x000064a4       0x60 d:/arduino/7.0/toolchain/avr8/avr8-gnu-toolchain/bin/../lib/gcc/avr/5.4.0/../../../../avr/lib/avr6\libc.a(puts.o)
                0x000064a4                puts
 .text.avr-libc
                0x00006504       0x5c d:/arduino/7.0/toolchain/avr8/avr8-gnu-toolchain/bin/../lib/gcc/avr/5.4.0/../../../../avr/lib/avr6\libc.a(sprintf.o)
                0x00006504                sprintf
 .text.avr-libc
                0x00006560      0x3fa d:/arduino/7.0/toolchain/avr8/avr8-gnu-toolchain/bin/../lib/gcc/avr/5.4.0/../../../../avr/lib/avr6\libc.a(vfprintf_std.o)
                0x00006560                vfprintf
 .text.avr-libc
                0x0000695a       0x16 d:/arduino/7.0/toolchain/avr8/avr8-gnu-toolchain/bin/../lib/gcc/avr/5.4.0/../../../../avr/lib/avr6\libc.a(strnlen_P.o)
                0x0000695a                strnlen_P
 .text.avr-libc
                0x00006970       0x16 d:/arduino/7.0/toolchain/avr8/avr8-gnu-toolchain/bin/../lib/gcc/avr/5.4.0/../../../../avr/lib/avr6\libc.a(strnlen.o)
                0x00006970                strnlen
 .text.avr-libc
                0x00006986       0x78 d:/arduino/7.0/toolchain/avr8/avr8-gnu-toolchain/bin/../lib/gcc/avr/5.4.0/../../../../avr/lib/avr6\libc.a(fputc.o)
                0x00006986                fputc
 .text.avr-libc
                0x000069fe       0xbc d:/arduino/7.0/toolchain/avr8/avr8-gnu-toolchain/bin/../lib/gcc/avr/5.4.0/../../../../avr/lib/avr6\libc.a(ultoa_invert.o)
                0x000069fe                __ultoa_invert
                0x00006aba                . = ALIGN (0x2)
 *(.fini9)
 .fini9         0x00006aba        0x0 d:/arduino/7.0/toolchain/avr8/avr8-gnu-toolchain/bin/../lib/gcc/avr/5.4.0/avr6\libgcc.a(_exit.o)
                0x00006aba                _exit
                0x00006aba                exit
 *(.fini9)
 *(.fini8)
 *(.fini8)
 *(.fini7)
 *(.fini7)
 *(.fini6)
 *(.fini6)
 *(.fini5)
 *(.fini5)
 *(.fini4)
 *(.fini4)
 *(.fini3)
 *(.fini3)
 *(.fini2)
 *(.fini2)
 *(.fini1)
 *(.fini1)
 *(.fini0)
 .fini0         0x00006aba        0x4 d:/arduino/7.0/toolchain/avr8/avr8-gnu-toolchain/bin/../lib/gcc/avr/5.4.0/avr6\libgcc.a(_exit.o)
 *(.fini0)
                0x00006abe                _etext = .

.data           0x00800200      0x646 load address 0x00006abe
                0x00800200                PROVIDE (__data_start, .)
 *(.data)
 .data          0x00800200        0x6 d:/arduino/7.0/toolchain/avr8/avr8-gnu-toolchain/bin/../lib/gcc/avr/5.4.0/../../../../avr/lib/avr6\libc.a(malloc.o)
                0x00800200                __malloc_heap_end
                0x00800202                __malloc_heap_start
                0x00800204                __malloc_margin
 *(.data*)
 .data.uxTopUsedPriority
                0x00800206        0x1 FreeRTOS/src/tasks.o
                0x00800206                uxTopUsedPriority
 .data._temp    0x00800207        0x2 ../drivers\libIotLibrary.a(hih8120.o)
 .data._hum     0x00800209        0x2 ../drivers\libIotLibrary.a(hih8120.o)
 .data._com_port_2_udr
                0x0080020b        0x8 ../drivers\libIotLibrary.a(serial.o)
                0x0080020b                _com_port_2_udr
 .data.mystdout.1882
                0x00800213        0xe ../drivers\libIotLibrary.a(stdio_driver.o)
 .data._twiCurrentState
                0x00800221        0x1 ../drivers\libIotLibrary.a(twi.o)
 *(.gnu.linkonce.d*)
 *(.rodata)
 .rodata        0x00800222       0x20 ../drivers\libIotLibrary.a(lora_driver.o)
 .rodata        0x00800242       0x2d ../drivers\libIotLibrary.a(mh_z19.o)
 *(.rodata*)
 .rodata.str1.1
                0x0080026f       0x50 Application.o
 .rodata.str1.1
                0x008002bf       0x1c CO2_SensorImpl.o
 .rodata.str1.1
                0x008002db       0x84 DownLinkHandler.o
 .rodata.str1.1
                0x0080035f        0x5 FreeRTOS/src/tasks.o
 .rodata.str1.1
                0x00800364        0x8 FreeRTOS/src/timers.o
 .rodata.str1.1
                0x0080036c       0x27 ConditionerControllerHandler.o
 .rodata.str1.1
                0x00800393       0x4f TempHumSensorImpl.o
 .rodata.str1.1
                0x008003e2      0x17f UpLinkHandler.o
 .rodata.str1.1
                0x00800561       0x11 main.o
 .rodata.str1.1
                0x00800572      0x295 ../drivers\libIotLibrary.a(lora_driver.o)
                                0x2a5 (size before relaxing)
 .rodata._joinMode
                0x00800807        0x4 ../drivers\libIotLibrary.a(lora_driver.o)
 .rodata._returnCode
                0x0080080b       0x33 ../drivers\libIotLibrary.a(lora_driver.o)
                0x0080080b                _returnCode
 .rodata.str1.1
                0x0080083e        0x8 ../drivers\libIotLibrary.a(status_leds.o)
 *(.gnu.linkonce.r*)
                0x00800846                . = ALIGN (0x2)
                0x00800846                _edata = .
                0x00800846                PROVIDE (__data_end, .)

.bss            0x00800846     0x1069
                0x00800846                PROVIDE (__bss_start, .)
 *(.bss)
 *(.bss*)
 .bss._downlink_payload
                0x00800846       0x16 DownLinkHandler.o
 .bss.xBlockAllocatedBit
                0x0080085c        0x2 FreeRTOS/src/heap_4.o
 .bss.xNumberOfSuccessfulFrees
                0x0080085e        0x2 FreeRTOS/src/heap_4.o
 .bss.xNumberOfSuccessfulAllocations
                0x00800860        0x2 FreeRTOS/src/heap_4.o
 .bss.xMinimumEverFreeBytesRemaining
                0x00800862        0x2 FreeRTOS/src/heap_4.o
 .bss.xFreeBytesRemaining
                0x00800864        0x2 FreeRTOS/src/heap_4.o
 .bss.pxEnd     0x00800866        0x2 FreeRTOS/src/heap_4.o
 .bss.xStart    0x00800868        0x4 FreeRTOS/src/heap_4.o
 .bss.ucHeap    0x0080086c      0xdac FreeRTOS/src/heap_4.o
 .bss.uxSchedulerSuspended
                0x00801618        0x1 FreeRTOS/src/tasks.o
 .bss.xIdleTaskHandle
                0x00801619        0x2 FreeRTOS/src/tasks.o
 .bss.xNextTaskUnblockTime
                0x0080161b        0x4 FreeRTOS/src/tasks.o
 .bss.uxTaskNumber
                0x0080161f        0x1 FreeRTOS/src/tasks.o
 .bss.xNumOfOverflows
                0x00801620        0x1 FreeRTOS/src/tasks.o
 .bss.xYieldPending
                0x00801621        0x1 FreeRTOS/src/tasks.o
 .bss.xPendedTicks
                0x00801622        0x4 FreeRTOS/src/tasks.o
 .bss.xSchedulerRunning
                0x00801626        0x1 FreeRTOS/src/tasks.o
 .bss.uxTopReadyPriority
                0x00801627        0x1 FreeRTOS/src/tasks.o
 .bss.xTickCount
                0x00801628        0x4 FreeRTOS/src/tasks.o
 .bss.uxCurrentNumberOfTasks
                0x0080162c        0x1 FreeRTOS/src/tasks.o
 .bss.xSuspendedTaskList
                0x0080162d        0xb FreeRTOS/src/tasks.o
 .bss.uxDeletedTasksWaitingCleanUp
                0x00801638        0x1 FreeRTOS/src/tasks.o
 .bss.xTasksWaitingTermination
                0x00801639        0xb FreeRTOS/src/tasks.o
 .bss.xPendingReadyList
                0x00801644        0xb FreeRTOS/src/tasks.o
 .bss.pxOverflowDelayedTaskList
                0x0080164f        0x2 FreeRTOS/src/tasks.o
 .bss.pxDelayedTaskList
                0x00801651        0x2 FreeRTOS/src/tasks.o
 .bss.xDelayedTaskList2
                0x00801653        0xb FreeRTOS/src/tasks.o
 .bss.xDelayedTaskList1
                0x0080165e        0xb FreeRTOS/src/tasks.o
 .bss.pxReadyTasksLists
                0x00801669       0x6e FreeRTOS/src/tasks.o
 .bss.pxCurrentTCB
                0x008016d7        0x2 FreeRTOS/src/tasks.o
                0x008016d7                pxCurrentTCB
 .bss.xLastTime.2436
                0x008016d9        0x4 FreeRTOS/src/timers.o
 .bss.xTimerTaskHandle
                0x008016dd        0x2 FreeRTOS/src/timers.o
 .bss.xTimerQueue
                0x008016df        0x2 FreeRTOS/src/timers.o
 .bss.pxOverflowTimerList
                0x008016e1        0x2 FreeRTOS/src/timers.o
 .bss.pxCurrentTimerList
                0x008016e3        0x2 FreeRTOS/src/timers.o
 .bss.xActiveTimerList2
                0x008016e5        0xb FreeRTOS/src/timers.o
 .bss.xActiveTimerList1
                0x008016f0        0xb FreeRTOS/src/timers.o
 .bss.payload   0x008016fb       0x16 SensorDataHandler.o
 .bss.humidity  0x00801711        0x2 TempHumSensorImpl.o
                0x00801711                humidity
 .bss.temperature
                0x00801713        0x4 TempHumSensorImpl.o
                0x00801713                temperature
 .bss._uplink_payload
                0x00801717       0x16 UpLinkHandler.o
 .bss._measuringIsReady
                0x0080172d        0x1 ../drivers\libIotLibrary.a(hih8120.o)
 .bss._hih8120Handler
                0x0080172e        0x2 ../drivers\libIotLibrary.a(hih8120.o)
 .bss._tmp_buf.2871
                0x00801730       0x37 ../drivers\libIotLibrary.a(lora_driver.o)
 .bss.rec_buf_inp.2878
                0x00801767        0x1 ../drivers\libIotLibrary.a(lora_driver.o)
 .bss._downlinkMessageBuffer
                0x00801768        0x2 ../drivers\libIotLibrary.a(lora_driver.o)
 .bss._serialReplyBufferHandle
                0x0080176a        0x2 ../drivers\libIotLibrary.a(lora_driver.o)
 .bss._rn2483_serial
                0x0080176c        0x2 ../drivers\libIotLibrary.a(lora_driver.o)
 .bss._downlinkPayload
                0x0080176e       0x16 ../drivers\libIotLibrary.a(lora_driver.o)
 .bss._payLoadHexBytes
                0x00801784       0x15 ../drivers\libIotLibrary.a(lora_driver.o)
 .bss._recMessageBuf
                0x00801799       0x2d ../drivers\libIotLibrary.a(lora_driver.o)
 .bss._sendMessage
                0x008017c6       0x2d ../drivers\libIotLibrary.a(lora_driver.o)
 .bss._replyMess
                0x008017f3       0x2d ../drivers\libIotLibrary.a(lora_driver.o)
 .bss.data.1944
                0x00801820        0x2 ../drivers\libIotLibrary.a(mh_z19.o)
 .bss.inDex.1943
                0x00801822        0x1 ../drivers\libIotLibrary.a(mh_z19.o)
 .bss.crc_sum.1945
                0x00801823        0x1 ../drivers\libIotLibrary.a(mh_z19.o)
 .bss._appCallBack
                0x00801824        0x2 ../drivers\libIotLibrary.a(mh_z19.o)
 .bss._mh_state
                0x00801826        0x1 ../drivers\libIotLibrary.a(mh_z19.o)
                0x00801826                _mh_state
 .bss._ppm      0x00801827        0x2 ../drivers\libIotLibrary.a(mh_z19.o)
 .bss._serial   0x00801829        0x2 ../drivers\libIotLibrary.a(mh_z19.o)
 .bss._ser_handle
                0x0080182b        0x8 ../drivers\libIotLibrary.a(serial.o)
 .bss._com_serial_instance
                0x00801833        0x2 ../drivers\libIotLibrary.a(stdio_driver.o)
 .bss._led_status
                0x00801835       0x18 ../drivers\libIotLibrary.a(status_leds.o)
 .bss._index.1885
                0x0080184d        0x1 ../drivers\libIotLibrary.a(twi.o)
 .bss._twiCurrentHandler
                0x0080184e        0x2 ../drivers\libIotLibrary.a(twi.o)
 .bss._twiMessageLen
                0x00801850        0x1 ../drivers\libIotLibrary.a(twi.o)
 .bss._twiMessageBuffer
                0x00801851        0xa ../drivers\libIotLibrary.a(twi.o)
 .bss._twiIsInitiated
                0x0080185b        0x1 ../drivers\libIotLibrary.a(twi.o)
 *(COMMON)
 COMMON         0x0080185c       0x24 Application.o
                0x0080185c                xMessageBuffer
                0x0080185e                _meassureEventGroup
                0x00801860                downlinkMessageBuffer
                0x00801862                mutex
                0x00801864                dataReadyEventBits
                0x00801868                payload
                0x0080187e                _dataReadyEventGroup
 COMMON         0x00801880        0xb CO2_SensorImpl.o
                0x00801880                rc
                0x00801881                co2_data
                0x00801883                xLastWakeTime
                0x00801887                xFrequency
 COMMON         0x0080188b        0x8 ConfigurationImpl.o
                0x0080188b                min_temperature_data
                0x0080188d                min_humidity_data
                0x0080188f                max_humidity_data
                0x00801891                max_temperature_data
 COMMON         0x00801893        0xc ConditionerControllerHandler.o
                0x00801893                max_humidity
                0x00801895                current_humiditiy
                0x00801897                min_temperature
                0x00801899                current_temperature
                0x0080189b                min_humidity
                0x0080189d                max_temperature
 COMMON         0x0080189f        0x2 SensorDataHandler.o
                0x0080189f                packet
 COMMON         0x008018a1        0x4 TempHumSensorImpl.o
                0x008018a1                event_measure
 COMMON         0x008018a5        0x4 d:/arduino/7.0/toolchain/avr8/avr8-gnu-toolchain/bin/../lib/gcc/avr/5.4.0/../../../../avr/lib/avr6\libc.a(malloc.o)
                0x008018a5                __brkval
                0x008018a7                __flp
 COMMON         0x008018a9        0x6 d:/arduino/7.0/toolchain/avr8/avr8-gnu-toolchain/bin/../lib/gcc/avr/5.4.0/../../../../avr/lib/avr6\libc.a(iob.o)
                0x008018a9                __iob
                0x008018af                PROVIDE (__bss_end, .)
                0x00006abe                __data_load_start = LOADADDR (.data)
                0x00007104                __data_load_end = (__data_load_start + SIZEOF (.data))

.noinit         0x008018af        0x0
                [!provide]                PROVIDE (__noinit_start, .)
 *(.noinit*)
                [!provide]                PROVIDE (__noinit_end, .)
                0x008018af                _end = .
                0x008018af                PROVIDE (__heap_start, .)

.eeprom         0x00810000        0x0
 *(.eeprom*)
                0x00810000                __eeprom_end = .

.fuse
 *(.fuse)
 *(.lfuse)
 *(.hfuse)
 *(.efuse)

.lock
 *(.lock*)

.signature
 *(.signature*)

.user_signatures
 *(.user_signatures*)

.stab
 *(.stab)

.stabstr
 *(.stabstr)

.stab.excl
 *(.stab.excl)

.stab.exclstr
 *(.stab.exclstr)

.stab.index
 *(.stab.index)

.stab.indexstr
 *(.stab.indexstr)

.comment        0x00000000       0x5c
 *(.comment)
 .comment       0x00000000       0x30 Application.o
                                 0x31 (size before relaxing)
 .comment       0x00000030       0x31 CO2_SensorImpl.o
 .comment       0x00000030       0x31 ConfigurationImpl.o
 .comment       0x00000030       0x31 DownLinkHandler.o
 .comment       0x00000030       0x31 FreeRTOS/src/event_groups.o
 .comment       0x00000030       0x31 FreeRTOS/src/heap_4.o
 .comment       0x00000030       0x31 FreeRTOS/src/list.o
 .comment       0x00000030       0x31 FreeRTOS/src/port.o
 .comment       0x00000030       0x31 FreeRTOS/src/queue.o
 .comment       0x00000030       0x31 FreeRTOS/src/stream_buffer.o
 .comment       0x00000030       0x31 FreeRTOS/src/tasks.o
 .comment       0x00000030       0x31 FreeRTOS/src/timers.o
 .comment       0x00000030       0x31 FreeRTOS/src/variantHooks.o
 .comment       0x00000030       0x31 ConditionerControllerHandler.o
 .comment       0x00000030       0x31 Utility.o
 .comment       0x00000030       0x31 SensorDataHandler.o
 .comment       0x00000030       0x31 TempHumSensorImpl.o
 .comment       0x00000030       0x31 UpLinkHandler.o
 .comment       0x00000030       0x31 main.o
 .comment       0x00000030       0x31 ../drivers\libIotLibrary.a(hih8120.o)
 .comment       0x00000030       0x31 ../drivers\libIotLibrary.a(lora_driver.o)
 .comment       0x00000030       0x31 ../drivers\libIotLibrary.a(lora_driver_utils.o)
 .comment       0x00000030       0x31 ../drivers\libIotLibrary.a(mh_z19.o)
 .comment       0x00000030       0x31 ../drivers\libIotLibrary.a(rc_servo.o)
 .comment       0x00000030       0x31 ../drivers\libIotLibrary.a(serial.o)
 .comment       0x00000030       0x31 ../drivers\libIotLibrary.a(stdio_driver.o)
 .comment       0x00000030       0x31 ../drivers\libIotLibrary.a(status_leds.o)
 .comment       0x00000030       0x31 ../drivers\libIotLibrary.a(twi.o)
 .comment       0x00000030       0x31 ../drivers\libIotLibrary.a(fifo.o)
 .comment       0x00000030       0x31 d:/arduino/7.0/toolchain/avr8/avr8-gnu-toolchain/bin/../lib/gcc/avr/5.4.0/../../../../avr/lib/avr6\libc.a(malloc.o)
 .comment       0x00000030       0x31 d:/arduino/7.0/toolchain/avr8/avr8-gnu-toolchain/bin/../lib/gcc/avr/5.4.0/../../../../avr/lib/avr6\libc.a(iob.o)
 .comment       0x00000030       0x31 d:/arduino/7.0/toolchain/avr8/avr8-gnu-toolchain/bin/../lib/gcc/avr/5.4.0/../../../../avr/lib/avr6\libc.a(printf.o)
 .comment       0x00000030       0x31 d:/arduino/7.0/toolchain/avr8/avr8-gnu-toolchain/bin/../lib/gcc/avr/5.4.0/../../../../avr/lib/avr6\libc.a(puts.o)
 .comment       0x00000030       0x31 d:/arduino/7.0/toolchain/avr8/avr8-gnu-toolchain/bin/../lib/gcc/avr/5.4.0/../../../../avr/lib/avr6\libc.a(sprintf.o)
 .comment       0x00000030       0x2c d:/arduino/7.0/toolchain/avr8/avr8-gnu-toolchain/bin/../lib/gcc/avr/5.4.0/../../../../avr/lib/avr6\libc.a(vfprintf_std.o)
                                 0x2d (size before relaxing)
 .comment       0x0000005c       0x31 d:/arduino/7.0/toolchain/avr8/avr8-gnu-toolchain/bin/../lib/gcc/avr/5.4.0/../../../../avr/lib/avr6\libc.a(fputc.o)

.note.gnu.avr.deviceinfo
                0x00000000       0x40
 .note.gnu.avr.deviceinfo
                0x00000000       0x40 D:/Arduino/7.0/Packs/atmel/ATmega_DFP/1.6.364/gcc/dev/atmega2560/avr6/crtatmega2560.o

.note.gnu.build-id
 *(.note.gnu.build-id)

.debug
 *(.debug)

.line
 *(.line)

.debug_srcinfo
 *(.debug_srcinfo)

.debug_sfnames
 *(.debug_sfnames)

.debug_aranges  0x00000000      0xc38
 *(.debug_aranges)
 .debug_aranges
                0x00000000       0x30 Application.o
 .debug_aranges
                0x00000030       0x48 CO2_SensorImpl.o
 .debug_aranges
                0x00000078       0x58 ConfigurationImpl.o
 .debug_aranges
                0x000000d0       0x30 DownLinkHandler.o
 .debug_aranges
                0x00000100       0x68 FreeRTOS/src/event_groups.o
 .debug_aranges
                0x00000168       0x58 FreeRTOS/src/heap_4.o
 .debug_aranges
                0x000001c0       0x40 FreeRTOS/src/list.o
 .debug_aranges
                0x00000200       0x58 FreeRTOS/src/port.o
 .debug_aranges
                0x00000258       0xf8 FreeRTOS/src/queue.o
 .debug_aranges
                0x00000350       0xc0 FreeRTOS/src/stream_buffer.o
 .debug_aranges
                0x00000410      0x1d0 FreeRTOS/src/tasks.o
 .debug_aranges
                0x000005e0       0xc8 FreeRTOS/src/timers.o
 .debug_aranges
                0x000006a8       0x40 FreeRTOS/src/variantHooks.o
 .debug_aranges
                0x000006e8       0x30 ConditionerControllerHandler.o
 .debug_aranges
                0x00000718       0x30 Utility.o
 .debug_aranges
                0x00000748       0x40 SensorDataHandler.o
 .debug_aranges
                0x00000788       0x48 TempHumSensorImpl.o
 .debug_aranges
                0x000007d0       0x40 UpLinkHandler.o
 .debug_aranges
                0x00000810       0x40 main.o
 .debug_aranges
                0x00000850       0x68 ../drivers\libIotLibrary.a(hih8120.o)
 .debug_aranges
                0x000008b8      0x138 ../drivers\libIotLibrary.a(lora_driver.o)
 .debug_aranges
                0x000009f0       0x28 ../drivers\libIotLibrary.a(lora_driver_utils.o)
 .debug_aranges
                0x00000a18       0x58 ../drivers\libIotLibrary.a(mh_z19.o)
 .debug_aranges
                0x00000a70       0x28 ../drivers\libIotLibrary.a(rc_servo.o)
 .debug_aranges
                0x00000a98       0x90 ../drivers\libIotLibrary.a(serial.o)
 .debug_aranges
                0x00000b28       0x38 ../drivers\libIotLibrary.a(stdio_driver.o)
 .debug_aranges
                0x00000b60       0x68 ../drivers\libIotLibrary.a(status_leds.o)
 .debug_aranges
                0x00000bc8       0x50 ../drivers\libIotLibrary.a(twi.o)
 .debug_aranges
                0x00000c18       0x20 ../drivers\libIotLibrary.a(fifo.o)

.debug_pubnames
 *(.debug_pubnames)

.debug_info     0x00000000     0xeb43
 *(.debug_info .gnu.linkonce.wi.*)
 .debug_info    0x00000000      0xbbc D:/Arduino/7.0/Packs/atmel/ATmega_DFP/1.6.364/gcc/dev/atmega2560/avr6/crtatmega2560.o
 .debug_info    0x00000bbc      0x544 Application.o
 .debug_info    0x00001100      0x477 CO2_SensorImpl.o
 .debug_info    0x00001577      0x3e5 ConfigurationImpl.o
 .debug_info    0x0000195c      0x336 DownLinkHandler.o
 .debug_info    0x00001c92      0x971 FreeRTOS/src/event_groups.o
 .debug_info    0x00002603      0x4e6 FreeRTOS/src/heap_4.o
 .debug_info    0x00002ae9      0x2e7 FreeRTOS/src/list.o
 .debug_info    0x00002dd0      0x2ff FreeRTOS/src/port.o
 .debug_info    0x000030cf     0x17e6 FreeRTOS/src/queue.o
 .debug_info    0x000048b5     0x13df FreeRTOS/src/stream_buffer.o
 .debug_info    0x00005c94     0x2239 FreeRTOS/src/tasks.o
 .debug_info    0x00007ecd     0x10dd FreeRTOS/src/timers.o
 .debug_info    0x00008faa      0x20f FreeRTOS/src/variantHooks.o
 .debug_info    0x000091b9      0x308 ConditionerControllerHandler.o
 .debug_info    0x000094c1      0x237 Utility.o
 .debug_info    0x000096f8      0x235 SensorDataHandler.o
 .debug_info    0x0000992d      0x512 TempHumSensorImpl.o
 .debug_info    0x00009e3f      0x8d5 UpLinkHandler.o
 .debug_info    0x0000a714      0x403 main.o
 .debug_info    0x0000ab17      0x3a9 ../drivers\libIotLibrary.a(hih8120.o)
 .debug_info    0x0000aec0     0x1747 ../drivers\libIotLibrary.a(lora_driver.o)
 .debug_info    0x0000c607      0x143 ../drivers\libIotLibrary.a(lora_driver_utils.o)
 .debug_info    0x0000c74a      0x556 ../drivers\libIotLibrary.a(mh_z19.o)
 .debug_info    0x0000cca0      0x10f ../drivers\libIotLibrary.a(rc_servo.o)
 .debug_info    0x0000cdaf      0xd9c ../drivers\libIotLibrary.a(serial.o)
 .debug_info    0x0000db4b      0x3b6 ../drivers\libIotLibrary.a(stdio_driver.o)
 .debug_info    0x0000df01      0x522 ../drivers\libIotLibrary.a(status_leds.o)
 .debug_info    0x0000e423      0x55d ../drivers\libIotLibrary.a(twi.o)
 .debug_info    0x0000e980      0x1c3 ../drivers\libIotLibrary.a(fifo.o)

.debug_abbrev   0x00000000     0x3bb4
 *(.debug_abbrev)
 .debug_abbrev  0x00000000      0xb1a D:/Arduino/7.0/Packs/atmel/ATmega_DFP/1.6.364/gcc/dev/atmega2560/avr6/crtatmega2560.o
 .debug_abbrev  0x00000b1a      0x160 Application.o
 .debug_abbrev  0x00000c7a      0x1ab CO2_SensorImpl.o
 .debug_abbrev  0x00000e25       0xda ConfigurationImpl.o
 .debug_abbrev  0x00000eff      0x16f DownLinkHandler.o
 .debug_abbrev  0x0000106e      0x1dc FreeRTOS/src/event_groups.o
 .debug_abbrev  0x0000124a      0x200 FreeRTOS/src/heap_4.o
 .debug_abbrev  0x0000144a       0xff FreeRTOS/src/list.o
 .debug_abbrev  0x00001549      0x179 FreeRTOS/src/port.o
 .debug_abbrev  0x000016c2      0x241 FreeRTOS/src/queue.o
 .debug_abbrev  0x00001903      0x246 FreeRTOS/src/stream_buffer.o
 .debug_abbrev  0x00001b49      0x2c8 FreeRTOS/src/tasks.o
 .debug_abbrev  0x00001e11      0x28c FreeRTOS/src/timers.o
 .debug_abbrev  0x0000209d       0xff FreeRTOS/src/variantHooks.o
 .debug_abbrev  0x0000219c      0x120 ConditionerControllerHandler.o
 .debug_abbrev  0x000022bc       0xd5 Utility.o
 .debug_abbrev  0x00002391      0x129 SensorDataHandler.o
 .debug_abbrev  0x000024ba      0x19a TempHumSensorImpl.o
 .debug_abbrev  0x00002654      0x1e0 UpLinkHandler.o
 .debug_abbrev  0x00002834      0x12f main.o
 .debug_abbrev  0x00002963      0x184 ../drivers\libIotLibrary.a(hih8120.o)
 .debug_abbrev  0x00002ae7      0x33b ../drivers\libIotLibrary.a(lora_driver.o)
 .debug_abbrev  0x00002e22       0xc0 ../drivers\libIotLibrary.a(lora_driver_utils.o)
 .debug_abbrev  0x00002ee2      0x238 ../drivers\libIotLibrary.a(mh_z19.o)
 .debug_abbrev  0x0000311a       0xbc ../drivers\libIotLibrary.a(rc_servo.o)
 .debug_abbrev  0x000031d6      0x355 ../drivers\libIotLibrary.a(serial.o)
 .debug_abbrev  0x0000352b      0x1b3 ../drivers\libIotLibrary.a(stdio_driver.o)
 .debug_abbrev  0x000036de      0x1d7 ../drivers\libIotLibrary.a(status_leds.o)
 .debug_abbrev  0x000038b5      0x217 ../drivers\libIotLibrary.a(twi.o)
 .debug_abbrev  0x00003acc       0xe8 ../drivers\libIotLibrary.a(fifo.o)

.debug_line     0x00000000     0x73ac
 *(.debug_line .debug_line.* .debug_line_end)
 .debug_line    0x00000000      0x1fa D:/Arduino/7.0/Packs/atmel/ATmega_DFP/1.6.364/gcc/dev/atmega2560/avr6/crtatmega2560.o
 .debug_line    0x000001fa      0x1f9 Application.o
 .debug_line    0x000003f3      0x1fc CO2_SensorImpl.o
 .debug_line    0x000005ef      0x1e3 ConfigurationImpl.o
 .debug_line    0x000007d2      0x228 DownLinkHandler.o
 .debug_line    0x000009fa      0x3fa FreeRTOS/src/event_groups.o
 .debug_line    0x00000df4      0x3ed FreeRTOS/src/heap_4.o
 .debug_line    0x000011e1      0x1c2 FreeRTOS/src/list.o
 .debug_line    0x000013a3      0x258 FreeRTOS/src/port.o
 .debug_line    0x000015fb      0xbb1 FreeRTOS/src/queue.o
 .debug_line    0x000021ac      0x768 FreeRTOS/src/stream_buffer.o
 .debug_line    0x00002914     0x1588 FreeRTOS/src/tasks.o
 .debug_line    0x00003e9c      0x60b FreeRTOS/src/timers.o
 .debug_line    0x000044a7      0x17d FreeRTOS/src/variantHooks.o
 .debug_line    0x00004624      0x1c9 ConditionerControllerHandler.o
 .debug_line    0x000047ed      0x196 Utility.o
 .debug_line    0x00004983      0x17f SensorDataHandler.o
 .debug_line    0x00004b02      0x244 TempHumSensorImpl.o
 .debug_line    0x00004d46      0x2ec UpLinkHandler.o
 .debug_line    0x00005032      0x2ae main.o
 .debug_line    0x000052e0      0x24a ../drivers\libIotLibrary.a(hih8120.o)
 .debug_line    0x0000552a      0x9aa ../drivers\libIotLibrary.a(lora_driver.o)
 .debug_line    0x00005ed4      0x195 ../drivers\libIotLibrary.a(lora_driver_utils.o)
 .debug_line    0x00006069      0x2fc ../drivers\libIotLibrary.a(mh_z19.o)
 .debug_line    0x00006365       0xfd ../drivers\libIotLibrary.a(rc_servo.o)
 .debug_line    0x00006462      0x6a1 ../drivers\libIotLibrary.a(serial.o)
 .debug_line    0x00006b03      0x146 ../drivers\libIotLibrary.a(stdio_driver.o)
 .debug_line    0x00006c49      0x32c ../drivers\libIotLibrary.a(status_leds.o)
 .debug_line    0x00006f75      0x31c ../drivers\libIotLibrary.a(twi.o)
 .debug_line    0x00007291      0x11b ../drivers\libIotLibrary.a(fifo.o)

.debug_frame    0x00000000     0x2a1c
 *(.debug_frame)
 .debug_frame   0x00000000       0xb0 Application.o
 .debug_frame   0x000000b0       0xa8 CO2_SensorImpl.o
 .debug_frame   0x00000158       0xd4 ConfigurationImpl.o
 .debug_frame   0x0000022c       0xd0 DownLinkHandler.o
 .debug_frame   0x000002fc      0x1dc FreeRTOS/src/event_groups.o
 .debug_frame   0x000004d8       0xfc FreeRTOS/src/heap_4.o
 .debug_frame   0x000005d4       0x90 FreeRTOS/src/list.o
 .debug_frame   0x00000664       0x94 FreeRTOS/src/port.o
 .debug_frame   0x000006f8      0x3a4 FreeRTOS/src/queue.o
 .debug_frame   0x00000a9c      0x40c FreeRTOS/src/stream_buffer.o
 .debug_frame   0x00000ea8      0x7a0 FreeRTOS/src/tasks.o
 .debug_frame   0x00001648      0x3ac FreeRTOS/src/timers.o
 .debug_frame   0x000019f4       0x64 FreeRTOS/src/variantHooks.o
 .debug_frame   0x00001a58       0x68 ConditionerControllerHandler.o
 .debug_frame   0x00001ac0       0x44 Utility.o
 .debug_frame   0x00001b04       0x64 SensorDataHandler.o
 .debug_frame   0x00001b68       0xb4 TempHumSensorImpl.o
 .debug_frame   0x00001c1c       0xac UpLinkHandler.o
 .debug_frame   0x00001cc8       0x64 main.o
 .debug_frame   0x00001d2c       0xc0 ../drivers\libIotLibrary.a(hih8120.o)
 .debug_frame   0x00001dec      0x460 ../drivers\libIotLibrary.a(lora_driver.o)
 .debug_frame   0x0000224c       0x48 ../drivers\libIotLibrary.a(lora_driver_utils.o)
 .debug_frame   0x00002294      0x100 ../drivers\libIotLibrary.a(mh_z19.o)
 .debug_frame   0x00002394       0x34 ../drivers\libIotLibrary.a(rc_servo.o)
 .debug_frame   0x000023c8      0x384 ../drivers\libIotLibrary.a(serial.o)
 .debug_frame   0x0000274c       0x94 ../drivers\libIotLibrary.a(stdio_driver.o)
 .debug_frame   0x000027e0       0xec ../drivers\libIotLibrary.a(status_leds.o)
 .debug_frame   0x000028cc      0x12c ../drivers\libIotLibrary.a(twi.o)
 .debug_frame   0x000029f8       0x24 ../drivers\libIotLibrary.a(fifo.o)

.debug_str      0x00000000     0x4625
 *(.debug_str)
 .debug_str     0x00000000      0x3e6 D:/Arduino/7.0/Packs/atmel/ATmega_DFP/1.6.364/gcc/dev/atmega2560/avr6/crtatmega2560.o
 .debug_str     0x000003e6      0x3ad Application.o
                                0x429 (size before relaxing)
 .debug_str     0x00000793      0x144 CO2_SensorImpl.o
                                0x41f (size before relaxing)
 .debug_str     0x000008d7      0x181 ConfigurationImpl.o
                                0x3d8 (size before relaxing)
 .debug_str     0x00000a58       0xca DownLinkHandler.o
                                0x377 (size before relaxing)
 .debug_str     0x00000b22      0x362 FreeRTOS/src/event_groups.o
                                0x57e (size before relaxing)
 .debug_str     0x00000e84      0x2c7 FreeRTOS/src/heap_4.o
                                0x474 (size before relaxing)
 .debug_str     0x0000114b       0x89 FreeRTOS/src/list.o
                                0x2b0 (size before relaxing)
 .debug_str     0x000011d4      0x147 FreeRTOS/src/port.o
                                0x2e5 (size before relaxing)
 .debug_str     0x0000131b      0x613 FreeRTOS/src/queue.o
                                0x924 (size before relaxing)
 .debug_str     0x0000192e      0x4b4 FreeRTOS/src/stream_buffer.o
                                0x7ad (size before relaxing)
 .debug_str     0x00001de2      0x88f FreeRTOS/src/tasks.o
                                0xf45 (size before relaxing)
 .debug_str     0x00002671      0x414 FreeRTOS/src/timers.o
                                0x81b (size before relaxing)
 .debug_str     0x00002a85       0x81 FreeRTOS/src/variantHooks.o
                                0x25c (size before relaxing)
 .debug_str     0x00002b06       0xdd ConditionerControllerHandler.o
                                0x31d (size before relaxing)
 .debug_str     0x00002be3       0x5e Utility.o
                                0x2bf (size before relaxing)
 .debug_str     0x00002c41       0x88 SensorDataHandler.o
                                0x26f (size before relaxing)
 .debug_str     0x00002cc9      0x172 TempHumSensorImpl.o
                                0x4b1 (size before relaxing)
 .debug_str     0x00002e3b      0x430 UpLinkHandler.o
                                0x70a (size before relaxing)
 .debug_str     0x0000326b      0x107 main.o
                                0x3fc (size before relaxing)
 .debug_str     0x00003372      0x2ee ../drivers\libIotLibrary.a(hih8120.o)
                                0x45c (size before relaxing)
 .debug_str     0x00003660      0x68f ../drivers\libIotLibrary.a(lora_driver.o)
                                0xcdb (size before relaxing)
 .debug_str     0x00003cef       0x4f ../drivers\libIotLibrary.a(lora_driver_utils.o)
                                0x206 (size before relaxing)
 .debug_str     0x00003d3e      0x110 ../drivers\libIotLibrary.a(mh_z19.o)
                                0x489 (size before relaxing)
 .debug_str     0x00003e4e       0x3c ../drivers\libIotLibrary.a(rc_servo.o)
                                0x1e2 (size before relaxing)
 .debug_str     0x00003e8a      0x2e0 ../drivers\libIotLibrary.a(serial.o)
                                0x628 (size before relaxing)
 .debug_str     0x0000416a       0xa6 ../drivers\libIotLibrary.a(stdio_driver.o)
                                0x37d (size before relaxing)
 .debug_str     0x00004210      0x104 ../drivers\libIotLibrary.a(status_leds.o)
                                0x381 (size before relaxing)
 .debug_str     0x00004314      0x2ef ../drivers\libIotLibrary.a(twi.o)
                                0x5b4 (size before relaxing)
 .debug_str     0x00004603       0x22 ../drivers\libIotLibrary.a(fifo.o)
                                0x239 (size before relaxing)

.debug_loc      0x00000000     0xc88a
 *(.debug_loc)
 .debug_loc     0x00000000      0x231 Application.o
 .debug_loc     0x00000231      0x15e CO2_SensorImpl.o
 .debug_loc     0x0000038f      0x1c8 ConfigurationImpl.o
 .debug_loc     0x00000557      0x237 DownLinkHandler.o
 .debug_loc     0x0000078e      0xcc9 FreeRTOS/src/event_groups.o
 .debug_loc     0x00001457      0x4be FreeRTOS/src/heap_4.o
 .debug_loc     0x00001915      0x17d FreeRTOS/src/list.o
 .debug_loc     0x00001a92       0xf6 FreeRTOS/src/port.o
 .debug_loc     0x00001b88     0x1abd FreeRTOS/src/queue.o
 .debug_loc     0x00003645     0x1daf FreeRTOS/src/stream_buffer.o
 .debug_loc     0x000053f4     0x2a07 FreeRTOS/src/tasks.o
 .debug_loc     0x00007dfb     0x10f3 FreeRTOS/src/timers.o
 .debug_loc     0x00008eee       0xdc FreeRTOS/src/variantHooks.o
 .debug_loc     0x00008fca      0x169 ConditionerControllerHandler.o
 .debug_loc     0x00009133      0x13c TempHumSensorImpl.o
 .debug_loc     0x0000926f      0x1ac UpLinkHandler.o
 .debug_loc     0x0000941b       0x9f ../drivers\libIotLibrary.a(hih8120.o)
 .debug_loc     0x000094ba     0x1216 ../drivers\libIotLibrary.a(lora_driver.o)
 .debug_loc     0x0000a6d0      0x1d2 ../drivers\libIotLibrary.a(lora_driver_utils.o)
 .debug_loc     0x0000a8a2      0x37c ../drivers\libIotLibrary.a(mh_z19.o)
 .debug_loc     0x0000ac1e       0x2f ../drivers\libIotLibrary.a(rc_servo.o)
 .debug_loc     0x0000ac4d     0x114c ../drivers\libIotLibrary.a(serial.o)
 .debug_loc     0x0000bd99      0x18c ../drivers\libIotLibrary.a(stdio_driver.o)
 .debug_loc     0x0000bf25      0x292 ../drivers\libIotLibrary.a(status_leds.o)
 .debug_loc     0x0000c1b7      0x575 ../drivers\libIotLibrary.a(twi.o)
 .debug_loc     0x0000c72c      0x15e ../drivers\libIotLibrary.a(fifo.o)

.debug_macinfo
 *(.debug_macinfo)

.debug_weaknames
 *(.debug_weaknames)

.debug_funcnames
 *(.debug_funcnames)

.debug_typenames
 *(.debug_typenames)

.debug_varnames
 *(.debug_varnames)

.debug_pubtypes
 *(.debug_pubtypes)

.debug_ranges   0x00000000      0xb38
 *(.debug_ranges)
 .debug_ranges  0x00000000       0x20 Application.o
 .debug_ranges  0x00000020       0x38 CO2_SensorImpl.o
 .debug_ranges  0x00000058       0x48 ConfigurationImpl.o
 .debug_ranges  0x000000a0       0x20 DownLinkHandler.o
 .debug_ranges  0x000000c0       0x70 FreeRTOS/src/event_groups.o
 .debug_ranges  0x00000130       0x48 FreeRTOS/src/heap_4.o
 .debug_ranges  0x00000178       0x30 FreeRTOS/src/list.o
 .debug_ranges  0x000001a8       0x48 FreeRTOS/src/port.o
 .debug_ranges  0x000001f0      0x130 FreeRTOS/src/queue.o
 .debug_ranges  0x00000320       0xb0 FreeRTOS/src/stream_buffer.o
 .debug_ranges  0x000003d0      0x200 FreeRTOS/src/tasks.o
 .debug_ranges  0x000005d0       0xb8 FreeRTOS/src/timers.o
 .debug_ranges  0x00000688       0x30 FreeRTOS/src/variantHooks.o
 .debug_ranges  0x000006b8       0x20 ConditionerControllerHandler.o
 .debug_ranges  0x000006d8       0x20 Utility.o
 .debug_ranges  0x000006f8       0x30 SensorDataHandler.o
 .debug_ranges  0x00000728       0x38 TempHumSensorImpl.o
 .debug_ranges  0x00000760       0x30 UpLinkHandler.o
 .debug_ranges  0x00000790       0x30 main.o
 .debug_ranges  0x000007c0       0x58 ../drivers\libIotLibrary.a(hih8120.o)
 .debug_ranges  0x00000818      0x128 ../drivers\libIotLibrary.a(lora_driver.o)
 .debug_ranges  0x00000940       0x30 ../drivers\libIotLibrary.a(lora_driver_utils.o)
 .debug_ranges  0x00000970       0x48 ../drivers\libIotLibrary.a(mh_z19.o)
 .debug_ranges  0x000009b8       0x18 ../drivers\libIotLibrary.a(rc_servo.o)
 .debug_ranges  0x000009d0       0x98 ../drivers\libIotLibrary.a(serial.o)
 .debug_ranges  0x00000a68       0x28 ../drivers\libIotLibrary.a(stdio_driver.o)
 .debug_ranges  0x00000a90       0x58 ../drivers\libIotLibrary.a(status_leds.o)
 .debug_ranges  0x00000ae8       0x40 ../drivers\libIotLibrary.a(twi.o)
 .debug_ranges  0x00000b28       0x10 ../drivers\libIotLibrary.a(fifo.o)

.debug_macro
 *(.debug_macro)
OUTPUT(4.Semester.elf elf32-avr)
LOAD linker stubs
