Archive member included to satisfy reference by file (symbol)

c:/program files (x86)/atmel/studio/7.0/toolchain/avr8/avr8-gnu-toolchain/bin/../lib/gcc/avr/5.4.0/../../../../avr/lib/avr6\libm.a(fixunssfsi.o)
                              TempHumSensorImpl.o (__fixunssfsi)
c:/program files (x86)/atmel/studio/7.0/toolchain/avr8/avr8-gnu-toolchain/bin/../lib/gcc/avr/5.4.0/../../../../avr/lib/avr6\libm.a(fp_split3.o)
                              c:/program files (x86)/atmel/studio/7.0/toolchain/avr8/avr8-gnu-toolchain/bin/../lib/gcc/avr/5.4.0/../../../../avr/lib/avr6\libm.a(fixunssfsi.o) (__fp_splitA)
c:/program files (x86)/atmel/studio/7.0/toolchain/avr8/avr8-gnu-toolchain/bin/../lib/gcc/avr/5.4.0/../../../../avr/lib/avr6\libm.a(fp_zero.o)
                              c:/program files (x86)/atmel/studio/7.0/toolchain/avr8/avr8-gnu-toolchain/bin/../lib/gcc/avr/5.4.0/../../../../avr/lib/avr6\libm.a(fixunssfsi.o) (__fp_zero)
../drivers\libIotLibrary.a(hih8120.o)
                              TempHumSensorImpl.o (hih8120_initialise)
../drivers\libIotLibrary.a(lora_driver.o)
                              UpLinkHandler.o (lora_driver_flushBuffers)
../drivers\libIotLibrary.a(lora_driver_utils.o)
                              ../drivers\libIotLibrary.a(lora_driver.o) (decode_port_no)
../drivers\libIotLibrary.a(mh_z19.o)
                              main.o (mh_z19_initialise)
../drivers\libIotLibrary.a(serial.o)
                              ../drivers\libIotLibrary.a(lora_driver.o) (serial_create)
../drivers\libIotLibrary.a(stdio_driver.o)
                              main.o (stdio_initialise)
../drivers\libIotLibrary.a(status_leds.o)
                              main.o (status_leds_initialise)
../drivers\libIotLibrary.a(twi.o)
                              ../drivers\libIotLibrary.a(hih8120.o) (twiCreate)
../drivers\libIotLibrary.a(fifo.o)
                              ../drivers\libIotLibrary.a(serial.o) (fifo_init)
c:/program files (x86)/atmel/studio/7.0/toolchain/avr8/avr8-gnu-toolchain/bin/../lib/gcc/avr/5.4.0/../../../../avr/lib/avr6\libm.a(addsf3.o)
                              ../drivers\libIotLibrary.a(hih8120.o) (__subsf3)
c:/program files (x86)/atmel/studio/7.0/toolchain/avr8/avr8-gnu-toolchain/bin/../lib/gcc/avr/5.4.0/../../../../avr/lib/avr6\libm.a(addsf3x.o)
                              c:/program files (x86)/atmel/studio/7.0/toolchain/avr8/avr8-gnu-toolchain/bin/../lib/gcc/avr/5.4.0/../../../../avr/lib/avr6\libm.a(addsf3.o) (__addsf3x)
c:/program files (x86)/atmel/studio/7.0/toolchain/avr8/avr8-gnu-toolchain/bin/../lib/gcc/avr/5.4.0/../../../../avr/lib/avr6\libm.a(divsf3.o)
                              ../drivers\libIotLibrary.a(hih8120.o) (__divsf3)
c:/program files (x86)/atmel/studio/7.0/toolchain/avr8/avr8-gnu-toolchain/bin/../lib/gcc/avr/5.4.0/../../../../avr/lib/avr6\libm.a(divsf3x.o)
                              c:/program files (x86)/atmel/studio/7.0/toolchain/avr8/avr8-gnu-toolchain/bin/../lib/gcc/avr/5.4.0/../../../../avr/lib/avr6\libm.a(divsf3.o) (__divsf3x)
c:/program files (x86)/atmel/studio/7.0/toolchain/avr8/avr8-gnu-toolchain/bin/../lib/gcc/avr/5.4.0/../../../../avr/lib/avr6\libm.a(fixsfsi.o)
                              ../drivers\libIotLibrary.a(hih8120.o) (__fixsfsi)
c:/program files (x86)/atmel/studio/7.0/toolchain/avr8/avr8-gnu-toolchain/bin/../lib/gcc/avr/5.4.0/../../../../avr/lib/avr6\libm.a(floatsisf.o)
                              ../drivers\libIotLibrary.a(hih8120.o) (__floatunsisf)
c:/program files (x86)/atmel/studio/7.0/toolchain/avr8/avr8-gnu-toolchain/bin/../lib/gcc/avr/5.4.0/../../../../avr/lib/avr6\libm.a(fp_inf.o)
                              c:/program files (x86)/atmel/studio/7.0/toolchain/avr8/avr8-gnu-toolchain/bin/../lib/gcc/avr/5.4.0/../../../../avr/lib/avr6\libm.a(addsf3x.o) (__fp_inf)
c:/program files (x86)/atmel/studio/7.0/toolchain/avr8/avr8-gnu-toolchain/bin/../lib/gcc/avr/5.4.0/../../../../avr/lib/avr6\libm.a(fp_nan.o)
                              c:/program files (x86)/atmel/studio/7.0/toolchain/avr8/avr8-gnu-toolchain/bin/../lib/gcc/avr/5.4.0/../../../../avr/lib/avr6\libm.a(addsf3x.o) (__fp_nan)
c:/program files (x86)/atmel/studio/7.0/toolchain/avr8/avr8-gnu-toolchain/bin/../lib/gcc/avr/5.4.0/../../../../avr/lib/avr6\libm.a(fp_pscA.o)
                              c:/program files (x86)/atmel/studio/7.0/toolchain/avr8/avr8-gnu-toolchain/bin/../lib/gcc/avr/5.4.0/../../../../avr/lib/avr6\libm.a(addsf3x.o) (__fp_pscA)
c:/program files (x86)/atmel/studio/7.0/toolchain/avr8/avr8-gnu-toolchain/bin/../lib/gcc/avr/5.4.0/../../../../avr/lib/avr6\libm.a(fp_pscB.o)
                              c:/program files (x86)/atmel/studio/7.0/toolchain/avr8/avr8-gnu-toolchain/bin/../lib/gcc/avr/5.4.0/../../../../avr/lib/avr6\libm.a(addsf3x.o) (__fp_pscB)
c:/program files (x86)/atmel/studio/7.0/toolchain/avr8/avr8-gnu-toolchain/bin/../lib/gcc/avr/5.4.0/../../../../avr/lib/avr6\libm.a(fp_round.o)
[...]
Memory Configuration

Name             Origin             Length             Attributes
text             0x00000000         0x00040000         xr
data             0x00800200         0x00002000         rw !x
eeprom           0x00810000         0x00001000         rw !x
fuse             0x00820000         0x00000003         rw !x
lock             0x00830000         0x00000400         rw !x
signature        0x00840000         0x00000400         rw !x
user_signatures  0x00850000         0x00000400         rw !x
*default*        0x00000000         0xffffffff

Linker script and memory map

Address of section .data set to 0x800200
LOAD C:/Program Files (x86)/Atmel/Studio/7.0/Packs/atmel/ATmega_DFP/1.6.364/gcc/dev/atmega2560/avr6/crtatmega2560.o
LOAD CO2_SensorImpl.o
LOAD ConfigurationImpl.o
LOAD DownLinkHandler.o
LOAD FreeRTOS/FreeRTOSTraceDriver/FreeRTOSTraceDriver.o
LOAD FreeRTOS/src/croutine.o
LOAD FreeRTOS/src/event_groups.o
LOAD FreeRTOS/src/heap_4.o
LOAD FreeRTOS/src/list.o
LOAD FreeRTOS/src/port.o
LOAD FreeRTOS/src/queue.o
LOAD FreeRTOS/src/stream_buffer.o
LOAD FreeRTOS/src/tasks.o
LOAD FreeRTOS/src/timers.o
LOAD FreeRTOS/src/variantHooks.o
LOAD SensorDataHandler.o
LOAD TempHumSensorImpl.o
LOAD UpLinkHandler.o
LOAD main.o
LOAD LoRaWANHandler.o
START GROUP
LOAD c:/program files (x86)/atmel/studio/7.0/toolchain/avr8/avr8-gnu-toolchain/bin/../lib/gcc/avr/5.4.0/../../../../avr/lib/avr6\libm.a
LOAD ../drivers\libIotLibrary.a
END GROUP
START GROUP
LOAD c:/program files (x86)/atmel/studio/7.0/toolchain/avr8/avr8-gnu-toolchain/bin/../lib/gcc/avr/5.4.0/avr6\libgcc.a
LOAD c:/program files (x86)/atmel/studio/7.0/toolchain/avr8/avr8-gnu-toolchain/bin/../lib/gcc/avr/5.4.0/../../../../avr/lib/avr6\libm.a
LOAD c:/program files (x86)/atmel/studio/7.0/toolchain/avr8/avr8-gnu-toolchain/bin/../lib/gcc/avr/5.4.0/../../../../avr/lib/avr6\libc.a
LOAD C:/Program Files (x86)/Atmel/Studio/7.0/Packs/atmel/ATmega_DFP/1.6.364/gcc/dev/atmega2560/avr6\libatmega2560.a
END GROUP
                0x00000000                __TEXT_REGION_ORIGIN__ = DEFINED (__TEXT_REGION_ORIGIN__)?__TEXT_REGION_ORIGIN__:0x0
                [0x00800200]                __DATA_REGION_ORIGIN__ = DEFINED (__DATA_REGION_ORIGIN__)?__DATA_REGION_ORIGIN__:0x800200
                [0x00040000]                __TEXT_REGION_LENGTH__ = DEFINED (__TEXT_REGION_LENGTH__)?__TEXT_REGION_LENGTH__:0x100000
                [0x00002000]                __DATA_REGION_LENGTH__ = DEFINED (__DATA_REGION_LENGTH__)?__DATA_REGION_LENGTH__:0xfe00
                [0x00001000]                __EEPROM_REGION_LENGTH__ = DEFINED (__EEPROM_REGION_LENGTH__)?__EEPROM_REGION_LENGTH__:0x10000
                [0x00000003]                __FUSE_REGION_LENGTH__ = DEFINED (__FUSE_REGION_LENGTH__)?__FUSE_REGION_LENGTH__:0x400
                0x00000400                __LOCK_REGION_LENGTH__ = DEFINED (__LOCK_REGION_LENGTH__)?__LOCK_REGION_LENGTH__:0x400
                0x00000400                __SIGNATURE_REGION_LENGTH__ = DEFINED (__SIGNATURE_REGION_LENGTH__)?__SIGNATURE_REGION_LENGTH__:0x400
                0x00000400                __USER_SIGNATURE_REGION_LENGTH__ = DEFINED (__USER_SIGNATURE_REGION_LENGTH__)?__USER_SIGNATURE_REGION_LENGTH__:0x400

.hash
 *(.hash)

.dynsym
 *(.dynsym)

.dynstr
 *(.dynstr)

.gnu.version
 *(.gnu.version)

.gnu.version_d
 *(.gnu.version_d)

.gnu.version_r
 *(.gnu.version_r)

.rel.init
 *(.rel.init)

.rela.init
 *(.rela.init)

.rel.text
 *(.rel.text)
 *(.rel.text.*)
 *(.rel.gnu.linkonce.t*)

.rela.text
 *(.rela.text)
 *(.rela.text.*)
 *(.rela.gnu.linkonce.t*)

.rel.fini
 *(.rel.fini)

.rela.fini
 *(.rela.fini)

.rel.rodata
 *(.rel.rodata)
 *(.rel.rodata.*)
 *(.rel.gnu.linkonce.r*)

.rela.rodata
 *(.rela.rodata)
 *(.rela.rodata.*)
 *(.rela.gnu.linkonce.r*)

.rel.data
 *(.rel.data)
 *(.rel.data.*)
 *(.rel.gnu.linkonce.d*)

.rela.data
 *(.rela.data)
 *(.rela.data.*)
 *(.rela.gnu.linkonce.d*)

.rel.ctors
 *(.rel.ctors)

.rela.ctors
 *(.rela.ctors)

.rel.dtors
 *(.rel.dtors)

.rela.dtors
 *(.rela.dtors)

.rel.got
 *(.rel.got)

.rela.got
 *(.rela.got)

.rel.bss
 *(.rel.bss)

.rela.bss
 *(.rela.bss)

.rel.plt
 *(.rel.plt)

.rela.plt
 *(.rela.plt)

.text           0x00000000     0x63f0
 *(.vectors)
 .vectors       0x00000000       0xe4 C:/Program Files (x86)/Atmel/Studio/7.0/Packs/atmel/ATmega_DFP/1.6.364/gcc/dev/atmega2560/avr6/crtatmega2560.o
                0x00000000                __vector_default
                0x00000000                __vectors
 *(.vectors)
 *(.progmem.gcc*)
 .progmem.gcc_sw_table.prvProcessReceivedCommands
                0x000000e4       0x14 FreeRTOS/src/timers.o
 .progmem.gcc_sw_table.__vector_39
                0x000000f8       0xa2 ../drivers\libIotLibrary.a(twi.o)
                0x0000019a                . = ALIGN (0x2)
                0x0000019a                __trampolines_start = .
 *(.trampolines)
 .trampolines   0x0000019a        0x0 linker stubs
 *(.trampolines*)
                0x0000019a                __trampolines_end = .
 *libprintf_flt.a:*(.progmem.data)
 *libc.a:*(.progmem.data)
 *(.progmem*)
                0x0000019a                . = ALIGN (0x2)
 *(.jumptables)
 *(.jumptables*)
 *(.lowtext)
 .lowtext       0x0000019a       0x14 FreeRTOS/src/tasks.o
 .lowtext       0x000001ae       0x1e FreeRTOS/src/timers.o
 *(.lowtext*)
                0x000001cc                __ctors_start = .
 *(.ctors)
                0x000001cc                __ctors_end = .
                0x000001cc                __dtors_start = .
 *(.dtors)
                0x000001cc                __dtors_end = .
 SORT(*)(.ctors)
 SORT(*)(.dtors)
 *(.init0)
 .init0         0x000001cc        0x0 C:/Program Files (x86)/Atmel/Studio/7.0/Packs/atmel/ATmega_DFP/1.6.364/gcc/dev/atmega2560/avr6/crtatmega2560.o
                0x000001cc                __init
 *(.init0)
 *(.init1)
 *(.init1)
 *(.init2)
 .init2         0x000001cc       0x10 C:/Program Files (x86)/Atmel/Studio/7.0/Packs/atmel/ATmega_DFP/1.6.364/gcc/dev/atmega2560/avr6/crtatmega2560.o
 *(.init2)
 *(.init3)
 *(.init3)
 *(.init4)
 .init4         0x000001dc       0x1a c:/program files (x86)/atmel/studio/7.0/toolchain/avr8/avr8-gnu-toolchain/bin/../lib/gcc/avr/5.4.0/avr6\libgcc.a(_copy_data.o)
                0x000001dc                __do_copy_data
 .init4         0x000001f6       0x10 c:/program files (x86)/atmel/studio/7.0/toolchain/avr8/avr8-gnu-toolchain/bin/../lib/gcc/avr/5.4.0/avr6\libgcc.a(_clear_bss.o)
                0x000001f6                __do_clear_bss
 *(.init4)
 *(.init5)
 *(.init5)
 *(.init6)
 *(.init6)
 *(.init7)
 *(.init7)
 *(.init8)
 *(.init8)
 *(.init9)
 .init9         0x00000206        0x8 C:/Program Files (x86)/Atmel/Studio/7.0/Packs/atmel/ATmega_DFP/1.6.364/gcc/dev/atmega2560/avr6/crtatmega2560.o
 *(.init9)
 *(.text)
 .text          0x0000020e        0x2 C:/Program Files (x86)/Atmel/Studio/7.0/Packs/atmel/ATmega_DFP/1.6.364/gcc/dev/atmega2560/avr6/crtatmega2560.o
                0x0000020e                __vector_38
                0x0000020e                __vector_22
                0x0000020e                __vector_28
                0x0000020e                __vector_1
                0x0000020e                __vector_32
                0x0000020e                __vector_34
                0x0000020e                __vector_24
                0x0000020e                __vector_46
                0x0000020e                __bad_interrupt
                0x0000020e                __vector_6
                0x0000020e                __vector_31
                0x0000020e                __vector_35
                0x0000020e                __vector_3
                0x0000020e                __vector_23
                0x0000020e                __vector_30
                0x0000020e                __vector_45
                0x0000020e                __vector_11
                0x0000020e                __vector_13
                0x0000020e                __vector_17
                0x0000020e                __vector_19
                0x0000020e                __vector_56
                0x0000020e                __vector_7
                0x0000020e                __vector_49
                0x0000020e                __vector_41
                0x0000020e                __vector_43
                0x0000020e                __vector_27
                0x0000020e                __vector_5
                0x0000020e                __vector_33
                0x0000020e                __vector_47
                0x0000020e                __vector_4
                0x0000020e                __vector_44
                0x0000020e                __vector_9
                0x0000020e                __vector_2
                0x0000020e                __vector_21
                0x0000020e                __vector_15
                0x0000020e                __vector_29
                0x0000020e                __vector_40
                0x0000020e                __vector_8
                0x0000020e                __vector_48
                0x0000020e                __vector_14
                0x0000020e                __vector_53
                0x0000020e                __vector_10
                0x0000020e                __vector_50
                0x0000020e                __vector_16
                0x0000020e                __vector_18
                0x0000020e                __vector_20
                0x0000020e                __vector_42
                0x00000210                . = ALIGN (0x2)
 *(.text.*)
 .text.myCo2CallBack
                0x00000210        0xa CO2_SensorImpl.o
                0x00000210                myCo2CallBack
 .text.get_CO2_data
                0x0000021a       0x2a CO2_SensorImpl.o
                0x0000021a                get_CO2_data
 .text.CO2_taskRun
                0x00000244       0xd4 CO2_SensorImpl.o
                0x00000244                CO2_taskRun
 .text.CO2_Sensor_Task
                0x00000318       0x52 CO2_SensorImpl.o
                0x00000318                CO2_Sensor_Task
 .text.prvTestWaitCondition
                0x0000036a       0x42 FreeRTOS/src/event_groups.o
 .text.xEventGroupCreate
                0x000003ac       0x26 FreeRTOS/src/event_groups.o
                0x000003ac                xEventGroupCreate
 .text.xEventGroupWaitBits
                0x000003d2      0x140 FreeRTOS/src/event_groups.o
                0x000003d2                xEventGroupWaitBits
 .text.xEventGroupSetBits
                0x00000512      0x11c FreeRTOS/src/event_groups.o
                0x00000512                xEventGroupSetBits
 .text.prvHeapInit
                0x0000062e       0x52 FreeRTOS/src/heap_4.o
 .text.prvInsertBlockIntoFreeList
                0x00000680       0x94 FreeRTOS/src/heap_4.o
 .text.pvPortMalloc
                0x00000714      0x152 FreeRTOS/src/heap_4.o
                0x00000714                pvPortMalloc
 .text.vPortFree
                0x00000866       0x7a FreeRTOS/src/heap_4.o
                0x00000866                vPortFree
 .text.vListInitialise
                0x000008e0       0x22 FreeRTOS/src/list.o
                0x000008e0                vListInitialise
 .text.vListInitialiseItem
                0x00000902        0x8 FreeRTOS/src/list.o
                0x00000902                vListInitialiseItem
 .text.vListInsert
                0x0000090a       0x7a FreeRTOS/src/list.o
                0x0000090a                vListInsert
 .text.uxListRemove
                0x00000984       0x4e FreeRTOS/src/list.o
                0x00000984                uxListRemove
 .text.prvSetupTimerInterrupt
                0x000009d2       0x18 FreeRTOS/src/port.o
 .text.pxPortInitialiseStack
                0x000009ea       0x2e FreeRTOS/src/port.o
                0x000009ea                pxPortInitialiseStack
 .text.xPortStartScheduler
                0x00000a18       0x64 FreeRTOS/src/port.o
                0x00000a18                xPortStartScheduler
 .text.vPortYield
                0x00000a7c       0xc2 FreeRTOS/src/port.o
                0x00000a7c                vPortYield
 .text.vPortYieldFromTick
                0x00000b3e       0xca FreeRTOS/src/port.o
                0x00000b3e                vPortYieldFromTick
 .text.__vector_12
                0x00000c08        0x4 FreeRTOS/src/port.o
                0x00000c08                __vector_12
 .text.prvIsQueueEmpty
                0x00000c0c       0x1a FreeRTOS/src/queue.o
 .text.prvIsQueueFull
                0x00000c26       0x1c FreeRTOS/src/queue.o
 .text.prvCopyDataToQueue
                0x00000c42       0xbe FreeRTOS/src/queue.o
 .text.prvCopyDataFromQueue
                0x00000d00       0x34 FreeRTOS/src/queue.o
 .text.prvUnlockQueue
                0x00000d34       0x68 FreeRTOS/src/queue.o
 .text.xQueueGenericReset
                0x00000d9c       0x86 FreeRTOS/src/queue.o
                0x00000d9c                xQueueGenericReset
 .text.prvInitialiseNewQueue
                0x00000e22       0x24 FreeRTOS/src/queue.o
 .text.xQueueGenericCreate
                0x00000e46       0x46 FreeRTOS/src/queue.o
                0x00000e46                xQueueGenericCreate
 .text.xQueueGenericSend
                0x00000e8c      0x124 FreeRTOS/src/queue.o
                0x00000e8c                xQueueGenericSend
 .text.prvInitialiseMutex
                0x00000fb0       0x24 FreeRTOS/src/queue.o
 .text.xQueueCreateMutex
                0x00000fd4       0x18 FreeRTOS/src/queue.o
                0x00000fd4                xQueueCreateMutex
 .text.xQueueGenericSendFromISR
                0x00000fec       0x76 FreeRTOS/src/queue.o
                0x00000fec                xQueueGenericSendFromISR
 .text.xQueueReceive
                0x00001062      0x11e FreeRTOS/src/queue.o
                0x00001062                xQueueReceive
 .text.vQueueWaitForMessageRestricted
                0x00001180       0x38 FreeRTOS/src/queue.o
                0x00001180                vQueueWaitForMessageRestricted
 .text.prvBytesInBuffer
                0x000011b8       0x26 FreeRTOS/src/stream_buffer.o
 .text.prvInitialiseNewStreamBuffer
                0x000011de       0x20 FreeRTOS/src/stream_buffer.o
 .text.prvWriteBytesToBuffer
                0x000011fe       0x92 FreeRTOS/src/stream_buffer.o
 .text.prvWriteMessageToBuffer
                0x00001290       0x86 FreeRTOS/src/stream_buffer.o
 .text.prvReadBytesFromBuffer
                0x00001316       0x9e FreeRTOS/src/stream_buffer.o
 .text.prvReadMessageFromBuffer
                0x000013b4       0x8a FreeRTOS/src/stream_buffer.o
 .text.xStreamBufferGenericCreate
                0x0000143e       0x64 FreeRTOS/src/stream_buffer.o
                0x0000143e                xStreamBufferGenericCreate
 .text.xStreamBufferReset
                0x000014a2       0x3c FreeRTOS/src/stream_buffer.o
                0x000014a2                xStreamBufferReset
 .text.xStreamBufferSpacesAvailable
                0x000014de       0x24 FreeRTOS/src/stream_buffer.o
                0x000014de                xStreamBufferSpacesAvailable
 .text.xStreamBufferSend
                0x00001502      0x18a FreeRTOS/src/stream_buffer.o
                0x00001502                xStreamBufferSend
 .text.xStreamBufferSendFromISR
                0x0000168c       0x88 FreeRTOS/src/stream_buffer.o
                0x0000168c                xStreamBufferSendFromISR
 .text.xStreamBufferReceive
                0x00001714      0x106 FreeRTOS/src/stream_buffer.o
                0x00001714                xStreamBufferReceive
 .text.prvResetNextTaskUnblockTime
                0x0000181a       0x4e FreeRTOS/src/tasks.o
 .text.prvDeleteTCB
                0x00001868       0x1a FreeRTOS/src/tasks.o
 .text.prvInitialiseNewTask
                0x00001882       0xfa FreeRTOS/src/tasks.o
 .text.prvInitialiseTaskLists
                0x0000197c       0x60 FreeRTOS/src/tasks.o
 .text.prvAddNewTaskToReadyList
                0x000019dc       0xde FreeRTOS/src/tasks.o
 .text.prvCheckTasksWaitingTermination
                0x00001aba       0x4a FreeRTOS/src/tasks.o
 .text.prvAddCurrentTaskToDelayedList
                0x00001b04      0x144 FreeRTOS/src/tasks.o
 .text.xTaskCreate
                0x00001c48       0x98 FreeRTOS/src/tasks.o
                0x00001c48                xTaskCreate
 .text.vTaskStartScheduler
                0x00001ce0       0x70 FreeRTOS/src/tasks.o
                0x00001ce0                vTaskStartScheduler
 .text.vTaskSuspendAll
                0x00001d50        0xc FreeRTOS/src/tasks.o
                0x00001d50                vTaskSuspendAll
 .text.xTaskGetTickCount
                0x00001d5c       0x1c FreeRTOS/src/tasks.o
                0x00001d5c                xTaskGetTickCount
 .text.xTaskIncrementTick
                0x00001d78      0x258 FreeRTOS/src/tasks.o
                0x00001d78                xTaskIncrementTick
 .text.xTaskResumeAll
                0x00001fd0      0x1b8 FreeRTOS/src/tasks.o
                0x00001fd0                xTaskResumeAll
 .text.xTaskDelayUntil
                0x00002188       0xca FreeRTOS/src/tasks.o
                0x00002188                xTaskDelayUntil
 .text.vTaskDelay
                0x00002252       0x36 FreeRTOS/src/tasks.o
                0x00002252                vTaskDelay
 .text.vTaskSwitchContext
                0x00002288       0xca FreeRTOS/src/tasks.o
                0x00002288                vTaskSwitchContext
 .text.vTaskPlaceOnEventList
                0x00002352       0x2e FreeRTOS/src/tasks.o
                0x00002352                vTaskPlaceOnEventList
 .text.vTaskPlaceOnUnorderedEventList
                0x00002380       0x94 FreeRTOS/src/tasks.o
                0x00002380                vTaskPlaceOnUnorderedEventList
 .text.vTaskPlaceOnEventListRestricted
                0x00002414       0x84 FreeRTOS/src/tasks.o
                0x00002414                vTaskPlaceOnEventListRestricted
 .text.xTaskRemoveFromEventList
                0x00002498      0x15e FreeRTOS/src/tasks.o
                0x00002498                xTaskRemoveFromEventList
 .text.vTaskRemoveFromUnorderedEventList
                0x000025f6      0x134 FreeRTOS/src/tasks.o
                0x000025f6                vTaskRemoveFromUnorderedEventList
 .text.vTaskSetTimeOutState
                0x0000272a       0x2c FreeRTOS/src/tasks.o
                0x0000272a                vTaskSetTimeOutState
 .text.vTaskInternalSetTimeOutState
                0x00002756       0x22 FreeRTOS/src/tasks.o
                0x00002756                vTaskInternalSetTimeOutState
 .text.xTaskCheckForTimeOut
                0x00002778       0xcc FreeRTOS/src/tasks.o
                0x00002778                xTaskCheckForTimeOut
 .text.vTaskMissedYield
                0x00002844        0x8 FreeRTOS/src/tasks.o
                0x00002844                vTaskMissedYield
 .text.xTaskGetCurrentTaskHandle
                0x0000284c        0xa FreeRTOS/src/tasks.o
                0x0000284c                xTaskGetCurrentTaskHandle
 .text.xTaskGetSchedulerState
                0x00002856       0x1c FreeRTOS/src/tasks.o
                0x00002856                xTaskGetSchedulerState
 .text.xTaskPriorityDisinherit
                0x00002872       0xb6 FreeRTOS/src/tasks.o
                0x00002872                xTaskPriorityDisinherit
 .text.uxTaskResetEventItemValue
                0x00002928       0x54 FreeRTOS/src/tasks.o
                0x00002928                uxTaskResetEventItemValue
 .text.xTaskGenericNotifyWait
                0x0000297c      0x14e FreeRTOS/src/tasks.o
                0x0000297c                xTaskGenericNotifyWait
 .text.xTaskGenericNotify
                0x00002aca      0x1ee FreeRTOS/src/tasks.o
                0x00002aca                xTaskGenericNotify
 .text.xTaskGenericNotifyFromISR
                0x00002cb8      0x244 FreeRTOS/src/tasks.o
                0x00002cb8                xTaskGenericNotifyFromISR
 .text.xTaskGenericNotifyStateClear
                0x00002efc       0x34 FreeRTOS/src/tasks.o
                0x00002efc                xTaskGenericNotifyStateClear
 .text.prvGetNextExpireTime
                0x00002f30       0x30 FreeRTOS/src/timers.o
 .text.prvInsertTimerInActiveList
                0x00002f60       0x92 FreeRTOS/src/timers.o
 .text.prvCheckForValidListAndQueue
                0x00002ff2       0x52 FreeRTOS/src/timers.o
 .text.xTimerCreateTimerTask
                0x00003044       0x42 FreeRTOS/src/timers.o
                0x00003044                xTimerCreateTimerTask
 .text.xTimerGenericCommand
                0x00003086       0xbc FreeRTOS/src/timers.o
                0x00003086                xTimerGenericCommand
 .text.prvSwitchTimerLists
                0x00003142       0xd0 FreeRTOS/src/timers.o
 .text.prvSampleTimeNow
                0x00003212       0x5c FreeRTOS/src/timers.o
 .text.prvProcessExpiredTimer
                0x0000326e       0xac FreeRTOS/src/timers.o
 .text.prvProcessTimerOrBlockTask
                0x0000331a       0xae FreeRTOS/src/timers.o
 .text.prvProcessReceivedCommands
                0x000033c8      0x168 FreeRTOS/src/timers.o
 .text.vApplicationIdleHook
                0x00003530        0x2 FreeRTOS/src/variantHooks.o
                0x00003530                vApplicationIdleHook
 .text.prvSetMainLedOn
                0x00003532        0xe FreeRTOS/src/variantHooks.o
                0x00003532                prvSetMainLedOn
 .text.prvBlinkMainLed
                0x00003540        0x8 FreeRTOS/src/variantHooks.o
                0x00003540                prvBlinkMainLed
 .text.vApplicationMallocFailedHook
                0x00003548       0x18 FreeRTOS/src/variantHooks.o
                0x00003548                vApplicationMallocFailedHook
 .text.vApplicationStackOverflowHook
                0x00003560       0x18 FreeRTOS/src/variantHooks.o
                0x00003560                vApplicationStackOverflowHook
 .text.SensorDataPackage_create
                0x00003578       0x34 SensorDataHandler.o
                0x00003578                SensorDataPackage_create
 .text.setCO2Ppm
                0x000035ac        0xe SensorDataHandler.o
                0x000035ac                setCO2Ppm
 .text.setTemperatureData
                0x000035ba        0xe SensorDataHandler.o
                0x000035ba                setTemperatureData
 .text.setHumidityData
                0x000035c8        0xe SensorDataHandler.o
                0x000035c8                setHumidityData
 .text.getLoRaPayload
                0x000035d6       0x4a SensorDataHandler.o
                0x000035d6                getLoRaPayload
 .text.Temp_Humidty_sensor_create
                0x00003620       0x64 TempHumSensorImpl.o
                0x00003620                Temp_Humidty_sensor_create
 .text.get_temperature_data
                0x00003684       0x16 TempHumSensorImpl.o
                0x00003684                get_temperature_data
 .text.get_humidity_data
                0x0000369a       0x16 TempHumSensorImpl.o
                0x0000369a                get_humidity_data
 .text.tempHum_init
                0x000036b0       0x18 TempHumSensorImpl.o
                0x000036b0                tempHum_init
 .text.tempHum_getDataFromTempHumSensorTask
                0x000036c8       0xca TempHumSensorImpl.o
                0x000036c8                tempHum_getDataFromTempHumSensorTask
 .text.uplink_lora_setup
                0x00003792      0x1b8 UpLinkHandler.o
 .text.upLink_create
                0x0000394a       0x2e UpLinkHandler.o
                0x0000394a                upLink_create
 .text.lora_Handler_task
                0x00003978       0xbc UpLinkHandler.o
                0x00003978                lora_Handler_task
 .text.upLinkHandler_StartTask
                0x00003a34        0x2 UpLinkHandler.o
                0x00003a34                upLinkHandler_StartTask
 .text.Temperature_Humidity_Task
                0x00003a36       0x14 main.o
                0x00003a36                Temperature_Humidity_Task
 .text.CO2_Task
                0x00003a4a        0x6 main.o
                0x00003a4a                CO2_Task
 .text.Application_Task
                0x00003a50       0xcc main.o
                0x00003a50                Application_Task
 .text.create_tasks_and_semaphores
                0x00003b1c       0xde main.o
                0x00003b1c                create_tasks_and_semaphores
 .text.initialiseSystem
                0x00003bfa       0x38 main.o
                0x00003bfa                initialiseSystem
 .text.main     0x00003c32        0xc main.o
                0x00003c32                main
 .text.avr-libc.fplib
                0x00003c3e       0x58 c:/program files (x86)/atmel/studio/7.0/toolchain/avr8/avr8-gnu-toolchain/bin/../lib/gcc/avr/5.4.0/../../../../avr/lib/avr6\libm.a(fixunssfsi.o)
                0x00003c3e                __fixunssfsi
 .text.avr-libc.fplib
                0x00003c96       0x44 c:/program files (x86)/atmel/studio/7.0/toolchain/avr8/avr8-gnu-toolchain/bin/../lib/gcc/avr/5.4.0/../../../../avr/lib/avr6\libm.a(fp_split3.o)
                0x00003c96                __fp_split3
                0x00003ca6                __fp_splitA
 .text.avr-libc.fplib
                0x00003cda        0xe c:/program files (x86)/atmel/studio/7.0/toolchain/avr8/avr8-gnu-toolchain/bin/../lib/gcc/avr/5.4.0/../../../../avr/lib/avr6\libm.a(fp_zero.o)
                0x00003cda                __fp_zero
                0x00003cdc                __fp_szero
 .text._hihTwiCallback
                0x00003ce8       0x5a ../drivers\libIotLibrary.a(hih8120.o)
 .text.hih8120_initialise
                0x00003d42       0x30 ../drivers\libIotLibrary.a(hih8120.o)
                0x00003d42                hih8120_initialise
 .text.hih8120_wakeup
                0x00003d72       0x2a ../drivers\libIotLibrary.a(hih8120.o)
                0x00003d72                hih8120_wakeup
 .text.hih8120_measure
                0x00003d9c       0x22 ../drivers\libIotLibrary.a(hih8120.o)
                0x00003d9c                hih8120_measure
 .text.hih8120_getHumidity
                0x00003dbe       0x2a ../drivers\libIotLibrary.a(hih8120.o)
                0x00003dbe                hih8120_getHumidity
 .text.hih8120_getTemperature
                0x00003de8       0x36 ../drivers\libIotLibrary.a(hih8120.o)
                0x00003de8                hih8120_getTemperature
 .text._serialCallBack
                0x00003e1e       0x8c ../drivers\libIotLibrary.a(lora_driver.o)
 .text._uploadMessage
                0x00003eaa       0xb4 ../drivers\libIotLibrary.a(lora_driver.o)
 .text._reply2ReturnCode
                0x00003f5e       0xea ../drivers\libIotLibrary.a(lora_driver.o)
 .text._uploadMessageRc
                0x00004048        0x6 ../drivers\libIotLibrary.a(lora_driver.o)
 .text.lora_driver_flushBuffers
                0x0000404e        0xe ../drivers\libIotLibrary.a(lora_driver.o)
                0x0000404e                lora_driver_flushBuffers
 .text.lora_driver_initialise
                0x0000405c       0x80 ../drivers\libIotLibrary.a(lora_driver.o)
                0x0000405c                lora_driver_initialise
 .text.lora_driver_resetRn2483
                0x000040dc       0x1c ../drivers\libIotLibrary.a(lora_driver.o)
                0x000040dc                lora_driver_resetRn2483
 .text.lora_driver_rn2483FactoryReset
                0x000040f8       0x24 ../drivers\libIotLibrary.a(lora_driver.o)
                0x000040f8                lora_driver_rn2483FactoryReset
 .text.lora_driver_getRn2483Hweui
                0x0000411c       0x38 ../drivers\libIotLibrary.a(lora_driver.o)
                0x0000411c                lora_driver_getRn2483Hweui
 .text.lora_driver_setDeviceIdentifier
                0x00004154       0x22 ../drivers\libIotLibrary.a(lora_driver.o)
                0x00004154                lora_driver_setDeviceIdentifier
 .text.lora_driver_setApplicationIdentifier
                0x00004176       0x22 ../drivers\libIotLibrary.a(lora_driver.o)
                0x00004176                lora_driver_setApplicationIdentifier
 .text.lora_driver_setApplicationKey
                0x00004198       0x22 ../drivers\libIotLibrary.a(lora_driver.o)
                0x00004198                lora_driver_setApplicationKey
 .text.lora_driver_saveMac
                0x000041ba        0xc ../drivers\libIotLibrary.a(lora_driver.o)
                0x000041ba                lora_driver_saveMac
 .text.lora_driver_join
                0x000041c6       0x52 ../drivers\libIotLibrary.a(lora_driver.o)
                0x000041c6                lora_driver_join
 .text.lora_driver_sendUploadMessage
                0x00004218      0x196 ../drivers\libIotLibrary.a(lora_driver.o)
                0x00004218                lora_driver_sendUploadMessage
 .text.lora_driver_setAdaptiveDataRate
                0x000043ae       0x16 ../drivers\libIotLibrary.a(lora_driver.o)
                0x000043ae                lora_driver_setAdaptiveDataRate
 .text.lora_driver_setReceiveDelay
                0x000043c4       0x30 ../drivers\libIotLibrary.a(lora_driver.o)
                0x000043c4                lora_driver_setReceiveDelay
 .text.lora_driver_configureToEu868
                0x000043f4      0x1bc ../drivers\libIotLibrary.a(lora_driver.o)
                0x000043f4                lora_driver_configureToEu868
 .text.lora_driver_setOtaaIdentity
                0x000045b0       0x42 ../drivers\libIotLibrary.a(lora_driver.o)
                0x000045b0                lora_driver_setOtaaIdentity
 .text.lora_driver_mapReturnCodeToText
                0x000045f2       0x18 ../drivers\libIotLibrary.a(lora_driver.o)
                0x000045f2                lora_driver_mapReturnCodeToText
 .text.decode_port_no
                0x0000460a       0x58 ../drivers\libIotLibrary.a(lora_driver_utils.o)
                0x0000460a                decode_port_no
 .text.decode_hexadecimal_string_bytes
                0x00004662       0x92 ../drivers\libIotLibrary.a(lora_driver_utils.o)
                0x00004662                decode_hexadecimal_string_bytes
 .text._serialCallBack
                0x000046f4       0xb6 ../drivers\libIotLibrary.a(mh_z19.o)
 .text.mh_z19_initialise
                0x000047aa       0x4a ../drivers\libIotLibrary.a(mh_z19.o)
                0x000047aa                mh_z19_initialise
 .text.mh_z19_injectCallBack
                0x000047f4        0xa ../drivers\libIotLibrary.a(mh_z19.o)
                0x000047f4                mh_z19_injectCallBack
 .text.mh_z19_takeMeassuring
                0x000047fe       0x5e ../drivers\libIotLibrary.a(mh_z19.o)
                0x000047fe                mh_z19_takeMeassuring
 .text.mh_z19_getCo2Ppm
                0x0000485c       0x22 ../drivers\libIotLibrary.a(mh_z19.o)
                0x0000485c                mh_z19_getCo2Ppm
 .text.serial_create
                0x0000487e      0x144 ../drivers\libIotLibrary.a(serial.o)
                0x0000487e                serial_create
 .text.serial_sendByte
                0x000049c2       0x56 ../drivers\libIotLibrary.a(serial.o)
                0x000049c2                serial_sendByte
 .text.serial_sendBytes
                0x00004a18       0xaa ../drivers\libIotLibrary.a(serial.o)
                0x00004a18                serial_sendBytes
 .text.serial_getByte
                0x00004ac2       0x40 ../drivers\libIotLibrary.a(serial.o)
                0x00004ac2                serial_getByte
 .text.__vector_25
                0x00004b02       0xa4 ../drivers\libIotLibrary.a(serial.o)
                0x00004b02                __vector_25
 .text.__vector_26
                0x00004ba6       0x88 ../drivers\libIotLibrary.a(serial.o)
                0x00004ba6                __vector_26
 .text.__vector_36
                0x00004c2e       0xa4 ../drivers\libIotLibrary.a(serial.o)
                0x00004c2e                __vector_36
 .text.__vector_37
                0x00004cd2       0x88 ../drivers\libIotLibrary.a(serial.o)
                0x00004cd2                __vector_37
 .text.__vector_51
                0x00004d5a       0xa4 ../drivers\libIotLibrary.a(serial.o)
                0x00004d5a                __vector_51
 .text.__vector_52
                0x00004dfe       0x88 ../drivers\libIotLibrary.a(serial.o)
                0x00004dfe                __vector_52
 .text.__vector_54
                0x00004e86       0xa4 ../drivers\libIotLibrary.a(serial.o)
                0x00004e86                __vector_54
 .text.__vector_55
                0x00004f2a       0x88 ../drivers\libIotLibrary.a(serial.o)
                0x00004f2a                __vector_55
 .text.usart_getchar
                0x00004fb2       0x2a ../drivers\libIotLibrary.a(stdio_driver.o)
 .text.usart_putchar
                0x00004fdc       0x12 ../drivers\libIotLibrary.a(stdio_driver.o)
 .text.stdio_initialise
                0x00004fee       0x52 ../drivers\libIotLibrary.a(stdio_driver.o)
                0x00004fee                stdio_initialise
 .text._turn_off
                0x00005040       0x98 ../drivers\libIotLibrary.a(status_leds.o)
 .text._turn_on
                0x000050d8       0x98 ../drivers\libIotLibrary.a(status_leds.o)
 .text._hal_led_task
                0x00005170       0x8c ../drivers\libIotLibrary.a(status_leds.o)
 .text.status_leds_initialise
                0x000051fc       0x9c ../drivers\libIotLibrary.a(status_leds.o)
                0x000051fc                status_leds_initialise
 .text.status_leds_slowBlink
                0x00005298       0x46 ../drivers\libIotLibrary.a(status_leds.o)
                0x00005298                status_leds_slowBlink
 .text.status_leds_fastBlink
                0x000052de       0x46 ../drivers\libIotLibrary.a(status_leds.o)
                0x000052de                status_leds_fastBlink
 .text.status_leds_ledOn
                0x00005324       0x1e ../drivers\libIotLibrary.a(status_leds.o)
                0x00005324                status_leds_ledOn
 .text.status_leds_ledOff
                0x00005342       0x1e ../drivers\libIotLibrary.a(status_leds.o)
                0x00005342                status_leds_ledOff
 .text.status_leds_longPuls
                0x00005360       0x24 ../drivers\libIotLibrary.a(status_leds.o)
                0x00005360                status_leds_longPuls
 .text.status_leds_shortPuls
                0x00005384       0x22 ../drivers\libIotLibrary.a(status_leds.o)
                0x00005384                status_leds_shortPuls
 .text._initTwiInterface
                0x000053a6       0x22 ../drivers\libIotLibrary.a(twi.o)
 .text.twiCreate
                0x000053c8       0x9a ../drivers\libIotLibrary.a(twi.o)
                0x000053c8                twiCreate
 .text.twiIsBusy
                0x00005462        0x8 ../drivers\libIotLibrary.a(twi.o)
                0x00005462                twiIsBusy
 .text.twiTransmit
                0x0000546a       0x98 ../drivers\libIotLibrary.a(twi.o)
                0x0000546a                twiTransmit
 .text.twiReceive
                0x00005502       0x66 ../drivers\libIotLibrary.a(twi.o)
                0x00005502                twiReceive
 .text.__vector_39
                0x00005568      0x17a ../drivers\libIotLibrary.a(twi.o)
                0x00005568                __vector_39
 .text.fifo_init
                0x000056e2       0x38 ../drivers\libIotLibrary.a(fifo.o)
                0x000056e2                fifo_init
 .text.avr-libc.fplib
                0x0000571a        0xa c:/program files (x86)/atmel/studio/7.0/toolchain/avr8/avr8-gnu-toolchain/bin/../lib/gcc/avr/5.4.0/../../../../avr/lib/avr6\libm.a(addsf3.o)
                0x0000571a                __subsf3
                0x0000571c                __addsf3
 .text.avr-libc.fplib
                0x00005724       0xc4 c:/program files (x86)/atmel/studio/7.0/toolchain/avr8/avr8-gnu-toolchain/bin/../lib/gcc/avr/5.4.0/../../../../avr/lib/avr6\libm.a(addsf3x.o)
                0x0000573e                __addsf3x
 .text.avr-libc.fplib
                0x000057e8        0x4 c:/program files (x86)/atmel/studio/7.0/toolchain/avr8/avr8-gnu-toolchain/bin/../lib/gcc/avr/5.4.0/../../../../avr/lib/avr6\libm.a(divsf3.o)
                0x000057e8                __divsf3
 .text.avr-libc.fplib
                0x000057ec       0xd2 c:/program files (x86)/atmel/studio/7.0/toolchain/avr8/avr8-gnu-toolchain/bin/../lib/gcc/avr/5.4.0/../../../../avr/lib/avr6\libm.a(divsf3x.o)
                0x00005804                __divsf3x
                0x0000580a                __divsf3_pse
 .text.avr-libc.fplib
                0x000058be       0x7a c:/program files (x86)/atmel/studio/7.0/toolchain/avr8/avr8-gnu-toolchain/bin/../lib/gcc/avr/5.4.0/../../../../avr/lib/avr6\libm.a(floatsisf.o)
                0x000058be                __floatunsisf
                0x000058c2                __floatsisf
 .text.avr-libc.fplib
                0x00005938        0xc c:/program files (x86)/atmel/studio/7.0/toolchain/avr8/avr8-gnu-toolchain/bin/../lib/gcc/avr/5.4.0/../../../../avr/lib/avr6\libm.a(fp_inf.o)
                0x00005938                __fp_inf
 .text.avr-libc.fplib
                0x00005944        0x6 c:/program files (x86)/atmel/studio/7.0/toolchain/avr8/avr8-gnu-toolchain/bin/../lib/gcc/avr/5.4.0/../../../../avr/lib/avr6\libm.a(fp_nan.o)
                0x00005944                __fp_nan
 .text.avr-libc.fplib
                0x0000594a        0xe c:/program files (x86)/atmel/studio/7.0/toolchain/avr8/avr8-gnu-toolchain/bin/../lib/gcc/avr/5.4.0/../../../../avr/lib/avr6\libm.a(fp_pscA.o)
                0x0000594a                __fp_pscA
 .text.avr-libc.fplib
                0x00005958        0xe c:/program files (x86)/atmel/studio/7.0/toolchain/avr8/avr8-gnu-toolchain/bin/../lib/gcc/avr/5.4.0/../../../../avr/lib/avr6\libm.a(fp_pscB.o)
                0x00005958                __fp_pscB
 .text.avr-libc.fplib
                0x00005966       0x22 c:/program files (x86)/atmel/studio/7.0/toolchain/avr8/avr8-gnu-toolchain/bin/../lib/gcc/avr/5.4.0/../../../../avr/lib/avr6\libm.a(fp_round.o)
                0x00005966                __fp_round
 .text.avr-libc.fplib
                0x00005988        0x4 c:/program files (x86)/atmel/studio/7.0/toolchain/avr8/avr8-gnu-toolchain/bin/../lib/gcc/avr/5.4.0/../../../../avr/lib/avr6\libm.a(mulsf3.o)
                0x00005988                __mulsf3
 .text.avr-libc.fplib
                0x0000598c       0xc8 c:/program files (x86)/atmel/studio/7.0/toolchain/avr8/avr8-gnu-toolchain/bin/../lib/gcc/avr/5.4.0/../../../../avr/lib/avr6\libm.a(mulsf3x.o)
                0x000059a2                __mulsf3x
                0x000059a8                __mulsf3_pse
 .text.libgcc.div
                0x00005a54       0x44 c:/program files (x86)/atmel/studio/7.0/toolchain/avr8/avr8-gnu-toolchain/bin/../lib/gcc/avr/5.4.0/avr6\libgcc.a(_udivmodsi4.o)
                0x00005a54                __udivmodsi4
 .text.libgcc   0x00005a98       0x10 c:/program files (x86)/atmel/studio/7.0/toolchain/avr8/avr8-gnu-toolchain/bin/../lib/gcc/avr/5.4.0/avr6\libgcc.a(_tablejump2.o)
                0x00005a98                __tablejump2__
 .text.avr-libc
                0x00005aa8      0x242 c:/program files (x86)/atmel/studio/7.0/toolchain/avr8/avr8-gnu-toolchain/bin/../lib/gcc/avr/5.4.0/../../../../avr/lib/avr6\libc.a(malloc.o)
                0x00005aa8                malloc
                0x00005bd8                free
 .text.avr-libc
                0x00005cea        0x8 c:/program files (x86)/atmel/studio/7.0/toolchain/avr8/avr8-gnu-toolchain/bin/../lib/gcc/avr/5.4.0/../../../../avr/lib/avr6\libc.a(abort.o)
                0x00005cea                abort
 .text.avr-libc
                0x00005cf2       0x12 c:/program files (x86)/atmel/studio/7.0/toolchain/avr8/avr8-gnu-toolchain/bin/../lib/gcc/avr/5.4.0/../../../../avr/lib/avr6\libc.a(memcpy.o)
                0x00005cf2                memcpy
 .text.avr-libc
                0x00005d04        0xe c:/program files (x86)/atmel/studio/7.0/toolchain/avr8/avr8-gnu-toolchain/bin/../lib/gcc/avr/5.4.0/../../../../avr/lib/avr6\libc.a(memset.o)
                0x00005d04                memset
 .text.avr-libc
                0x00005d12       0x4a c:/program files (x86)/atmel/studio/7.0/toolchain/avr8/avr8-gnu-toolchain/bin/../lib/gcc/avr/5.4.0/../../../../avr/lib/avr6\libc.a(strcasestr.o)
                0x00005d12                strcasestr
 .text.avr-libc
                0x00005d5c       0x16 c:/program files (x86)/atmel/studio/7.0/toolchain/avr8/avr8-gnu-toolchain/bin/../lib/gcc/avr/5.4.0/../../../../avr/lib/avr6\libc.a(strcat.o)
                0x00005d5c                strcat
 .text.avr-libc
                0x00005d72        0xe c:/program files (x86)/atmel/studio/7.0/toolchain/avr8/avr8-gnu-toolchain/bin/../lib/gcc/avr/5.4.0/../../../../avr/lib/avr6\libc.a(strcpy.o)
                0x00005d72                strcpy
 .text.avr-libc
                0x00005d80       0x30 c:/program files (x86)/atmel/studio/7.0/toolchain/avr8/avr8-gnu-toolchain/bin/../lib/gcc/avr/5.4.0/../../../../avr/lib/avr6\libc.a(strncasecmp.o)
                0x00005d80                strncasecmp
 .text.avr-libc
                0x00005db0       0x26 c:/program files (x86)/atmel/studio/7.0/toolchain/avr8/avr8-gnu-toolchain/bin/../lib/gcc/avr/5.4.0/../../../../avr/lib/avr6\libc.a(printf.o)
                0x00005db0                printf
 .text.avr-libc
                0x00005dd6       0x60 c:/program files (x86)/atmel/studio/7.0/toolchain/avr8/avr8-gnu-toolchain/bin/../lib/gcc/avr/5.4.0/../../../../avr/lib/avr6\libc.a(puts.o)
                0x00005dd6                puts
 .text.avr-libc
                0x00005e36       0x5c c:/program files (x86)/atmel/studio/7.0/toolchain/avr8/avr8-gnu-toolchain/bin/../lib/gcc/avr/5.4.0/../../../../avr/lib/avr6\libc.a(sprintf.o)
                0x00005e36                sprintf
 .text.avr-libc
                0x00005e92      0x3fa c:/program files (x86)/atmel/studio/7.0/toolchain/avr8/avr8-gnu-toolchain/bin/../lib/gcc/avr/5.4.0/../../../../avr/lib/avr6\libc.a(vfprintf_std.o)
                0x00005e92                vfprintf
 .text.avr-libc
                0x0000628c       0x16 c:/program files (x86)/atmel/studio/7.0/toolchain/avr8/avr8-gnu-toolchain/bin/../lib/gcc/avr/5.4.0/../../../../avr/lib/avr6\libc.a(strnlen_P.o)
                0x0000628c                strnlen_P
 .text.avr-libc
                0x000062a2       0x16 c:/program files (x86)/atmel/studio/7.0/toolchain/avr8/avr8-gnu-toolchain/bin/../lib/gcc/avr/5.4.0/../../../../avr/lib/avr6\libc.a(strnlen.o)
                0x000062a2                strnlen
 .text.avr-libc
                0x000062b8       0x78 c:/program files (x86)/atmel/studio/7.0/toolchain/avr8/avr8-gnu-toolchain/bin/../lib/gcc/avr/5.4.0/../../../../avr/lib/avr6\libc.a(fputc.o)
                0x000062b8                fputc
 .text.avr-libc
                0x00006330       0xbc c:/program files (x86)/atmel/studio/7.0/toolchain/avr8/avr8-gnu-toolchain/bin/../lib/gcc/avr/5.4.0/../../../../avr/lib/avr6\libc.a(ultoa_invert.o)
                0x00006330                __ultoa_invert
                0x000063ec                . = ALIGN (0x2)
 *(.fini9)
 .fini9         0x000063ec        0x0 c:/program files (x86)/atmel/studio/7.0/toolchain/avr8/avr8-gnu-toolchain/bin/../lib/gcc/avr/5.4.0/avr6\libgcc.a(_exit.o)
                0x000063ec                _exit
                0x000063ec                exit
 *(.fini9)
 *(.fini8)
 *(.fini8)
 *(.fini7)
 *(.fini7)
 *(.fini6)
 *(.fini6)
 *(.fini5)
 *(.fini5)
 *(.fini4)
 *(.fini4)
 *(.fini3)
 *(.fini3)
 *(.fini2)
 *(.fini2)
 *(.fini1)
 *(.fini1)
 *(.fini0)
 .fini0         0x000063ec        0x4 c:/program files (x86)/atmel/studio/7.0/toolchain/avr8/avr8-gnu-toolchain/bin/../lib/gcc/avr/5.4.0/avr6\libgcc.a(_exit.o)
 *(.fini0)
                0x000063f0                _etext = .

.data           0x00800200      0x5ea load address 0x000063f0
                0x00800200                PROVIDE (__data_start, .)
 *(.data)
 .data          0x00800200        0x6 c:/program files (x86)/atmel/studio/7.0/toolchain/avr8/avr8-gnu-toolchain/bin/../lib/gcc/avr/5.4.0/../../../../avr/lib/avr6\libc.a(malloc.o)
                0x00800200                __malloc_heap_end
                0x00800202                __malloc_heap_start
                0x00800204                __malloc_margin
 *(.data*)
 .data.meassureEventGroup
                0x00800206        0x2 CO2_SensorImpl.o
                0x00800206                meassureEventGroup
 .data.dataReadyEventGroup
                0x00800208        0x2 CO2_SensorImpl.o
                0x00800208                dataReadyEventGroup
 .data.uxTopUsedPriority
                0x0080020a        0x1 FreeRTOS/src/tasks.o
                0x0080020a                uxTopUsedPriority
 .data._temp    0x0080020b        0x2 ../drivers\libIotLibrary.a(hih8120.o)
 .data._hum     0x0080020d        0x2 ../drivers\libIotLibrary.a(hih8120.o)
 .data._com_port_2_udr
                0x0080020f        0x8 ../drivers\libIotLibrary.a(serial.o)
                0x0080020f                _com_port_2_udr
 .data.mystdout.1882
                0x00800217        0xe ../drivers\libIotLibrary.a(stdio_driver.o)
 .data._twiCurrentState
                0x00800225        0x1 ../drivers\libIotLibrary.a(twi.o)
 *(.gnu.linkonce.d*)
 *(.rodata)
 .rodata        0x00800226       0x20 ../drivers\libIotLibrary.a(lora_driver.o)
 .rodata        0x00800246       0x2d ../drivers\libIotLibrary.a(mh_z19.o)
 *(.rodata*)
 .rodata.str1.1
                0x00800273       0x5f CO2_SensorImpl.o
 .rodata.str1.1
                0x008002d2        0x5 FreeRTOS/src/tasks.o
 .rodata.str1.1
                0x008002d7        0x8 FreeRTOS/src/timers.o
 .rodata.str1.1
                0x008002df       0x55 TempHumSensorImpl.o
 .rodata.str1.1
                0x00800334      0x1a3 UpLinkHandler.o
 .rodata.str1.1
                0x008004d7       0x3e main.o
                                 0x4b (size before relaxing)
 .rodata.str1.1
                0x00800515      0x295 ../drivers\libIotLibrary.a(lora_driver.o)
                                0x2a5 (size before relaxing)
 .rodata._joinMode
                0x008007aa        0x4 ../drivers\libIotLibrary.a(lora_driver.o)
 .rodata._returnCode
                0x008007ae       0x33 ../drivers\libIotLibrary.a(lora_driver.o)
                0x008007ae                _returnCode
 .rodata.str1.1
                0x008007e1        0x8 ../drivers\libIotLibrary.a(status_leds.o)
 *(.gnu.linkonce.r*)
                0x008007ea                . = ALIGN (0x2)
 *fill*         0x008007e9        0x1 
                0x008007ea                _edata = .
                0x008007ea                PROVIDE (__data_end, .)

.bss            0x008007ea     0x1029
                0x008007ea                PROVIDE (__bss_start, .)
 *(.bss)
 *(.bss*)
 .bss.xBlockAllocatedBit
                0x008007ea        0x2 FreeRTOS/src/heap_4.o
 .bss.xNumberOfSuccessfulFrees
                0x008007ec        0x2 FreeRTOS/src/heap_4.o
 .bss.xNumberOfSuccessfulAllocations
                0x008007ee        0x2 FreeRTOS/src/heap_4.o
 .bss.xMinimumEverFreeBytesRemaining
                0x008007f0        0x2 FreeRTOS/src/heap_4.o
 .bss.xFreeBytesRemaining
                0x008007f2        0x2 FreeRTOS/src/heap_4.o
 .bss.pxEnd     0x008007f4        0x2 FreeRTOS/src/heap_4.o
 .bss.xStart    0x008007f6        0x4 FreeRTOS/src/heap_4.o
 .bss.ucHeap    0x008007fa      0xdac FreeRTOS/src/heap_4.o
 .bss.uxSchedulerSuspended
                0x008015a6        0x1 FreeRTOS/src/tasks.o
 .bss.xIdleTaskHandle
                0x008015a7        0x2 FreeRTOS/src/tasks.o
 .bss.xNextTaskUnblockTime
                0x008015a9        0x4 FreeRTOS/src/tasks.o
 .bss.uxTaskNumber
                0x008015ad        0x1 FreeRTOS/src/tasks.o
 .bss.xNumOfOverflows
                0x008015ae        0x1 FreeRTOS/src/tasks.o
 .bss.xYieldPending
                0x008015af        0x1 FreeRTOS/src/tasks.o
 .bss.xPendedTicks
                0x008015b0        0x4 FreeRTOS/src/tasks.o
 .bss.xSchedulerRunning
                0x008015b4        0x1 FreeRTOS/src/tasks.o
 .bss.uxTopReadyPriority
                0x008015b5        0x1 FreeRTOS/src/tasks.o
 .bss.xTickCount
                0x008015b6        0x4 FreeRTOS/src/tasks.o
 .bss.uxCurrentNumberOfTasks
                0x008015ba        0x1 FreeRTOS/src/tasks.o
 .bss.xSuspendedTaskList
                0x008015bb        0xb FreeRTOS/src/tasks.o
 .bss.uxDeletedTasksWaitingCleanUp
                0x008015c6        0x1 FreeRTOS/src/tasks.o
 .bss.xTasksWaitingTermination
                0x008015c7        0xb FreeRTOS/src/tasks.o
 .bss.xPendingReadyList
                0x008015d2        0xb FreeRTOS/src/tasks.o
 .bss.pxOverflowDelayedTaskList
                0x008015dd        0x2 FreeRTOS/src/tasks.o
 .bss.pxDelayedTaskList
                0x008015df        0x2 FreeRTOS/src/tasks.o
 .bss.xDelayedTaskList2
                0x008015e1        0xb FreeRTOS/src/tasks.o
 .bss.xDelayedTaskList1
                0x008015ec        0xb FreeRTOS/src/tasks.o
 .bss.pxReadyTasksLists
                0x008015f7       0x6e FreeRTOS/src/tasks.o
 .bss.pxCurrentTCB
                0x00801665        0x2 FreeRTOS/src/tasks.o
                0x00801665                pxCurrentTCB
 .bss.xLastTime.2436
                0x00801667        0x4 FreeRTOS/src/timers.o
 .bss.xTimerTaskHandle
                0x0080166b        0x2 FreeRTOS/src/timers.o
 .bss.xTimerQueue
                0x0080166d        0x2 FreeRTOS/src/timers.o
 .bss.pxOverflowTimerList
                0x0080166f        0x2 FreeRTOS/src/timers.o
 .bss.pxCurrentTimerList
                0x00801671        0x2 FreeRTOS/src/timers.o
 .bss.xActiveTimerList2
                0x00801673        0xb FreeRTOS/src/timers.o
 .bss.xActiveTimerList1
                0x0080167e        0xb FreeRTOS/src/timers.o
 .bss.payload   0x00801689       0x16 SensorDataHandler.o
 .bss.humidity  0x0080169f        0x4 TempHumSensorImpl.o
                0x0080169f                humidity
 .bss.temperature
                0x008016a3        0x4 TempHumSensorImpl.o
                0x008016a3                temperature
 .bss.messageBuffer
                0x008016a7        0x2 UpLinkHandler.o
 .bss._uplink_payload
                0x008016a9       0x16 UpLinkHandler.o
 .bss._measuringIsReady
                0x008016bf        0x1 ../drivers\libIotLibrary.a(hih8120.o)
 .bss._hih8120Handler
                0x008016c0        0x2 ../drivers\libIotLibrary.a(hih8120.o)
 .bss._tmp_buf.2871
                0x008016c2       0x37 ../drivers\libIotLibrary.a(lora_driver.o)
 .bss.rec_buf_inp.2878
                0x008016f9        0x1 ../drivers\libIotLibrary.a(lora_driver.o)
 .bss._downlinkMessageBuffer
                0x008016fa        0x2 ../drivers\libIotLibrary.a(lora_driver.o)
 .bss._serialReplyBufferHandle
                0x008016fc        0x2 ../drivers\libIotLibrary.a(lora_driver.o)
 .bss._rn2483_serial
                0x008016fe        0x2 ../drivers\libIotLibrary.a(lora_driver.o)
 .bss._downlinkPayload
                0x00801700       0x16 ../drivers\libIotLibrary.a(lora_driver.o)
 .bss._payLoadHexBytes
                0x00801716       0x15 ../drivers\libIotLibrary.a(lora_driver.o)
 .bss._recMessageBuf
                0x0080172b       0x2d ../drivers\libIotLibrary.a(lora_driver.o)
 .bss._sendMessage
                0x00801758       0x2d ../drivers\libIotLibrary.a(lora_driver.o)
 .bss._replyMess
                0x00801785       0x2d ../drivers\libIotLibrary.a(lora_driver.o)
 .bss.data.1944
                0x008017b2        0x2 ../drivers\libIotLibrary.a(mh_z19.o)
 .bss.inDex.1943
                0x008017b4        0x1 ../drivers\libIotLibrary.a(mh_z19.o)
 .bss.crc_sum.1945
                0x008017b5        0x1 ../drivers\libIotLibrary.a(mh_z19.o)
 .bss._appCallBack
                0x008017b6        0x2 ../drivers\libIotLibrary.a(mh_z19.o)
 .bss._mh_state
                0x008017b8        0x1 ../drivers\libIotLibrary.a(mh_z19.o)
                0x008017b8                _mh_state
 .bss._ppm      0x008017b9        0x2 ../drivers\libIotLibrary.a(mh_z19.o)
 .bss._serial   0x008017bb        0x2 ../drivers\libIotLibrary.a(mh_z19.o)
 .bss._ser_handle
                0x008017bd        0x8 ../drivers\libIotLibrary.a(serial.o)
 .bss._com_serial_instance
                0x008017c5        0x2 ../drivers\libIotLibrary.a(stdio_driver.o)
 .bss._led_status
                0x008017c7       0x18 ../drivers\libIotLibrary.a(status_leds.o)
 .bss._index.1885
                0x008017df        0x1 ../drivers\libIotLibrary.a(twi.o)
 .bss._twiCurrentHandler
                0x008017e0        0x2 ../drivers\libIotLibrary.a(twi.o)
 .bss._twiMessageLen
                0x008017e2        0x1 ../drivers\libIotLibrary.a(twi.o)
 .bss._twiMessageBuffer
                0x008017e3        0xa ../drivers\libIotLibrary.a(twi.o)
 .bss._twiIsInitiated
                0x008017ed        0x1 ../drivers\libIotLibrary.a(twi.o)
 *(COMMON)
 COMMON         0x008017ee        0xd CO2_SensorImpl.o
                0x008017ee                rc
                0x008017ef                co2_data
                0x008017f1                xLastWakeTime
                0x008017f5                ppm
                0x008017f7                xFrequency
 COMMON         0x008017fb        0x2 SensorDataHandler.o
                0x008017fb                packet
 COMMON         0x008017fd        0x4 TempHumSensorImpl.o
                0x008017fd                _meassureEventGroup
                0x008017ff                _dataReadyEventGroup
 COMMON         0x00801801        0x8 main.o
                0x00801801                xMessageBuffer
                0x00801803                measureEventGroup
                0x00801807                xTestSemaphore
 COMMON         0x00801809        0x4 c:/program files (x86)/atmel/studio/7.0/toolchain/avr8/avr8-gnu-toolchain/bin/../lib/gcc/avr/5.4.0/../../../../avr/lib/avr6\libc.a(malloc.o)
                0x00801809                __brkval
                0x0080180b                __flp
 COMMON         0x0080180d        0x6 c:/program files (x86)/atmel/studio/7.0/toolchain/avr8/avr8-gnu-toolchain/bin/../lib/gcc/avr/5.4.0/../../../../avr/lib/avr6\libc.a(iob.o)
                0x0080180d                __iob
                0x00801813                PROVIDE (__bss_end, .)
                0x000063f0                __data_load_start = LOADADDR (.data)
                0x000069da                __data_load_end = (__data_load_start + SIZEOF (.data))

.noinit         0x00801813        0x0
                [!provide]                PROVIDE (__noinit_start, .)
 *(.noinit*)
                [!provide]                PROVIDE (__noinit_end, .)
                0x00801813                _end = .
                0x00801813                PROVIDE (__heap_start, .)

.eeprom         0x00810000        0x0
 *(.eeprom*)
                0x00810000                __eeprom_end = .

.fuse
 *(.fuse)
 *(.lfuse)
 *(.hfuse)
 *(.efuse)

.lock
 *(.lock*)

.signature
 *(.signature*)

.user_signatures
 *(.user_signatures*)

.stab
 *(.stab)

.stabstr
 *(.stabstr)

.stab.excl
 *(.stab.excl)

.stab.exclstr
 *(.stab.exclstr)

.stab.index
 *(.stab.index)

.stab.indexstr
 *(.stab.indexstr)

.comment        0x00000000       0x5c
 *(.comment)
 .comment       0x00000000       0x30 CO2_SensorImpl.o
                                 0x31 (size before relaxing)
 .comment       0x00000030       0x31 FreeRTOS/src/event_groups.o
 .comment       0x00000030       0x31 FreeRTOS/src/heap_4.o
 .comment       0x00000030       0x31 FreeRTOS/src/list.o
 .comment       0x00000030       0x31 FreeRTOS/src/port.o
 .comment       0x00000030       0x31 FreeRTOS/src/queue.o
 .comment       0x00000030       0x31 FreeRTOS/src/stream_buffer.o
 .comment       0x00000030       0x31 FreeRTOS/src/tasks.o
 .comment       0x00000030       0x31 FreeRTOS/src/timers.o
 .comment       0x00000030       0x31 FreeRTOS/src/variantHooks.o
 .comment       0x00000030       0x31 SensorDataHandler.o
 .comment       0x00000030       0x31 TempHumSensorImpl.o
 .comment       0x00000030       0x31 UpLinkHandler.o
 .comment       0x00000030       0x31 main.o
 .comment       0x00000030       0x31 ../drivers\libIotLibrary.a(hih8120.o)
 .comment       0x00000030       0x31 ../drivers\libIotLibrary.a(lora_driver.o)
 .comment       0x00000030       0x31 ../drivers\libIotLibrary.a(lora_driver_utils.o)
 .comment       0x00000030       0x31 ../drivers\libIotLibrary.a(mh_z19.o)
 .comment       0x00000030       0x31 ../drivers\libIotLibrary.a(serial.o)
 .comment       0x00000030       0x31 ../drivers\libIotLibrary.a(stdio_driver.o)
 .comment       0x00000030       0x31 ../drivers\libIotLibrary.a(status_leds.o)
 .comment       0x00000030       0x31 ../drivers\libIotLibrary.a(twi.o)
 .comment       0x00000030       0x31 ../drivers\libIotLibrary.a(fifo.o)
 .comment       0x00000030       0x31 c:/program files (x86)/atmel/studio/7.0/toolchain/avr8/avr8-gnu-toolchain/bin/../lib/gcc/avr/5.4.0/../../../../avr/lib/avr6\libc.a(malloc.o)
 .comment       0x00000030       0x31 c:/program files (x86)/atmel/studio/7.0/toolchain/avr8/avr8-gnu-toolchain/bin/../lib/gcc/avr/5.4.0/../../../../avr/lib/avr6\libc.a(iob.o)
 .comment       0x00000030       0x31 c:/program files (x86)/atmel/studio/7.0/toolchain/avr8/avr8-gnu-toolchain/bin/../lib/gcc/avr/5.4.0/../../../../avr/lib/avr6\libc.a(printf.o)
 .comment       0x00000030       0x31 c:/program files (x86)/atmel/studio/7.0/toolchain/avr8/avr8-gnu-toolchain/bin/../lib/gcc/avr/5.4.0/../../../../avr/lib/avr6\libc.a(puts.o)
 .comment       0x00000030       0x31 c:/program files (x86)/atmel/studio/7.0/toolchain/avr8/avr8-gnu-toolchain/bin/../lib/gcc/avr/5.4.0/../../../../avr/lib/avr6\libc.a(sprintf.o)
 .comment       0x00000030       0x2c c:/program files (x86)/atmel/studio/7.0/toolchain/avr8/avr8-gnu-toolchain/bin/../lib/gcc/avr/5.4.0/../../../../avr/lib/avr6\libc.a(vfprintf_std.o)
                                 0x2d (size before relaxing)
 .comment       0x0000005c       0x31 c:/program files (x86)/atmel/studio/7.0/toolchain/avr8/avr8-gnu-toolchain/bin/../lib/gcc/avr/5.4.0/../../../../avr/lib/avr6\libc.a(fputc.o)

.note.gnu.avr.deviceinfo
                0x00000000       0x40
 .note.gnu.avr.deviceinfo
                0x00000000       0x40 C:/Program Files (x86)/Atmel/Studio/7.0/Packs/atmel/ATmega_DFP/1.6.364/gcc/dev/atmega2560/avr6/crtatmega2560.o

.note.gnu.build-id
 *(.note.gnu.build-id)

.debug
 *(.debug)

.line
 *(.line)

.debug_srcinfo
 *(.debug_srcinfo)

.debug_sfnames
 *(.debug_sfnames)

.debug_aranges  0x00000000      0xae0
 *(.debug_aranges)
 .debug_aranges
                0x00000000       0x38 CO2_SensorImpl.o
 .debug_aranges
                0x00000038       0x68 FreeRTOS/src/event_groups.o
 .debug_aranges
                0x000000a0       0x58 FreeRTOS/src/heap_4.o
 .debug_aranges
                0x000000f8       0x40 FreeRTOS/src/list.o
 .debug_aranges
                0x00000138       0x58 FreeRTOS/src/port.o
 .debug_aranges
                0x00000190       0xf8 FreeRTOS/src/queue.o
 .debug_aranges
                0x00000288       0xc0 FreeRTOS/src/stream_buffer.o
 .debug_aranges
                0x00000348      0x1d0 FreeRTOS/src/tasks.o
 .debug_aranges
                0x00000518       0xc8 FreeRTOS/src/timers.o
 .debug_aranges
                0x000005e0       0x40 FreeRTOS/src/variantHooks.o
 .debug_aranges
                0x00000620       0x40 SensorDataHandler.o
 .debug_aranges
                0x00000660       0x40 TempHumSensorImpl.o
 .debug_aranges
                0x000006a0       0x38 UpLinkHandler.o
 .debug_aranges
                0x000006d8       0x48 main.o
 .debug_aranges
                0x00000720       0x68 ../drivers\libIotLibrary.a(hih8120.o)
 .debug_aranges
                0x00000788      0x138 ../drivers\libIotLibrary.a(lora_driver.o)
 .debug_aranges
                0x000008c0       0x28 ../drivers\libIotLibrary.a(lora_driver_utils.o)
 .debug_aranges
                0x000008e8       0x58 ../drivers\libIotLibrary.a(mh_z19.o)
 .debug_aranges
                0x00000940       0x90 ../drivers\libIotLibrary.a(serial.o)
 .debug_aranges
                0x000009d0       0x38 ../drivers\libIotLibrary.a(stdio_driver.o)
 .debug_aranges
                0x00000a08       0x68 ../drivers\libIotLibrary.a(status_leds.o)
 .debug_aranges
                0x00000a70       0x50 ../drivers\libIotLibrary.a(twi.o)
 .debug_aranges
                0x00000ac0       0x20 ../drivers\libIotLibrary.a(fifo.o)

.debug_pubnames
 *(.debug_pubnames)

.debug_info     0x00000000     0xdbcf
 *(.debug_info .gnu.linkonce.wi.*)
 .debug_info    0x00000000      0xbbc C:/Program Files (x86)/Atmel/Studio/7.0/Packs/atmel/ATmega_DFP/1.6.364/gcc/dev/atmega2560/avr6/crtatmega2560.o
 .debug_info    0x00000bbc      0x420 CO2_SensorImpl.o
 .debug_info    0x00000fdc      0x971 FreeRTOS/src/event_groups.o
 .debug_info    0x0000194d      0x4e6 FreeRTOS/src/heap_4.o
 .debug_info    0x00001e33      0x2e7 FreeRTOS/src/list.o
 .debug_info    0x0000211a      0x2ff FreeRTOS/src/port.o
 .debug_info    0x00002419     0x17e6 FreeRTOS/src/queue.o
 .debug_info    0x00003bff     0x13df FreeRTOS/src/stream_buffer.o
 .debug_info    0x00004fde     0x2239 FreeRTOS/src/tasks.o
 .debug_info    0x00007217     0x10dd FreeRTOS/src/timers.o
 .debug_info    0x000082f4      0x20f FreeRTOS/src/variantHooks.o
 .debug_info    0x00008503      0x235 SensorDataHandler.o
 .debug_info    0x00008738      0x473 TempHumSensorImpl.o
 .debug_info    0x00008bab      0x922 UpLinkHandler.o
 .debug_info    0x000094cd      0x7e5 main.o
 .debug_info    0x00009cb2      0x3a9 ../drivers\libIotLibrary.a(hih8120.o)
 .debug_info    0x0000a05b     0x1747 ../drivers\libIotLibrary.a(lora_driver.o)
 .debug_info    0x0000b7a2      0x143 ../drivers\libIotLibrary.a(lora_driver_utils.o)
 .debug_info    0x0000b8e5      0x556 ../drivers\libIotLibrary.a(mh_z19.o)
 .debug_info    0x0000be3b      0xd9c ../drivers\libIotLibrary.a(serial.o)
 .debug_info    0x0000cbd7      0x3b6 ../drivers\libIotLibrary.a(stdio_driver.o)
 .debug_info    0x0000cf8d      0x522 ../drivers\libIotLibrary.a(status_leds.o)
 .debug_info    0x0000d4af      0x55d ../drivers\libIotLibrary.a(twi.o)
 .debug_info    0x0000da0c      0x1c3 ../drivers\libIotLibrary.a(fifo.o)

.debug_abbrev   0x00000000     0x35dc
 *(.debug_abbrev)
 .debug_abbrev  0x00000000      0xb1a C:/Program Files (x86)/Atmel/Studio/7.0/Packs/atmel/ATmega_DFP/1.6.364/gcc/dev/atmega2560/avr6/crtatmega2560.o
 .debug_abbrev  0x00000b1a      0x179 CO2_SensorImpl.o
 .debug_abbrev  0x00000c93      0x1dc FreeRTOS/src/event_groups.o
 .debug_abbrev  0x00000e6f      0x200 FreeRTOS/src/heap_4.o
 .debug_abbrev  0x0000106f       0xff FreeRTOS/src/list.o
 .debug_abbrev  0x0000116e      0x179 FreeRTOS/src/port.o
 .debug_abbrev  0x000012e7      0x241 FreeRTOS/src/queue.o
 .debug_abbrev  0x00001528      0x246 FreeRTOS/src/stream_buffer.o
 .debug_abbrev  0x0000176e      0x2c8 FreeRTOS/src/tasks.o
 .debug_abbrev  0x00001a36      0x28c FreeRTOS/src/timers.o
 .debug_abbrev  0x00001cc2       0xff FreeRTOS/src/variantHooks.o
 .debug_abbrev  0x00001dc1      0x129 SensorDataHandler.o
 .debug_abbrev  0x00001eea      0x191 TempHumSensorImpl.o
 .debug_abbrev  0x0000207b      0x1ea UpLinkHandler.o
 .debug_abbrev  0x00002265      0x1e2 main.o
 .debug_abbrev  0x00002447      0x184 ../drivers\libIotLibrary.a(hih8120.o)
 .debug_abbrev  0x000025cb      0x33b ../drivers\libIotLibrary.a(lora_driver.o)
 .debug_abbrev  0x00002906       0xc0 ../drivers\libIotLibrary.a(lora_driver_utils.o)
 .debug_abbrev  0x000029c6      0x238 ../drivers\libIotLibrary.a(mh_z19.o)
 .debug_abbrev  0x00002bfe      0x355 ../drivers\libIotLibrary.a(serial.o)
 .debug_abbrev  0x00002f53      0x1b3 ../drivers\libIotLibrary.a(stdio_driver.o)
 .debug_abbrev  0x00003106      0x1d7 ../drivers\libIotLibrary.a(status_leds.o)
 .debug_abbrev  0x000032dd      0x217 ../drivers\libIotLibrary.a(twi.o)
 .debug_abbrev  0x000034f4       0xe8 ../drivers\libIotLibrary.a(fifo.o)

.debug_line     0x00000000     0x6b7e
 *(.debug_line .debug_line.* .debug_line_end)
 .debug_line    0x00000000      0x1fa C:/Program Files (x86)/Atmel/Studio/7.0/Packs/atmel/ATmega_DFP/1.6.364/gcc/dev/atmega2560/avr6/crtatmega2560.o
 .debug_line    0x000001fa      0x1cd CO2_SensorImpl.o
 .debug_line    0x000003c7      0x413 FreeRTOS/src/event_groups.o
 .debug_line    0x000007da      0x41f FreeRTOS/src/heap_4.o
 .debug_line    0x00000bf9      0x1db FreeRTOS/src/list.o
 .debug_line    0x00000dd4      0x28a FreeRTOS/src/port.o
 .debug_line    0x0000105e      0xbe3 FreeRTOS/src/queue.o
 .debug_line    0x00001c41      0x79a FreeRTOS/src/stream_buffer.o
 .debug_line    0x000023db     0x15ba FreeRTOS/src/tasks.o
 .debug_line    0x00003995      0x624 FreeRTOS/src/timers.o
 .debug_line    0x00003fb9      0x1af FreeRTOS/src/variantHooks.o
 .debug_line    0x00004168      0x1b0 SensorDataHandler.o
 .debug_line    0x00004318      0x21d TempHumSensorImpl.o
 .debug_line    0x00004535      0x303 UpLinkHandler.o
 .debug_line    0x00004838      0x377 main.o
 .debug_line    0x00004baf      0x24a ../drivers\libIotLibrary.a(hih8120.o)
 .debug_line    0x00004df9      0x9aa ../drivers\libIotLibrary.a(lora_driver.o)
 .debug_line    0x000057a3      0x195 ../drivers\libIotLibrary.a(lora_driver_utils.o)
 .debug_line    0x00005938      0x2fc ../drivers\libIotLibrary.a(mh_z19.o)
 .debug_line    0x00005c34      0x6a1 ../drivers\libIotLibrary.a(serial.o)
 .debug_line    0x000062d5      0x146 ../drivers\libIotLibrary.a(stdio_driver.o)
 .debug_line    0x0000641b      0x32c ../drivers\libIotLibrary.a(status_leds.o)
 .debug_line    0x00006747      0x31c ../drivers\libIotLibrary.a(twi.o)
 .debug_line    0x00006a63      0x11b ../drivers\libIotLibrary.a(fifo.o)

.debug_frame    0x00000000     0x26e0
 *(.debug_frame)
 .debug_frame   0x00000000       0xa4 CO2_SensorImpl.o
 .debug_frame   0x000000a4      0x1dc FreeRTOS/src/event_groups.o
 .debug_frame   0x00000280       0xfc FreeRTOS/src/heap_4.o
 .debug_frame   0x0000037c       0x90 FreeRTOS/src/list.o
 .debug_frame   0x0000040c       0x94 FreeRTOS/src/port.o
 .debug_frame   0x000004a0      0x3a4 FreeRTOS/src/queue.o
 .debug_frame   0x00000844      0x40c FreeRTOS/src/stream_buffer.o
 .debug_frame   0x00000c50      0x7a0 FreeRTOS/src/tasks.o
 .debug_frame   0x000013f0      0x3ac FreeRTOS/src/timers.o
 .debug_frame   0x0000179c       0x64 FreeRTOS/src/variantHooks.o
 .debug_frame   0x00001800       0x64 SensorDataHandler.o
 .debug_frame   0x00001864       0x90 TempHumSensorImpl.o
 .debug_frame   0x000018f4       0x90 UpLinkHandler.o
 .debug_frame   0x00001984       0xa0 main.o
 .debug_frame   0x00001a24       0xc0 ../drivers\libIotLibrary.a(hih8120.o)
 .debug_frame   0x00001ae4      0x460 ../drivers\libIotLibrary.a(lora_driver.o)
 .debug_frame   0x00001f44       0x48 ../drivers\libIotLibrary.a(lora_driver_utils.o)
 .debug_frame   0x00001f8c      0x100 ../drivers\libIotLibrary.a(mh_z19.o)
 .debug_frame   0x0000208c      0x384 ../drivers\libIotLibrary.a(serial.o)
 .debug_frame   0x00002410       0x94 ../drivers\libIotLibrary.a(stdio_driver.o)
 .debug_frame   0x000024a4       0xec ../drivers\libIotLibrary.a(status_leds.o)
 .debug_frame   0x00002590      0x12c ../drivers\libIotLibrary.a(twi.o)
 .debug_frame   0x000026bc       0x24 ../drivers\libIotLibrary.a(fifo.o)

.debug_str      0x00000000     0x4288
 *(.debug_str)
 .debug_str     0x00000000      0x3e6 C:/Program Files (x86)/Atmel/Studio/7.0/Packs/atmel/ATmega_DFP/1.6.364/gcc/dev/atmega2560/avr6/crtatmega2560.o
 .debug_str     0x000003e6      0x2ea CO2_SensorImpl.o
                                0x363 (size before relaxing)
 .debug_str     0x000006d0      0x383 FreeRTOS/src/event_groups.o
                                0x590 (size before relaxing)
 .debug_str     0x00000a53      0x2ce FreeRTOS/src/heap_4.o
                                0x486 (size before relaxing)
 .debug_str     0x00000d21       0x89 FreeRTOS/src/list.o
                                0x2c2 (size before relaxing)
 .debug_str     0x00000daa      0x14d FreeRTOS/src/port.o
                                0x2f7 (size before relaxing)
 .debug_str     0x00000ef7      0x652 FreeRTOS/src/queue.o
                                0x936 (size before relaxing)
 .debug_str     0x00001549      0x4ed FreeRTOS/src/stream_buffer.o
                                0x7bf (size before relaxing)
 .debug_str     0x00001a36      0x89b FreeRTOS/src/tasks.o
                                0xf57 (size before relaxing)
 .debug_str     0x000022d1      0x414 FreeRTOS/src/timers.o
                                0x82d (size before relaxing)
 .debug_str     0x000026e5       0x81 FreeRTOS/src/variantHooks.o
                                0x26e (size before relaxing)
 .debug_str     0x00002766       0xf5 SensorDataHandler.o
                                0x281 (size before relaxing)
 .debug_str     0x0000285b      0x1fd TempHumSensorImpl.o
                                0x446 (size before relaxing)
 .debug_str     0x00002a58      0x458 UpLinkHandler.o
                                0x6c6 (size before relaxing)
 .debug_str     0x00002eb0      0x15c main.o
                                0x581 (size before relaxing)
 .debug_str     0x0000300c      0x2fd ../drivers\libIotLibrary.a(hih8120.o)
                                0x45c (size before relaxing)
 .debug_str     0x00003309      0x68f ../drivers\libIotLibrary.a(lora_driver.o)
                                0xcdb (size before relaxing)
 .debug_str     0x00003998       0x4f ../drivers\libIotLibrary.a(lora_driver_utils.o)
                                0x206 (size before relaxing)
 .debug_str     0x000039e7       0xff ../drivers\libIotLibrary.a(mh_z19.o)
                                0x489 (size before relaxing)
 .debug_str     0x00003ae6      0x2e7 ../drivers\libIotLibrary.a(serial.o)
                                0x628 (size before relaxing)
 .debug_str     0x00003dcd       0xa6 ../drivers\libIotLibrary.a(stdio_driver.o)
                                0x37d (size before relaxing)
 .debug_str     0x00003e73      0x104 ../drivers\libIotLibrary.a(status_leds.o)
                                0x381 (size before relaxing)
 .debug_str     0x00003f77      0x2ef ../drivers\libIotLibrary.a(twi.o)
                                0x5b4 (size before relaxing)
 .debug_str     0x00004266       0x22 ../drivers\libIotLibrary.a(fifo.o)
                                0x239 (size before relaxing)

.debug_loc      0x00000000     0xc265
 *(.debug_loc)
 .debug_loc     0x00000000      0x18c CO2_SensorImpl.o
 .debug_loc     0x0000018c      0xcc9 FreeRTOS/src/event_groups.o
 .debug_loc     0x00000e55      0x4be FreeRTOS/src/heap_4.o
 .debug_loc     0x00001313      0x17d FreeRTOS/src/list.o
 .debug_loc     0x00001490       0xf6 FreeRTOS/src/port.o
 .debug_loc     0x00001586     0x1abd FreeRTOS/src/queue.o
 .debug_loc     0x00003043     0x1daf FreeRTOS/src/stream_buffer.o
 .debug_loc     0x00004df2     0x2a07 FreeRTOS/src/tasks.o
 .debug_loc     0x000077f9     0x10f3 FreeRTOS/src/timers.o
 .debug_loc     0x000088ec       0xdc FreeRTOS/src/variantHooks.o
 .debug_loc     0x000089c8      0x161 TempHumSensorImpl.o
 .debug_loc     0x00008b29      0x1aa UpLinkHandler.o
 .debug_loc     0x00008cd3      0x152 main.o
 .debug_loc     0x00008e25       0x9f ../drivers\libIotLibrary.a(hih8120.o)
 .debug_loc     0x00008ec4     0x1216 ../drivers\libIotLibrary.a(lora_driver.o)
 .debug_loc     0x0000a0da      0x1d2 ../drivers\libIotLibrary.a(lora_driver_utils.o)
 .debug_loc     0x0000a2ac      0x37c ../drivers\libIotLibrary.a(mh_z19.o)
 .debug_loc     0x0000a628     0x114c ../drivers\libIotLibrary.a(serial.o)
 .debug_loc     0x0000b774      0x18c ../drivers\libIotLibrary.a(stdio_driver.o)
 .debug_loc     0x0000b900      0x292 ../drivers\libIotLibrary.a(status_leds.o)
 .debug_loc     0x0000bb92      0x575 ../drivers\libIotLibrary.a(twi.o)
 .debug_loc     0x0000c107      0x15e ../drivers\libIotLibrary.a(fifo.o)

.debug_macinfo
 *(.debug_macinfo)

.debug_weaknames
 *(.debug_weaknames)

.debug_funcnames
 *(.debug_funcnames)

.debug_typenames
 *(.debug_typenames)

.debug_varnames
 *(.debug_varnames)

.debug_pubtypes
 *(.debug_pubtypes)

.debug_ranges   0x00000000      0xa40
 *(.debug_ranges)
 .debug_ranges  0x00000000       0x28 CO2_SensorImpl.o
 .debug_ranges  0x00000028       0x70 FreeRTOS/src/event_groups.o
 .debug_ranges  0x00000098       0x48 FreeRTOS/src/heap_4.o
 .debug_ranges  0x000000e0       0x30 FreeRTOS/src/list.o
 .debug_ranges  0x00000110       0x48 FreeRTOS/src/port.o
 .debug_ranges  0x00000158      0x130 FreeRTOS/src/queue.o
 .debug_ranges  0x00000288       0xb0 FreeRTOS/src/stream_buffer.o
 .debug_ranges  0x00000338      0x200 FreeRTOS/src/tasks.o
 .debug_ranges  0x00000538       0xb8 FreeRTOS/src/timers.o
 .debug_ranges  0x000005f0       0x30 FreeRTOS/src/variantHooks.o
 .debug_ranges  0x00000620       0x30 SensorDataHandler.o
 .debug_ranges  0x00000650       0x30 TempHumSensorImpl.o
 .debug_ranges  0x00000680       0x28 UpLinkHandler.o
 .debug_ranges  0x000006a8       0x38 main.o
 .debug_ranges  0x000006e0       0x58 ../drivers\libIotLibrary.a(hih8120.o)
 .debug_ranges  0x00000738      0x128 ../drivers\libIotLibrary.a(lora_driver.o)
 .debug_ranges  0x00000860       0x30 ../drivers\libIotLibrary.a(lora_driver_utils.o)
 .debug_ranges  0x00000890       0x48 ../drivers\libIotLibrary.a(mh_z19.o)
 .debug_ranges  0x000008d8       0x98 ../drivers\libIotLibrary.a(serial.o)
 .debug_ranges  0x00000970       0x28 ../drivers\libIotLibrary.a(stdio_driver.o)
 .debug_ranges  0x00000998       0x58 ../drivers\libIotLibrary.a(status_leds.o)
 .debug_ranges  0x000009f0       0x40 ../drivers\libIotLibrary.a(twi.o)
 .debug_ranges  0x00000a30       0x10 ../drivers\libIotLibrary.a(fifo.o)

.debug_macro
 *(.debug_macro)
OUTPUT(4.Semester.elf elf32-avr)
LOAD linker stubs
