Archive member included to satisfy reference by file (symbol)

c:/program files (x86)/atmel/studio/7.0/toolchain/avr8/avr8-gnu-toolchain/bin/../lib/gcc/avr/5.4.0/../../../../avr/lib/avr6\libm.a(fixunssfsi.o)
                              TempHumSensorImpl.o (__fixunssfsi)
c:/program files (x86)/atmel/studio/7.0/toolchain/avr8/avr8-gnu-toolchain/bin/../lib/gcc/avr/5.4.0/../../../../avr/lib/avr6\libm.a(floatsisf.o)
                              TempHumSensorImpl.o (__floatunsisf)
c:/program files (x86)/atmel/studio/7.0/toolchain/avr8/avr8-gnu-toolchain/bin/../lib/gcc/avr/5.4.0/../../../../avr/lib/avr6\libm.a(fp_split3.o)
                              c:/program files (x86)/atmel/studio/7.0/toolchain/avr8/avr8-gnu-toolchain/bin/../lib/gcc/avr/5.4.0/../../../../avr/lib/avr6\libm.a(fixunssfsi.o) (__fp_splitA)
c:/program files (x86)/atmel/studio/7.0/toolchain/avr8/avr8-gnu-toolchain/bin/../lib/gcc/avr/5.4.0/../../../../avr/lib/avr6\libm.a(fp_zero.o)
                              c:/program files (x86)/atmel/studio/7.0/toolchain/avr8/avr8-gnu-toolchain/bin/../lib/gcc/avr/5.4.0/../../../../avr/lib/avr6\libm.a(fixunssfsi.o) (__fp_zero)
../drivers\libIotLibrary.a(hih8120.o)
                              main.o (hih8120_initialise)
../drivers\libIotLibrary.a(lora_driver.o)
                              UpLinkHandler.o (lora_driver_flushBuffers)
../drivers\libIotLibrary.a(lora_driver_utils.o)
                              ../drivers\libIotLibrary.a(lora_driver.o) (decode_port_no)
../drivers\libIotLibrary.a(mh_z19.o)
                              main.o (mh_z19_initialise)
../drivers\libIotLibrary.a(rc_servo.o)
                              ConditionerControllerHandler.o (rc_servo_setPosition)
../drivers\libIotLibrary.a(serial.o)
                              ../drivers\libIotLibrary.a(lora_driver.o) (serial_create)
../drivers\libIotLibrary.a(stdio_driver.o)
                              main.o (stdio_initialise)
../drivers\libIotLibrary.a(status_leds.o)
                              main.o (status_leds_initialise)
../drivers\libIotLibrary.a(twi.o)
                              ../drivers\libIotLibrary.a(hih8120.o) (twiCreate)
../drivers\libIotLibrary.a(fifo.o)
                              ../drivers\libIotLibrary.a(serial.o) (fifo_init)
c:/program files (x86)/atmel/studio/7.0/toolchain/avr8/avr8-gnu-toolchain/bin/../lib/gcc/avr/5.4.0/../../../../avr/lib/avr6\libm.a(addsf3.o)
                              ../drivers\libIotLibrary.a(hih8120.o) (__subsf3)
c:/program files (x86)/atmel/studio/7.0/toolchain/avr8/avr8-gnu-toolchain/bin/../lib/gcc/avr/5.4.0/../../../../avr/lib/avr6\libm.a(addsf3x.o)
                              c:/program files (x86)/atmel/studio/7.0/toolchain/avr8/avr8-gnu-toolchain/bin/../lib/gcc/avr/5.4.0/../../../../avr/lib/avr6\libm.a(addsf3.o) (__addsf3x)
c:/program files (x86)/atmel/studio/7.0/toolchain/avr8/avr8-gnu-toolchain/bin/../lib/gcc/avr/5.4.0/../../../../avr/lib/avr6\libm.a(divsf3.o)
                              ../drivers\libIotLibrary.a(hih8120.o) (__divsf3)
c:/program files (x86)/atmel/studio/7.0/toolchain/avr8/avr8-gnu-toolchain/bin/../lib/gcc/avr/5.4.0/../../../../avr/lib/avr6\libm.a(divsf3x.o)
                              c:/program files (x86)/atmel/studio/7.0/toolchain/avr8/avr8-gnu-toolchain/bin/../lib/gcc/avr/5.4.0/../../../../avr/lib/avr6\libm.a(divsf3.o) (__divsf3x)
c:/program files (x86)/atmel/studio/7.0/toolchain/avr8/avr8-gnu-toolchain/bin/../lib/gcc/avr/5.4.0/../../../../avr/lib/avr6\libm.a(fixsfsi.o)
                              ../drivers\libIotLibrary.a(hih8120.o) (__fixsfsi)
c:/program files (x86)/atmel/studio/7.0/toolchain/avr8/avr8-gnu-toolchain/bin/../lib/gcc/avr/5.4.0/../../../../avr/lib/avr6\libm.a(fp_inf.o)
                              c:/program files (x86)/atmel/studio/7.0/toolchain/avr8/avr8-gnu-toolchain/bin/../lib/gcc/avr/5.4.0/../../../../avr/lib/avr6\libm.a(addsf3x.o) (__fp_inf)
c:/program files (x86)/atmel/studio/7.0/toolchain/avr8/avr8-gnu-toolchain/bin/../lib/gcc/avr/5.4.0/../../../../avr/lib/avr6\libm.a(fp_nan.o)
                              c:/program files (x86)/atmel/studio/7.0/toolchain/avr8/avr8-gnu-toolchain/bin/../lib/gcc/avr/5.4.0/../../../../avr/lib/avr6\libm.a(addsf3x.o) (__fp_nan)
c:/program files (x86)/atmel/studio/7.0/toolchain/avr8/avr8-gnu-toolchain/bin/../lib/gcc/avr/5.4.0/../../../../avr/lib/avr6\libm.a(fp_pscA.o)
                              c:/program files (x86)/atmel/studio/7.0/toolchain/avr8/avr8-gnu-toolchain/bin/../lib/gcc/avr/5.4.0/../../../../avr/lib/avr6\libm.a(addsf3x.o) (__fp_pscA)
c:/program files (x86)/atmel/studio/7.0/toolchain/avr8/avr8-gnu-toolchain/bin/../lib/gcc/avr/5.4.0/../../../../avr/lib/avr6\libm.a(fp_pscB.o)
                              c:/program files (x86)/atmel/studio/7.0/toolchain/avr8/avr8-gnu-toolchain/bin/../lib/gcc/avr/5.4.0/../../../../avr/lib/avr6\libm.a(addsf3x.o) (__fp_pscB)
[...]
Memory Configuration

Name             Origin             Length             Attributes
text             0x00000000         0x00040000         xr
data             0x00800200         0x00002000         rw !x
eeprom           0x00810000         0x00001000         rw !x
fuse             0x00820000         0x00000003         rw !x
lock             0x00830000         0x00000400         rw !x
signature        0x00840000         0x00000400         rw !x
user_signatures  0x00850000         0x00000400         rw !x
*default*        0x00000000         0xffffffff

Linker script and memory map

Address of section .data set to 0x800200
LOAD C:/Program Files (x86)/Atmel/Studio/7.0/Packs/atmel/ATmega_DFP/1.6.364/gcc/dev/atmega2560/avr6/crtatmega2560.o
LOAD Application.o
LOAD CO2_SensorImpl.o
LOAD ConfigurationImpl.o
LOAD DownLinkHandler.o
LOAD FreeRTOS/FreeRTOSTraceDriver/FreeRTOSTraceDriver.o
LOAD FreeRTOS/src/croutine.o
LOAD FreeRTOS/src/event_groups.o
LOAD FreeRTOS/src/heap_4.o
LOAD FreeRTOS/src/list.o
LOAD FreeRTOS/src/port.o
LOAD FreeRTOS/src/queue.o
LOAD FreeRTOS/src/stream_buffer.o
LOAD FreeRTOS/src/tasks.o
LOAD FreeRTOS/src/timers.o
LOAD FreeRTOS/src/variantHooks.o
LOAD ConditionerControllerHandler.o
LOAD Utility.o
LOAD SensorDataHandler.o
LOAD TempHumSensorImpl.o
LOAD UpLinkHandler.o
LOAD main.o
START GROUP
LOAD c:/program files (x86)/atmel/studio/7.0/toolchain/avr8/avr8-gnu-toolchain/bin/../lib/gcc/avr/5.4.0/../../../../avr/lib/avr6\libm.a
LOAD ../drivers\libIotLibrary.a
END GROUP
START GROUP
LOAD c:/program files (x86)/atmel/studio/7.0/toolchain/avr8/avr8-gnu-toolchain/bin/../lib/gcc/avr/5.4.0/avr6\libgcc.a
LOAD c:/program files (x86)/atmel/studio/7.0/toolchain/avr8/avr8-gnu-toolchain/bin/../lib/gcc/avr/5.4.0/../../../../avr/lib/avr6\libm.a
LOAD c:/program files (x86)/atmel/studio/7.0/toolchain/avr8/avr8-gnu-toolchain/bin/../lib/gcc/avr/5.4.0/../../../../avr/lib/avr6\libc.a
LOAD C:/Program Files (x86)/Atmel/Studio/7.0/Packs/atmel/ATmega_DFP/1.6.364/gcc/dev/atmega2560/avr6\libatmega2560.a
END GROUP
                0x00000000                __TEXT_REGION_ORIGIN__ = DEFINED (__TEXT_REGION_ORIGIN__)?__TEXT_REGION_ORIGIN__:0x0
                [0x00800200]                __DATA_REGION_ORIGIN__ = DEFINED (__DATA_REGION_ORIGIN__)?__DATA_REGION_ORIGIN__:0x800200
                [0x00040000]                __TEXT_REGION_LENGTH__ = DEFINED (__TEXT_REGION_LENGTH__)?__TEXT_REGION_LENGTH__:0x100000
                [0x00002000]                __DATA_REGION_LENGTH__ = DEFINED (__DATA_REGION_LENGTH__)?__DATA_REGION_LENGTH__:0xfe00
                [0x00001000]                __EEPROM_REGION_LENGTH__ = DEFINED (__EEPROM_REGION_LENGTH__)?__EEPROM_REGION_LENGTH__:0x10000
                [0x00000003]                __FUSE_REGION_LENGTH__ = DEFINED (__FUSE_REGION_LENGTH__)?__FUSE_REGION_LENGTH__:0x400
                0x00000400                __LOCK_REGION_LENGTH__ = DEFINED (__LOCK_REGION_LENGTH__)?__LOCK_REGION_LENGTH__:0x400
                0x00000400                __SIGNATURE_REGION_LENGTH__ = DEFINED (__SIGNATURE_REGION_LENGTH__)?__SIGNATURE_REGION_LENGTH__:0x400
                0x00000400                __USER_SIGNATURE_REGION_LENGTH__ = DEFINED (__USER_SIGNATURE_REGION_LENGTH__)?__USER_SIGNATURE_REGION_LENGTH__:0x400

.hash
 *(.hash)

.dynsym
 *(.dynsym)

.dynstr
 *(.dynstr)

.gnu.version
 *(.gnu.version)

.gnu.version_d
 *(.gnu.version_d)

.gnu.version_r
 *(.gnu.version_r)

.rel.init
 *(.rel.init)

.rela.init
 *(.rela.init)

.rel.text
 *(.rel.text)
 *(.rel.text.*)
 *(.rel.gnu.linkonce.t*)

.rela.text
 *(.rela.text)
 *(.rela.text.*)
 *(.rela.gnu.linkonce.t*)

.rel.fini
 *(.rel.fini)

.rela.fini
 *(.rela.fini)

.rel.rodata
 *(.rel.rodata)
 *(.rel.rodata.*)
 *(.rel.gnu.linkonce.r*)

.rela.rodata
 *(.rela.rodata)
 *(.rela.rodata.*)
 *(.rela.gnu.linkonce.r*)

.rel.data
 *(.rel.data)
 *(.rel.data.*)
 *(.rel.gnu.linkonce.d*)

.rela.data
 *(.rela.data)
 *(.rela.data.*)
 *(.rela.gnu.linkonce.d*)

.rel.ctors
 *(.rel.ctors)

.rela.ctors
 *(.rela.ctors)

.rel.dtors
 *(.rel.dtors)

.rela.dtors
 *(.rela.dtors)

.rel.got
 *(.rel.got)

.rela.got
 *(.rela.got)

.rel.bss
 *(.rel.bss)

.rela.bss
 *(.rela.bss)

.rel.plt
 *(.rel.plt)

.rela.plt
 *(.rela.plt)

.text           0x00000000     0x6aa6
 *(.vectors)
 .vectors       0x00000000       0xe4 C:/Program Files (x86)/Atmel/Studio/7.0/Packs/atmel/ATmega_DFP/1.6.364/gcc/dev/atmega2560/avr6/crtatmega2560.o
                0x00000000                __vector_default
                0x00000000                __vectors
 *(.vectors)
 *(.progmem.gcc*)
 .progmem.gcc_sw_table.prvProcessReceivedCommands
                0x000000e4       0x14 FreeRTOS/src/timers.o
 .progmem.gcc_sw_table.__vector_39
                0x000000f8       0xa2 ../drivers\libIotLibrary.a(twi.o)
                0x0000019a                . = ALIGN (0x2)
                0x0000019a                __trampolines_start = .
 *(.trampolines)
 .trampolines   0x0000019a        0x0 linker stubs
 *(.trampolines*)
                0x0000019a                __trampolines_end = .
 *libprintf_flt.a:*(.progmem.data)
 *libc.a:*(.progmem.data)
 *(.progmem*)
                0x0000019a                . = ALIGN (0x2)
 *(.jumptables)
 *(.jumptables*)
 *(.lowtext)
 .lowtext       0x0000019a       0x14 FreeRTOS/src/tasks.o
 .lowtext       0x000001ae       0x1e FreeRTOS/src/timers.o
 *(.lowtext*)
                0x000001cc                __ctors_start = .
 *(.ctors)
                0x000001cc                __ctors_end = .
                0x000001cc                __dtors_start = .
 *(.dtors)
                0x000001cc                __dtors_end = .
 SORT(*)(.ctors)
 SORT(*)(.dtors)
 *(.init0)
 .init0         0x000001cc        0x0 C:/Program Files (x86)/Atmel/Studio/7.0/Packs/atmel/ATmega_DFP/1.6.364/gcc/dev/atmega2560/avr6/crtatmega2560.o
                0x000001cc                __init
 *(.init0)
 *(.init1)
 *(.init1)
 *(.init2)
 .init2         0x000001cc       0x10 C:/Program Files (x86)/Atmel/Studio/7.0/Packs/atmel/ATmega_DFP/1.6.364/gcc/dev/atmega2560/avr6/crtatmega2560.o
 *(.init2)
 *(.init3)
 *(.init3)
 *(.init4)
 .init4         0x000001dc       0x1a c:/program files (x86)/atmel/studio/7.0/toolchain/avr8/avr8-gnu-toolchain/bin/../lib/gcc/avr/5.4.0/avr6\libgcc.a(_copy_data.o)
                0x000001dc                __do_copy_data
 .init4         0x000001f6       0x10 c:/program files (x86)/atmel/studio/7.0/toolchain/avr8/avr8-gnu-toolchain/bin/../lib/gcc/avr/5.4.0/avr6\libgcc.a(_clear_bss.o)
                0x000001f6                __do_clear_bss
 *(.init4)
 *(.init5)
 *(.init5)
 *(.init6)
 *(.init6)
 *(.init7)
 *(.init7)
 *(.init8)
 *(.init8)
 *(.init9)
 .init9         0x00000206        0x8 C:/Program Files (x86)/Atmel/Studio/7.0/Packs/atmel/ATmega_DFP/1.6.364/gcc/dev/atmega2560/avr6/crtatmega2560.o
 *(.init9)
 *(.text)
 .text          0x0000020e        0x2 C:/Program Files (x86)/Atmel/Studio/7.0/Packs/atmel/ATmega_DFP/1.6.364/gcc/dev/atmega2560/avr6/crtatmega2560.o
                0x0000020e                __vector_38
                0x0000020e                __vector_22
                0x0000020e                __vector_28
                0x0000020e                __vector_1
                0x0000020e                __vector_32
                0x0000020e                __vector_34
                0x0000020e                __vector_24
                0x0000020e                __vector_46
                0x0000020e                __bad_interrupt
                0x0000020e                __vector_6
                0x0000020e                __vector_31
                0x0000020e                __vector_35
                0x0000020e                __vector_3
                0x0000020e                __vector_23
                0x0000020e                __vector_30
                0x0000020e                __vector_45
                0x0000020e                __vector_11
                0x0000020e                __vector_13
                0x0000020e                __vector_17
                0x0000020e                __vector_19
                0x0000020e                __vector_56
                0x0000020e                __vector_7
                0x0000020e                __vector_49
                0x0000020e                __vector_41
                0x0000020e                __vector_43
                0x0000020e                __vector_27
                0x0000020e                __vector_5
                0x0000020e                __vector_33
                0x0000020e                __vector_47
                0x0000020e                __vector_4
                0x0000020e                __vector_44
                0x0000020e                __vector_9
                0x0000020e                __vector_2
                0x0000020e                __vector_21
                0x0000020e                __vector_15
                0x0000020e                __vector_29
                0x0000020e                __vector_40
                0x0000020e                __vector_8
                0x0000020e                __vector_48
                0x0000020e                __vector_14
                0x0000020e                __vector_53
                0x0000020e                __vector_10
                0x0000020e                __vector_50
                0x0000020e                __vector_16
                0x0000020e                __vector_18
                0x0000020e                __vector_20
                0x0000020e                __vector_42
                0x00000210                . = ALIGN (0x2)
 *(.text.*)
 .text.application_task_create
                0x00000210       0x28 Application.o
                0x00000210                application_task_create
 .text.application_run
                0x00000238      0x158 Application.o
                0x00000238                application_run
 .text.Application_Task
                0x00000390       0x28 Application.o
                0x00000390                Application_Task
 .text.myCo2CallBack
                0x000003b8       0x1c CO2_SensorImpl.o
                0x000003b8                myCo2CallBack
 .text.co2_task_create
                0x000003d4       0x28 CO2_SensorImpl.o
                0x000003d4                co2_task_create
 .text.get_CO2_data
                0x000003fc        0xa CO2_SensorImpl.o
                0x000003fc                get_CO2_data
 .text.CO2_taskRun
                0x00000406       0x60 CO2_SensorImpl.o
                0x00000406                CO2_taskRun
 .text.CO2_Sensor_Task
                0x00000466        0xc CO2_SensorImpl.o
                0x00000466                CO2_Sensor_Task
 .text.Configuration_SetMinTemperature
                0x00000472       0x46 ConfigurationImpl.o
                0x00000472                Configuration_SetMinTemperature
 .text.Configuration_SetMaxTemperature
                0x000004b8       0x44 ConfigurationImpl.o
                0x000004b8                Configuration_SetMaxTemperature
 .text.Configuration_SetMinHumidity
                0x000004fc       0x44 ConfigurationImpl.o
                0x000004fc                Configuration_SetMinHumidity
 .text.Configuration_SetMaxHumidity
                0x00000540       0x42 ConfigurationImpl.o
                0x00000540                Configuration_SetMaxHumidity
 .text.Configuration_GetMaxTemperature
                0x00000582        0xa ConfigurationImpl.o
                0x00000582                Configuration_GetMaxTemperature
 .text.Configuration_GetMinTemperature
                0x0000058c        0xa ConfigurationImpl.o
                0x0000058c                Configuration_GetMinTemperature
 .text.Configuration_GetMaxHumidity
                0x00000596        0xa ConfigurationImpl.o
                0x00000596                Configuration_GetMaxHumidity
 .text.Configuration_GetMinHumidity
                0x000005a0        0xa ConfigurationImpl.o
                0x000005a0                Configuration_GetMinHumidity
 .text.lora_DownLinkHandler_create
                0x000005aa       0x2c DownLinkHandler.o
                0x000005aa                lora_DownLinkHandler_create
 .text.lora_DownLinkHandler_task
                0x000005d6      0x112 DownLinkHandler.o
                0x000005d6                lora_DownLinkHandler_task
 .text.lora_DownLinkHandler_startTask
                0x000006e8        0x4 DownLinkHandler.o
                0x000006e8                lora_DownLinkHandler_startTask
 .text.prvTestWaitCondition
                0x000006ec       0x42 FreeRTOS/src/event_groups.o
 .text.xEventGroupCreate
                0x0000072e       0x26 FreeRTOS/src/event_groups.o
                0x0000072e                xEventGroupCreate
 .text.xEventGroupWaitBits
                0x00000754      0x140 FreeRTOS/src/event_groups.o
                0x00000754                xEventGroupWaitBits
 .text.xEventGroupSetBits
                0x00000894      0x11c FreeRTOS/src/event_groups.o
                0x00000894                xEventGroupSetBits
 .text.prvHeapInit
                0x000009b0       0x52 FreeRTOS/src/heap_4.o
 .text.prvInsertBlockIntoFreeList
                0x00000a02       0x94 FreeRTOS/src/heap_4.o
 .text.pvPortMalloc
                0x00000a96      0x152 FreeRTOS/src/heap_4.o
                0x00000a96                pvPortMalloc
 .text.vPortFree
                0x00000be8       0x7a FreeRTOS/src/heap_4.o
                0x00000be8                vPortFree
 .text.vListInitialise
                0x00000c62       0x22 FreeRTOS/src/list.o
                0x00000c62                vListInitialise
 .text.vListInitialiseItem
                0x00000c84        0x8 FreeRTOS/src/list.o
                0x00000c84                vListInitialiseItem
 .text.vListInsert
                0x00000c8c       0x7a FreeRTOS/src/list.o
                0x00000c8c                vListInsert
 .text.uxListRemove
                0x00000d06       0x4e FreeRTOS/src/list.o
                0x00000d06                uxListRemove
 .text.prvSetupTimerInterrupt
                0x00000d54       0x18 FreeRTOS/src/port.o
 .text.pxPortInitialiseStack
                0x00000d6c       0x2e FreeRTOS/src/port.o
                0x00000d6c                pxPortInitialiseStack
 .text.xPortStartScheduler
                0x00000d9a       0x64 FreeRTOS/src/port.o
                0x00000d9a                xPortStartScheduler
 .text.vPortYield
                0x00000dfe       0xc2 FreeRTOS/src/port.o
                0x00000dfe                vPortYield
 .text.vPortYieldFromTick
                0x00000ec0       0xca FreeRTOS/src/port.o
                0x00000ec0                vPortYieldFromTick
 .text.__vector_12
                0x00000f8a        0x4 FreeRTOS/src/port.o
                0x00000f8a                __vector_12
 .text.prvGetDisinheritPriorityAfterTimeout
                0x00000f8e       0x20 FreeRTOS/src/queue.o
 .text.prvIsQueueEmpty
                0x00000fae       0x1a FreeRTOS/src/queue.o
 .text.prvIsQueueFull
                0x00000fc8       0x1c FreeRTOS/src/queue.o
 .text.prvCopyDataToQueue
                0x00000fe4       0xbe FreeRTOS/src/queue.o
 .text.prvCopyDataFromQueue
                0x000010a2       0x34 FreeRTOS/src/queue.o
 .text.prvUnlockQueue
                0x000010d6       0x68 FreeRTOS/src/queue.o
 .text.xQueueGenericReset
                0x0000113e       0x86 FreeRTOS/src/queue.o
                0x0000113e                xQueueGenericReset
 .text.prvInitialiseNewQueue
                0x000011c4       0x24 FreeRTOS/src/queue.o
 .text.xQueueGenericCreate
                0x000011e8       0x46 FreeRTOS/src/queue.o
                0x000011e8                xQueueGenericCreate
 .text.xQueueGenericSend
                0x0000122e      0x124 FreeRTOS/src/queue.o
                0x0000122e                xQueueGenericSend
 .text.prvInitialiseMutex
                0x00001352       0x24 FreeRTOS/src/queue.o
 .text.xQueueCreateMutex
                0x00001376       0x18 FreeRTOS/src/queue.o
                0x00001376                xQueueCreateMutex
 .text.xQueueGenericSendFromISR
                0x0000138e       0x76 FreeRTOS/src/queue.o
                0x0000138e                xQueueGenericSendFromISR
 .text.xQueueReceive
                0x00001404      0x11e FreeRTOS/src/queue.o
                0x00001404                xQueueReceive
 .text.xQueueSemaphoreTake
                0x00001522      0x162 FreeRTOS/src/queue.o
                0x00001522                xQueueSemaphoreTake
 .text.vQueueWaitForMessageRestricted
                0x00001684       0x38 FreeRTOS/src/queue.o
                0x00001684                vQueueWaitForMessageRestricted
 .text.prvBytesInBuffer
                0x000016bc       0x26 FreeRTOS/src/stream_buffer.o
 .text.prvInitialiseNewStreamBuffer
                0x000016e2       0x20 FreeRTOS/src/stream_buffer.o
 .text.prvWriteBytesToBuffer
                0x00001702       0x92 FreeRTOS/src/stream_buffer.o
 .text.prvWriteMessageToBuffer
                0x00001794       0x86 FreeRTOS/src/stream_buffer.o
 .text.prvReadBytesFromBuffer
                0x0000181a       0x9e FreeRTOS/src/stream_buffer.o
 .text.prvReadMessageFromBuffer
                0x000018b8       0x8a FreeRTOS/src/stream_buffer.o
 .text.xStreamBufferGenericCreate
                0x00001942       0x64 FreeRTOS/src/stream_buffer.o
                0x00001942                xStreamBufferGenericCreate
 .text.xStreamBufferReset
                0x000019a6       0x3c FreeRTOS/src/stream_buffer.o
                0x000019a6                xStreamBufferReset
 .text.xStreamBufferSpacesAvailable
                0x000019e2       0x24 FreeRTOS/src/stream_buffer.o
                0x000019e2                xStreamBufferSpacesAvailable
 .text.xStreamBufferSend
                0x00001a06      0x18a FreeRTOS/src/stream_buffer.o
                0x00001a06                xStreamBufferSend
 .text.xStreamBufferSendFromISR
                0x00001b90       0x88 FreeRTOS/src/stream_buffer.o
                0x00001b90                xStreamBufferSendFromISR
 .text.xStreamBufferReceive
                0x00001c18      0x106 FreeRTOS/src/stream_buffer.o
                0x00001c18                xStreamBufferReceive
 .text.prvResetNextTaskUnblockTime
                0x00001d1e       0x4e FreeRTOS/src/tasks.o
 .text.prvDeleteTCB
                0x00001d6c       0x1a FreeRTOS/src/tasks.o
 .text.prvInitialiseNewTask
                0x00001d86       0xfc FreeRTOS/src/tasks.o
 .text.prvInitialiseTaskLists
                0x00001e82       0x60 FreeRTOS/src/tasks.o
 .text.prvAddNewTaskToReadyList
                0x00001ee2       0xde FreeRTOS/src/tasks.o
 .text.prvCheckTasksWaitingTermination
                0x00001fc0       0x4a FreeRTOS/src/tasks.o
 .text.prvAddCurrentTaskToDelayedList
                0x0000200a      0x144 FreeRTOS/src/tasks.o
 .text.xTaskCreate
                0x0000214e       0x98 FreeRTOS/src/tasks.o
                0x0000214e                xTaskCreate
 .text.vTaskStartScheduler
                0x000021e6       0x70 FreeRTOS/src/tasks.o
                0x000021e6                vTaskStartScheduler
 .text.vTaskSuspendAll
                0x00002256        0xc FreeRTOS/src/tasks.o
                0x00002256                vTaskSuspendAll
 .text.xTaskGetTickCount
                0x00002262       0x1c FreeRTOS/src/tasks.o
                0x00002262                xTaskGetTickCount
 .text.xTaskIncrementTick
                0x0000227e      0x258 FreeRTOS/src/tasks.o
                0x0000227e                xTaskIncrementTick
 .text.xTaskResumeAll
                0x000024d6      0x1b8 FreeRTOS/src/tasks.o
                0x000024d6                xTaskResumeAll
 .text.xTaskDelayUntil
                0x0000268e       0xca FreeRTOS/src/tasks.o
                0x0000268e                xTaskDelayUntil
 .text.vTaskDelay
                0x00002758       0x36 FreeRTOS/src/tasks.o
                0x00002758                vTaskDelay
 .text.vTaskSwitchContext
                0x0000278e       0xca FreeRTOS/src/tasks.o
                0x0000278e                vTaskSwitchContext
 .text.vTaskPlaceOnEventList
                0x00002858       0x2e FreeRTOS/src/tasks.o
                0x00002858                vTaskPlaceOnEventList
 .text.vTaskPlaceOnUnorderedEventList
                0x00002886       0x94 FreeRTOS/src/tasks.o
                0x00002886                vTaskPlaceOnUnorderedEventList
 .text.vTaskPlaceOnEventListRestricted
                0x0000291a       0x84 FreeRTOS/src/tasks.o
                0x0000291a                vTaskPlaceOnEventListRestricted
 .text.xTaskRemoveFromEventList
                0x0000299e      0x15e FreeRTOS/src/tasks.o
                0x0000299e                xTaskRemoveFromEventList
 .text.vTaskRemoveFromUnorderedEventList
                0x00002afc      0x134 FreeRTOS/src/tasks.o
                0x00002afc                vTaskRemoveFromUnorderedEventList
 .text.vTaskSetTimeOutState
                0x00002c30       0x2c FreeRTOS/src/tasks.o
                0x00002c30                vTaskSetTimeOutState
 .text.vTaskInternalSetTimeOutState
                0x00002c5c       0x22 FreeRTOS/src/tasks.o
                0x00002c5c                vTaskInternalSetTimeOutState
 .text.xTaskCheckForTimeOut
                0x00002c7e       0xcc FreeRTOS/src/tasks.o
                0x00002c7e                xTaskCheckForTimeOut
 .text.vTaskMissedYield
                0x00002d4a        0x8 FreeRTOS/src/tasks.o
                0x00002d4a                vTaskMissedYield
 .text.xTaskGetCurrentTaskHandle
                0x00002d52        0xa FreeRTOS/src/tasks.o
                0x00002d52                xTaskGetCurrentTaskHandle
 .text.xTaskGetSchedulerState
                0x00002d5c       0x1c FreeRTOS/src/tasks.o
                0x00002d5c                xTaskGetSchedulerState
 .text.xTaskPriorityInherit
                0x00002d78      0x10e FreeRTOS/src/tasks.o
                0x00002d78                xTaskPriorityInherit
 .text.xTaskPriorityDisinherit
                0x00002e86       0xb6 FreeRTOS/src/tasks.o
                0x00002e86                xTaskPriorityDisinherit
 .text.vTaskPriorityDisinheritAfterTimeout
                0x00002f3c       0xce FreeRTOS/src/tasks.o
                0x00002f3c                vTaskPriorityDisinheritAfterTimeout
 .text.uxTaskResetEventItemValue
                0x0000300a       0x54 FreeRTOS/src/tasks.o
                0x0000300a                uxTaskResetEventItemValue
 .text.pvTaskIncrementMutexHeldCount
                0x0000305e       0x24 FreeRTOS/src/tasks.o
                0x0000305e                pvTaskIncrementMutexHeldCount
 .text.xTaskGenericNotifyWait
                0x00003082      0x150 FreeRTOS/src/tasks.o
                0x00003082                xTaskGenericNotifyWait
 .text.xTaskGenericNotify
                0x000031d2      0x1ee FreeRTOS/src/tasks.o
                0x000031d2                xTaskGenericNotify
 .text.xTaskGenericNotifyFromISR
                0x000033c0      0x244 FreeRTOS/src/tasks.o
                0x000033c0                xTaskGenericNotifyFromISR
 .text.xTaskGenericNotifyStateClear
                0x00003604       0x34 FreeRTOS/src/tasks.o
                0x00003604                xTaskGenericNotifyStateClear
 .text.prvGetNextExpireTime
                0x00003638       0x30 FreeRTOS/src/timers.o
 .text.prvInsertTimerInActiveList
                0x00003668       0x92 FreeRTOS/src/timers.o
 .text.prvCheckForValidListAndQueue
                0x000036fa       0x52 FreeRTOS/src/timers.o
 .text.xTimerCreateTimerTask
                0x0000374c       0x42 FreeRTOS/src/timers.o
                0x0000374c                xTimerCreateTimerTask
 .text.xTimerGenericCommand
                0x0000378e       0xbc FreeRTOS/src/timers.o
                0x0000378e                xTimerGenericCommand
 .text.prvSwitchTimerLists
                0x0000384a       0xd0 FreeRTOS/src/timers.o
 .text.prvSampleTimeNow
                0x0000391a       0x5c FreeRTOS/src/timers.o
 .text.prvProcessExpiredTimer
                0x00003976       0xac FreeRTOS/src/timers.o
 .text.prvProcessTimerOrBlockTask
                0x00003a22       0xae FreeRTOS/src/timers.o
 .text.prvProcessReceivedCommands
                0x00003ad0      0x168 FreeRTOS/src/timers.o
 .text.vApplicationIdleHook
                0x00003c38        0x2 FreeRTOS/src/variantHooks.o
                0x00003c38                vApplicationIdleHook
 .text.prvSetMainLedOn
                0x00003c3a        0xe FreeRTOS/src/variantHooks.o
                0x00003c3a                prvSetMainLedOn
 .text.prvBlinkMainLed
                0x00003c48        0x8 FreeRTOS/src/variantHooks.o
                0x00003c48                prvBlinkMainLed
 .text.vApplicationMallocFailedHook
                0x00003c50       0x18 FreeRTOS/src/variantHooks.o
                0x00003c50                vApplicationMallocFailedHook
 .text.vApplicationStackOverflowHook
                0x00003c68       0x18 FreeRTOS/src/variantHooks.o
                0x00003c68                vApplicationStackOverflowHook
 .text.conditioner_controller_create
                0x00003c80       0x28 ConditionerControllerHandler.o
                0x00003c80                conditioner_controller_create
 .text.Conditioner_task
                0x00003ca8       0xf6 ConditionerControllerHandler.o
                0x00003ca8                Conditioner_task
 .text.Conditioner_Task_Run
                0x00003d9e        0x4 ConditionerControllerHandler.o
                0x00003d9e                Conditioner_Task_Run
 .text.create_message_buffer
                0x00003da2       0x2e Utility.o
                0x00003da2                create_message_buffer
 .text.create_mutex
                0x00003dd0       0x10 Utility.o
                0x00003dd0                create_mutex
 .text.create_event_groups
                0x00003de0       0x1a Utility.o
                0x00003de0                create_event_groups
 .text.SensorDataPackage_create
                0x00003dfa       0x1a SensorDataHandler.o
                0x00003dfa                SensorDataPackage_create
 .text.setCO2Ppm
                0x00003e14        0xe SensorDataHandler.o
                0x00003e14                setCO2Ppm
 .text.setTemperatureData
                0x00003e22        0xe SensorDataHandler.o
                0x00003e22                setTemperatureData
 .text.setHumidityData
                0x00003e30        0xe SensorDataHandler.o
                0x00003e30                setHumidityData
 .text.getLoRaPayload
                0x00003e3e       0x4a SensorDataHandler.o
                0x00003e3e                getLoRaPayload
 .text.get_temperature_data
                0x00003e88       0x16 TempHumSensorImpl.o
                0x00003e88                get_temperature_data
 .text.get_humidity_data
                0x00003e9e        0xa TempHumSensorImpl.o
                0x00003e9e                get_humidity_data
 .text.tempHum_taskCreate
                0x00003ea8       0x28 TempHumSensorImpl.o
                0x00003ea8                tempHum_taskCreate
 .text.tempHum_Run
                0x00003ed0       0xe6 TempHumSensorImpl.o
                0x00003ed0                tempHum_Run
 .text.tempHum_Task
                0x00003fb6        0x4 TempHumSensorImpl.o
                0x00003fb6                tempHum_Task
 .text.uplink_lora_setup
                0x00003fba      0x1a8 UpLinkHandler.o
 .text.upLink_create
                0x00004162       0x2c UpLinkHandler.o
                0x00004162                upLink_create
 .text.send     0x0000418e       0x50 UpLinkHandler.o
                0x0000418e                send
 .text.lora_Handler_task
                0x000041de       0x2c UpLinkHandler.o
                0x000041de                lora_Handler_task
 .text.upLinkHandler_StartTask
                0x0000420a        0x2 UpLinkHandler.o
                0x0000420a                upLinkHandler_StartTask
 .text.create_tasks
                0x0000420c       0x1a main.o
                0x0000420c                create_tasks
 .text.drivers_initialisation
                0x00004226        0xa main.o
                0x00004226                drivers_initialisation
 .text.createUtility
                0x00004230        0x8 main.o
                0x00004230                createUtility
 .text.initialiseSystem
                0x00004238       0x30 main.o
                0x00004238                initialiseSystem
 .text.main     0x00004268       0x14 main.o
                0x00004268                main
 .text.avr-libc.fplib
                0x0000427c       0x58 c:/program files (x86)/atmel/studio/7.0/toolchain/avr8/avr8-gnu-toolchain/bin/../lib/gcc/avr/5.4.0/../../../../avr/lib/avr6\libm.a(fixunssfsi.o)
                0x0000427c                __fixunssfsi
 .text.avr-libc.fplib
                0x000042d4       0x7a c:/program files (x86)/atmel/studio/7.0/toolchain/avr8/avr8-gnu-toolchain/bin/../lib/gcc/avr/5.4.0/../../../../avr/lib/avr6\libm.a(floatsisf.o)
                0x000042d4                __floatunsisf
                0x000042d8                __floatsisf
 .text.avr-libc.fplib
                0x0000434e       0x44 c:/program files (x86)/atmel/studio/7.0/toolchain/avr8/avr8-gnu-toolchain/bin/../lib/gcc/avr/5.4.0/../../../../avr/lib/avr6\libm.a(fp_split3.o)
                0x0000434e                __fp_split3
                0x0000435e                __fp_splitA
 .text.avr-libc.fplib
                0x00004392        0xe c:/program files (x86)/atmel/studio/7.0/toolchain/avr8/avr8-gnu-toolchain/bin/../lib/gcc/avr/5.4.0/../../../../avr/lib/avr6\libm.a(fp_zero.o)
                0x00004392                __fp_zero
                0x00004394                __fp_szero
 .text._hihTwiCallback
                0x000043a0       0x5a ../drivers\libIotLibrary.a(hih8120.o)
 .text.hih8120_initialise
                0x000043fa       0x30 ../drivers\libIotLibrary.a(hih8120.o)
                0x000043fa                hih8120_initialise
 .text.hih8120_wakeup
                0x0000442a       0x2a ../drivers\libIotLibrary.a(hih8120.o)
                0x0000442a                hih8120_wakeup
 .text.hih8120_measure
                0x00004454       0x22 ../drivers\libIotLibrary.a(hih8120.o)
                0x00004454                hih8120_measure
 .text.hih8120_getHumidity
                0x00004476       0x28 ../drivers\libIotLibrary.a(hih8120.o)
                0x00004476                hih8120_getHumidity
 .text.hih8120_getHumidityPercent_x10
                0x0000449e       0x14 ../drivers\libIotLibrary.a(hih8120.o)
                0x0000449e                hih8120_getHumidityPercent_x10
 .text.hih8120_getTemperature
                0x000044b2       0x34 ../drivers\libIotLibrary.a(hih8120.o)
                0x000044b2                hih8120_getTemperature
 .text.hih8120_getTemperature_x10
                0x000044e6       0x16 ../drivers\libIotLibrary.a(hih8120.o)
                0x000044e6                hih8120_getTemperature_x10
 .text._serialCallBack
                0x000044fc       0x8c ../drivers\libIotLibrary.a(lora_driver.o)
 .text._uploadMessage
                0x00004588       0xb4 ../drivers\libIotLibrary.a(lora_driver.o)
 .text._reply2ReturnCode
                0x0000463c       0xea ../drivers\libIotLibrary.a(lora_driver.o)
 .text._uploadMessageRc
                0x00004726        0x6 ../drivers\libIotLibrary.a(lora_driver.o)
 .text.lora_driver_flushBuffers
                0x0000472c        0xe ../drivers\libIotLibrary.a(lora_driver.o)
                0x0000472c                lora_driver_flushBuffers
 .text.lora_driver_initialise
                0x0000473a       0x80 ../drivers\libIotLibrary.a(lora_driver.o)
                0x0000473a                lora_driver_initialise
 .text.lora_driver_resetRn2483
                0x000047ba       0x1c ../drivers\libIotLibrary.a(lora_driver.o)
                0x000047ba                lora_driver_resetRn2483
 .text.lora_driver_rn2483FactoryReset
                0x000047d6       0x24 ../drivers\libIotLibrary.a(lora_driver.o)
                0x000047d6                lora_driver_rn2483FactoryReset
 .text.lora_driver_getRn2483Hweui
                0x000047fa       0x38 ../drivers\libIotLibrary.a(lora_driver.o)
                0x000047fa                lora_driver_getRn2483Hweui
 .text.lora_driver_setDeviceIdentifier
                0x00004832       0x22 ../drivers\libIotLibrary.a(lora_driver.o)
                0x00004832                lora_driver_setDeviceIdentifier
 .text.lora_driver_setApplicationIdentifier
                0x00004854       0x22 ../drivers\libIotLibrary.a(lora_driver.o)
                0x00004854                lora_driver_setApplicationIdentifier
 .text.lora_driver_setApplicationKey
                0x00004876       0x22 ../drivers\libIotLibrary.a(lora_driver.o)
                0x00004876                lora_driver_setApplicationKey
 .text.lora_driver_saveMac
                0x00004898        0xc ../drivers\libIotLibrary.a(lora_driver.o)
                0x00004898                lora_driver_saveMac
 .text.lora_driver_join
                0x000048a4       0x52 ../drivers\libIotLibrary.a(lora_driver.o)
                0x000048a4                lora_driver_join
 .text.lora_driver_sendUploadMessage
                0x000048f6      0x196 ../drivers\libIotLibrary.a(lora_driver.o)
                0x000048f6                lora_driver_sendUploadMessage
 .text.lora_driver_setAdaptiveDataRate
                0x00004a8c       0x16 ../drivers\libIotLibrary.a(lora_driver.o)
                0x00004a8c                lora_driver_setAdaptiveDataRate
 .text.lora_driver_setReceiveDelay
                0x00004aa2       0x30 ../drivers\libIotLibrary.a(lora_driver.o)
                0x00004aa2                lora_driver_setReceiveDelay
 .text.lora_driver_configureToEu868
                0x00004ad2      0x1bc ../drivers\libIotLibrary.a(lora_driver.o)
                0x00004ad2                lora_driver_configureToEu868
 .text.lora_driver_setOtaaIdentity
                0x00004c8e       0x42 ../drivers\libIotLibrary.a(lora_driver.o)
                0x00004c8e                lora_driver_setOtaaIdentity
 .text.lora_driver_mapReturnCodeToText
                0x00004cd0       0x18 ../drivers\libIotLibrary.a(lora_driver.o)
                0x00004cd0                lora_driver_mapReturnCodeToText
 .text.decode_port_no
                0x00004ce8       0x58 ../drivers\libIotLibrary.a(lora_driver_utils.o)
                0x00004ce8                decode_port_no
 .text.decode_hexadecimal_string_bytes
                0x00004d40       0x92 ../drivers\libIotLibrary.a(lora_driver_utils.o)
                0x00004d40                decode_hexadecimal_string_bytes
 .text._serialCallBack
                0x00004dd2       0xb6 ../drivers\libIotLibrary.a(mh_z19.o)
 .text.mh_z19_initialise
                0x00004e88       0x4a ../drivers\libIotLibrary.a(mh_z19.o)
                0x00004e88                mh_z19_initialise
 .text.mh_z19_injectCallBack
                0x00004ed2        0xa ../drivers\libIotLibrary.a(mh_z19.o)
                0x00004ed2                mh_z19_injectCallBack
 .text.mh_z19_takeMeassuring
                0x00004edc       0x5e ../drivers\libIotLibrary.a(mh_z19.o)
                0x00004edc                mh_z19_takeMeassuring
 .text.rc_servo_setPosition
                0x00004f3a       0x30 ../drivers\libIotLibrary.a(rc_servo.o)
                0x00004f3a                rc_servo_setPosition
 .text.rc_servo_initialise
                0x00004f6a       0x38 ../drivers\libIotLibrary.a(rc_servo.o)
                0x00004f6a                rc_servo_initialise
 .text.serial_create
                0x00004fa2      0x142 ../drivers\libIotLibrary.a(serial.o)
                0x00004fa2                serial_create
 .text.serial_sendByte
                0x000050e4       0x56 ../drivers\libIotLibrary.a(serial.o)
                0x000050e4                serial_sendByte
 .text.serial_sendBytes
                0x0000513a       0xaa ../drivers\libIotLibrary.a(serial.o)
                0x0000513a                serial_sendBytes
 .text.serial_getByte
                0x000051e4       0x40 ../drivers\libIotLibrary.a(serial.o)
                0x000051e4                serial_getByte
 .text.__vector_25
                0x00005224       0xa4 ../drivers\libIotLibrary.a(serial.o)
                0x00005224                __vector_25
 .text.__vector_26
                0x000052c8       0x88 ../drivers\libIotLibrary.a(serial.o)
                0x000052c8                __vector_26
 .text.__vector_36
                0x00005350       0xa4 ../drivers\libIotLibrary.a(serial.o)
                0x00005350                __vector_36
 .text.__vector_37
                0x000053f4       0x88 ../drivers\libIotLibrary.a(serial.o)
                0x000053f4                __vector_37
 .text.__vector_51
                0x0000547c       0xa4 ../drivers\libIotLibrary.a(serial.o)
                0x0000547c                __vector_51
 .text.__vector_52
                0x00005520       0x88 ../drivers\libIotLibrary.a(serial.o)
                0x00005520                __vector_52
 .text.__vector_54
                0x000055a8       0xa4 ../drivers\libIotLibrary.a(serial.o)
                0x000055a8                __vector_54
 .text.__vector_55
                0x0000564c       0x88 ../drivers\libIotLibrary.a(serial.o)
                0x0000564c                __vector_55
 .text.usart_getchar
                0x000056d4       0x2a ../drivers\libIotLibrary.a(stdio_driver.o)
 .text.usart_putchar
                0x000056fe       0x12 ../drivers\libIotLibrary.a(stdio_driver.o)
 .text.stdio_initialise
                0x00005710       0x52 ../drivers\libIotLibrary.a(stdio_driver.o)
                0x00005710                stdio_initialise
 .text._turn_off
                0x00005762       0x98 ../drivers\libIotLibrary.a(status_leds.o)
 .text._turn_on
                0x000057fa       0x98 ../drivers\libIotLibrary.a(status_leds.o)
 .text._hal_led_task
                0x00005892       0x8c ../drivers\libIotLibrary.a(status_leds.o)
 .text.status_leds_initialise
                0x0000591e       0x9c ../drivers\libIotLibrary.a(status_leds.o)
                0x0000591e                status_leds_initialise
 .text.status_leds_slowBlink
                0x000059ba       0x46 ../drivers\libIotLibrary.a(status_leds.o)
                0x000059ba                status_leds_slowBlink
 .text.status_leds_fastBlink
                0x00005a00       0x46 ../drivers\libIotLibrary.a(status_leds.o)
                0x00005a00                status_leds_fastBlink
 .text.status_leds_ledOn
                0x00005a46       0x1e ../drivers\libIotLibrary.a(status_leds.o)
                0x00005a46                status_leds_ledOn
 .text.status_leds_ledOff
                0x00005a64       0x1e ../drivers\libIotLibrary.a(status_leds.o)
                0x00005a64                status_leds_ledOff
 .text.status_leds_longPuls
                0x00005a82       0x24 ../drivers\libIotLibrary.a(status_leds.o)
                0x00005a82                status_leds_longPuls
 .text.status_leds_shortPuls
                0x00005aa6       0x22 ../drivers\libIotLibrary.a(status_leds.o)
                0x00005aa6                status_leds_shortPuls
 .text._initTwiInterface
                0x00005ac8       0x22 ../drivers\libIotLibrary.a(twi.o)
 .text.twiCreate
                0x00005aea       0x9a ../drivers\libIotLibrary.a(twi.o)
                0x00005aea                twiCreate
 .text.twiIsBusy
                0x00005b84        0x8 ../drivers\libIotLibrary.a(twi.o)
                0x00005b84                twiIsBusy
 .text.twiTransmit
                0x00005b8c       0x98 ../drivers\libIotLibrary.a(twi.o)
                0x00005b8c                twiTransmit
 .text.twiReceive
                0x00005c24       0x66 ../drivers\libIotLibrary.a(twi.o)
                0x00005c24                twiReceive
 .text.__vector_39
                0x00005c8a      0x17a ../drivers\libIotLibrary.a(twi.o)
                0x00005c8a                __vector_39
 .text.fifo_init
                0x00005e04       0x38 ../drivers\libIotLibrary.a(fifo.o)
                0x00005e04                fifo_init
 .text.avr-libc.fplib
                0x00005e3c        0xa c:/program files (x86)/atmel/studio/7.0/toolchain/avr8/avr8-gnu-toolchain/bin/../lib/gcc/avr/5.4.0/../../../../avr/lib/avr6\libm.a(addsf3.o)
                0x00005e3c                __subsf3
                0x00005e3e                __addsf3
 .text.avr-libc.fplib
                0x00005e46       0xc4 c:/program files (x86)/atmel/studio/7.0/toolchain/avr8/avr8-gnu-toolchain/bin/../lib/gcc/avr/5.4.0/../../../../avr/lib/avr6\libm.a(addsf3x.o)
                0x00005e60                __addsf3x
 .text.avr-libc.fplib
                0x00005f0a        0x4 c:/program files (x86)/atmel/studio/7.0/toolchain/avr8/avr8-gnu-toolchain/bin/../lib/gcc/avr/5.4.0/../../../../avr/lib/avr6\libm.a(divsf3.o)
                0x00005f0a                __divsf3
 .text.avr-libc.fplib
                0x00005f0e       0xd2 c:/program files (x86)/atmel/studio/7.0/toolchain/avr8/avr8-gnu-toolchain/bin/../lib/gcc/avr/5.4.0/../../../../avr/lib/avr6\libm.a(divsf3x.o)
                0x00005f26                __divsf3x
                0x00005f2c                __divsf3_pse
 .text.avr-libc.fplib
                0x00005fe0        0xe c:/program files (x86)/atmel/studio/7.0/toolchain/avr8/avr8-gnu-toolchain/bin/../lib/gcc/avr/5.4.0/../../../../avr/lib/avr6\libm.a(fixsfsi.o)
                0x00005fe0                __fixsfsi
 .text.avr-libc.fplib
                0x00005fee        0xc c:/program files (x86)/atmel/studio/7.0/toolchain/avr8/avr8-gnu-toolchain/bin/../lib/gcc/avr/5.4.0/../../../../avr/lib/avr6\libm.a(fp_inf.o)
                0x00005fee                __fp_inf
 .text.avr-libc.fplib
                0x00005ffa        0x6 c:/program files (x86)/atmel/studio/7.0/toolchain/avr8/avr8-gnu-toolchain/bin/../lib/gcc/avr/5.4.0/../../../../avr/lib/avr6\libm.a(fp_nan.o)
                0x00005ffa                __fp_nan
 .text.avr-libc.fplib
                0x00006000        0xe c:/program files (x86)/atmel/studio/7.0/toolchain/avr8/avr8-gnu-toolchain/bin/../lib/gcc/avr/5.4.0/../../../../avr/lib/avr6\libm.a(fp_pscA.o)
                0x00006000                __fp_pscA
 .text.avr-libc.fplib
                0x0000600e        0xe c:/program files (x86)/atmel/studio/7.0/toolchain/avr8/avr8-gnu-toolchain/bin/../lib/gcc/avr/5.4.0/../../../../avr/lib/avr6\libm.a(fp_pscB.o)
                0x0000600e                __fp_pscB
 .text.avr-libc.fplib
                0x0000601c       0x22 c:/program files (x86)/atmel/studio/7.0/toolchain/avr8/avr8-gnu-toolchain/bin/../lib/gcc/avr/5.4.0/../../../../avr/lib/avr6\libm.a(fp_round.o)
                0x0000601c                __fp_round
 .text.avr-libc.fplib
                0x0000603e        0x4 c:/program files (x86)/atmel/studio/7.0/toolchain/avr8/avr8-gnu-toolchain/bin/../lib/gcc/avr/5.4.0/../../../../avr/lib/avr6\libm.a(mulsf3.o)
                0x0000603e                __mulsf3
 .text.avr-libc.fplib
                0x00006042       0xc8 c:/program files (x86)/atmel/studio/7.0/toolchain/avr8/avr8-gnu-toolchain/bin/../lib/gcc/avr/5.4.0/../../../../avr/lib/avr6\libm.a(mulsf3x.o)
                0x00006058                __mulsf3x
                0x0000605e                __mulsf3_pse
 .text.libgcc.div
                0x0000610a       0x44 c:/program files (x86)/atmel/studio/7.0/toolchain/avr8/avr8-gnu-toolchain/bin/../lib/gcc/avr/5.4.0/avr6\libgcc.a(_udivmodsi4.o)
                0x0000610a                __udivmodsi4
 .text.libgcc   0x0000614e       0x10 c:/program files (x86)/atmel/studio/7.0/toolchain/avr8/avr8-gnu-toolchain/bin/../lib/gcc/avr/5.4.0/avr6\libgcc.a(_tablejump2.o)
                0x0000614e                __tablejump2__
 .text.avr-libc
                0x0000615e      0x242 c:/program files (x86)/atmel/studio/7.0/toolchain/avr8/avr8-gnu-toolchain/bin/../lib/gcc/avr/5.4.0/../../../../avr/lib/avr6\libc.a(malloc.o)
                0x0000615e                malloc
                0x0000628e                free
 .text.avr-libc
                0x000063a0        0x8 c:/program files (x86)/atmel/studio/7.0/toolchain/avr8/avr8-gnu-toolchain/bin/../lib/gcc/avr/5.4.0/../../../../avr/lib/avr6\libc.a(abort.o)
                0x000063a0                abort
 .text.avr-libc
                0x000063a8       0x12 c:/program files (x86)/atmel/studio/7.0/toolchain/avr8/avr8-gnu-toolchain/bin/../lib/gcc/avr/5.4.0/../../../../avr/lib/avr6\libc.a(memcpy.o)
                0x000063a8                memcpy
 .text.avr-libc
                0x000063ba        0xe c:/program files (x86)/atmel/studio/7.0/toolchain/avr8/avr8-gnu-toolchain/bin/../lib/gcc/avr/5.4.0/../../../../avr/lib/avr6\libc.a(memset.o)
                0x000063ba                memset
 .text.avr-libc
                0x000063c8       0x4a c:/program files (x86)/atmel/studio/7.0/toolchain/avr8/avr8-gnu-toolchain/bin/../lib/gcc/avr/5.4.0/../../../../avr/lib/avr6\libc.a(strcasestr.o)
                0x000063c8                strcasestr
 .text.avr-libc
                0x00006412       0x16 c:/program files (x86)/atmel/studio/7.0/toolchain/avr8/avr8-gnu-toolchain/bin/../lib/gcc/avr/5.4.0/../../../../avr/lib/avr6\libc.a(strcat.o)
                0x00006412                strcat
 .text.avr-libc
                0x00006428        0xe c:/program files (x86)/atmel/studio/7.0/toolchain/avr8/avr8-gnu-toolchain/bin/../lib/gcc/avr/5.4.0/../../../../avr/lib/avr6\libc.a(strcpy.o)
                0x00006428                strcpy
 .text.avr-libc
                0x00006436       0x30 c:/program files (x86)/atmel/studio/7.0/toolchain/avr8/avr8-gnu-toolchain/bin/../lib/gcc/avr/5.4.0/../../../../avr/lib/avr6\libc.a(strncasecmp.o)
                0x00006436                strncasecmp
 .text.avr-libc
                0x00006466       0x26 c:/program files (x86)/atmel/studio/7.0/toolchain/avr8/avr8-gnu-toolchain/bin/../lib/gcc/avr/5.4.0/../../../../avr/lib/avr6\libc.a(printf.o)
                0x00006466                printf
 .text.avr-libc
                0x0000648c       0x60 c:/program files (x86)/atmel/studio/7.0/toolchain/avr8/avr8-gnu-toolchain/bin/../lib/gcc/avr/5.4.0/../../../../avr/lib/avr6\libc.a(puts.o)
                0x0000648c                puts
 .text.avr-libc
                0x000064ec       0x5c c:/program files (x86)/atmel/studio/7.0/toolchain/avr8/avr8-gnu-toolchain/bin/../lib/gcc/avr/5.4.0/../../../../avr/lib/avr6\libc.a(sprintf.o)
                0x000064ec                sprintf
 .text.avr-libc
                0x00006548      0x3fa c:/program files (x86)/atmel/studio/7.0/toolchain/avr8/avr8-gnu-toolchain/bin/../lib/gcc/avr/5.4.0/../../../../avr/lib/avr6\libc.a(vfprintf_std.o)
                0x00006548                vfprintf
 .text.avr-libc
                0x00006942       0x16 c:/program files (x86)/atmel/studio/7.0/toolchain/avr8/avr8-gnu-toolchain/bin/../lib/gcc/avr/5.4.0/../../../../avr/lib/avr6\libc.a(strnlen_P.o)
                0x00006942                strnlen_P
 .text.avr-libc
                0x00006958       0x16 c:/program files (x86)/atmel/studio/7.0/toolchain/avr8/avr8-gnu-toolchain/bin/../lib/gcc/avr/5.4.0/../../../../avr/lib/avr6\libc.a(strnlen.o)
                0x00006958                strnlen
 .text.avr-libc
                0x0000696e       0x78 c:/program files (x86)/atmel/studio/7.0/toolchain/avr8/avr8-gnu-toolchain/bin/../lib/gcc/avr/5.4.0/../../../../avr/lib/avr6\libc.a(fputc.o)
                0x0000696e                fputc
 .text.avr-libc
                0x000069e6       0xbc c:/program files (x86)/atmel/studio/7.0/toolchain/avr8/avr8-gnu-toolchain/bin/../lib/gcc/avr/5.4.0/../../../../avr/lib/avr6\libc.a(ultoa_invert.o)
                0x000069e6                __ultoa_invert
                0x00006aa2                . = ALIGN (0x2)
 *(.fini9)
 .fini9         0x00006aa2        0x0 c:/program files (x86)/atmel/studio/7.0/toolchain/avr8/avr8-gnu-toolchain/bin/../lib/gcc/avr/5.4.0/avr6\libgcc.a(_exit.o)
                0x00006aa2                _exit
                0x00006aa2                exit
 *(.fini9)
 *(.fini8)
 *(.fini8)
 *(.fini7)
 *(.fini7)
 *(.fini6)
 *(.fini6)
 *(.fini5)
 *(.fini5)
 *(.fini4)
 *(.fini4)
 *(.fini3)
 *(.fini3)
 *(.fini2)
 *(.fini2)
 *(.fini1)
 *(.fini1)
 *(.fini0)
 .fini0         0x00006aa2        0x4 c:/program files (x86)/atmel/studio/7.0/toolchain/avr8/avr8-gnu-toolchain/bin/../lib/gcc/avr/5.4.0/avr6\libgcc.a(_exit.o)
 *(.fini0)
                0x00006aa6                _etext = .

.data           0x00800200      0x638 load address 0x00006aa6
                0x00800200                PROVIDE (__data_start, .)
 *(.data)
 .data          0x00800200        0x6 c:/program files (x86)/atmel/studio/7.0/toolchain/avr8/avr8-gnu-toolchain/bin/../lib/gcc/avr/5.4.0/../../../../avr/lib/avr6\libc.a(malloc.o)
                0x00800200                __malloc_heap_end
                0x00800202                __malloc_heap_start
                0x00800204                __malloc_margin
 *(.data*)
 .data.uxTopUsedPriority
                0x00800206        0x1 FreeRTOS/src/tasks.o
                0x00800206                uxTopUsedPriority
 .data._temp    0x00800207        0x2 ../drivers\libIotLibrary.a(hih8120.o)
 .data._hum     0x00800209        0x2 ../drivers\libIotLibrary.a(hih8120.o)
 .data._com_port_2_udr
                0x0080020b        0x8 ../drivers\libIotLibrary.a(serial.o)
                0x0080020b                _com_port_2_udr
 .data.mystdout.1882
                0x00800213        0xe ../drivers\libIotLibrary.a(stdio_driver.o)
 .data._twiCurrentState
                0x00800221        0x1 ../drivers\libIotLibrary.a(twi.o)
 *(.gnu.linkonce.d*)
 *(.rodata)
 .rodata        0x00800222       0x20 ../drivers\libIotLibrary.a(lora_driver.o)
 .rodata        0x00800242       0x2d ../drivers\libIotLibrary.a(mh_z19.o)
 *(.rodata*)
 .rodata.str1.1
                0x0080026f       0x50 Application.o
 .rodata.str1.1
                0x008002bf       0x1c CO2_SensorImpl.o
 .rodata.str1.1
                0x008002db       0x75 DownLinkHandler.o
 .rodata.str1.1
                0x00800350        0x5 FreeRTOS/src/tasks.o
 .rodata.str1.1
                0x00800355        0x8 FreeRTOS/src/timers.o
 .rodata.str1.1
                0x0080035d       0x27 ConditionerControllerHandler.o
 .rodata.str1.1
                0x00800384       0x4f TempHumSensorImpl.o
 .rodata.str1.1
                0x008003d3      0x17f UpLinkHandler.o
 .rodata.str1.1
                0x00800552       0x11 main.o
 .rodata.str1.1
                0x00800563      0x295 ../drivers\libIotLibrary.a(lora_driver.o)
                                0x2a5 (size before relaxing)
 .rodata._joinMode
                0x008007f8        0x4 ../drivers\libIotLibrary.a(lora_driver.o)
 .rodata._returnCode
                0x008007fc       0x33 ../drivers\libIotLibrary.a(lora_driver.o)
                0x008007fc                _returnCode
 .rodata.str1.1
                0x0080082f        0x8 ../drivers\libIotLibrary.a(status_leds.o)
 *(.gnu.linkonce.r*)
                0x00800838                . = ALIGN (0x2)
 *fill*         0x00800837        0x1 
                0x00800838                _edata = .
                0x00800838                PROVIDE (__data_end, .)

.bss            0x00800838     0x1069
                0x00800838                PROVIDE (__bss_start, .)
 *(.bss)
 *(.bss*)
 .bss._downlink_payload
                0x00800838       0x16 DownLinkHandler.o
 .bss.xBlockAllocatedBit
                0x0080084e        0x2 FreeRTOS/src/heap_4.o
 .bss.xNumberOfSuccessfulFrees
                0x00800850        0x2 FreeRTOS/src/heap_4.o
 .bss.xNumberOfSuccessfulAllocations
                0x00800852        0x2 FreeRTOS/src/heap_4.o
 .bss.xMinimumEverFreeBytesRemaining
                0x00800854        0x2 FreeRTOS/src/heap_4.o
 .bss.xFreeBytesRemaining
                0x00800856        0x2 FreeRTOS/src/heap_4.o
 .bss.pxEnd     0x00800858        0x2 FreeRTOS/src/heap_4.o
 .bss.xStart    0x0080085a        0x4 FreeRTOS/src/heap_4.o
 .bss.ucHeap    0x0080085e      0xdac FreeRTOS/src/heap_4.o
 .bss.uxSchedulerSuspended
                0x0080160a        0x1 FreeRTOS/src/tasks.o
 .bss.xIdleTaskHandle
                0x0080160b        0x2 FreeRTOS/src/tasks.o
 .bss.xNextTaskUnblockTime
                0x0080160d        0x4 FreeRTOS/src/tasks.o
 .bss.uxTaskNumber
                0x00801611        0x1 FreeRTOS/src/tasks.o
 .bss.xNumOfOverflows
                0x00801612        0x1 FreeRTOS/src/tasks.o
 .bss.xYieldPending
                0x00801613        0x1 FreeRTOS/src/tasks.o
 .bss.xPendedTicks
                0x00801614        0x4 FreeRTOS/src/tasks.o
 .bss.xSchedulerRunning
                0x00801618        0x1 FreeRTOS/src/tasks.o
 .bss.uxTopReadyPriority
                0x00801619        0x1 FreeRTOS/src/tasks.o
 .bss.xTickCount
                0x0080161a        0x4 FreeRTOS/src/tasks.o
 .bss.uxCurrentNumberOfTasks
                0x0080161e        0x1 FreeRTOS/src/tasks.o
 .bss.xSuspendedTaskList
                0x0080161f        0xb FreeRTOS/src/tasks.o
 .bss.uxDeletedTasksWaitingCleanUp
                0x0080162a        0x1 FreeRTOS/src/tasks.o
 .bss.xTasksWaitingTermination
                0x0080162b        0xb FreeRTOS/src/tasks.o
 .bss.xPendingReadyList
                0x00801636        0xb FreeRTOS/src/tasks.o
 .bss.pxOverflowDelayedTaskList
                0x00801641        0x2 FreeRTOS/src/tasks.o
 .bss.pxDelayedTaskList
                0x00801643        0x2 FreeRTOS/src/tasks.o
 .bss.xDelayedTaskList2
                0x00801645        0xb FreeRTOS/src/tasks.o
 .bss.xDelayedTaskList1
                0x00801650        0xb FreeRTOS/src/tasks.o
 .bss.pxReadyTasksLists
                0x0080165b       0x6e FreeRTOS/src/tasks.o
 .bss.pxCurrentTCB
                0x008016c9        0x2 FreeRTOS/src/tasks.o
                0x008016c9                pxCurrentTCB
 .bss.xLastTime.2436
                0x008016cb        0x4 FreeRTOS/src/timers.o
 .bss.xTimerTaskHandle
                0x008016cf        0x2 FreeRTOS/src/timers.o
 .bss.xTimerQueue
                0x008016d1        0x2 FreeRTOS/src/timers.o
 .bss.pxOverflowTimerList
                0x008016d3        0x2 FreeRTOS/src/timers.o
 .bss.pxCurrentTimerList
                0x008016d5        0x2 FreeRTOS/src/timers.o
 .bss.xActiveTimerList2
                0x008016d7        0xb FreeRTOS/src/timers.o
 .bss.xActiveTimerList1
                0x008016e2        0xb FreeRTOS/src/timers.o
 .bss.payload   0x008016ed       0x16 SensorDataHandler.o
 .bss.humidity  0x00801703        0x2 TempHumSensorImpl.o
                0x00801703                humidity
 .bss.temperature
                0x00801705        0x4 TempHumSensorImpl.o
                0x00801705                temperature
 .bss._uplink_payload
                0x00801709       0x16 UpLinkHandler.o
 .bss._measuringIsReady
                0x0080171f        0x1 ../drivers\libIotLibrary.a(hih8120.o)
 .bss._hih8120Handler
                0x00801720        0x2 ../drivers\libIotLibrary.a(hih8120.o)
 .bss._tmp_buf.2871
                0x00801722       0x37 ../drivers\libIotLibrary.a(lora_driver.o)
 .bss.rec_buf_inp.2878
                0x00801759        0x1 ../drivers\libIotLibrary.a(lora_driver.o)
 .bss._downlinkMessageBuffer
                0x0080175a        0x2 ../drivers\libIotLibrary.a(lora_driver.o)
 .bss._serialReplyBufferHandle
                0x0080175c        0x2 ../drivers\libIotLibrary.a(lora_driver.o)
 .bss._rn2483_serial
                0x0080175e        0x2 ../drivers\libIotLibrary.a(lora_driver.o)
 .bss._downlinkPayload
                0x00801760       0x16 ../drivers\libIotLibrary.a(lora_driver.o)
 .bss._payLoadHexBytes
                0x00801776       0x15 ../drivers\libIotLibrary.a(lora_driver.o)
 .bss._recMessageBuf
                0x0080178b       0x2d ../drivers\libIotLibrary.a(lora_driver.o)
 .bss._sendMessage
                0x008017b8       0x2d ../drivers\libIotLibrary.a(lora_driver.o)
 .bss._replyMess
                0x008017e5       0x2d ../drivers\libIotLibrary.a(lora_driver.o)
 .bss.data.1944
                0x00801812        0x2 ../drivers\libIotLibrary.a(mh_z19.o)
 .bss.inDex.1943
                0x00801814        0x1 ../drivers\libIotLibrary.a(mh_z19.o)
 .bss.crc_sum.1945
                0x00801815        0x1 ../drivers\libIotLibrary.a(mh_z19.o)
 .bss._appCallBack
                0x00801816        0x2 ../drivers\libIotLibrary.a(mh_z19.o)
 .bss._mh_state
                0x00801818        0x1 ../drivers\libIotLibrary.a(mh_z19.o)
                0x00801818                _mh_state
 .bss._ppm      0x00801819        0x2 ../drivers\libIotLibrary.a(mh_z19.o)
 .bss._serial   0x0080181b        0x2 ../drivers\libIotLibrary.a(mh_z19.o)
 .bss._ser_handle
                0x0080181d        0x8 ../drivers\libIotLibrary.a(serial.o)
 .bss._com_serial_instance
                0x00801825        0x2 ../drivers\libIotLibrary.a(stdio_driver.o)
 .bss._led_status
                0x00801827       0x18 ../drivers\libIotLibrary.a(status_leds.o)
 .bss._index.1885
                0x0080183f        0x1 ../drivers\libIotLibrary.a(twi.o)
 .bss._twiCurrentHandler
                0x00801840        0x2 ../drivers\libIotLibrary.a(twi.o)
 .bss._twiMessageLen
                0x00801842        0x1 ../drivers\libIotLibrary.a(twi.o)
 .bss._twiMessageBuffer
                0x00801843        0xa ../drivers\libIotLibrary.a(twi.o)
 .bss._twiIsInitiated
                0x0080184d        0x1 ../drivers\libIotLibrary.a(twi.o)
 *(COMMON)
 COMMON         0x0080184e       0x24 Application.o
                0x0080184e                xMessageBuffer
                0x00801850                _meassureEventGroup
                0x00801852                downlinkMessageBuffer
                0x00801854                mutex
                0x00801856                dataReadyEventBits
                0x0080185a                payload
                0x00801870                _dataReadyEventGroup
 COMMON         0x00801872        0xb CO2_SensorImpl.o
                0x00801872                rc
                0x00801873                co2_data
                0x00801875                xLastWakeTime
                0x00801879                xFrequency
 COMMON         0x0080187d        0x8 ConfigurationImpl.o
                0x0080187d                min_temperature_data
                0x0080187f                min_humidity_data
                0x00801881                max_humidity_data
                0x00801883                max_temperature_data
 COMMON         0x00801885        0xc ConditionerControllerHandler.o
                0x00801885                max_humidity
                0x00801887                current_humiditiy
                0x00801889                min_temperature
                0x0080188b                current_temperature
                0x0080188d                min_humidity
                0x0080188f                max_temperature
 COMMON         0x00801891        0x2 SensorDataHandler.o
                0x00801891                packet
 COMMON         0x00801893        0x4 TempHumSensorImpl.o
                0x00801893                event_measure
 COMMON         0x00801897        0x4 c:/program files (x86)/atmel/studio/7.0/toolchain/avr8/avr8-gnu-toolchain/bin/../lib/gcc/avr/5.4.0/../../../../avr/lib/avr6\libc.a(malloc.o)
                0x00801897                __brkval
                0x00801899                __flp
 COMMON         0x0080189b        0x6 c:/program files (x86)/atmel/studio/7.0/toolchain/avr8/avr8-gnu-toolchain/bin/../lib/gcc/avr/5.4.0/../../../../avr/lib/avr6\libc.a(iob.o)
                0x0080189b                __iob
                0x008018a1                PROVIDE (__bss_end, .)
                0x00006aa6                __data_load_start = LOADADDR (.data)
                0x000070de                __data_load_end = (__data_load_start + SIZEOF (.data))

.noinit         0x008018a1        0x0
                [!provide]                PROVIDE (__noinit_start, .)
 *(.noinit*)
                [!provide]                PROVIDE (__noinit_end, .)
                0x008018a1                _end = .
                0x008018a1                PROVIDE (__heap_start, .)

.eeprom         0x00810000        0x0
 *(.eeprom*)
                0x00810000                __eeprom_end = .

.fuse
 *(.fuse)
 *(.lfuse)
 *(.hfuse)
 *(.efuse)

.lock
 *(.lock*)

.signature
 *(.signature*)

.user_signatures
 *(.user_signatures*)

.stab
 *(.stab)

.stabstr
 *(.stabstr)

.stab.excl
 *(.stab.excl)

.stab.exclstr
 *(.stab.exclstr)

.stab.index
 *(.stab.index)

.stab.indexstr
 *(.stab.indexstr)

.comment        0x00000000       0x5c
 *(.comment)
 .comment       0x00000000       0x30 Application.o
                                 0x31 (size before relaxing)
 .comment       0x00000030       0x31 CO2_SensorImpl.o
 .comment       0x00000030       0x31 ConfigurationImpl.o
 .comment       0x00000030       0x31 DownLinkHandler.o
 .comment       0x00000030       0x31 FreeRTOS/src/event_groups.o
 .comment       0x00000030       0x31 FreeRTOS/src/heap_4.o
 .comment       0x00000030       0x31 FreeRTOS/src/list.o
 .comment       0x00000030       0x31 FreeRTOS/src/port.o
 .comment       0x00000030       0x31 FreeRTOS/src/queue.o
 .comment       0x00000030       0x31 FreeRTOS/src/stream_buffer.o
 .comment       0x00000030       0x31 FreeRTOS/src/tasks.o
 .comment       0x00000030       0x31 FreeRTOS/src/timers.o
 .comment       0x00000030       0x31 FreeRTOS/src/variantHooks.o
 .comment       0x00000030       0x31 ConditionerControllerHandler.o
 .comment       0x00000030       0x31 Utility.o
 .comment       0x00000030       0x31 SensorDataHandler.o
 .comment       0x00000030       0x31 TempHumSensorImpl.o
 .comment       0x00000030       0x31 UpLinkHandler.o
 .comment       0x00000030       0x31 main.o
 .comment       0x00000030       0x31 ../drivers\libIotLibrary.a(hih8120.o)
 .comment       0x00000030       0x31 ../drivers\libIotLibrary.a(lora_driver.o)
 .comment       0x00000030       0x31 ../drivers\libIotLibrary.a(lora_driver_utils.o)
 .comment       0x00000030       0x31 ../drivers\libIotLibrary.a(mh_z19.o)
 .comment       0x00000030       0x31 ../drivers\libIotLibrary.a(rc_servo.o)
 .comment       0x00000030       0x31 ../drivers\libIotLibrary.a(serial.o)
 .comment       0x00000030       0x31 ../drivers\libIotLibrary.a(stdio_driver.o)
 .comment       0x00000030       0x31 ../drivers\libIotLibrary.a(status_leds.o)
 .comment       0x00000030       0x31 ../drivers\libIotLibrary.a(twi.o)
 .comment       0x00000030       0x31 ../drivers\libIotLibrary.a(fifo.o)
 .comment       0x00000030       0x31 c:/program files (x86)/atmel/studio/7.0/toolchain/avr8/avr8-gnu-toolchain/bin/../lib/gcc/avr/5.4.0/../../../../avr/lib/avr6\libc.a(malloc.o)
 .comment       0x00000030       0x31 c:/program files (x86)/atmel/studio/7.0/toolchain/avr8/avr8-gnu-toolchain/bin/../lib/gcc/avr/5.4.0/../../../../avr/lib/avr6\libc.a(iob.o)
 .comment       0x00000030       0x31 c:/program files (x86)/atmel/studio/7.0/toolchain/avr8/avr8-gnu-toolchain/bin/../lib/gcc/avr/5.4.0/../../../../avr/lib/avr6\libc.a(printf.o)
 .comment       0x00000030       0x31 c:/program files (x86)/atmel/studio/7.0/toolchain/avr8/avr8-gnu-toolchain/bin/../lib/gcc/avr/5.4.0/../../../../avr/lib/avr6\libc.a(puts.o)
 .comment       0x00000030       0x31 c:/program files (x86)/atmel/studio/7.0/toolchain/avr8/avr8-gnu-toolchain/bin/../lib/gcc/avr/5.4.0/../../../../avr/lib/avr6\libc.a(sprintf.o)
 .comment       0x00000030       0x2c c:/program files (x86)/atmel/studio/7.0/toolchain/avr8/avr8-gnu-toolchain/bin/../lib/gcc/avr/5.4.0/../../../../avr/lib/avr6\libc.a(vfprintf_std.o)
                                 0x2d (size before relaxing)
 .comment       0x0000005c       0x31 c:/program files (x86)/atmel/studio/7.0/toolchain/avr8/avr8-gnu-toolchain/bin/../lib/gcc/avr/5.4.0/../../../../avr/lib/avr6\libc.a(fputc.o)

.note.gnu.avr.deviceinfo
                0x00000000       0x40
 .note.gnu.avr.deviceinfo
                0x00000000       0x40 C:/Program Files (x86)/Atmel/Studio/7.0/Packs/atmel/ATmega_DFP/1.6.364/gcc/dev/atmega2560/avr6/crtatmega2560.o

.note.gnu.build-id
 *(.note.gnu.build-id)

.debug
 *(.debug)

.line
 *(.line)

.debug_srcinfo
 *(.debug_srcinfo)

.debug_sfnames
 *(.debug_sfnames)

.debug_aranges  0x00000000      0xc38
 *(.debug_aranges)
 .debug_aranges
                0x00000000       0x30 Application.o
 .debug_aranges
                0x00000030       0x48 CO2_SensorImpl.o
 .debug_aranges
                0x00000078       0x58 ConfigurationImpl.o
 .debug_aranges
                0x000000d0       0x30 DownLinkHandler.o
 .debug_aranges
                0x00000100       0x68 FreeRTOS/src/event_groups.o
 .debug_aranges
                0x00000168       0x58 FreeRTOS/src/heap_4.o
 .debug_aranges
                0x000001c0       0x40 FreeRTOS/src/list.o
 .debug_aranges
                0x00000200       0x58 FreeRTOS/src/port.o
 .debug_aranges
                0x00000258       0xf8 FreeRTOS/src/queue.o
 .debug_aranges
                0x00000350       0xc0 FreeRTOS/src/stream_buffer.o
 .debug_aranges
                0x00000410      0x1d0 FreeRTOS/src/tasks.o
 .debug_aranges
                0x000005e0       0xc8 FreeRTOS/src/timers.o
 .debug_aranges
                0x000006a8       0x40 FreeRTOS/src/variantHooks.o
 .debug_aranges
                0x000006e8       0x30 ConditionerControllerHandler.o
 .debug_aranges
                0x00000718       0x30 Utility.o
 .debug_aranges
                0x00000748       0x40 SensorDataHandler.o
 .debug_aranges
                0x00000788       0x48 TempHumSensorImpl.o
 .debug_aranges
                0x000007d0       0x40 UpLinkHandler.o
 .debug_aranges
                0x00000810       0x40 main.o
 .debug_aranges
                0x00000850       0x68 ../drivers\libIotLibrary.a(hih8120.o)
 .debug_aranges
                0x000008b8      0x138 ../drivers\libIotLibrary.a(lora_driver.o)
 .debug_aranges
                0x000009f0       0x28 ../drivers\libIotLibrary.a(lora_driver_utils.o)
 .debug_aranges
                0x00000a18       0x58 ../drivers\libIotLibrary.a(mh_z19.o)
 .debug_aranges
                0x00000a70       0x28 ../drivers\libIotLibrary.a(rc_servo.o)
 .debug_aranges
                0x00000a98       0x90 ../drivers\libIotLibrary.a(serial.o)
 .debug_aranges
                0x00000b28       0x38 ../drivers\libIotLibrary.a(stdio_driver.o)
 .debug_aranges
                0x00000b60       0x68 ../drivers\libIotLibrary.a(status_leds.o)
 .debug_aranges
                0x00000bc8       0x50 ../drivers\libIotLibrary.a(twi.o)
 .debug_aranges
                0x00000c18       0x20 ../drivers\libIotLibrary.a(fifo.o)

.debug_pubnames
 *(.debug_pubnames)

.debug_info     0x00000000     0xeb43
 *(.debug_info .gnu.linkonce.wi.*)
 .debug_info    0x00000000      0xbbc C:/Program Files (x86)/Atmel/Studio/7.0/Packs/atmel/ATmega_DFP/1.6.364/gcc/dev/atmega2560/avr6/crtatmega2560.o
 .debug_info    0x00000bbc      0x544 Application.o
 .debug_info    0x00001100      0x477 CO2_SensorImpl.o
 .debug_info    0x00001577      0x3e5 ConfigurationImpl.o
 .debug_info    0x0000195c      0x336 DownLinkHandler.o
 .debug_info    0x00001c92      0x971 FreeRTOS/src/event_groups.o
 .debug_info    0x00002603      0x4e6 FreeRTOS/src/heap_4.o
 .debug_info    0x00002ae9      0x2e7 FreeRTOS/src/list.o
 .debug_info    0x00002dd0      0x2ff FreeRTOS/src/port.o
 .debug_info    0x000030cf     0x17e6 FreeRTOS/src/queue.o
 .debug_info    0x000048b5     0x13df FreeRTOS/src/stream_buffer.o
 .debug_info    0x00005c94     0x2239 FreeRTOS/src/tasks.o
 .debug_info    0x00007ecd     0x10dd FreeRTOS/src/timers.o
 .debug_info    0x00008faa      0x20f FreeRTOS/src/variantHooks.o
 .debug_info    0x000091b9      0x308 ConditionerControllerHandler.o
 .debug_info    0x000094c1      0x237 Utility.o
 .debug_info    0x000096f8      0x235 SensorDataHandler.o
 .debug_info    0x0000992d      0x512 TempHumSensorImpl.o
 .debug_info    0x00009e3f      0x8d5 UpLinkHandler.o
 .debug_info    0x0000a714      0x403 main.o
 .debug_info    0x0000ab17      0x3a9 ../drivers\libIotLibrary.a(hih8120.o)
 .debug_info    0x0000aec0     0x1747 ../drivers\libIotLibrary.a(lora_driver.o)
 .debug_info    0x0000c607      0x143 ../drivers\libIotLibrary.a(lora_driver_utils.o)
 .debug_info    0x0000c74a      0x556 ../drivers\libIotLibrary.a(mh_z19.o)
 .debug_info    0x0000cca0      0x10f ../drivers\libIotLibrary.a(rc_servo.o)
 .debug_info    0x0000cdaf      0xd9c ../drivers\libIotLibrary.a(serial.o)
 .debug_info    0x0000db4b      0x3b6 ../drivers\libIotLibrary.a(stdio_driver.o)
 .debug_info    0x0000df01      0x522 ../drivers\libIotLibrary.a(status_leds.o)
 .debug_info    0x0000e423      0x55d ../drivers\libIotLibrary.a(twi.o)
 .debug_info    0x0000e980      0x1c3 ../drivers\libIotLibrary.a(fifo.o)

.debug_abbrev   0x00000000     0x3bb4
 *(.debug_abbrev)
 .debug_abbrev  0x00000000      0xb1a C:/Program Files (x86)/Atmel/Studio/7.0/Packs/atmel/ATmega_DFP/1.6.364/gcc/dev/atmega2560/avr6/crtatmega2560.o
 .debug_abbrev  0x00000b1a      0x160 Application.o
 .debug_abbrev  0x00000c7a      0x1ab CO2_SensorImpl.o
 .debug_abbrev  0x00000e25       0xda ConfigurationImpl.o
 .debug_abbrev  0x00000eff      0x16f DownLinkHandler.o
 .debug_abbrev  0x0000106e      0x1dc FreeRTOS/src/event_groups.o
 .debug_abbrev  0x0000124a      0x200 FreeRTOS/src/heap_4.o
 .debug_abbrev  0x0000144a       0xff FreeRTOS/src/list.o
 .debug_abbrev  0x00001549      0x179 FreeRTOS/src/port.o
 .debug_abbrev  0x000016c2      0x241 FreeRTOS/src/queue.o
 .debug_abbrev  0x00001903      0x246 FreeRTOS/src/stream_buffer.o
 .debug_abbrev  0x00001b49      0x2c8 FreeRTOS/src/tasks.o
 .debug_abbrev  0x00001e11      0x28c FreeRTOS/src/timers.o
 .debug_abbrev  0x0000209d       0xff FreeRTOS/src/variantHooks.o
 .debug_abbrev  0x0000219c      0x120 ConditionerControllerHandler.o
 .debug_abbrev  0x000022bc       0xd5 Utility.o
 .debug_abbrev  0x00002391      0x129 SensorDataHandler.o
 .debug_abbrev  0x000024ba      0x19a TempHumSensorImpl.o
 .debug_abbrev  0x00002654      0x1e0 UpLinkHandler.o
 .debug_abbrev  0x00002834      0x12f main.o
 .debug_abbrev  0x00002963      0x184 ../drivers\libIotLibrary.a(hih8120.o)
 .debug_abbrev  0x00002ae7      0x33b ../drivers\libIotLibrary.a(lora_driver.o)
 .debug_abbrev  0x00002e22       0xc0 ../drivers\libIotLibrary.a(lora_driver_utils.o)
 .debug_abbrev  0x00002ee2      0x238 ../drivers\libIotLibrary.a(mh_z19.o)
 .debug_abbrev  0x0000311a       0xbc ../drivers\libIotLibrary.a(rc_servo.o)
 .debug_abbrev  0x000031d6      0x355 ../drivers\libIotLibrary.a(serial.o)
 .debug_abbrev  0x0000352b      0x1b3 ../drivers\libIotLibrary.a(stdio_driver.o)
 .debug_abbrev  0x000036de      0x1d7 ../drivers\libIotLibrary.a(status_leds.o)
 .debug_abbrev  0x000038b5      0x217 ../drivers\libIotLibrary.a(twi.o)
 .debug_abbrev  0x00003acc       0xe8 ../drivers\libIotLibrary.a(fifo.o)

.debug_line     0x00000000     0x7666
 *(.debug_line .debug_line.* .debug_line_end)
 .debug_line    0x00000000      0x1fa C:/Program Files (x86)/Atmel/Studio/7.0/Packs/atmel/ATmega_DFP/1.6.364/gcc/dev/atmega2560/avr6/crtatmega2560.o
 .debug_line    0x000001fa      0x213 Application.o
 .debug_line    0x0000040d      0x216 CO2_SensorImpl.o
 .debug_line    0x00000623      0x1fd ConfigurationImpl.o
 .debug_line    0x00000820      0x254 DownLinkHandler.o
 .debug_line    0x00000a74      0x413 FreeRTOS/src/event_groups.o
 .debug_line    0x00000e87      0x41f FreeRTOS/src/heap_4.o
 .debug_line    0x000012a6      0x1db FreeRTOS/src/list.o
 .debug_line    0x00001481      0x28a FreeRTOS/src/port.o
 .debug_line    0x0000170b      0xbe3 FreeRTOS/src/queue.o
 .debug_line    0x000022ee      0x79a FreeRTOS/src/stream_buffer.o
 .debug_line    0x00002a88     0x15ba FreeRTOS/src/tasks.o
 .debug_line    0x00004042      0x624 FreeRTOS/src/timers.o
 .debug_line    0x00004666      0x1af FreeRTOS/src/variantHooks.o
 .debug_line    0x00004815      0x1e2 ConditionerControllerHandler.o
 .debug_line    0x000049f7      0x1c8 Utility.o
 .debug_line    0x00004bbf      0x198 SensorDataHandler.o
 .debug_line    0x00004d57      0x25e TempHumSensorImpl.o
 .debug_line    0x00004fb5      0x31e UpLinkHandler.o
 .debug_line    0x000052d3      0x2c7 main.o
 .debug_line    0x0000559a      0x24a ../drivers\libIotLibrary.a(hih8120.o)
 .debug_line    0x000057e4      0x9aa ../drivers\libIotLibrary.a(lora_driver.o)
 .debug_line    0x0000618e      0x195 ../drivers\libIotLibrary.a(lora_driver_utils.o)
 .debug_line    0x00006323      0x2fc ../drivers\libIotLibrary.a(mh_z19.o)
 .debug_line    0x0000661f       0xfd ../drivers\libIotLibrary.a(rc_servo.o)
 .debug_line    0x0000671c      0x6a1 ../drivers\libIotLibrary.a(serial.o)
 .debug_line    0x00006dbd      0x146 ../drivers\libIotLibrary.a(stdio_driver.o)
 .debug_line    0x00006f03      0x32c ../drivers\libIotLibrary.a(status_leds.o)
 .debug_line    0x0000722f      0x31c ../drivers\libIotLibrary.a(twi.o)
 .debug_line    0x0000754b      0x11b ../drivers\libIotLibrary.a(fifo.o)

.debug_frame    0x00000000     0x2a04
 *(.debug_frame)
 .debug_frame   0x00000000       0xb0 Application.o
 .debug_frame   0x000000b0       0xa8 CO2_SensorImpl.o
 .debug_frame   0x00000158       0xd4 ConfigurationImpl.o
 .debug_frame   0x0000022c       0xb8 DownLinkHandler.o
 .debug_frame   0x000002e4      0x1dc FreeRTOS/src/event_groups.o
 .debug_frame   0x000004c0       0xfc FreeRTOS/src/heap_4.o
 .debug_frame   0x000005bc       0x90 FreeRTOS/src/list.o
 .debug_frame   0x0000064c       0x94 FreeRTOS/src/port.o
 .debug_frame   0x000006e0      0x3a4 FreeRTOS/src/queue.o
 .debug_frame   0x00000a84      0x40c FreeRTOS/src/stream_buffer.o
 .debug_frame   0x00000e90      0x7a0 FreeRTOS/src/tasks.o
 .debug_frame   0x00001630      0x3ac FreeRTOS/src/timers.o
 .debug_frame   0x000019dc       0x64 FreeRTOS/src/variantHooks.o
 .debug_frame   0x00001a40       0x68 ConditionerControllerHandler.o
 .debug_frame   0x00001aa8       0x44 Utility.o
 .debug_frame   0x00001aec       0x64 SensorDataHandler.o
 .debug_frame   0x00001b50       0xb4 TempHumSensorImpl.o
 .debug_frame   0x00001c04       0xac UpLinkHandler.o
 .debug_frame   0x00001cb0       0x64 main.o
 .debug_frame   0x00001d14       0xc0 ../drivers\libIotLibrary.a(hih8120.o)
 .debug_frame   0x00001dd4      0x460 ../drivers\libIotLibrary.a(lora_driver.o)
 .debug_frame   0x00002234       0x48 ../drivers\libIotLibrary.a(lora_driver_utils.o)
 .debug_frame   0x0000227c      0x100 ../drivers\libIotLibrary.a(mh_z19.o)
 .debug_frame   0x0000237c       0x34 ../drivers\libIotLibrary.a(rc_servo.o)
 .debug_frame   0x000023b0      0x384 ../drivers\libIotLibrary.a(serial.o)
 .debug_frame   0x00002734       0x94 ../drivers\libIotLibrary.a(stdio_driver.o)
 .debug_frame   0x000027c8       0xec ../drivers\libIotLibrary.a(status_leds.o)
 .debug_frame   0x000028b4      0x12c ../drivers\libIotLibrary.a(twi.o)
 .debug_frame   0x000029e0       0x24 ../drivers\libIotLibrary.a(fifo.o)

.debug_str      0x00000000     0x4630
 *(.debug_str)
 .debug_str     0x00000000      0x3e6 C:/Program Files (x86)/Atmel/Studio/7.0/Packs/atmel/ATmega_DFP/1.6.364/gcc/dev/atmega2560/avr6/crtatmega2560.o
 .debug_str     0x000003e6      0x3b8 Application.o
                                0x434 (size before relaxing)
 .debug_str     0x0000079e      0x144 CO2_SensorImpl.o
                                0x42a (size before relaxing)
 .debug_str     0x000008e2      0x181 ConfigurationImpl.o
                                0x3e3 (size before relaxing)
 .debug_str     0x00000a63       0xca DownLinkHandler.o
                                0x382 (size before relaxing)
 .debug_str     0x00000b2d      0x362 FreeRTOS/src/event_groups.o
                                0x589 (size before relaxing)
 .debug_str     0x00000e8f      0x2c7 FreeRTOS/src/heap_4.o
                                0x47f (size before relaxing)
 .debug_str     0x00001156       0x89 FreeRTOS/src/list.o
                                0x2bb (size before relaxing)
 .debug_str     0x000011df      0x147 FreeRTOS/src/port.o
                                0x2f0 (size before relaxing)
 .debug_str     0x00001326      0x613 FreeRTOS/src/queue.o
                                0x92f (size before relaxing)
 .debug_str     0x00001939      0x4b4 FreeRTOS/src/stream_buffer.o
                                0x7b8 (size before relaxing)
 .debug_str     0x00001ded      0x88f FreeRTOS/src/tasks.o
                                0xf50 (size before relaxing)
 .debug_str     0x0000267c      0x414 FreeRTOS/src/timers.o
                                0x826 (size before relaxing)
 .debug_str     0x00002a90       0x81 FreeRTOS/src/variantHooks.o
                                0x267 (size before relaxing)
 .debug_str     0x00002b11       0xdd ConditionerControllerHandler.o
                                0x328 (size before relaxing)
 .debug_str     0x00002bee       0x5e Utility.o
                                0x2ca (size before relaxing)
 .debug_str     0x00002c4c       0x88 SensorDataHandler.o
                                0x27a (size before relaxing)
 .debug_str     0x00002cd4      0x172 TempHumSensorImpl.o
                                0x4bc (size before relaxing)
 .debug_str     0x00002e46      0x430 UpLinkHandler.o
                                0x715 (size before relaxing)
 .debug_str     0x00003276      0x107 main.o
                                0x407 (size before relaxing)
 .debug_str     0x0000337d      0x2ee ../drivers\libIotLibrary.a(hih8120.o)
                                0x45c (size before relaxing)
 .debug_str     0x0000366b      0x68f ../drivers\libIotLibrary.a(lora_driver.o)
                                0xcdb (size before relaxing)
 .debug_str     0x00003cfa       0x4f ../drivers\libIotLibrary.a(lora_driver_utils.o)
                                0x206 (size before relaxing)
 .debug_str     0x00003d49      0x110 ../drivers\libIotLibrary.a(mh_z19.o)
                                0x489 (size before relaxing)
 .debug_str     0x00003e59       0x3c ../drivers\libIotLibrary.a(rc_servo.o)
                                0x1e2 (size before relaxing)
 .debug_str     0x00003e95      0x2e0 ../drivers\libIotLibrary.a(serial.o)
                                0x628 (size before relaxing)
 .debug_str     0x00004175       0xa6 ../drivers\libIotLibrary.a(stdio_driver.o)
                                0x37d (size before relaxing)
 .debug_str     0x0000421b      0x104 ../drivers\libIotLibrary.a(status_leds.o)
                                0x381 (size before relaxing)
 .debug_str     0x0000431f      0x2ef ../drivers\libIotLibrary.a(twi.o)
                                0x5b4 (size before relaxing)
 .debug_str     0x0000460e       0x22 ../drivers\libIotLibrary.a(fifo.o)
                                0x239 (size before relaxing)

.debug_loc      0x00000000     0xc83c
 *(.debug_loc)
 .debug_loc     0x00000000      0x231 Application.o
 .debug_loc     0x00000231      0x15e CO2_SensorImpl.o
 .debug_loc     0x0000038f      0x1c8 ConfigurationImpl.o
 .debug_loc     0x00000557      0x1e9 DownLinkHandler.o
 .debug_loc     0x00000740      0xcc9 FreeRTOS/src/event_groups.o
 .debug_loc     0x00001409      0x4be FreeRTOS/src/heap_4.o
 .debug_loc     0x000018c7      0x17d FreeRTOS/src/list.o
 .debug_loc     0x00001a44       0xf6 FreeRTOS/src/port.o
 .debug_loc     0x00001b3a     0x1abd FreeRTOS/src/queue.o
 .debug_loc     0x000035f7     0x1daf FreeRTOS/src/stream_buffer.o
 .debug_loc     0x000053a6     0x2a07 FreeRTOS/src/tasks.o
 .debug_loc     0x00007dad     0x10f3 FreeRTOS/src/timers.o
 .debug_loc     0x00008ea0       0xdc FreeRTOS/src/variantHooks.o
 .debug_loc     0x00008f7c      0x169 ConditionerControllerHandler.o
 .debug_loc     0x000090e5      0x13c TempHumSensorImpl.o
 .debug_loc     0x00009221      0x1ac UpLinkHandler.o
 .debug_loc     0x000093cd       0x9f ../drivers\libIotLibrary.a(hih8120.o)
 .debug_loc     0x0000946c     0x1216 ../drivers\libIotLibrary.a(lora_driver.o)
 .debug_loc     0x0000a682      0x1d2 ../drivers\libIotLibrary.a(lora_driver_utils.o)
 .debug_loc     0x0000a854      0x37c ../drivers\libIotLibrary.a(mh_z19.o)
 .debug_loc     0x0000abd0       0x2f ../drivers\libIotLibrary.a(rc_servo.o)
 .debug_loc     0x0000abff     0x114c ../drivers\libIotLibrary.a(serial.o)
 .debug_loc     0x0000bd4b      0x18c ../drivers\libIotLibrary.a(stdio_driver.o)
 .debug_loc     0x0000bed7      0x292 ../drivers\libIotLibrary.a(status_leds.o)
 .debug_loc     0x0000c169      0x575 ../drivers\libIotLibrary.a(twi.o)
 .debug_loc     0x0000c6de      0x15e ../drivers\libIotLibrary.a(fifo.o)

.debug_macinfo
 *(.debug_macinfo)

.debug_weaknames
 *(.debug_weaknames)

.debug_funcnames
 *(.debug_funcnames)

.debug_typenames
 *(.debug_typenames)

.debug_varnames
 *(.debug_varnames)

.debug_pubtypes
 *(.debug_pubtypes)

.debug_ranges   0x00000000      0xb38
 *(.debug_ranges)
 .debug_ranges  0x00000000       0x20 Application.o
 .debug_ranges  0x00000020       0x38 CO2_SensorImpl.o
 .debug_ranges  0x00000058       0x48 ConfigurationImpl.o
 .debug_ranges  0x000000a0       0x20 DownLinkHandler.o
 .debug_ranges  0x000000c0       0x70 FreeRTOS/src/event_groups.o
 .debug_ranges  0x00000130       0x48 FreeRTOS/src/heap_4.o
 .debug_ranges  0x00000178       0x30 FreeRTOS/src/list.o
 .debug_ranges  0x000001a8       0x48 FreeRTOS/src/port.o
 .debug_ranges  0x000001f0      0x130 FreeRTOS/src/queue.o
 .debug_ranges  0x00000320       0xb0 FreeRTOS/src/stream_buffer.o
 .debug_ranges  0x000003d0      0x200 FreeRTOS/src/tasks.o
 .debug_ranges  0x000005d0       0xb8 FreeRTOS/src/timers.o
 .debug_ranges  0x00000688       0x30 FreeRTOS/src/variantHooks.o
 .debug_ranges  0x000006b8       0x20 ConditionerControllerHandler.o
 .debug_ranges  0x000006d8       0x20 Utility.o
 .debug_ranges  0x000006f8       0x30 SensorDataHandler.o
 .debug_ranges  0x00000728       0x38 TempHumSensorImpl.o
 .debug_ranges  0x00000760       0x30 UpLinkHandler.o
 .debug_ranges  0x00000790       0x30 main.o
 .debug_ranges  0x000007c0       0x58 ../drivers\libIotLibrary.a(hih8120.o)
 .debug_ranges  0x00000818      0x128 ../drivers\libIotLibrary.a(lora_driver.o)
 .debug_ranges  0x00000940       0x30 ../drivers\libIotLibrary.a(lora_driver_utils.o)
 .debug_ranges  0x00000970       0x48 ../drivers\libIotLibrary.a(mh_z19.o)
 .debug_ranges  0x000009b8       0x18 ../drivers\libIotLibrary.a(rc_servo.o)
 .debug_ranges  0x000009d0       0x98 ../drivers\libIotLibrary.a(serial.o)
 .debug_ranges  0x00000a68       0x28 ../drivers\libIotLibrary.a(stdio_driver.o)
 .debug_ranges  0x00000a90       0x58 ../drivers\libIotLibrary.a(status_leds.o)
 .debug_ranges  0x00000ae8       0x40 ../drivers\libIotLibrary.a(twi.o)
 .debug_ranges  0x00000b28       0x10 ../drivers\libIotLibrary.a(fifo.o)

.debug_macro
 *(.debug_macro)
OUTPUT(4.Semester.elf elf32-avr)
LOAD linker stubs
