Archive member included to satisfy reference by file (symbol)

d:/arduino/7.0/toolchain/avr8/avr8-gnu-toolchain/bin/../lib/gcc/avr/5.4.0/../../../../avr/lib/avr6\libm.a(fixunssfsi.o)
                              TempHumSensorImpl.o (__fixunssfsi)
d:/arduino/7.0/toolchain/avr8/avr8-gnu-toolchain/bin/../lib/gcc/avr/5.4.0/../../../../avr/lib/avr6\libm.a(fp_split3.o)
                              d:/arduino/7.0/toolchain/avr8/avr8-gnu-toolchain/bin/../lib/gcc/avr/5.4.0/../../../../avr/lib/avr6\libm.a(fixunssfsi.o) (__fp_splitA)
d:/arduino/7.0/toolchain/avr8/avr8-gnu-toolchain/bin/../lib/gcc/avr/5.4.0/../../../../avr/lib/avr6\libm.a(fp_zero.o)
                              d:/arduino/7.0/toolchain/avr8/avr8-gnu-toolchain/bin/../lib/gcc/avr/5.4.0/../../../../avr/lib/avr6\libm.a(fixunssfsi.o) (__fp_zero)
../drivers\libIotLibrary.a(hih8120.o)
                              TempHumSensorImpl.o (hih8120_initialise)
../drivers\libIotLibrary.a(lora_driver.o)
                              UpLinkHandler.o (lora_driver_flushBuffers)
../drivers\libIotLibrary.a(lora_driver_utils.o)
                              ../drivers\libIotLibrary.a(lora_driver.o) (decode_port_no)
../drivers\libIotLibrary.a(serial.o)
                              ../drivers\libIotLibrary.a(lora_driver.o) (serial_create)
../drivers\libIotLibrary.a(stdio_driver.o)
                              main.o (stdio_initialise)
../drivers\libIotLibrary.a(status_leds.o)
                              main.o (status_leds_initialise)
../drivers\libIotLibrary.a(twi.o)
                              ../drivers\libIotLibrary.a(hih8120.o) (twiCreate)
../drivers\libIotLibrary.a(fifo.o)
                              ../drivers\libIotLibrary.a(serial.o) (fifo_init)
d:/arduino/7.0/toolchain/avr8/avr8-gnu-toolchain/bin/../lib/gcc/avr/5.4.0/../../../../avr/lib/avr6\libm.a(addsf3.o)
                              ../drivers\libIotLibrary.a(hih8120.o) (__subsf3)
d:/arduino/7.0/toolchain/avr8/avr8-gnu-toolchain/bin/../lib/gcc/avr/5.4.0/../../../../avr/lib/avr6\libm.a(addsf3x.o)
                              d:/arduino/7.0/toolchain/avr8/avr8-gnu-toolchain/bin/../lib/gcc/avr/5.4.0/../../../../avr/lib/avr6\libm.a(addsf3.o) (__addsf3x)
d:/arduino/7.0/toolchain/avr8/avr8-gnu-toolchain/bin/../lib/gcc/avr/5.4.0/../../../../avr/lib/avr6\libm.a(divsf3.o)
                              ../drivers\libIotLibrary.a(hih8120.o) (__divsf3)
d:/arduino/7.0/toolchain/avr8/avr8-gnu-toolchain/bin/../lib/gcc/avr/5.4.0/../../../../avr/lib/avr6\libm.a(divsf3x.o)
                              d:/arduino/7.0/toolchain/avr8/avr8-gnu-toolchain/bin/../lib/gcc/avr/5.4.0/../../../../avr/lib/avr6\libm.a(divsf3.o) (__divsf3x)
d:/arduino/7.0/toolchain/avr8/avr8-gnu-toolchain/bin/../lib/gcc/avr/5.4.0/../../../../avr/lib/avr6\libm.a(fixsfsi.o)
                              ../drivers\libIotLibrary.a(hih8120.o) (__fixsfsi)
d:/arduino/7.0/toolchain/avr8/avr8-gnu-toolchain/bin/../lib/gcc/avr/5.4.0/../../../../avr/lib/avr6\libm.a(floatsisf.o)
                              ../drivers\libIotLibrary.a(hih8120.o) (__floatunsisf)
d:/arduino/7.0/toolchain/avr8/avr8-gnu-toolchain/bin/../lib/gcc/avr/5.4.0/../../../../avr/lib/avr6\libm.a(fp_inf.o)
                              d:/arduino/7.0/toolchain/avr8/avr8-gnu-toolchain/bin/../lib/gcc/avr/5.4.0/../../../../avr/lib/avr6\libm.a(addsf3x.o) (__fp_inf)
d:/arduino/7.0/toolchain/avr8/avr8-gnu-toolchain/bin/../lib/gcc/avr/5.4.0/../../../../avr/lib/avr6\libm.a(fp_nan.o)
                              d:/arduino/7.0/toolchain/avr8/avr8-gnu-toolchain/bin/../lib/gcc/avr/5.4.0/../../../../avr/lib/avr6\libm.a(addsf3x.o) (__fp_nan)
d:/arduino/7.0/toolchain/avr8/avr8-gnu-toolchain/bin/../lib/gcc/avr/5.4.0/../../../../avr/lib/avr6\libm.a(fp_pscA.o)
                              d:/arduino/7.0/toolchain/avr8/avr8-gnu-toolchain/bin/../lib/gcc/avr/5.4.0/../../../../avr/lib/avr6\libm.a(addsf3x.o) (__fp_pscA)
d:/arduino/7.0/toolchain/avr8/avr8-gnu-toolchain/bin/../lib/gcc/avr/5.4.0/../../../../avr/lib/avr6\libm.a(fp_pscB.o)
                              d:/arduino/7.0/toolchain/avr8/avr8-gnu-toolchain/bin/../lib/gcc/avr/5.4.0/../../../../avr/lib/avr6\libm.a(addsf3x.o) (__fp_pscB)
d:/arduino/7.0/toolchain/avr8/avr8-gnu-toolchain/bin/../lib/gcc/avr/5.4.0/../../../../avr/lib/avr6\libm.a(fp_round.o)
                              d:/arduino/7.0/toolchain/avr8/avr8-gnu-toolchain/bin/../lib/gcc/avr/5.4.0/../../../../avr/lib/avr6\libm.a(addsf3.o) (__fp_round)
d:/arduino/7.0/toolchain/avr8/avr8-gnu-toolchain/bin/../lib/gcc/avr/5.4.0/../../../../avr/lib/avr6\libm.a(mulsf3.o)
                              ../drivers\libIotLibrary.a(hih8120.o) (__mulsf3)
d:/arduino/7.0/toolchain/avr8/avr8-gnu-toolchain/bin/../lib/gcc/avr/5.4.0/../../../../avr/lib/avr6\libm.a(mulsf3x.o)
                              d:/arduino/7.0/toolchain/avr8/avr8-gnu-toolchain/bin/../lib/gcc/avr/5.4.0/../../../../avr/lib/avr6\libm.a(mulsf3.o) (__mulsf3x)
[...]
Memory Configuration

Name             Origin             Length             Attributes
text             0x00000000         0x00040000         xr
data             0x00800200         0x00002000         rw !x
eeprom           0x00810000         0x00001000         rw !x
fuse             0x00820000         0x00000003         rw !x
lock             0x00830000         0x00000400         rw !x
signature        0x00840000         0x00000400         rw !x
user_signatures  0x00850000         0x00000400         rw !x
*default*        0x00000000         0xffffffff

Linker script and memory map

Address of section .data set to 0x800200
LOAD D:/Arduino/7.0/Packs/atmel/ATmega_DFP/1.6.364/gcc/dev/atmega2560/avr6/crtatmega2560.o
LOAD ConfigurationImpl.o
LOAD DownLinkHandler.o
LOAD FreeRTOS/FreeRTOSTraceDriver/FreeRTOSTraceDriver.o
LOAD FreeRTOS/src/croutine.o
LOAD FreeRTOS/src/event_groups.o
LOAD FreeRTOS/src/heap_4.o
LOAD FreeRTOS/src/list.o
LOAD FreeRTOS/src/port.o
LOAD FreeRTOS/src/queue.o
LOAD FreeRTOS/src/stream_buffer.o
LOAD FreeRTOS/src/tasks.o
LOAD FreeRTOS/src/timers.o
LOAD FreeRTOS/src/variantHooks.o
LOAD SensorDataHandler.o
LOAD TempHumSensorImpl.o
LOAD UpLinkHandler.o
LOAD main.o
LOAD LoRaWANHandler.o
START GROUP
LOAD d:/arduino/7.0/toolchain/avr8/avr8-gnu-toolchain/bin/../lib/gcc/avr/5.4.0/../../../../avr/lib/avr6\libm.a
LOAD ../drivers\libIotLibrary.a
END GROUP
START GROUP
LOAD d:/arduino/7.0/toolchain/avr8/avr8-gnu-toolchain/bin/../lib/gcc/avr/5.4.0/avr6\libgcc.a
LOAD d:/arduino/7.0/toolchain/avr8/avr8-gnu-toolchain/bin/../lib/gcc/avr/5.4.0/../../../../avr/lib/avr6\libm.a
LOAD d:/arduino/7.0/toolchain/avr8/avr8-gnu-toolchain/bin/../lib/gcc/avr/5.4.0/../../../../avr/lib/avr6\libc.a
LOAD D:/Arduino/7.0/Packs/atmel/ATmega_DFP/1.6.364/gcc/dev/atmega2560/avr6\libatmega2560.a
END GROUP
                0x00000000                __TEXT_REGION_ORIGIN__ = DEFINED (__TEXT_REGION_ORIGIN__)?__TEXT_REGION_ORIGIN__:0x0
                [0x00800200]                __DATA_REGION_ORIGIN__ = DEFINED (__DATA_REGION_ORIGIN__)?__DATA_REGION_ORIGIN__:0x800200
                [0x00040000]                __TEXT_REGION_LENGTH__ = DEFINED (__TEXT_REGION_LENGTH__)?__TEXT_REGION_LENGTH__:0x100000
                [0x00002000]                __DATA_REGION_LENGTH__ = DEFINED (__DATA_REGION_LENGTH__)?__DATA_REGION_LENGTH__:0xfe00
                [0x00001000]                __EEPROM_REGION_LENGTH__ = DEFINED (__EEPROM_REGION_LENGTH__)?__EEPROM_REGION_LENGTH__:0x10000
                [0x00000003]                __FUSE_REGION_LENGTH__ = DEFINED (__FUSE_REGION_LENGTH__)?__FUSE_REGION_LENGTH__:0x400
                0x00000400                __LOCK_REGION_LENGTH__ = DEFINED (__LOCK_REGION_LENGTH__)?__LOCK_REGION_LENGTH__:0x400
                0x00000400                __SIGNATURE_REGION_LENGTH__ = DEFINED (__SIGNATURE_REGION_LENGTH__)?__SIGNATURE_REGION_LENGTH__:0x400
                0x00000400                __USER_SIGNATURE_REGION_LENGTH__ = DEFINED (__USER_SIGNATURE_REGION_LENGTH__)?__USER_SIGNATURE_REGION_LENGTH__:0x400

.hash
 *(.hash)

.dynsym
 *(.dynsym)

.dynstr
 *(.dynstr)

.gnu.version
 *(.gnu.version)

.gnu.version_d
 *(.gnu.version_d)

.gnu.version_r
 *(.gnu.version_r)

.rel.init
 *(.rel.init)

.rela.init
 *(.rela.init)

.rel.text
 *(.rel.text)
 *(.rel.text.*)
 *(.rel.gnu.linkonce.t*)

.rela.text
 *(.rela.text)
 *(.rela.text.*)
 *(.rela.gnu.linkonce.t*)

.rel.fini
 *(.rel.fini)

.rela.fini
 *(.rela.fini)

.rel.rodata
 *(.rel.rodata)
 *(.rel.rodata.*)
 *(.rel.gnu.linkonce.r*)

.rela.rodata
 *(.rela.rodata)
 *(.rela.rodata.*)
 *(.rela.gnu.linkonce.r*)

.rel.data
 *(.rel.data)
 *(.rel.data.*)
 *(.rel.gnu.linkonce.d*)

.rela.data
 *(.rela.data)
 *(.rela.data.*)
 *(.rela.gnu.linkonce.d*)

.rel.ctors
 *(.rel.ctors)

.rela.ctors
 *(.rela.ctors)

.rel.dtors
 *(.rel.dtors)

.rela.dtors
 *(.rela.dtors)

.rel.got
 *(.rel.got)

.rela.got
 *(.rela.got)

.rel.bss
 *(.rel.bss)

.rela.bss
 *(.rela.bss)

.rel.plt
 *(.rel.plt)

.rela.plt
 *(.rela.plt)

.text           0x00000000     0x60ee
 *(.vectors)
 .vectors       0x00000000       0xe4 D:/Arduino/7.0/Packs/atmel/ATmega_DFP/1.6.364/gcc/dev/atmega2560/avr6/crtatmega2560.o
                0x00000000                __vector_default
                0x00000000                __vectors
 *(.vectors)
 *(.progmem.gcc*)
 .progmem.gcc_sw_table.prvProcessReceivedCommands
                0x000000e4       0x14 FreeRTOS/src/timers.o
 .progmem.gcc_sw_table.__vector_39
                0x000000f8       0xa2 ../drivers\libIotLibrary.a(twi.o)
                0x0000019a                . = ALIGN (0x2)
                0x0000019a                __trampolines_start = .
 *(.trampolines)
 .trampolines   0x0000019a        0x0 linker stubs
 *(.trampolines*)
                0x0000019a                __trampolines_end = .
 *libprintf_flt.a:*(.progmem.data)
 *libc.a:*(.progmem.data)
 *(.progmem*)
                0x0000019a                . = ALIGN (0x2)
 *(.jumptables)
 *(.jumptables*)
 *(.lowtext)
 .lowtext       0x0000019a       0x14 FreeRTOS/src/tasks.o
 .lowtext       0x000001ae       0x1e FreeRTOS/src/timers.o
 *(.lowtext*)
                0x000001cc                __ctors_start = .
 *(.ctors)
                0x000001cc                __ctors_end = .
                0x000001cc                __dtors_start = .
 *(.dtors)
                0x000001cc                __dtors_end = .
 SORT(*)(.ctors)
 SORT(*)(.dtors)
 *(.init0)
 .init0         0x000001cc        0x0 D:/Arduino/7.0/Packs/atmel/ATmega_DFP/1.6.364/gcc/dev/atmega2560/avr6/crtatmega2560.o
                0x000001cc                __init
 *(.init0)
 *(.init1)
 *(.init1)
 *(.init2)
 .init2         0x000001cc       0x10 D:/Arduino/7.0/Packs/atmel/ATmega_DFP/1.6.364/gcc/dev/atmega2560/avr6/crtatmega2560.o
 *(.init2)
 *(.init3)
 *(.init3)
 *(.init4)
 .init4         0x000001dc       0x1a d:/arduino/7.0/toolchain/avr8/avr8-gnu-toolchain/bin/../lib/gcc/avr/5.4.0/avr6\libgcc.a(_copy_data.o)
                0x000001dc                __do_copy_data
 .init4         0x000001f6       0x10 d:/arduino/7.0/toolchain/avr8/avr8-gnu-toolchain/bin/../lib/gcc/avr/5.4.0/avr6\libgcc.a(_clear_bss.o)
                0x000001f6                __do_clear_bss
 *(.init4)
 *(.init5)
 *(.init5)
 *(.init6)
 *(.init6)
 *(.init7)
 *(.init7)
 *(.init8)
 *(.init8)
 *(.init9)
 .init9         0x00000206        0x8 D:/Arduino/7.0/Packs/atmel/ATmega_DFP/1.6.364/gcc/dev/atmega2560/avr6/crtatmega2560.o
 *(.init9)
 *(.text)
 .text          0x0000020e        0x2 D:/Arduino/7.0/Packs/atmel/ATmega_DFP/1.6.364/gcc/dev/atmega2560/avr6/crtatmega2560.o
                0x0000020e                __vector_38
                0x0000020e                __vector_22
                0x0000020e                __vector_28
                0x0000020e                __vector_1
                0x0000020e                __vector_32
                0x0000020e                __vector_34
                0x0000020e                __vector_24
                0x0000020e                __vector_46
                0x0000020e                __bad_interrupt
                0x0000020e                __vector_6
                0x0000020e                __vector_31
                0x0000020e                __vector_35
                0x0000020e                __vector_3
                0x0000020e                __vector_23
                0x0000020e                __vector_30
                0x0000020e                __vector_45
                0x0000020e                __vector_11
                0x0000020e                __vector_13
                0x0000020e                __vector_17
                0x0000020e                __vector_19
                0x0000020e                __vector_56
                0x0000020e                __vector_7
                0x0000020e                __vector_49
                0x0000020e                __vector_41
                0x0000020e                __vector_43
                0x0000020e                __vector_27
                0x0000020e                __vector_5
                0x0000020e                __vector_33
                0x0000020e                __vector_47
                0x0000020e                __vector_4
                0x0000020e                __vector_44
                0x0000020e                __vector_9
                0x0000020e                __vector_2
                0x0000020e                __vector_21
                0x0000020e                __vector_15
                0x0000020e                __vector_29
                0x0000020e                __vector_40
                0x0000020e                __vector_8
                0x0000020e                __vector_48
                0x0000020e                __vector_14
                0x0000020e                __vector_53
                0x0000020e                __vector_10
                0x0000020e                __vector_50
                0x0000020e                __vector_16
                0x0000020e                __vector_18
                0x0000020e                __vector_20
                0x0000020e                __vector_42
                0x00000210                . = ALIGN (0x2)
 *(.text.*)
 .text.prvTestWaitCondition
                0x00000210       0x42 FreeRTOS/src/event_groups.o
 .text.xEventGroupCreate
                0x00000252       0x26 FreeRTOS/src/event_groups.o
                0x00000252                xEventGroupCreate
 .text.xEventGroupWaitBits
                0x00000278      0x140 FreeRTOS/src/event_groups.o
                0x00000278                xEventGroupWaitBits
 .text.xEventGroupSetBits
                0x000003b8      0x11c FreeRTOS/src/event_groups.o
                0x000003b8                xEventGroupSetBits
 .text.prvHeapInit
                0x000004d4       0x52 FreeRTOS/src/heap_4.o
 .text.prvInsertBlockIntoFreeList
                0x00000526       0x94 FreeRTOS/src/heap_4.o
 .text.pvPortMalloc
                0x000005ba      0x152 FreeRTOS/src/heap_4.o
                0x000005ba                pvPortMalloc
 .text.vPortFree
                0x0000070c       0x7a FreeRTOS/src/heap_4.o
                0x0000070c                vPortFree
 .text.vListInitialise
                0x00000786       0x22 FreeRTOS/src/list.o
                0x00000786                vListInitialise
 .text.vListInitialiseItem
                0x000007a8        0x8 FreeRTOS/src/list.o
                0x000007a8                vListInitialiseItem
 .text.vListInsert
                0x000007b0       0x7a FreeRTOS/src/list.o
                0x000007b0                vListInsert
 .text.uxListRemove
                0x0000082a       0x4e FreeRTOS/src/list.o
                0x0000082a                uxListRemove
 .text.prvSetupTimerInterrupt
                0x00000878       0x18 FreeRTOS/src/port.o
 .text.pxPortInitialiseStack
                0x00000890       0x2e FreeRTOS/src/port.o
                0x00000890                pxPortInitialiseStack
 .text.xPortStartScheduler
                0x000008be       0x64 FreeRTOS/src/port.o
                0x000008be                xPortStartScheduler
 .text.vPortYield
                0x00000922       0xc2 FreeRTOS/src/port.o
                0x00000922                vPortYield
 .text.vPortYieldFromTick
                0x000009e4       0xca FreeRTOS/src/port.o
                0x000009e4                vPortYieldFromTick
 .text.__vector_12
                0x00000aae        0x4 FreeRTOS/src/port.o
                0x00000aae                __vector_12
 .text.prvIsQueueEmpty
                0x00000ab2       0x1a FreeRTOS/src/queue.o
 .text.prvIsQueueFull
                0x00000acc       0x1c FreeRTOS/src/queue.o
 .text.prvCopyDataToQueue
                0x00000ae8       0xbe FreeRTOS/src/queue.o
 .text.prvCopyDataFromQueue
                0x00000ba6       0x34 FreeRTOS/src/queue.o
 .text.prvUnlockQueue
                0x00000bda       0x68 FreeRTOS/src/queue.o
 .text.xQueueGenericReset
                0x00000c42       0x86 FreeRTOS/src/queue.o
                0x00000c42                xQueueGenericReset
 .text.prvInitialiseNewQueue
                0x00000cc8       0x24 FreeRTOS/src/queue.o
 .text.xQueueGenericCreate
                0x00000cec       0x46 FreeRTOS/src/queue.o
                0x00000cec                xQueueGenericCreate
 .text.xQueueGenericSend
                0x00000d32      0x124 FreeRTOS/src/queue.o
                0x00000d32                xQueueGenericSend
 .text.prvInitialiseMutex
                0x00000e56       0x24 FreeRTOS/src/queue.o
 .text.xQueueCreateMutex
                0x00000e7a       0x18 FreeRTOS/src/queue.o
                0x00000e7a                xQueueCreateMutex
 .text.xQueueGenericSendFromISR
                0x00000e92       0x76 FreeRTOS/src/queue.o
                0x00000e92                xQueueGenericSendFromISR
 .text.xQueueReceive
                0x00000f08      0x11e FreeRTOS/src/queue.o
                0x00000f08                xQueueReceive
 .text.vQueueWaitForMessageRestricted
                0x00001026       0x38 FreeRTOS/src/queue.o
                0x00001026                vQueueWaitForMessageRestricted
 .text.prvBytesInBuffer
                0x0000105e       0x26 FreeRTOS/src/stream_buffer.o
 .text.prvInitialiseNewStreamBuffer
                0x00001084       0x20 FreeRTOS/src/stream_buffer.o
 .text.prvWriteBytesToBuffer
                0x000010a4       0x92 FreeRTOS/src/stream_buffer.o
 .text.prvWriteMessageToBuffer
                0x00001136       0x86 FreeRTOS/src/stream_buffer.o
 .text.prvReadBytesFromBuffer
                0x000011bc       0x9e FreeRTOS/src/stream_buffer.o
 .text.prvReadMessageFromBuffer
                0x0000125a       0x8a FreeRTOS/src/stream_buffer.o
 .text.xStreamBufferGenericCreate
                0x000012e4       0x64 FreeRTOS/src/stream_buffer.o
                0x000012e4                xStreamBufferGenericCreate
 .text.xStreamBufferReset
                0x00001348       0x3c FreeRTOS/src/stream_buffer.o
                0x00001348                xStreamBufferReset
 .text.xStreamBufferSpacesAvailable
                0x00001384       0x24 FreeRTOS/src/stream_buffer.o
                0x00001384                xStreamBufferSpacesAvailable
 .text.xStreamBufferSend
                0x000013a8      0x18a FreeRTOS/src/stream_buffer.o
                0x000013a8                xStreamBufferSend
 .text.xStreamBufferSendFromISR
                0x00001532       0x88 FreeRTOS/src/stream_buffer.o
                0x00001532                xStreamBufferSendFromISR
 .text.xStreamBufferReceive
                0x000015ba      0x106 FreeRTOS/src/stream_buffer.o
                0x000015ba                xStreamBufferReceive
 .text.prvResetNextTaskUnblockTime
                0x000016c0       0x4e FreeRTOS/src/tasks.o
 .text.prvDeleteTCB
                0x0000170e       0x1a FreeRTOS/src/tasks.o
 .text.prvInitialiseNewTask
                0x00001728       0xfa FreeRTOS/src/tasks.o
 .text.prvInitialiseTaskLists
                0x00001822       0x60 FreeRTOS/src/tasks.o
 .text.prvAddNewTaskToReadyList
                0x00001882       0xde FreeRTOS/src/tasks.o
 .text.prvCheckTasksWaitingTermination
                0x00001960       0x4a FreeRTOS/src/tasks.o
 .text.prvAddCurrentTaskToDelayedList
                0x000019aa      0x144 FreeRTOS/src/tasks.o
 .text.xTaskCreate
                0x00001aee       0x98 FreeRTOS/src/tasks.o
                0x00001aee                xTaskCreate
 .text.vTaskStartScheduler
                0x00001b86       0x70 FreeRTOS/src/tasks.o
                0x00001b86                vTaskStartScheduler
 .text.vTaskSuspendAll
                0x00001bf6        0xc FreeRTOS/src/tasks.o
                0x00001bf6                vTaskSuspendAll
 .text.xTaskGetTickCount
                0x00001c02       0x1c FreeRTOS/src/tasks.o
                0x00001c02                xTaskGetTickCount
 .text.xTaskIncrementTick
                0x00001c1e      0x258 FreeRTOS/src/tasks.o
                0x00001c1e                xTaskIncrementTick
 .text.xTaskResumeAll
                0x00001e76      0x1b8 FreeRTOS/src/tasks.o
                0x00001e76                xTaskResumeAll
 .text.xTaskDelayUntil
                0x0000202e       0xca FreeRTOS/src/tasks.o
                0x0000202e                xTaskDelayUntil
 .text.vTaskDelay
                0x000020f8       0x36 FreeRTOS/src/tasks.o
                0x000020f8                vTaskDelay
 .text.vTaskSwitchContext
                0x0000212e       0xca FreeRTOS/src/tasks.o
                0x0000212e                vTaskSwitchContext
 .text.vTaskPlaceOnEventList
                0x000021f8       0x2e FreeRTOS/src/tasks.o
                0x000021f8                vTaskPlaceOnEventList
 .text.vTaskPlaceOnUnorderedEventList
                0x00002226       0x94 FreeRTOS/src/tasks.o
                0x00002226                vTaskPlaceOnUnorderedEventList
 .text.vTaskPlaceOnEventListRestricted
                0x000022ba       0x84 FreeRTOS/src/tasks.o
                0x000022ba                vTaskPlaceOnEventListRestricted
 .text.xTaskRemoveFromEventList
                0x0000233e      0x15e FreeRTOS/src/tasks.o
                0x0000233e                xTaskRemoveFromEventList
 .text.vTaskRemoveFromUnorderedEventList
                0x0000249c      0x134 FreeRTOS/src/tasks.o
                0x0000249c                vTaskRemoveFromUnorderedEventList
 .text.vTaskSetTimeOutState
                0x000025d0       0x2c FreeRTOS/src/tasks.o
                0x000025d0                vTaskSetTimeOutState
 .text.vTaskInternalSetTimeOutState
                0x000025fc       0x22 FreeRTOS/src/tasks.o
                0x000025fc                vTaskInternalSetTimeOutState
 .text.xTaskCheckForTimeOut
                0x0000261e       0xcc FreeRTOS/src/tasks.o
                0x0000261e                xTaskCheckForTimeOut
 .text.vTaskMissedYield
                0x000026ea        0x8 FreeRTOS/src/tasks.o
                0x000026ea                vTaskMissedYield
 .text.xTaskGetCurrentTaskHandle
                0x000026f2        0xa FreeRTOS/src/tasks.o
                0x000026f2                xTaskGetCurrentTaskHandle
 .text.xTaskGetSchedulerState
                0x000026fc       0x1c FreeRTOS/src/tasks.o
                0x000026fc                xTaskGetSchedulerState
 .text.xTaskPriorityDisinherit
                0x00002718       0xb6 FreeRTOS/src/tasks.o
                0x00002718                xTaskPriorityDisinherit
 .text.uxTaskResetEventItemValue
                0x000027ce       0x54 FreeRTOS/src/tasks.o
                0x000027ce                uxTaskResetEventItemValue
 .text.xTaskGenericNotifyWait
                0x00002822      0x14e FreeRTOS/src/tasks.o
                0x00002822                xTaskGenericNotifyWait
 .text.xTaskGenericNotify
                0x00002970      0x1ee FreeRTOS/src/tasks.o
                0x00002970                xTaskGenericNotify
 .text.xTaskGenericNotifyFromISR
                0x00002b5e      0x244 FreeRTOS/src/tasks.o
                0x00002b5e                xTaskGenericNotifyFromISR
 .text.xTaskGenericNotifyStateClear
                0x00002da2       0x34 FreeRTOS/src/tasks.o
                0x00002da2                xTaskGenericNotifyStateClear
 .text.prvGetNextExpireTime
                0x00002dd6       0x30 FreeRTOS/src/timers.o
 .text.prvInsertTimerInActiveList
                0x00002e06       0x92 FreeRTOS/src/timers.o
 .text.prvCheckForValidListAndQueue
                0x00002e98       0x52 FreeRTOS/src/timers.o
 .text.xTimerCreateTimerTask
                0x00002eea       0x42 FreeRTOS/src/timers.o
                0x00002eea                xTimerCreateTimerTask
 .text.xTimerGenericCommand
                0x00002f2c       0xbc FreeRTOS/src/timers.o
                0x00002f2c                xTimerGenericCommand
 .text.prvSwitchTimerLists
                0x00002fe8       0xd0 FreeRTOS/src/timers.o
 .text.prvSampleTimeNow
                0x000030b8       0x5c FreeRTOS/src/timers.o
 .text.prvProcessExpiredTimer
                0x00003114       0xac FreeRTOS/src/timers.o
 .text.prvProcessTimerOrBlockTask
                0x000031c0       0xae FreeRTOS/src/timers.o
 .text.prvProcessReceivedCommands
                0x0000326e      0x168 FreeRTOS/src/timers.o
 .text.vApplicationIdleHook
                0x000033d6        0x2 FreeRTOS/src/variantHooks.o
                0x000033d6                vApplicationIdleHook
 .text.prvSetMainLedOn
                0x000033d8        0xe FreeRTOS/src/variantHooks.o
                0x000033d8                prvSetMainLedOn
 .text.prvBlinkMainLed
                0x000033e6        0x8 FreeRTOS/src/variantHooks.o
                0x000033e6                prvBlinkMainLed
 .text.vApplicationMallocFailedHook
                0x000033ee       0x18 FreeRTOS/src/variantHooks.o
                0x000033ee                vApplicationMallocFailedHook
 .text.vApplicationStackOverflowHook
                0x00003406       0x18 FreeRTOS/src/variantHooks.o
                0x00003406                vApplicationStackOverflowHook
 .text.SensorDataPackage_create
                0x0000341e       0x34 SensorDataHandler.o
                0x0000341e                SensorDataPackage_create
 .text.setCO2Ppm
                0x00003452        0xe SensorDataHandler.o
                0x00003452                setCO2Ppm
 .text.setTemperatureData
                0x00003460        0xe SensorDataHandler.o
                0x00003460                setTemperatureData
 .text.setHumidityData
                0x0000346e        0xe SensorDataHandler.o
                0x0000346e                setHumidityData
 .text.getLoRaPayload
                0x0000347c       0x4a SensorDataHandler.o
                0x0000347c                getLoRaPayload
 .text.Temp_Humidty_sensor_create
                0x000034c6       0x64 TempHumSensorImpl.o
                0x000034c6                Temp_Humidty_sensor_create
 .text.get_temperature_data
                0x0000352a       0x16 TempHumSensorImpl.o
                0x0000352a                get_temperature_data
 .text.get_humidity_data
                0x00003540       0x16 TempHumSensorImpl.o
                0x00003540                get_humidity_data
 .text.tempHum_init
                0x00003556       0x18 TempHumSensorImpl.o
                0x00003556                tempHum_init
 .text.tempHum_getDataFromTempHumSensorTask
                0x0000356e       0xca TempHumSensorImpl.o
                0x0000356e                tempHum_getDataFromTempHumSensorTask
 .text.uplink_lora_setup
                0x00003638      0x1b8 UpLinkHandler.o
 .text.upLink_create
                0x000037f0       0x2e UpLinkHandler.o
                0x000037f0                upLink_create
 .text.lora_Handler_task
                0x0000381e       0xbc UpLinkHandler.o
                0x0000381e                lora_Handler_task
 .text.upLinkHandler_StartTask
                0x000038da        0x2 UpLinkHandler.o
                0x000038da                upLinkHandler_StartTask
 .text.Temperature_Humidity_Task
                0x000038dc       0x14 main.o
                0x000038dc                Temperature_Humidity_Task
 .text.Application_Task
                0x000038f0       0xcc main.o
                0x000038f0                Application_Task
 .text.create_tasks_and_semaphores
                0x000039bc       0xca main.o
                0x000039bc                create_tasks_and_semaphores
 .text.initialiseSystem
                0x00003a86       0x34 main.o
                0x00003a86                initialiseSystem
 .text.main     0x00003aba        0xc main.o
                0x00003aba                main
 .text.avr-libc.fplib
                0x00003ac6       0x58 d:/arduino/7.0/toolchain/avr8/avr8-gnu-toolchain/bin/../lib/gcc/avr/5.4.0/../../../../avr/lib/avr6\libm.a(fixunssfsi.o)
                0x00003ac6                __fixunssfsi
 .text.avr-libc.fplib
                0x00003b1e       0x44 d:/arduino/7.0/toolchain/avr8/avr8-gnu-toolchain/bin/../lib/gcc/avr/5.4.0/../../../../avr/lib/avr6\libm.a(fp_split3.o)
                0x00003b1e                __fp_split3
                0x00003b2e                __fp_splitA
 .text.avr-libc.fplib
                0x00003b62        0xe d:/arduino/7.0/toolchain/avr8/avr8-gnu-toolchain/bin/../lib/gcc/avr/5.4.0/../../../../avr/lib/avr6\libm.a(fp_zero.o)
                0x00003b62                __fp_zero
                0x00003b64                __fp_szero
 .text._hihTwiCallback
                0x00003b70       0x5a ../drivers\libIotLibrary.a(hih8120.o)
 .text.hih8120_initialise
                0x00003bca       0x30 ../drivers\libIotLibrary.a(hih8120.o)
                0x00003bca                hih8120_initialise
 .text.hih8120_wakeup
                0x00003bfa       0x2a ../drivers\libIotLibrary.a(hih8120.o)
                0x00003bfa                hih8120_wakeup
 .text.hih8120_measure
                0x00003c24       0x22 ../drivers\libIotLibrary.a(hih8120.o)
                0x00003c24                hih8120_measure
 .text.hih8120_getHumidity
                0x00003c46       0x2a ../drivers\libIotLibrary.a(hih8120.o)
                0x00003c46                hih8120_getHumidity
 .text.hih8120_getTemperature
                0x00003c70       0x36 ../drivers\libIotLibrary.a(hih8120.o)
                0x00003c70                hih8120_getTemperature
 .text._serialCallBack
                0x00003ca6       0x8c ../drivers\libIotLibrary.a(lora_driver.o)
 .text._uploadMessage
                0x00003d32       0xb4 ../drivers\libIotLibrary.a(lora_driver.o)
 .text._reply2ReturnCode
                0x00003de6       0xea ../drivers\libIotLibrary.a(lora_driver.o)
 .text._uploadMessageRc
                0x00003ed0        0x6 ../drivers\libIotLibrary.a(lora_driver.o)
 .text.lora_driver_flushBuffers
                0x00003ed6        0xe ../drivers\libIotLibrary.a(lora_driver.o)
                0x00003ed6                lora_driver_flushBuffers
 .text.lora_driver_initialise
                0x00003ee4       0x80 ../drivers\libIotLibrary.a(lora_driver.o)
                0x00003ee4                lora_driver_initialise
 .text.lora_driver_resetRn2483
                0x00003f64       0x1c ../drivers\libIotLibrary.a(lora_driver.o)
                0x00003f64                lora_driver_resetRn2483
 .text.lora_driver_rn2483FactoryReset
                0x00003f80       0x24 ../drivers\libIotLibrary.a(lora_driver.o)
                0x00003f80                lora_driver_rn2483FactoryReset
 .text.lora_driver_getRn2483Hweui
                0x00003fa4       0x38 ../drivers\libIotLibrary.a(lora_driver.o)
                0x00003fa4                lora_driver_getRn2483Hweui
 .text.lora_driver_setDeviceIdentifier
                0x00003fdc       0x22 ../drivers\libIotLibrary.a(lora_driver.o)
                0x00003fdc                lora_driver_setDeviceIdentifier
 .text.lora_driver_setApplicationIdentifier
                0x00003ffe       0x22 ../drivers\libIotLibrary.a(lora_driver.o)
                0x00003ffe                lora_driver_setApplicationIdentifier
 .text.lora_driver_setApplicationKey
                0x00004020       0x22 ../drivers\libIotLibrary.a(lora_driver.o)
                0x00004020                lora_driver_setApplicationKey
 .text.lora_driver_saveMac
                0x00004042        0xc ../drivers\libIotLibrary.a(lora_driver.o)
                0x00004042                lora_driver_saveMac
 .text.lora_driver_join
                0x0000404e       0x52 ../drivers\libIotLibrary.a(lora_driver.o)
                0x0000404e                lora_driver_join
 .text.lora_driver_sendUploadMessage
                0x000040a0      0x196 ../drivers\libIotLibrary.a(lora_driver.o)
                0x000040a0                lora_driver_sendUploadMessage
 .text.lora_driver_setAdaptiveDataRate
                0x00004236       0x16 ../drivers\libIotLibrary.a(lora_driver.o)
                0x00004236                lora_driver_setAdaptiveDataRate
 .text.lora_driver_setReceiveDelay
                0x0000424c       0x30 ../drivers\libIotLibrary.a(lora_driver.o)
                0x0000424c                lora_driver_setReceiveDelay
 .text.lora_driver_configureToEu868
                0x0000427c      0x1bc ../drivers\libIotLibrary.a(lora_driver.o)
                0x0000427c                lora_driver_configureToEu868
 .text.lora_driver_setOtaaIdentity
                0x00004438       0x42 ../drivers\libIotLibrary.a(lora_driver.o)
                0x00004438                lora_driver_setOtaaIdentity
 .text.lora_driver_mapReturnCodeToText
                0x0000447a       0x18 ../drivers\libIotLibrary.a(lora_driver.o)
                0x0000447a                lora_driver_mapReturnCodeToText
 .text.decode_port_no
                0x00004492       0x58 ../drivers\libIotLibrary.a(lora_driver_utils.o)
                0x00004492                decode_port_no
 .text.decode_hexadecimal_string_bytes
                0x000044ea       0x92 ../drivers\libIotLibrary.a(lora_driver_utils.o)
                0x000044ea                decode_hexadecimal_string_bytes
 .text.serial_create
                0x0000457c      0x144 ../drivers\libIotLibrary.a(serial.o)
                0x0000457c                serial_create
 .text.serial_sendByte
                0x000046c0       0x56 ../drivers\libIotLibrary.a(serial.o)
                0x000046c0                serial_sendByte
 .text.serial_sendBytes
                0x00004716       0xaa ../drivers\libIotLibrary.a(serial.o)
                0x00004716                serial_sendBytes
 .text.serial_getByte
                0x000047c0       0x40 ../drivers\libIotLibrary.a(serial.o)
                0x000047c0                serial_getByte
 .text.__vector_25
                0x00004800       0xa4 ../drivers\libIotLibrary.a(serial.o)
                0x00004800                __vector_25
 .text.__vector_26
                0x000048a4       0x88 ../drivers\libIotLibrary.a(serial.o)
                0x000048a4                __vector_26
 .text.__vector_36
                0x0000492c       0xa4 ../drivers\libIotLibrary.a(serial.o)
                0x0000492c                __vector_36
 .text.__vector_37
                0x000049d0       0x88 ../drivers\libIotLibrary.a(serial.o)
                0x000049d0                __vector_37
 .text.__vector_51
                0x00004a58       0xa4 ../drivers\libIotLibrary.a(serial.o)
                0x00004a58                __vector_51
 .text.__vector_52
                0x00004afc       0x88 ../drivers\libIotLibrary.a(serial.o)
                0x00004afc                __vector_52
 .text.__vector_54
                0x00004b84       0xa4 ../drivers\libIotLibrary.a(serial.o)
                0x00004b84                __vector_54
 .text.__vector_55
                0x00004c28       0x88 ../drivers\libIotLibrary.a(serial.o)
                0x00004c28                __vector_55
 .text.usart_getchar
                0x00004cb0       0x2a ../drivers\libIotLibrary.a(stdio_driver.o)
 .text.usart_putchar
                0x00004cda       0x12 ../drivers\libIotLibrary.a(stdio_driver.o)
 .text.stdio_initialise
                0x00004cec       0x52 ../drivers\libIotLibrary.a(stdio_driver.o)
                0x00004cec                stdio_initialise
 .text._turn_off
                0x00004d3e       0x98 ../drivers\libIotLibrary.a(status_leds.o)
 .text._turn_on
                0x00004dd6       0x98 ../drivers\libIotLibrary.a(status_leds.o)
 .text._hal_led_task
                0x00004e6e       0x8c ../drivers\libIotLibrary.a(status_leds.o)
 .text.status_leds_initialise
                0x00004efa       0x9c ../drivers\libIotLibrary.a(status_leds.o)
                0x00004efa                status_leds_initialise
 .text.status_leds_slowBlink
                0x00004f96       0x46 ../drivers\libIotLibrary.a(status_leds.o)
                0x00004f96                status_leds_slowBlink
 .text.status_leds_fastBlink
                0x00004fdc       0x46 ../drivers\libIotLibrary.a(status_leds.o)
                0x00004fdc                status_leds_fastBlink
 .text.status_leds_ledOn
                0x00005022       0x1e ../drivers\libIotLibrary.a(status_leds.o)
                0x00005022                status_leds_ledOn
 .text.status_leds_ledOff
                0x00005040       0x1e ../drivers\libIotLibrary.a(status_leds.o)
                0x00005040                status_leds_ledOff
 .text.status_leds_longPuls
                0x0000505e       0x24 ../drivers\libIotLibrary.a(status_leds.o)
                0x0000505e                status_leds_longPuls
 .text.status_leds_shortPuls
                0x00005082       0x22 ../drivers\libIotLibrary.a(status_leds.o)
                0x00005082                status_leds_shortPuls
 .text._initTwiInterface
                0x000050a4       0x22 ../drivers\libIotLibrary.a(twi.o)
 .text.twiCreate
                0x000050c6       0x9a ../drivers\libIotLibrary.a(twi.o)
                0x000050c6                twiCreate
 .text.twiIsBusy
                0x00005160        0x8 ../drivers\libIotLibrary.a(twi.o)
                0x00005160                twiIsBusy
 .text.twiTransmit
                0x00005168       0x98 ../drivers\libIotLibrary.a(twi.o)
                0x00005168                twiTransmit
 .text.twiReceive
                0x00005200       0x66 ../drivers\libIotLibrary.a(twi.o)
                0x00005200                twiReceive
 .text.__vector_39
                0x00005266      0x17a ../drivers\libIotLibrary.a(twi.o)
                0x00005266                __vector_39
 .text.fifo_init
                0x000053e0       0x38 ../drivers\libIotLibrary.a(fifo.o)
                0x000053e0                fifo_init
 .text.avr-libc.fplib
                0x00005418        0xa d:/arduino/7.0/toolchain/avr8/avr8-gnu-toolchain/bin/../lib/gcc/avr/5.4.0/../../../../avr/lib/avr6\libm.a(addsf3.o)
                0x00005418                __subsf3
                0x0000541a                __addsf3
 .text.avr-libc.fplib
                0x00005422       0xc4 d:/arduino/7.0/toolchain/avr8/avr8-gnu-toolchain/bin/../lib/gcc/avr/5.4.0/../../../../avr/lib/avr6\libm.a(addsf3x.o)
                0x0000543c                __addsf3x
 .text.avr-libc.fplib
                0x000054e6        0x4 d:/arduino/7.0/toolchain/avr8/avr8-gnu-toolchain/bin/../lib/gcc/avr/5.4.0/../../../../avr/lib/avr6\libm.a(divsf3.o)
                0x000054e6                __divsf3
 .text.avr-libc.fplib
                0x000054ea       0xd2 d:/arduino/7.0/toolchain/avr8/avr8-gnu-toolchain/bin/../lib/gcc/avr/5.4.0/../../../../avr/lib/avr6\libm.a(divsf3x.o)
                0x00005502                __divsf3x
                0x00005508                __divsf3_pse
 .text.avr-libc.fplib
                0x000055bc       0x7a d:/arduino/7.0/toolchain/avr8/avr8-gnu-toolchain/bin/../lib/gcc/avr/5.4.0/../../../../avr/lib/avr6\libm.a(floatsisf.o)
                0x000055bc                __floatunsisf
                0x000055c0                __floatsisf
 .text.avr-libc.fplib
                0x00005636        0xc d:/arduino/7.0/toolchain/avr8/avr8-gnu-toolchain/bin/../lib/gcc/avr/5.4.0/../../../../avr/lib/avr6\libm.a(fp_inf.o)
                0x00005636                __fp_inf
 .text.avr-libc.fplib
                0x00005642        0x6 d:/arduino/7.0/toolchain/avr8/avr8-gnu-toolchain/bin/../lib/gcc/avr/5.4.0/../../../../avr/lib/avr6\libm.a(fp_nan.o)
                0x00005642                __fp_nan
 .text.avr-libc.fplib
                0x00005648        0xe d:/arduino/7.0/toolchain/avr8/avr8-gnu-toolchain/bin/../lib/gcc/avr/5.4.0/../../../../avr/lib/avr6\libm.a(fp_pscA.o)
                0x00005648                __fp_pscA
 .text.avr-libc.fplib
                0x00005656        0xe d:/arduino/7.0/toolchain/avr8/avr8-gnu-toolchain/bin/../lib/gcc/avr/5.4.0/../../../../avr/lib/avr6\libm.a(fp_pscB.o)
                0x00005656                __fp_pscB
 .text.avr-libc.fplib
                0x00005664       0x22 d:/arduino/7.0/toolchain/avr8/avr8-gnu-toolchain/bin/../lib/gcc/avr/5.4.0/../../../../avr/lib/avr6\libm.a(fp_round.o)
                0x00005664                __fp_round
 .text.avr-libc.fplib
                0x00005686        0x4 d:/arduino/7.0/toolchain/avr8/avr8-gnu-toolchain/bin/../lib/gcc/avr/5.4.0/../../../../avr/lib/avr6\libm.a(mulsf3.o)
                0x00005686                __mulsf3
 .text.avr-libc.fplib
                0x0000568a       0xc8 d:/arduino/7.0/toolchain/avr8/avr8-gnu-toolchain/bin/../lib/gcc/avr/5.4.0/../../../../avr/lib/avr6\libm.a(mulsf3x.o)
                0x000056a0                __mulsf3x
                0x000056a6                __mulsf3_pse
 .text.libgcc.div
                0x00005752       0x44 d:/arduino/7.0/toolchain/avr8/avr8-gnu-toolchain/bin/../lib/gcc/avr/5.4.0/avr6\libgcc.a(_udivmodsi4.o)
                0x00005752                __udivmodsi4
 .text.libgcc   0x00005796       0x10 d:/arduino/7.0/toolchain/avr8/avr8-gnu-toolchain/bin/../lib/gcc/avr/5.4.0/avr6\libgcc.a(_tablejump2.o)
                0x00005796                __tablejump2__
 .text.avr-libc
                0x000057a6      0x242 d:/arduino/7.0/toolchain/avr8/avr8-gnu-toolchain/bin/../lib/gcc/avr/5.4.0/../../../../avr/lib/avr6\libc.a(malloc.o)
                0x000057a6                malloc
                0x000058d6                free
 .text.avr-libc
                0x000059e8        0x8 d:/arduino/7.0/toolchain/avr8/avr8-gnu-toolchain/bin/../lib/gcc/avr/5.4.0/../../../../avr/lib/avr6\libc.a(abort.o)
                0x000059e8                abort
 .text.avr-libc
                0x000059f0       0x12 d:/arduino/7.0/toolchain/avr8/avr8-gnu-toolchain/bin/../lib/gcc/avr/5.4.0/../../../../avr/lib/avr6\libc.a(memcpy.o)
                0x000059f0                memcpy
 .text.avr-libc
                0x00005a02        0xe d:/arduino/7.0/toolchain/avr8/avr8-gnu-toolchain/bin/../lib/gcc/avr/5.4.0/../../../../avr/lib/avr6\libc.a(memset.o)
                0x00005a02                memset
 .text.avr-libc
                0x00005a10       0x4a d:/arduino/7.0/toolchain/avr8/avr8-gnu-toolchain/bin/../lib/gcc/avr/5.4.0/../../../../avr/lib/avr6\libc.a(strcasestr.o)
                0x00005a10                strcasestr
 .text.avr-libc
                0x00005a5a       0x16 d:/arduino/7.0/toolchain/avr8/avr8-gnu-toolchain/bin/../lib/gcc/avr/5.4.0/../../../../avr/lib/avr6\libc.a(strcat.o)
                0x00005a5a                strcat
 .text.avr-libc
                0x00005a70        0xe d:/arduino/7.0/toolchain/avr8/avr8-gnu-toolchain/bin/../lib/gcc/avr/5.4.0/../../../../avr/lib/avr6\libc.a(strcpy.o)
                0x00005a70                strcpy
 .text.avr-libc
                0x00005a7e       0x30 d:/arduino/7.0/toolchain/avr8/avr8-gnu-toolchain/bin/../lib/gcc/avr/5.4.0/../../../../avr/lib/avr6\libc.a(strncasecmp.o)
                0x00005a7e                strncasecmp
 .text.avr-libc
                0x00005aae       0x26 d:/arduino/7.0/toolchain/avr8/avr8-gnu-toolchain/bin/../lib/gcc/avr/5.4.0/../../../../avr/lib/avr6\libc.a(printf.o)
                0x00005aae                printf
 .text.avr-libc
                0x00005ad4       0x60 d:/arduino/7.0/toolchain/avr8/avr8-gnu-toolchain/bin/../lib/gcc/avr/5.4.0/../../../../avr/lib/avr6\libc.a(puts.o)
                0x00005ad4                puts
 .text.avr-libc
                0x00005b34       0x5c d:/arduino/7.0/toolchain/avr8/avr8-gnu-toolchain/bin/../lib/gcc/avr/5.4.0/../../../../avr/lib/avr6\libc.a(sprintf.o)
                0x00005b34                sprintf
 .text.avr-libc
                0x00005b90      0x3fa d:/arduino/7.0/toolchain/avr8/avr8-gnu-toolchain/bin/../lib/gcc/avr/5.4.0/../../../../avr/lib/avr6\libc.a(vfprintf_std.o)
                0x00005b90                vfprintf
 .text.avr-libc
                0x00005f8a       0x16 d:/arduino/7.0/toolchain/avr8/avr8-gnu-toolchain/bin/../lib/gcc/avr/5.4.0/../../../../avr/lib/avr6\libc.a(strnlen_P.o)
                0x00005f8a                strnlen_P
 .text.avr-libc
                0x00005fa0       0x16 d:/arduino/7.0/toolchain/avr8/avr8-gnu-toolchain/bin/../lib/gcc/avr/5.4.0/../../../../avr/lib/avr6\libc.a(strnlen.o)
                0x00005fa0                strnlen
 .text.avr-libc
                0x00005fb6       0x78 d:/arduino/7.0/toolchain/avr8/avr8-gnu-toolchain/bin/../lib/gcc/avr/5.4.0/../../../../avr/lib/avr6\libc.a(fputc.o)
                0x00005fb6                fputc
 .text.avr-libc
                0x0000602e       0xbc d:/arduino/7.0/toolchain/avr8/avr8-gnu-toolchain/bin/../lib/gcc/avr/5.4.0/../../../../avr/lib/avr6\libc.a(ultoa_invert.o)
                0x0000602e                __ultoa_invert
                0x000060ea                . = ALIGN (0x2)
 *(.fini9)
 .fini9         0x000060ea        0x0 d:/arduino/7.0/toolchain/avr8/avr8-gnu-toolchain/bin/../lib/gcc/avr/5.4.0/avr6\libgcc.a(_exit.o)
                0x000060ea                _exit
                0x000060ea                exit
 *(.fini9)
 *(.fini8)
 *(.fini8)
 *(.fini7)
 *(.fini7)
 *(.fini6)
 *(.fini6)
 *(.fini5)
 *(.fini5)
 *(.fini4)
 *(.fini4)
 *(.fini3)
 *(.fini3)
 *(.fini2)
 *(.fini2)
 *(.fini1)
 *(.fini1)
 *(.fini0)
 .fini0         0x000060ea        0x4 d:/arduino/7.0/toolchain/avr8/avr8-gnu-toolchain/bin/../lib/gcc/avr/5.4.0/avr6\libgcc.a(_exit.o)
 *(.fini0)
                0x000060ee                _etext = .

.data           0x00800200      0x550 load address 0x000060ee
                0x00800200                PROVIDE (__data_start, .)
 *(.data)
 .data          0x00800200        0x6 d:/arduino/7.0/toolchain/avr8/avr8-gnu-toolchain/bin/../lib/gcc/avr/5.4.0/../../../../avr/lib/avr6\libc.a(malloc.o)
                0x00800200                __malloc_heap_end
                0x00800202                __malloc_heap_start
                0x00800204                __malloc_margin
 *(.data*)
 .data.uxTopUsedPriority
                0x00800206        0x1 FreeRTOS/src/tasks.o
                0x00800206                uxTopUsedPriority
 .data._temp    0x00800207        0x2 ../drivers\libIotLibrary.a(hih8120.o)
 .data._hum     0x00800209        0x2 ../drivers\libIotLibrary.a(hih8120.o)
 .data._com_port_2_udr
                0x0080020b        0x8 ../drivers\libIotLibrary.a(serial.o)
                0x0080020b                _com_port_2_udr
 .data.mystdout.1882
                0x00800213        0xe ../drivers\libIotLibrary.a(stdio_driver.o)
 .data._twiCurrentState
                0x00800221        0x1 ../drivers\libIotLibrary.a(twi.o)
 *(.gnu.linkonce.d*)
 *(.rodata)
 .rodata        0x00800222       0x20 ../drivers\libIotLibrary.a(lora_driver.o)
 *(.rodata*)
 .rodata.str1.1
                0x00800242        0x5 FreeRTOS/src/tasks.o
 .rodata.str1.1
                0x00800247        0x8 FreeRTOS/src/timers.o
 .rodata.str1.1
                0x0080024f       0x55 TempHumSensorImpl.o
 .rodata.str1.1
                0x008002a4      0x1a3 UpLinkHandler.o
 .rodata.str1.1
                0x00800447       0x35 main.o
                                 0x42 (size before relaxing)
 .rodata.str1.1
                0x0080047c      0x295 ../drivers\libIotLibrary.a(lora_driver.o)
                                0x2a5 (size before relaxing)
 .rodata._joinMode
                0x00800711        0x4 ../drivers\libIotLibrary.a(lora_driver.o)
 .rodata._returnCode
                0x00800715       0x33 ../drivers\libIotLibrary.a(lora_driver.o)
                0x00800715                _returnCode
 .rodata.str1.1
                0x00800748        0x8 ../drivers\libIotLibrary.a(status_leds.o)
 *(.gnu.linkonce.r*)
                0x00800750                . = ALIGN (0x2)
                0x00800750                _edata = .
                0x00800750                PROVIDE (__data_end, .)

.bss            0x00800750     0x101d
                0x00800750                PROVIDE (__bss_start, .)
 *(.bss)
 *(.bss*)
 .bss.xBlockAllocatedBit
                0x00800750        0x2 FreeRTOS/src/heap_4.o
 .bss.xNumberOfSuccessfulFrees
                0x00800752        0x2 FreeRTOS/src/heap_4.o
 .bss.xNumberOfSuccessfulAllocations
                0x00800754        0x2 FreeRTOS/src/heap_4.o
 .bss.xMinimumEverFreeBytesRemaining
                0x00800756        0x2 FreeRTOS/src/heap_4.o
 .bss.xFreeBytesRemaining
                0x00800758        0x2 FreeRTOS/src/heap_4.o
 .bss.pxEnd     0x0080075a        0x2 FreeRTOS/src/heap_4.o
 .bss.xStart    0x0080075c        0x4 FreeRTOS/src/heap_4.o
 .bss.ucHeap    0x00800760      0xdac FreeRTOS/src/heap_4.o
 .bss.uxSchedulerSuspended
                0x0080150c        0x1 FreeRTOS/src/tasks.o
 .bss.xIdleTaskHandle
                0x0080150d        0x2 FreeRTOS/src/tasks.o
 .bss.xNextTaskUnblockTime
                0x0080150f        0x4 FreeRTOS/src/tasks.o
 .bss.uxTaskNumber
                0x00801513        0x1 FreeRTOS/src/tasks.o
 .bss.xNumOfOverflows
                0x00801514        0x1 FreeRTOS/src/tasks.o
 .bss.xYieldPending
                0x00801515        0x1 FreeRTOS/src/tasks.o
 .bss.xPendedTicks
                0x00801516        0x4 FreeRTOS/src/tasks.o
 .bss.xSchedulerRunning
                0x0080151a        0x1 FreeRTOS/src/tasks.o
 .bss.uxTopReadyPriority
                0x0080151b        0x1 FreeRTOS/src/tasks.o
 .bss.xTickCount
                0x0080151c        0x4 FreeRTOS/src/tasks.o
 .bss.uxCurrentNumberOfTasks
                0x00801520        0x1 FreeRTOS/src/tasks.o
 .bss.xSuspendedTaskList
                0x00801521        0xb FreeRTOS/src/tasks.o
 .bss.uxDeletedTasksWaitingCleanUp
                0x0080152c        0x1 FreeRTOS/src/tasks.o
 .bss.xTasksWaitingTermination
                0x0080152d        0xb FreeRTOS/src/tasks.o
 .bss.xPendingReadyList
                0x00801538        0xb FreeRTOS/src/tasks.o
 .bss.pxOverflowDelayedTaskList
                0x00801543        0x2 FreeRTOS/src/tasks.o
 .bss.pxDelayedTaskList
                0x00801545        0x2 FreeRTOS/src/tasks.o
 .bss.xDelayedTaskList2
                0x00801547        0xb FreeRTOS/src/tasks.o
 .bss.xDelayedTaskList1
                0x00801552        0xb FreeRTOS/src/tasks.o
 .bss.pxReadyTasksLists
                0x0080155d       0x6e FreeRTOS/src/tasks.o
 .bss.pxCurrentTCB
                0x008015cb        0x2 FreeRTOS/src/tasks.o
                0x008015cb                pxCurrentTCB
 .bss.xLastTime.2436
                0x008015cd        0x4 FreeRTOS/src/timers.o
 .bss.xTimerTaskHandle
                0x008015d1        0x2 FreeRTOS/src/timers.o
 .bss.xTimerQueue
                0x008015d3        0x2 FreeRTOS/src/timers.o
 .bss.pxOverflowTimerList
                0x008015d5        0x2 FreeRTOS/src/timers.o
 .bss.pxCurrentTimerList
                0x008015d7        0x2 FreeRTOS/src/timers.o
 .bss.xActiveTimerList2
                0x008015d9        0xb FreeRTOS/src/timers.o
 .bss.xActiveTimerList1
                0x008015e4        0xb FreeRTOS/src/timers.o
 .bss.payload   0x008015ef       0x16 SensorDataHandler.o
 .bss.humidity  0x00801605        0x4 TempHumSensorImpl.o
                0x00801605                humidity
 .bss.temperature
                0x00801609        0x4 TempHumSensorImpl.o
                0x00801609                temperature
 .bss.messageBuffer
                0x0080160d        0x2 UpLinkHandler.o
 .bss._uplink_payload
                0x0080160f       0x16 UpLinkHandler.o
 .bss._measuringIsReady
                0x00801625        0x1 ../drivers\libIotLibrary.a(hih8120.o)
 .bss._hih8120Handler
                0x00801626        0x2 ../drivers\libIotLibrary.a(hih8120.o)
 .bss._tmp_buf.2871
                0x00801628       0x37 ../drivers\libIotLibrary.a(lora_driver.o)
 .bss.rec_buf_inp.2878
                0x0080165f        0x1 ../drivers\libIotLibrary.a(lora_driver.o)
 .bss._downlinkMessageBuffer
                0x00801660        0x2 ../drivers\libIotLibrary.a(lora_driver.o)
 .bss._serialReplyBufferHandle
                0x00801662        0x2 ../drivers\libIotLibrary.a(lora_driver.o)
 .bss._rn2483_serial
                0x00801664        0x2 ../drivers\libIotLibrary.a(lora_driver.o)
 .bss._downlinkPayload
                0x00801666       0x16 ../drivers\libIotLibrary.a(lora_driver.o)
 .bss._payLoadHexBytes
                0x0080167c       0x15 ../drivers\libIotLibrary.a(lora_driver.o)
 .bss._recMessageBuf
                0x00801691       0x2d ../drivers\libIotLibrary.a(lora_driver.o)
 .bss._sendMessage
                0x008016be       0x2d ../drivers\libIotLibrary.a(lora_driver.o)
 .bss._replyMess
                0x008016eb       0x2d ../drivers\libIotLibrary.a(lora_driver.o)
 .bss._ser_handle
                0x00801718        0x8 ../drivers\libIotLibrary.a(serial.o)
 .bss._com_serial_instance
                0x00801720        0x2 ../drivers\libIotLibrary.a(stdio_driver.o)
 .bss._led_status
                0x00801722       0x18 ../drivers\libIotLibrary.a(status_leds.o)
 .bss._index.1885
                0x0080173a        0x1 ../drivers\libIotLibrary.a(twi.o)
 .bss._twiCurrentHandler
                0x0080173b        0x2 ../drivers\libIotLibrary.a(twi.o)
 .bss._twiMessageLen
                0x0080173d        0x1 ../drivers\libIotLibrary.a(twi.o)
 .bss._twiMessageBuffer
                0x0080173e        0xa ../drivers\libIotLibrary.a(twi.o)
 .bss._twiIsInitiated
                0x00801748        0x1 ../drivers\libIotLibrary.a(twi.o)
 *(COMMON)
 COMMON         0x00801749        0x2 SensorDataHandler.o
                0x00801749                packet
 COMMON         0x0080174b        0xc TempHumSensorImpl.o
                0x0080174b                xLastWakeTime
                0x0080174f                _meassureEventGroup
                0x00801751                xFrequency
                0x00801755                _dataReadyEventGroup
 COMMON         0x00801757        0xc main.o
                0x00801757                xMessageBuffer
                0x00801759                dataReadyEventGroup
                0x0080175d                measureEventGroup
                0x00801761                xTestSemaphore
 COMMON         0x00801763        0x4 d:/arduino/7.0/toolchain/avr8/avr8-gnu-toolchain/bin/../lib/gcc/avr/5.4.0/../../../../avr/lib/avr6\libc.a(malloc.o)
                0x00801763                __brkval
                0x00801765                __flp
 COMMON         0x00801767        0x6 d:/arduino/7.0/toolchain/avr8/avr8-gnu-toolchain/bin/../lib/gcc/avr/5.4.0/../../../../avr/lib/avr6\libc.a(iob.o)
                0x00801767                __iob
                0x0080176d                PROVIDE (__bss_end, .)
                0x000060ee                __data_load_start = LOADADDR (.data)
                0x0000663e                __data_load_end = (__data_load_start + SIZEOF (.data))

.noinit         0x0080176d        0x0
                [!provide]                PROVIDE (__noinit_start, .)
 *(.noinit*)
                [!provide]                PROVIDE (__noinit_end, .)
                0x0080176d                _end = .
                0x0080176d                PROVIDE (__heap_start, .)

.eeprom         0x00810000        0x0
 *(.eeprom*)
                0x00810000                __eeprom_end = .

.fuse
 *(.fuse)
 *(.lfuse)
 *(.hfuse)
 *(.efuse)

.lock
 *(.lock*)

.signature
 *(.signature*)

.user_signatures
 *(.user_signatures*)

.stab
 *(.stab)

.stabstr
 *(.stabstr)

.stab.excl
 *(.stab.excl)

.stab.exclstr
 *(.stab.exclstr)

.stab.index
 *(.stab.index)

.stab.indexstr
 *(.stab.indexstr)

.comment        0x00000000       0x5c
 *(.comment)
 .comment       0x00000000       0x30 FreeRTOS/src/event_groups.o
                                 0x31 (size before relaxing)
 .comment       0x00000030       0x31 FreeRTOS/src/heap_4.o
 .comment       0x00000030       0x31 FreeRTOS/src/list.o
 .comment       0x00000030       0x31 FreeRTOS/src/port.o
 .comment       0x00000030       0x31 FreeRTOS/src/queue.o
 .comment       0x00000030       0x31 FreeRTOS/src/stream_buffer.o
 .comment       0x00000030       0x31 FreeRTOS/src/tasks.o
 .comment       0x00000030       0x31 FreeRTOS/src/timers.o
 .comment       0x00000030       0x31 FreeRTOS/src/variantHooks.o
 .comment       0x00000030       0x31 SensorDataHandler.o
 .comment       0x00000030       0x31 TempHumSensorImpl.o
 .comment       0x00000030       0x31 UpLinkHandler.o
 .comment       0x00000030       0x31 main.o
 .comment       0x00000030       0x31 ../drivers\libIotLibrary.a(hih8120.o)
 .comment       0x00000030       0x31 ../drivers\libIotLibrary.a(lora_driver.o)
 .comment       0x00000030       0x31 ../drivers\libIotLibrary.a(lora_driver_utils.o)
 .comment       0x00000030       0x31 ../drivers\libIotLibrary.a(serial.o)
 .comment       0x00000030       0x31 ../drivers\libIotLibrary.a(stdio_driver.o)
 .comment       0x00000030       0x31 ../drivers\libIotLibrary.a(status_leds.o)
 .comment       0x00000030       0x31 ../drivers\libIotLibrary.a(twi.o)
 .comment       0x00000030       0x31 ../drivers\libIotLibrary.a(fifo.o)
 .comment       0x00000030       0x31 d:/arduino/7.0/toolchain/avr8/avr8-gnu-toolchain/bin/../lib/gcc/avr/5.4.0/../../../../avr/lib/avr6\libc.a(malloc.o)
 .comment       0x00000030       0x31 d:/arduino/7.0/toolchain/avr8/avr8-gnu-toolchain/bin/../lib/gcc/avr/5.4.0/../../../../avr/lib/avr6\libc.a(iob.o)
 .comment       0x00000030       0x31 d:/arduino/7.0/toolchain/avr8/avr8-gnu-toolchain/bin/../lib/gcc/avr/5.4.0/../../../../avr/lib/avr6\libc.a(printf.o)
 .comment       0x00000030       0x31 d:/arduino/7.0/toolchain/avr8/avr8-gnu-toolchain/bin/../lib/gcc/avr/5.4.0/../../../../avr/lib/avr6\libc.a(puts.o)
 .comment       0x00000030       0x31 d:/arduino/7.0/toolchain/avr8/avr8-gnu-toolchain/bin/../lib/gcc/avr/5.4.0/../../../../avr/lib/avr6\libc.a(sprintf.o)
 .comment       0x00000030       0x2c d:/arduino/7.0/toolchain/avr8/avr8-gnu-toolchain/bin/../lib/gcc/avr/5.4.0/../../../../avr/lib/avr6\libc.a(vfprintf_std.o)
                                 0x2d (size before relaxing)
 .comment       0x0000005c       0x31 d:/arduino/7.0/toolchain/avr8/avr8-gnu-toolchain/bin/../lib/gcc/avr/5.4.0/../../../../avr/lib/avr6\libc.a(fputc.o)

.note.gnu.avr.deviceinfo
                0x00000000       0x40
 .note.gnu.avr.deviceinfo
                0x00000000       0x40 D:/Arduino/7.0/Packs/atmel/ATmega_DFP/1.6.364/gcc/dev/atmega2560/avr6/crtatmega2560.o

.note.gnu.build-id
 *(.note.gnu.build-id)

.debug
 *(.debug)

.line
 *(.line)

.debug_srcinfo
 *(.debug_srcinfo)

.debug_sfnames
 *(.debug_sfnames)

.debug_aranges  0x00000000      0xa48
 *(.debug_aranges)
 .debug_aranges
                0x00000000       0x68 FreeRTOS/src/event_groups.o
 .debug_aranges
                0x00000068       0x58 FreeRTOS/src/heap_4.o
 .debug_aranges
                0x000000c0       0x40 FreeRTOS/src/list.o
 .debug_aranges
                0x00000100       0x58 FreeRTOS/src/port.o
 .debug_aranges
                0x00000158       0xf8 FreeRTOS/src/queue.o
 .debug_aranges
                0x00000250       0xc0 FreeRTOS/src/stream_buffer.o
 .debug_aranges
                0x00000310      0x1d0 FreeRTOS/src/tasks.o
 .debug_aranges
                0x000004e0       0xc8 FreeRTOS/src/timers.o
 .debug_aranges
                0x000005a8       0x40 FreeRTOS/src/variantHooks.o
 .debug_aranges
                0x000005e8       0x40 SensorDataHandler.o
 .debug_aranges
                0x00000628       0x40 TempHumSensorImpl.o
 .debug_aranges
                0x00000668       0x38 UpLinkHandler.o
 .debug_aranges
                0x000006a0       0x40 main.o
 .debug_aranges
                0x000006e0       0x68 ../drivers\libIotLibrary.a(hih8120.o)
 .debug_aranges
                0x00000748      0x138 ../drivers\libIotLibrary.a(lora_driver.o)
 .debug_aranges
                0x00000880       0x28 ../drivers\libIotLibrary.a(lora_driver_utils.o)
 .debug_aranges
                0x000008a8       0x90 ../drivers\libIotLibrary.a(serial.o)
 .debug_aranges
                0x00000938       0x38 ../drivers\libIotLibrary.a(stdio_driver.o)
 .debug_aranges
                0x00000970       0x68 ../drivers\libIotLibrary.a(status_leds.o)
 .debug_aranges
                0x000009d8       0x50 ../drivers\libIotLibrary.a(twi.o)
 .debug_aranges
                0x00000a28       0x20 ../drivers\libIotLibrary.a(fifo.o)

.debug_pubnames
 *(.debug_pubnames)

.debug_info     0x00000000     0xd19b
 *(.debug_info .gnu.linkonce.wi.*)
 .debug_info    0x00000000      0xbbc D:/Arduino/7.0/Packs/atmel/ATmega_DFP/1.6.364/gcc/dev/atmega2560/avr6/crtatmega2560.o
 .debug_info    0x00000bbc      0x971 FreeRTOS/src/event_groups.o
 .debug_info    0x0000152d      0x4e6 FreeRTOS/src/heap_4.o
 .debug_info    0x00001a13      0x2e7 FreeRTOS/src/list.o
 .debug_info    0x00001cfa      0x2ff FreeRTOS/src/port.o
 .debug_info    0x00001ff9     0x17e6 FreeRTOS/src/queue.o
 .debug_info    0x000037df     0x13df FreeRTOS/src/stream_buffer.o
 .debug_info    0x00004bbe     0x2239 FreeRTOS/src/tasks.o
 .debug_info    0x00006df7     0x10dd FreeRTOS/src/timers.o
 .debug_info    0x00007ed4      0x20f FreeRTOS/src/variantHooks.o
 .debug_info    0x000080e3      0x235 SensorDataHandler.o
 .debug_info    0x00008318      0x473 TempHumSensorImpl.o
 .debug_info    0x0000878b      0x922 UpLinkHandler.o
 .debug_info    0x000090ad      0x727 main.o
 .debug_info    0x000097d4      0x3a9 ../drivers\libIotLibrary.a(hih8120.o)
 .debug_info    0x00009b7d     0x1747 ../drivers\libIotLibrary.a(lora_driver.o)
 .debug_info    0x0000b2c4      0x143 ../drivers\libIotLibrary.a(lora_driver_utils.o)
 .debug_info    0x0000b407      0xd9c ../drivers\libIotLibrary.a(serial.o)
 .debug_info    0x0000c1a3      0x3b6 ../drivers\libIotLibrary.a(stdio_driver.o)
 .debug_info    0x0000c559      0x522 ../drivers\libIotLibrary.a(status_leds.o)
 .debug_info    0x0000ca7b      0x55d ../drivers\libIotLibrary.a(twi.o)
 .debug_info    0x0000cfd8      0x1c3 ../drivers\libIotLibrary.a(fifo.o)

.debug_abbrev   0x00000000     0x3211
 *(.debug_abbrev)
 .debug_abbrev  0x00000000      0xb1a D:/Arduino/7.0/Packs/atmel/ATmega_DFP/1.6.364/gcc/dev/atmega2560/avr6/crtatmega2560.o
 .debug_abbrev  0x00000b1a      0x1dc FreeRTOS/src/event_groups.o
 .debug_abbrev  0x00000cf6      0x200 FreeRTOS/src/heap_4.o
 .debug_abbrev  0x00000ef6       0xff FreeRTOS/src/list.o
 .debug_abbrev  0x00000ff5      0x179 FreeRTOS/src/port.o
 .debug_abbrev  0x0000116e      0x241 FreeRTOS/src/queue.o
 .debug_abbrev  0x000013af      0x246 FreeRTOS/src/stream_buffer.o
 .debug_abbrev  0x000015f5      0x2c8 FreeRTOS/src/tasks.o
 .debug_abbrev  0x000018bd      0x28c FreeRTOS/src/timers.o
 .debug_abbrev  0x00001b49       0xff FreeRTOS/src/variantHooks.o
 .debug_abbrev  0x00001c48      0x129 SensorDataHandler.o
 .debug_abbrev  0x00001d71      0x191 TempHumSensorImpl.o
 .debug_abbrev  0x00001f02      0x1ea UpLinkHandler.o
 .debug_abbrev  0x000020ec      0x1c8 main.o
 .debug_abbrev  0x000022b4      0x184 ../drivers\libIotLibrary.a(hih8120.o)
 .debug_abbrev  0x00002438      0x33b ../drivers\libIotLibrary.a(lora_driver.o)
 .debug_abbrev  0x00002773       0xc0 ../drivers\libIotLibrary.a(lora_driver_utils.o)
 .debug_abbrev  0x00002833      0x355 ../drivers\libIotLibrary.a(serial.o)
 .debug_abbrev  0x00002b88      0x1b3 ../drivers\libIotLibrary.a(stdio_driver.o)
 .debug_abbrev  0x00002d3b      0x1d7 ../drivers\libIotLibrary.a(status_leds.o)
 .debug_abbrev  0x00002f12      0x217 ../drivers\libIotLibrary.a(twi.o)
 .debug_abbrev  0x00003129       0xe8 ../drivers\libIotLibrary.a(fifo.o)

.debug_line     0x00000000     0x6469
 *(.debug_line .debug_line.* .debug_line_end)
 .debug_line    0x00000000      0x1fa D:/Arduino/7.0/Packs/atmel/ATmega_DFP/1.6.364/gcc/dev/atmega2560/avr6/crtatmega2560.o
 .debug_line    0x000001fa      0x3fa FreeRTOS/src/event_groups.o
 .debug_line    0x000005f4      0x3ed FreeRTOS/src/heap_4.o
 .debug_line    0x000009e1      0x1c2 FreeRTOS/src/list.o
 .debug_line    0x00000ba3      0x258 FreeRTOS/src/port.o
 .debug_line    0x00000dfb      0xbb1 FreeRTOS/src/queue.o
 .debug_line    0x000019ac      0x768 FreeRTOS/src/stream_buffer.o
 .debug_line    0x00002114     0x1588 FreeRTOS/src/tasks.o
 .debug_line    0x0000369c      0x60b FreeRTOS/src/timers.o
 .debug_line    0x00003ca7      0x17d FreeRTOS/src/variantHooks.o
 .debug_line    0x00003e24      0x197 SensorDataHandler.o
 .debug_line    0x00003fbb      0x204 TempHumSensorImpl.o
 .debug_line    0x000041bf      0x2d1 UpLinkHandler.o
 .debug_line    0x00004490      0x306 main.o
 .debug_line    0x00004796      0x24a ../drivers\libIotLibrary.a(hih8120.o)
 .debug_line    0x000049e0      0x9aa ../drivers\libIotLibrary.a(lora_driver.o)
 .debug_line    0x0000538a      0x195 ../drivers\libIotLibrary.a(lora_driver_utils.o)
 .debug_line    0x0000551f      0x6a1 ../drivers\libIotLibrary.a(serial.o)
 .debug_line    0x00005bc0      0x146 ../drivers\libIotLibrary.a(stdio_driver.o)
 .debug_line    0x00005d06      0x32c ../drivers\libIotLibrary.a(status_leds.o)
 .debug_line    0x00006032      0x31c ../drivers\libIotLibrary.a(twi.o)
 .debug_line    0x0000634e      0x11b ../drivers\libIotLibrary.a(fifo.o)

.debug_frame    0x00000000     0x252c
 *(.debug_frame)
 .debug_frame   0x00000000      0x1dc FreeRTOS/src/event_groups.o
 .debug_frame   0x000001dc       0xfc FreeRTOS/src/heap_4.o
 .debug_frame   0x000002d8       0x90 FreeRTOS/src/list.o
 .debug_frame   0x00000368       0x94 FreeRTOS/src/port.o
 .debug_frame   0x000003fc      0x3a4 FreeRTOS/src/queue.o
 .debug_frame   0x000007a0      0x40c FreeRTOS/src/stream_buffer.o
 .debug_frame   0x00000bac      0x7a0 FreeRTOS/src/tasks.o
 .debug_frame   0x0000134c      0x3ac FreeRTOS/src/timers.o
 .debug_frame   0x000016f8       0x64 FreeRTOS/src/variantHooks.o
 .debug_frame   0x0000175c       0x64 SensorDataHandler.o
 .debug_frame   0x000017c0       0x90 TempHumSensorImpl.o
 .debug_frame   0x00001850       0x90 UpLinkHandler.o
 .debug_frame   0x000018e0       0x90 main.o
 .debug_frame   0x00001970       0xc0 ../drivers\libIotLibrary.a(hih8120.o)
 .debug_frame   0x00001a30      0x460 ../drivers\libIotLibrary.a(lora_driver.o)
 .debug_frame   0x00001e90       0x48 ../drivers\libIotLibrary.a(lora_driver_utils.o)
 .debug_frame   0x00001ed8      0x384 ../drivers\libIotLibrary.a(serial.o)
 .debug_frame   0x0000225c       0x94 ../drivers\libIotLibrary.a(stdio_driver.o)
 .debug_frame   0x000022f0       0xec ../drivers\libIotLibrary.a(status_leds.o)
 .debug_frame   0x000023dc      0x12c ../drivers\libIotLibrary.a(twi.o)
 .debug_frame   0x00002508       0x24 ../drivers\libIotLibrary.a(fifo.o)

.debug_str      0x00000000     0x4074
 *(.debug_str)
 .debug_str     0x00000000      0x3e6 D:/Arduino/7.0/Packs/atmel/ATmega_DFP/1.6.364/gcc/dev/atmega2560/avr6/crtatmega2560.o
 .debug_str     0x000003e6      0x4fd FreeRTOS/src/event_groups.o
                                0x57e (size before relaxing)
 .debug_str     0x000008e3      0x2ce FreeRTOS/src/heap_4.o
                                0x474 (size before relaxing)
 .debug_str     0x00000bb1       0x89 FreeRTOS/src/list.o
                                0x2b0 (size before relaxing)
 .debug_str     0x00000c3a      0x163 FreeRTOS/src/port.o
                                0x2e5 (size before relaxing)
 .debug_str     0x00000d9d      0x652 FreeRTOS/src/queue.o
                                0x924 (size before relaxing)
 .debug_str     0x000013ef      0x4ed FreeRTOS/src/stream_buffer.o
                                0x7ad (size before relaxing)
 .debug_str     0x000018dc      0x8c8 FreeRTOS/src/tasks.o
                                0xf45 (size before relaxing)
 .debug_str     0x000021a4      0x414 FreeRTOS/src/timers.o
                                0x81b (size before relaxing)
 .debug_str     0x000025b8       0x81 FreeRTOS/src/variantHooks.o
                                0x25c (size before relaxing)
 .debug_str     0x00002639       0xf5 SensorDataHandler.o
                                0x26f (size before relaxing)
 .debug_str     0x0000272e      0x21b TempHumSensorImpl.o
                                0x434 (size before relaxing)
 .debug_str     0x00002949      0x458 UpLinkHandler.o
                                0x6b4 (size before relaxing)
 .debug_str     0x00002da1      0x141 main.o
                                0x544 (size before relaxing)
 .debug_str     0x00002ee2      0x2fd ../drivers\libIotLibrary.a(hih8120.o)
                                0x45c (size before relaxing)
 .debug_str     0x000031df      0x695 ../drivers\libIotLibrary.a(lora_driver.o)
                                0xcdb (size before relaxing)
 .debug_str     0x00003874       0x54 ../drivers\libIotLibrary.a(lora_driver_utils.o)
                                0x206 (size before relaxing)
 .debug_str     0x000038c8      0x2f1 ../drivers\libIotLibrary.a(serial.o)
                                0x628 (size before relaxing)
 .debug_str     0x00003bb9       0xa6 ../drivers\libIotLibrary.a(stdio_driver.o)
                                0x37d (size before relaxing)
 .debug_str     0x00003c5f      0x104 ../drivers\libIotLibrary.a(status_leds.o)
                                0x381 (size before relaxing)
 .debug_str     0x00003d63      0x2ef ../drivers\libIotLibrary.a(twi.o)
                                0x5b4 (size before relaxing)
 .debug_str     0x00004052       0x22 ../drivers\libIotLibrary.a(fifo.o)
                                0x239 (size before relaxing)

.debug_loc      0x00000000     0xbd37
 *(.debug_loc)
 .debug_loc     0x00000000      0xcc9 FreeRTOS/src/event_groups.o
 .debug_loc     0x00000cc9      0x4be FreeRTOS/src/heap_4.o
 .debug_loc     0x00001187      0x17d FreeRTOS/src/list.o
 .debug_loc     0x00001304       0xf6 FreeRTOS/src/port.o
 .debug_loc     0x000013fa     0x1abd FreeRTOS/src/queue.o
 .debug_loc     0x00002eb7     0x1daf FreeRTOS/src/stream_buffer.o
 .debug_loc     0x00004c66     0x2a07 FreeRTOS/src/tasks.o
 .debug_loc     0x0000766d     0x10f3 FreeRTOS/src/timers.o
 .debug_loc     0x00008760       0xdc FreeRTOS/src/variantHooks.o
 .debug_loc     0x0000883c      0x161 TempHumSensorImpl.o
 .debug_loc     0x0000899d      0x1aa UpLinkHandler.o
 .debug_loc     0x00008b47      0x12c main.o
 .debug_loc     0x00008c73       0x9f ../drivers\libIotLibrary.a(hih8120.o)
 .debug_loc     0x00008d12     0x1216 ../drivers\libIotLibrary.a(lora_driver.o)
 .debug_loc     0x00009f28      0x1d2 ../drivers\libIotLibrary.a(lora_driver_utils.o)
 .debug_loc     0x0000a0fa     0x114c ../drivers\libIotLibrary.a(serial.o)
 .debug_loc     0x0000b246      0x18c ../drivers\libIotLibrary.a(stdio_driver.o)
 .debug_loc     0x0000b3d2      0x292 ../drivers\libIotLibrary.a(status_leds.o)
 .debug_loc     0x0000b664      0x575 ../drivers\libIotLibrary.a(twi.o)
 .debug_loc     0x0000bbd9      0x15e ../drivers\libIotLibrary.a(fifo.o)

.debug_macinfo
 *(.debug_macinfo)

.debug_weaknames
 *(.debug_weaknames)

.debug_funcnames
 *(.debug_funcnames)

.debug_typenames
 *(.debug_typenames)

.debug_varnames
 *(.debug_varnames)

.debug_pubtypes
 *(.debug_pubtypes)

.debug_ranges   0x00000000      0x9c8
 *(.debug_ranges)
 .debug_ranges  0x00000000       0x70 FreeRTOS/src/event_groups.o
 .debug_ranges  0x00000070       0x48 FreeRTOS/src/heap_4.o
 .debug_ranges  0x000000b8       0x30 FreeRTOS/src/list.o
 .debug_ranges  0x000000e8       0x48 FreeRTOS/src/port.o
 .debug_ranges  0x00000130      0x130 FreeRTOS/src/queue.o
 .debug_ranges  0x00000260       0xb0 FreeRTOS/src/stream_buffer.o
 .debug_ranges  0x00000310      0x200 FreeRTOS/src/tasks.o
 .debug_ranges  0x00000510       0xb8 FreeRTOS/src/timers.o
 .debug_ranges  0x000005c8       0x30 FreeRTOS/src/variantHooks.o
 .debug_ranges  0x000005f8       0x30 SensorDataHandler.o
 .debug_ranges  0x00000628       0x30 TempHumSensorImpl.o
 .debug_ranges  0x00000658       0x28 UpLinkHandler.o
 .debug_ranges  0x00000680       0x30 main.o
 .debug_ranges  0x000006b0       0x58 ../drivers\libIotLibrary.a(hih8120.o)
 .debug_ranges  0x00000708      0x128 ../drivers\libIotLibrary.a(lora_driver.o)
 .debug_ranges  0x00000830       0x30 ../drivers\libIotLibrary.a(lora_driver_utils.o)
 .debug_ranges  0x00000860       0x98 ../drivers\libIotLibrary.a(serial.o)
 .debug_ranges  0x000008f8       0x28 ../drivers\libIotLibrary.a(stdio_driver.o)
 .debug_ranges  0x00000920       0x58 ../drivers\libIotLibrary.a(status_leds.o)
 .debug_ranges  0x00000978       0x40 ../drivers\libIotLibrary.a(twi.o)
 .debug_ranges  0x000009b8       0x10 ../drivers\libIotLibrary.a(fifo.o)

.debug_macro
 *(.debug_macro)
OUTPUT(4.Semester.elf elf32-avr)
LOAD linker stubs
