Archive member included to satisfy reference by file (symbol)

d:/arduino/7.0/toolchain/avr8/avr8-gnu-toolchain/bin/../lib/gcc/avr/5.4.0/../../../../avr/lib/avr6\libm.a(fixunssfsi.o)
                              TempHumSensorImpl.o (__fixunssfsi)
d:/arduino/7.0/toolchain/avr8/avr8-gnu-toolchain/bin/../lib/gcc/avr/5.4.0/../../../../avr/lib/avr6\libm.a(fp_split3.o)
                              d:/arduino/7.0/toolchain/avr8/avr8-gnu-toolchain/bin/../lib/gcc/avr/5.4.0/../../../../avr/lib/avr6\libm.a(fixunssfsi.o) (__fp_splitA)
d:/arduino/7.0/toolchain/avr8/avr8-gnu-toolchain/bin/../lib/gcc/avr/5.4.0/../../../../avr/lib/avr6\libm.a(fp_zero.o)
                              d:/arduino/7.0/toolchain/avr8/avr8-gnu-toolchain/bin/../lib/gcc/avr/5.4.0/../../../../avr/lib/avr6\libm.a(fixunssfsi.o) (__fp_zero)
../drivers\libIotLibrary.a(hih8120.o)
                              TempHumSensorImpl.o (hih8120_initialise)
../drivers\libIotLibrary.a(lora_driver.o)
                              UpLinkHandler.o (lora_driver_flushBuffers)
../drivers\libIotLibrary.a(lora_driver_utils.o)
                              ../drivers\libIotLibrary.a(lora_driver.o) (decode_port_no)
../drivers\libIotLibrary.a(mh_z19.o)
                              main.o (mh_z19_initialise)
../drivers\libIotLibrary.a(serial.o)
                              ../drivers\libIotLibrary.a(lora_driver.o) (serial_create)
../drivers\libIotLibrary.a(stdio_driver.o)
                              main.o (stdio_initialise)
../drivers\libIotLibrary.a(status_leds.o)
                              main.o (status_leds_initialise)
../drivers\libIotLibrary.a(twi.o)
                              ../drivers\libIotLibrary.a(hih8120.o) (twiCreate)
../drivers\libIotLibrary.a(fifo.o)
                              ../drivers\libIotLibrary.a(serial.o) (fifo_init)
d:/arduino/7.0/toolchain/avr8/avr8-gnu-toolchain/bin/../lib/gcc/avr/5.4.0/../../../../avr/lib/avr6\libm.a(addsf3.o)
                              ../drivers\libIotLibrary.a(hih8120.o) (__subsf3)
d:/arduino/7.0/toolchain/avr8/avr8-gnu-toolchain/bin/../lib/gcc/avr/5.4.0/../../../../avr/lib/avr6\libm.a(addsf3x.o)
                              d:/arduino/7.0/toolchain/avr8/avr8-gnu-toolchain/bin/../lib/gcc/avr/5.4.0/../../../../avr/lib/avr6\libm.a(addsf3.o) (__addsf3x)
d:/arduino/7.0/toolchain/avr8/avr8-gnu-toolchain/bin/../lib/gcc/avr/5.4.0/../../../../avr/lib/avr6\libm.a(divsf3.o)
                              ../drivers\libIotLibrary.a(hih8120.o) (__divsf3)
d:/arduino/7.0/toolchain/avr8/avr8-gnu-toolchain/bin/../lib/gcc/avr/5.4.0/../../../../avr/lib/avr6\libm.a(divsf3x.o)
                              d:/arduino/7.0/toolchain/avr8/avr8-gnu-toolchain/bin/../lib/gcc/avr/5.4.0/../../../../avr/lib/avr6\libm.a(divsf3.o) (__divsf3x)
d:/arduino/7.0/toolchain/avr8/avr8-gnu-toolchain/bin/../lib/gcc/avr/5.4.0/../../../../avr/lib/avr6\libm.a(fixsfsi.o)
                              ../drivers\libIotLibrary.a(hih8120.o) (__fixsfsi)
d:/arduino/7.0/toolchain/avr8/avr8-gnu-toolchain/bin/../lib/gcc/avr/5.4.0/../../../../avr/lib/avr6\libm.a(floatsisf.o)
                              ../drivers\libIotLibrary.a(hih8120.o) (__floatunsisf)
d:/arduino/7.0/toolchain/avr8/avr8-gnu-toolchain/bin/../lib/gcc/avr/5.4.0/../../../../avr/lib/avr6\libm.a(fp_inf.o)
                              d:/arduino/7.0/toolchain/avr8/avr8-gnu-toolchain/bin/../lib/gcc/avr/5.4.0/../../../../avr/lib/avr6\libm.a(addsf3x.o) (__fp_inf)
d:/arduino/7.0/toolchain/avr8/avr8-gnu-toolchain/bin/../lib/gcc/avr/5.4.0/../../../../avr/lib/avr6\libm.a(fp_nan.o)
                              d:/arduino/7.0/toolchain/avr8/avr8-gnu-toolchain/bin/../lib/gcc/avr/5.4.0/../../../../avr/lib/avr6\libm.a(addsf3x.o) (__fp_nan)
d:/arduino/7.0/toolchain/avr8/avr8-gnu-toolchain/bin/../lib/gcc/avr/5.4.0/../../../../avr/lib/avr6\libm.a(fp_pscA.o)
                              d:/arduino/7.0/toolchain/avr8/avr8-gnu-toolchain/bin/../lib/gcc/avr/5.4.0/../../../../avr/lib/avr6\libm.a(addsf3x.o) (__fp_pscA)
d:/arduino/7.0/toolchain/avr8/avr8-gnu-toolchain/bin/../lib/gcc/avr/5.4.0/../../../../avr/lib/avr6\libm.a(fp_pscB.o)
                              d:/arduino/7.0/toolchain/avr8/avr8-gnu-toolchain/bin/../lib/gcc/avr/5.4.0/../../../../avr/lib/avr6\libm.a(addsf3x.o) (__fp_pscB)
d:/arduino/7.0/toolchain/avr8/avr8-gnu-toolchain/bin/../lib/gcc/avr/5.4.0/../../../../avr/lib/avr6\libm.a(fp_round.o)
                              d:/arduino/7.0/toolchain/avr8/avr8-gnu-toolchain/bin/../lib/gcc/avr/5.4.0/../../../../avr/lib/avr6\libm.a(addsf3.o) (__fp_round)
d:/arduino/7.0/toolchain/avr8/avr8-gnu-toolchain/bin/../lib/gcc/avr/5.4.0/../../../../avr/lib/avr6\libm.a(mulsf3.o)
                              ../drivers\libIotLibrary.a(hih8120.o) (__mulsf3)
d:/arduino/7.0/toolchain/avr8/avr8-gnu-toolchain/bin/../lib/gcc/avr/5.4.0/../../../../avr/lib/avr6\libm.a(mulsf3x.o)
[...]
Memory Configuration

Name             Origin             Length             Attributes
text             0x00000000         0x00040000         xr
data             0x00800200         0x00002000         rw !x
eeprom           0x00810000         0x00001000         rw !x
fuse             0x00820000         0x00000003         rw !x
lock             0x00830000         0x00000400         rw !x
signature        0x00840000         0x00000400         rw !x
user_signatures  0x00850000         0x00000400         rw !x
*default*        0x00000000         0xffffffff

Linker script and memory map

Address of section .data set to 0x800200
LOAD D:/Arduino/7.0/Packs/atmel/ATmega_DFP/1.6.364/gcc/dev/atmega2560/avr6/crtatmega2560.o
LOAD CO2_SensorImpl.o
LOAD ConfigurationImpl.o
LOAD DownLinkHandler.o
LOAD FreeRTOS/FreeRTOSTraceDriver/FreeRTOSTraceDriver.o
LOAD FreeRTOS/src/croutine.o
LOAD FreeRTOS/src/event_groups.o
LOAD FreeRTOS/src/heap_4.o
LOAD FreeRTOS/src/list.o
LOAD FreeRTOS/src/port.o
LOAD FreeRTOS/src/queue.o
LOAD FreeRTOS/src/stream_buffer.o
LOAD FreeRTOS/src/tasks.o
LOAD FreeRTOS/src/timers.o
LOAD FreeRTOS/src/variantHooks.o
LOAD SensorDataHandler.o
LOAD TempHumSensorImpl.o
LOAD UpLinkHandler.o
LOAD main.o
LOAD LoRaWANHandler.o
START GROUP
LOAD d:/arduino/7.0/toolchain/avr8/avr8-gnu-toolchain/bin/../lib/gcc/avr/5.4.0/../../../../avr/lib/avr6\libm.a
LOAD ../drivers\libIotLibrary.a
END GROUP
START GROUP
LOAD d:/arduino/7.0/toolchain/avr8/avr8-gnu-toolchain/bin/../lib/gcc/avr/5.4.0/avr6\libgcc.a
LOAD d:/arduino/7.0/toolchain/avr8/avr8-gnu-toolchain/bin/../lib/gcc/avr/5.4.0/../../../../avr/lib/avr6\libm.a
LOAD d:/arduino/7.0/toolchain/avr8/avr8-gnu-toolchain/bin/../lib/gcc/avr/5.4.0/../../../../avr/lib/avr6\libc.a
LOAD D:/Arduino/7.0/Packs/atmel/ATmega_DFP/1.6.364/gcc/dev/atmega2560/avr6\libatmega2560.a
END GROUP
                0x00000000                __TEXT_REGION_ORIGIN__ = DEFINED (__TEXT_REGION_ORIGIN__)?__TEXT_REGION_ORIGIN__:0x0
                [0x00800200]                __DATA_REGION_ORIGIN__ = DEFINED (__DATA_REGION_ORIGIN__)?__DATA_REGION_ORIGIN__:0x800200
                [0x00040000]                __TEXT_REGION_LENGTH__ = DEFINED (__TEXT_REGION_LENGTH__)?__TEXT_REGION_LENGTH__:0x100000
                [0x00002000]                __DATA_REGION_LENGTH__ = DEFINED (__DATA_REGION_LENGTH__)?__DATA_REGION_LENGTH__:0xfe00
                [0x00001000]                __EEPROM_REGION_LENGTH__ = DEFINED (__EEPROM_REGION_LENGTH__)?__EEPROM_REGION_LENGTH__:0x10000
                [0x00000003]                __FUSE_REGION_LENGTH__ = DEFINED (__FUSE_REGION_LENGTH__)?__FUSE_REGION_LENGTH__:0x400
                0x00000400                __LOCK_REGION_LENGTH__ = DEFINED (__LOCK_REGION_LENGTH__)?__LOCK_REGION_LENGTH__:0x400
                0x00000400                __SIGNATURE_REGION_LENGTH__ = DEFINED (__SIGNATURE_REGION_LENGTH__)?__SIGNATURE_REGION_LENGTH__:0x400
                0x00000400                __USER_SIGNATURE_REGION_LENGTH__ = DEFINED (__USER_SIGNATURE_REGION_LENGTH__)?__USER_SIGNATURE_REGION_LENGTH__:0x400

.hash
 *(.hash)

.dynsym
 *(.dynsym)

.dynstr
 *(.dynstr)

.gnu.version
 *(.gnu.version)

.gnu.version_d
 *(.gnu.version_d)

.gnu.version_r
 *(.gnu.version_r)

.rel.init
 *(.rel.init)

.rela.init
 *(.rela.init)

.rel.text
 *(.rel.text)
 *(.rel.text.*)
 *(.rel.gnu.linkonce.t*)

.rela.text
 *(.rela.text)
 *(.rela.text.*)
 *(.rela.gnu.linkonce.t*)

.rel.fini
 *(.rel.fini)

.rela.fini
 *(.rela.fini)

.rel.rodata
 *(.rel.rodata)
 *(.rel.rodata.*)
 *(.rel.gnu.linkonce.r*)

.rela.rodata
 *(.rela.rodata)
 *(.rela.rodata.*)
 *(.rela.gnu.linkonce.r*)

.rel.data
 *(.rel.data)
 *(.rel.data.*)
 *(.rel.gnu.linkonce.d*)

.rela.data
 *(.rela.data)
 *(.rela.data.*)
 *(.rela.gnu.linkonce.d*)

.rel.ctors
 *(.rel.ctors)

.rela.ctors
 *(.rela.ctors)

.rel.dtors
 *(.rel.dtors)

.rela.dtors
 *(.rela.dtors)

.rel.got
 *(.rel.got)

.rela.got
 *(.rela.got)

.rel.bss
 *(.rel.bss)

.rela.bss
 *(.rela.bss)

.rel.plt
 *(.rel.plt)

.rela.plt
 *(.rela.plt)

.text           0x00000000     0x6354
 *(.vectors)
 .vectors       0x00000000       0xe4 D:/Arduino/7.0/Packs/atmel/ATmega_DFP/1.6.364/gcc/dev/atmega2560/avr6/crtatmega2560.o
                0x00000000                __vector_default
                0x00000000                __vectors
 *(.vectors)
 *(.progmem.gcc*)
 .progmem.gcc_sw_table.prvProcessReceivedCommands
                0x000000e4       0x14 FreeRTOS/src/timers.o
 .progmem.gcc_sw_table.__vector_39
                0x000000f8       0xa2 ../drivers\libIotLibrary.a(twi.o)
                0x0000019a                . = ALIGN (0x2)
                0x0000019a                __trampolines_start = .
 *(.trampolines)
 .trampolines   0x0000019a        0x0 linker stubs
 *(.trampolines*)
                0x0000019a                __trampolines_end = .
 *libprintf_flt.a:*(.progmem.data)
 *libc.a:*(.progmem.data)
 *(.progmem*)
                0x0000019a                . = ALIGN (0x2)
 *(.jumptables)
 *(.jumptables*)
 *(.lowtext)
 .lowtext       0x0000019a       0x14 FreeRTOS/src/tasks.o
 .lowtext       0x000001ae       0x1e FreeRTOS/src/timers.o
 *(.lowtext*)
                0x000001cc                __ctors_start = .
 *(.ctors)
                0x000001cc                __ctors_end = .
                0x000001cc                __dtors_start = .
 *(.dtors)
                0x000001cc                __dtors_end = .
 SORT(*)(.ctors)
 SORT(*)(.dtors)
 *(.init0)
 .init0         0x000001cc        0x0 D:/Arduino/7.0/Packs/atmel/ATmega_DFP/1.6.364/gcc/dev/atmega2560/avr6/crtatmega2560.o
                0x000001cc                __init
 *(.init0)
 *(.init1)
 *(.init1)
 *(.init2)
 .init2         0x000001cc       0x10 D:/Arduino/7.0/Packs/atmel/ATmega_DFP/1.6.364/gcc/dev/atmega2560/avr6/crtatmega2560.o
 *(.init2)
 *(.init3)
 *(.init3)
 *(.init4)
 .init4         0x000001dc       0x1a d:/arduino/7.0/toolchain/avr8/avr8-gnu-toolchain/bin/../lib/gcc/avr/5.4.0/avr6\libgcc.a(_copy_data.o)
                0x000001dc                __do_copy_data
 .init4         0x000001f6       0x10 d:/arduino/7.0/toolchain/avr8/avr8-gnu-toolchain/bin/../lib/gcc/avr/5.4.0/avr6\libgcc.a(_clear_bss.o)
                0x000001f6                __do_clear_bss
 *(.init4)
 *(.init5)
 *(.init5)
 *(.init6)
 *(.init6)
 *(.init7)
 *(.init7)
 *(.init8)
 *(.init8)
 *(.init9)
 .init9         0x00000206        0x8 D:/Arduino/7.0/Packs/atmel/ATmega_DFP/1.6.364/gcc/dev/atmega2560/avr6/crtatmega2560.o
 *(.init9)
 *(.text)
 .text          0x0000020e        0x2 D:/Arduino/7.0/Packs/atmel/ATmega_DFP/1.6.364/gcc/dev/atmega2560/avr6/crtatmega2560.o
                0x0000020e                __vector_38
                0x0000020e                __vector_22
                0x0000020e                __vector_28
                0x0000020e                __vector_1
                0x0000020e                __vector_32
                0x0000020e                __vector_34
                0x0000020e                __vector_24
                0x0000020e                __vector_46
                0x0000020e                __bad_interrupt
                0x0000020e                __vector_6
                0x0000020e                __vector_31
                0x0000020e                __vector_35
                0x0000020e                __vector_3
                0x0000020e                __vector_23
                0x0000020e                __vector_30
                0x0000020e                __vector_45
                0x0000020e                __vector_11
                0x0000020e                __vector_13
                0x0000020e                __vector_17
                0x0000020e                __vector_19
                0x0000020e                __vector_56
                0x0000020e                __vector_7
                0x0000020e                __vector_49
                0x0000020e                __vector_41
                0x0000020e                __vector_43
                0x0000020e                __vector_27
                0x0000020e                __vector_5
                0x0000020e                __vector_33
                0x0000020e                __vector_47
                0x0000020e                __vector_4
                0x0000020e                __vector_44
                0x0000020e                __vector_9
                0x0000020e                __vector_2
                0x0000020e                __vector_21
                0x0000020e                __vector_15
                0x0000020e                __vector_29
                0x0000020e                __vector_40
                0x0000020e                __vector_8
                0x0000020e                __vector_48
                0x0000020e                __vector_14
                0x0000020e                __vector_53
                0x0000020e                __vector_10
                0x0000020e                __vector_50
                0x0000020e                __vector_16
                0x0000020e                __vector_18
                0x0000020e                __vector_20
                0x0000020e                __vector_42
                0x00000210                . = ALIGN (0x2)
 *(.text.*)
 .text.myCo2CallBack
                0x00000210       0x1c CO2_SensorImpl.o
                0x00000210                myCo2CallBack
 .text.CO2_sensor_create
                0x0000022c       0x3e CO2_SensorImpl.o
                0x0000022c                CO2_sensor_create
 .text.get_CO2_data
                0x0000026a        0xa CO2_SensorImpl.o
                0x0000026a                get_CO2_data
 .text.CO2_taskRun
                0x00000274       0x70 CO2_SensorImpl.o
                0x00000274                CO2_taskRun
 .text.CO2_Sensor_Task
                0x000002e4       0x40 CO2_SensorImpl.o
                0x000002e4                CO2_Sensor_Task
 .text.prvTestWaitCondition
                0x00000324       0x42 FreeRTOS/src/event_groups.o
 .text.xEventGroupCreate
                0x00000366       0x26 FreeRTOS/src/event_groups.o
                0x00000366                xEventGroupCreate
 .text.xEventGroupWaitBits
                0x0000038c      0x140 FreeRTOS/src/event_groups.o
                0x0000038c                xEventGroupWaitBits
 .text.xEventGroupSetBits
                0x000004cc      0x11c FreeRTOS/src/event_groups.o
                0x000004cc                xEventGroupSetBits
 .text.prvHeapInit
                0x000005e8       0x52 FreeRTOS/src/heap_4.o
 .text.prvInsertBlockIntoFreeList
                0x0000063a       0x94 FreeRTOS/src/heap_4.o
 .text.pvPortMalloc
                0x000006ce      0x152 FreeRTOS/src/heap_4.o
                0x000006ce                pvPortMalloc
 .text.vPortFree
                0x00000820       0x7a FreeRTOS/src/heap_4.o
                0x00000820                vPortFree
 .text.vListInitialise
                0x0000089a       0x22 FreeRTOS/src/list.o
                0x0000089a                vListInitialise
 .text.vListInitialiseItem
                0x000008bc        0x8 FreeRTOS/src/list.o
                0x000008bc                vListInitialiseItem
 .text.vListInsert
                0x000008c4       0x7a FreeRTOS/src/list.o
                0x000008c4                vListInsert
 .text.uxListRemove
                0x0000093e       0x4e FreeRTOS/src/list.o
                0x0000093e                uxListRemove
 .text.prvSetupTimerInterrupt
                0x0000098c       0x18 FreeRTOS/src/port.o
 .text.pxPortInitialiseStack
                0x000009a4       0x2e FreeRTOS/src/port.o
                0x000009a4                pxPortInitialiseStack
 .text.xPortStartScheduler
                0x000009d2       0x64 FreeRTOS/src/port.o
                0x000009d2                xPortStartScheduler
 .text.vPortYield
                0x00000a36       0xc2 FreeRTOS/src/port.o
                0x00000a36                vPortYield
 .text.vPortYieldFromTick
                0x00000af8       0xca FreeRTOS/src/port.o
                0x00000af8                vPortYieldFromTick
 .text.__vector_12
                0x00000bc2        0x4 FreeRTOS/src/port.o
                0x00000bc2                __vector_12
 .text.prvIsQueueEmpty
                0x00000bc6       0x1a FreeRTOS/src/queue.o
 .text.prvIsQueueFull
                0x00000be0       0x1c FreeRTOS/src/queue.o
 .text.prvCopyDataToQueue
                0x00000bfc       0xbe FreeRTOS/src/queue.o
 .text.prvCopyDataFromQueue
                0x00000cba       0x34 FreeRTOS/src/queue.o
 .text.prvUnlockQueue
                0x00000cee       0x68 FreeRTOS/src/queue.o
 .text.xQueueGenericReset
                0x00000d56       0x86 FreeRTOS/src/queue.o
                0x00000d56                xQueueGenericReset
 .text.prvInitialiseNewQueue
                0x00000ddc       0x24 FreeRTOS/src/queue.o
 .text.xQueueGenericCreate
                0x00000e00       0x46 FreeRTOS/src/queue.o
                0x00000e00                xQueueGenericCreate
 .text.xQueueGenericSend
                0x00000e46      0x124 FreeRTOS/src/queue.o
                0x00000e46                xQueueGenericSend
 .text.prvInitialiseMutex
                0x00000f6a       0x24 FreeRTOS/src/queue.o
 .text.xQueueCreateMutex
                0x00000f8e       0x18 FreeRTOS/src/queue.o
                0x00000f8e                xQueueCreateMutex
 .text.xQueueGenericSendFromISR
                0x00000fa6       0x76 FreeRTOS/src/queue.o
                0x00000fa6                xQueueGenericSendFromISR
 .text.xQueueReceive
                0x0000101c      0x11e FreeRTOS/src/queue.o
                0x0000101c                xQueueReceive
 .text.vQueueWaitForMessageRestricted
                0x0000113a       0x38 FreeRTOS/src/queue.o
                0x0000113a                vQueueWaitForMessageRestricted
 .text.prvBytesInBuffer
                0x00001172       0x26 FreeRTOS/src/stream_buffer.o
 .text.prvInitialiseNewStreamBuffer
                0x00001198       0x20 FreeRTOS/src/stream_buffer.o
 .text.prvWriteBytesToBuffer
                0x000011b8       0x92 FreeRTOS/src/stream_buffer.o
 .text.prvWriteMessageToBuffer
                0x0000124a       0x86 FreeRTOS/src/stream_buffer.o
 .text.prvReadBytesFromBuffer
                0x000012d0       0x9e FreeRTOS/src/stream_buffer.o
 .text.prvReadMessageFromBuffer
                0x0000136e       0x8a FreeRTOS/src/stream_buffer.o
 .text.xStreamBufferGenericCreate
                0x000013f8       0x64 FreeRTOS/src/stream_buffer.o
                0x000013f8                xStreamBufferGenericCreate
 .text.xStreamBufferReset
                0x0000145c       0x3c FreeRTOS/src/stream_buffer.o
                0x0000145c                xStreamBufferReset
 .text.xStreamBufferSpacesAvailable
                0x00001498       0x24 FreeRTOS/src/stream_buffer.o
                0x00001498                xStreamBufferSpacesAvailable
 .text.xStreamBufferSend
                0x000014bc      0x18a FreeRTOS/src/stream_buffer.o
                0x000014bc                xStreamBufferSend
 .text.xStreamBufferSendFromISR
                0x00001646       0x88 FreeRTOS/src/stream_buffer.o
                0x00001646                xStreamBufferSendFromISR
 .text.xStreamBufferReceive
                0x000016ce      0x106 FreeRTOS/src/stream_buffer.o
                0x000016ce                xStreamBufferReceive
 .text.prvResetNextTaskUnblockTime
                0x000017d4       0x4e FreeRTOS/src/tasks.o
 .text.prvDeleteTCB
                0x00001822       0x1a FreeRTOS/src/tasks.o
 .text.prvInitialiseNewTask
                0x0000183c       0xfa FreeRTOS/src/tasks.o
 .text.prvInitialiseTaskLists
                0x00001936       0x60 FreeRTOS/src/tasks.o
 .text.prvAddNewTaskToReadyList
                0x00001996       0xde FreeRTOS/src/tasks.o
 .text.prvCheckTasksWaitingTermination
                0x00001a74       0x4a FreeRTOS/src/tasks.o
 .text.prvAddCurrentTaskToDelayedList
                0x00001abe      0x144 FreeRTOS/src/tasks.o
 .text.xTaskCreate
                0x00001c02       0x98 FreeRTOS/src/tasks.o
                0x00001c02                xTaskCreate
 .text.vTaskStartScheduler
                0x00001c9a       0x70 FreeRTOS/src/tasks.o
                0x00001c9a                vTaskStartScheduler
 .text.vTaskSuspendAll
                0x00001d0a        0xc FreeRTOS/src/tasks.o
                0x00001d0a                vTaskSuspendAll
 .text.xTaskGetTickCount
                0x00001d16       0x1c FreeRTOS/src/tasks.o
                0x00001d16                xTaskGetTickCount
 .text.xTaskIncrementTick
                0x00001d32      0x258 FreeRTOS/src/tasks.o
                0x00001d32                xTaskIncrementTick
 .text.xTaskResumeAll
                0x00001f8a      0x1b8 FreeRTOS/src/tasks.o
                0x00001f8a                xTaskResumeAll
 .text.xTaskDelayUntil
                0x00002142       0xca FreeRTOS/src/tasks.o
                0x00002142                xTaskDelayUntil
 .text.vTaskDelay
                0x0000220c       0x36 FreeRTOS/src/tasks.o
                0x0000220c                vTaskDelay
 .text.vTaskSwitchContext
                0x00002242       0xca FreeRTOS/src/tasks.o
                0x00002242                vTaskSwitchContext
 .text.vTaskPlaceOnEventList
                0x0000230c       0x2e FreeRTOS/src/tasks.o
                0x0000230c                vTaskPlaceOnEventList
 .text.vTaskPlaceOnUnorderedEventList
                0x0000233a       0x94 FreeRTOS/src/tasks.o
                0x0000233a                vTaskPlaceOnUnorderedEventList
 .text.vTaskPlaceOnEventListRestricted
                0x000023ce       0x84 FreeRTOS/src/tasks.o
                0x000023ce                vTaskPlaceOnEventListRestricted
 .text.xTaskRemoveFromEventList
                0x00002452      0x15e FreeRTOS/src/tasks.o
                0x00002452                xTaskRemoveFromEventList
 .text.vTaskRemoveFromUnorderedEventList
                0x000025b0      0x134 FreeRTOS/src/tasks.o
                0x000025b0                vTaskRemoveFromUnorderedEventList
 .text.vTaskSetTimeOutState
                0x000026e4       0x2c FreeRTOS/src/tasks.o
                0x000026e4                vTaskSetTimeOutState
 .text.vTaskInternalSetTimeOutState
                0x00002710       0x22 FreeRTOS/src/tasks.o
                0x00002710                vTaskInternalSetTimeOutState
 .text.xTaskCheckForTimeOut
                0x00002732       0xcc FreeRTOS/src/tasks.o
                0x00002732                xTaskCheckForTimeOut
 .text.vTaskMissedYield
                0x000027fe        0x8 FreeRTOS/src/tasks.o
                0x000027fe                vTaskMissedYield
 .text.xTaskGetCurrentTaskHandle
                0x00002806        0xa FreeRTOS/src/tasks.o
                0x00002806                xTaskGetCurrentTaskHandle
 .text.xTaskGetSchedulerState
                0x00002810       0x1c FreeRTOS/src/tasks.o
                0x00002810                xTaskGetSchedulerState
 .text.xTaskPriorityDisinherit
                0x0000282c       0xb6 FreeRTOS/src/tasks.o
                0x0000282c                xTaskPriorityDisinherit
 .text.uxTaskResetEventItemValue
                0x000028e2       0x54 FreeRTOS/src/tasks.o
                0x000028e2                uxTaskResetEventItemValue
 .text.xTaskGenericNotifyWait
                0x00002936      0x14e FreeRTOS/src/tasks.o
                0x00002936                xTaskGenericNotifyWait
 .text.xTaskGenericNotify
                0x00002a84      0x1ee FreeRTOS/src/tasks.o
                0x00002a84                xTaskGenericNotify
 .text.xTaskGenericNotifyFromISR
                0x00002c72      0x244 FreeRTOS/src/tasks.o
                0x00002c72                xTaskGenericNotifyFromISR
 .text.xTaskGenericNotifyStateClear
                0x00002eb6       0x34 FreeRTOS/src/tasks.o
                0x00002eb6                xTaskGenericNotifyStateClear
 .text.prvGetNextExpireTime
                0x00002eea       0x30 FreeRTOS/src/timers.o
 .text.prvInsertTimerInActiveList
                0x00002f1a       0x92 FreeRTOS/src/timers.o
 .text.prvCheckForValidListAndQueue
                0x00002fac       0x52 FreeRTOS/src/timers.o
 .text.xTimerCreateTimerTask
                0x00002ffe       0x42 FreeRTOS/src/timers.o
                0x00002ffe                xTimerCreateTimerTask
 .text.xTimerGenericCommand
                0x00003040       0xbc FreeRTOS/src/timers.o
                0x00003040                xTimerGenericCommand
 .text.prvSwitchTimerLists
                0x000030fc       0xd0 FreeRTOS/src/timers.o
 .text.prvSampleTimeNow
                0x000031cc       0x5c FreeRTOS/src/timers.o
 .text.prvProcessExpiredTimer
                0x00003228       0xac FreeRTOS/src/timers.o
 .text.prvProcessTimerOrBlockTask
                0x000032d4       0xae FreeRTOS/src/timers.o
 .text.prvProcessReceivedCommands
                0x00003382      0x168 FreeRTOS/src/timers.o
 .text.vApplicationIdleHook
                0x000034ea        0x2 FreeRTOS/src/variantHooks.o
                0x000034ea                vApplicationIdleHook
 .text.prvSetMainLedOn
                0x000034ec        0xe FreeRTOS/src/variantHooks.o
                0x000034ec                prvSetMainLedOn
 .text.prvBlinkMainLed
                0x000034fa        0x8 FreeRTOS/src/variantHooks.o
                0x000034fa                prvBlinkMainLed
 .text.vApplicationMallocFailedHook
                0x00003502       0x18 FreeRTOS/src/variantHooks.o
                0x00003502                vApplicationMallocFailedHook
 .text.vApplicationStackOverflowHook
                0x0000351a       0x18 FreeRTOS/src/variantHooks.o
                0x0000351a                vApplicationStackOverflowHook
 .text.SensorDataPackage_create
                0x00003532       0x1a SensorDataHandler.o
                0x00003532                SensorDataPackage_create
 .text.setCO2Ppm
                0x0000354c        0xe SensorDataHandler.o
                0x0000354c                setCO2Ppm
 .text.setTemperatureData
                0x0000355a        0xe SensorDataHandler.o
                0x0000355a                setTemperatureData
 .text.setHumidityData
                0x00003568        0xe SensorDataHandler.o
                0x00003568                setHumidityData
 .text.getLoRaPayload
                0x00003576       0x4a SensorDataHandler.o
                0x00003576                getLoRaPayload
 .text.Temp_Humidty_sensor_create
                0x000035c0       0x64 TempHumSensorImpl.o
                0x000035c0                Temp_Humidty_sensor_create
 .text.get_temperature_data
                0x00003624       0x16 TempHumSensorImpl.o
                0x00003624                get_temperature_data
 .text.get_humidity_data
                0x0000363a       0x16 TempHumSensorImpl.o
                0x0000363a                get_humidity_data
 .text.tempHum_init
                0x00003650       0x18 TempHumSensorImpl.o
                0x00003650                tempHum_init
 .text.tempHum_getDataFromTempHumSensorTask
                0x00003668       0xd0 TempHumSensorImpl.o
                0x00003668                tempHum_getDataFromTempHumSensorTask
 .text.uplink_lora_setup
                0x00003738      0x1a8 UpLinkHandler.o
 .text.upLink_create
                0x000038e0       0x2e UpLinkHandler.o
                0x000038e0                upLink_create
 .text.lora_Handler_task
                0x0000390e       0x6c UpLinkHandler.o
                0x0000390e                lora_Handler_task
 .text.upLinkHandler_StartTask
                0x0000397a        0x2 UpLinkHandler.o
                0x0000397a                upLinkHandler_StartTask
 .text.Temperature_Humidity_Task
                0x0000397c        0x4 main.o
                0x0000397c                Temperature_Humidity_Task
 .text.CO2_Task
                0x00003980        0x6 main.o
                0x00003980                CO2_Task
 .text.Application_Task
                0x00003986      0x10c main.o
                0x00003986                Application_Task
 .text.create_tasks_and_semaphores
                0x00003a92       0xf6 main.o
                0x00003a92                create_tasks_and_semaphores
 .text.initialiseSystem
                0x00003b88       0x30 main.o
                0x00003b88                initialiseSystem
 .text.main     0x00003bb8        0xc main.o
                0x00003bb8                main
 .text.avr-libc.fplib
                0x00003bc4       0x58 d:/arduino/7.0/toolchain/avr8/avr8-gnu-toolchain/bin/../lib/gcc/avr/5.4.0/../../../../avr/lib/avr6\libm.a(fixunssfsi.o)
                0x00003bc4                __fixunssfsi
 .text.avr-libc.fplib
                0x00003c1c       0x44 d:/arduino/7.0/toolchain/avr8/avr8-gnu-toolchain/bin/../lib/gcc/avr/5.4.0/../../../../avr/lib/avr6\libm.a(fp_split3.o)
                0x00003c1c                __fp_split3
                0x00003c2c                __fp_splitA
 .text.avr-libc.fplib
                0x00003c60        0xe d:/arduino/7.0/toolchain/avr8/avr8-gnu-toolchain/bin/../lib/gcc/avr/5.4.0/../../../../avr/lib/avr6\libm.a(fp_zero.o)
                0x00003c60                __fp_zero
                0x00003c62                __fp_szero
 .text._hihTwiCallback
                0x00003c6e       0x5a ../drivers\libIotLibrary.a(hih8120.o)
 .text.hih8120_initialise
                0x00003cc8       0x30 ../drivers\libIotLibrary.a(hih8120.o)
                0x00003cc8                hih8120_initialise
 .text.hih8120_wakeup
                0x00003cf8       0x2a ../drivers\libIotLibrary.a(hih8120.o)
                0x00003cf8                hih8120_wakeup
 .text.hih8120_measure
                0x00003d22       0x22 ../drivers\libIotLibrary.a(hih8120.o)
                0x00003d22                hih8120_measure
 .text.hih8120_getHumidity
                0x00003d44       0x2a ../drivers\libIotLibrary.a(hih8120.o)
                0x00003d44                hih8120_getHumidity
 .text.hih8120_getTemperature
                0x00003d6e       0x36 ../drivers\libIotLibrary.a(hih8120.o)
                0x00003d6e                hih8120_getTemperature
 .text._serialCallBack
                0x00003da4       0x8c ../drivers\libIotLibrary.a(lora_driver.o)
 .text._uploadMessage
                0x00003e30       0xb4 ../drivers\libIotLibrary.a(lora_driver.o)
 .text._reply2ReturnCode
                0x00003ee4       0xea ../drivers\libIotLibrary.a(lora_driver.o)
 .text._uploadMessageRc
                0x00003fce        0x6 ../drivers\libIotLibrary.a(lora_driver.o)
 .text.lora_driver_flushBuffers
                0x00003fd4        0xe ../drivers\libIotLibrary.a(lora_driver.o)
                0x00003fd4                lora_driver_flushBuffers
 .text.lora_driver_initialise
                0x00003fe2       0x80 ../drivers\libIotLibrary.a(lora_driver.o)
                0x00003fe2                lora_driver_initialise
 .text.lora_driver_resetRn2483
                0x00004062       0x1c ../drivers\libIotLibrary.a(lora_driver.o)
                0x00004062                lora_driver_resetRn2483
 .text.lora_driver_rn2483FactoryReset
                0x0000407e       0x24 ../drivers\libIotLibrary.a(lora_driver.o)
                0x0000407e                lora_driver_rn2483FactoryReset
 .text.lora_driver_getRn2483Hweui
                0x000040a2       0x38 ../drivers\libIotLibrary.a(lora_driver.o)
                0x000040a2                lora_driver_getRn2483Hweui
 .text.lora_driver_setDeviceIdentifier
                0x000040da       0x22 ../drivers\libIotLibrary.a(lora_driver.o)
                0x000040da                lora_driver_setDeviceIdentifier
 .text.lora_driver_setApplicationIdentifier
                0x000040fc       0x22 ../drivers\libIotLibrary.a(lora_driver.o)
                0x000040fc                lora_driver_setApplicationIdentifier
 .text.lora_driver_setApplicationKey
                0x0000411e       0x22 ../drivers\libIotLibrary.a(lora_driver.o)
                0x0000411e                lora_driver_setApplicationKey
 .text.lora_driver_saveMac
                0x00004140        0xc ../drivers\libIotLibrary.a(lora_driver.o)
                0x00004140                lora_driver_saveMac
 .text.lora_driver_join
                0x0000414c       0x52 ../drivers\libIotLibrary.a(lora_driver.o)
                0x0000414c                lora_driver_join
 .text.lora_driver_sendUploadMessage
                0x0000419e      0x196 ../drivers\libIotLibrary.a(lora_driver.o)
                0x0000419e                lora_driver_sendUploadMessage
 .text.lora_driver_setAdaptiveDataRate
                0x00004334       0x16 ../drivers\libIotLibrary.a(lora_driver.o)
                0x00004334                lora_driver_setAdaptiveDataRate
 .text.lora_driver_setReceiveDelay
                0x0000434a       0x30 ../drivers\libIotLibrary.a(lora_driver.o)
                0x0000434a                lora_driver_setReceiveDelay
 .text.lora_driver_configureToEu868
                0x0000437a      0x1bc ../drivers\libIotLibrary.a(lora_driver.o)
                0x0000437a                lora_driver_configureToEu868
 .text.lora_driver_setOtaaIdentity
                0x00004536       0x42 ../drivers\libIotLibrary.a(lora_driver.o)
                0x00004536                lora_driver_setOtaaIdentity
 .text.lora_driver_mapReturnCodeToText
                0x00004578       0x18 ../drivers\libIotLibrary.a(lora_driver.o)
                0x00004578                lora_driver_mapReturnCodeToText
 .text.decode_port_no
                0x00004590       0x58 ../drivers\libIotLibrary.a(lora_driver_utils.o)
                0x00004590                decode_port_no
 .text.decode_hexadecimal_string_bytes
                0x000045e8       0x92 ../drivers\libIotLibrary.a(lora_driver_utils.o)
                0x000045e8                decode_hexadecimal_string_bytes
 .text._serialCallBack
                0x0000467a       0xb6 ../drivers\libIotLibrary.a(mh_z19.o)
 .text.mh_z19_initialise
                0x00004730       0x4a ../drivers\libIotLibrary.a(mh_z19.o)
                0x00004730                mh_z19_initialise
 .text.mh_z19_injectCallBack
                0x0000477a        0xa ../drivers\libIotLibrary.a(mh_z19.o)
                0x0000477a                mh_z19_injectCallBack
 .text.mh_z19_takeMeassuring
                0x00004784       0x5e ../drivers\libIotLibrary.a(mh_z19.o)
                0x00004784                mh_z19_takeMeassuring
 .text.serial_create
                0x000047e2      0x144 ../drivers\libIotLibrary.a(serial.o)
                0x000047e2                serial_create
 .text.serial_sendByte
                0x00004926       0x56 ../drivers\libIotLibrary.a(serial.o)
                0x00004926                serial_sendByte
 .text.serial_sendBytes
                0x0000497c       0xaa ../drivers\libIotLibrary.a(serial.o)
                0x0000497c                serial_sendBytes
 .text.serial_getByte
                0x00004a26       0x40 ../drivers\libIotLibrary.a(serial.o)
                0x00004a26                serial_getByte
 .text.__vector_25
                0x00004a66       0xa4 ../drivers\libIotLibrary.a(serial.o)
                0x00004a66                __vector_25
 .text.__vector_26
                0x00004b0a       0x88 ../drivers\libIotLibrary.a(serial.o)
                0x00004b0a                __vector_26
 .text.__vector_36
                0x00004b92       0xa4 ../drivers\libIotLibrary.a(serial.o)
                0x00004b92                __vector_36
 .text.__vector_37
                0x00004c36       0x88 ../drivers\libIotLibrary.a(serial.o)
                0x00004c36                __vector_37
 .text.__vector_51
                0x00004cbe       0xa4 ../drivers\libIotLibrary.a(serial.o)
                0x00004cbe                __vector_51
 .text.__vector_52
                0x00004d62       0x88 ../drivers\libIotLibrary.a(serial.o)
                0x00004d62                __vector_52
 .text.__vector_54
                0x00004dea       0xa4 ../drivers\libIotLibrary.a(serial.o)
                0x00004dea                __vector_54
 .text.__vector_55
                0x00004e8e       0x88 ../drivers\libIotLibrary.a(serial.o)
                0x00004e8e                __vector_55
 .text.usart_getchar
                0x00004f16       0x2a ../drivers\libIotLibrary.a(stdio_driver.o)
 .text.usart_putchar
                0x00004f40       0x12 ../drivers\libIotLibrary.a(stdio_driver.o)
 .text.stdio_initialise
                0x00004f52       0x52 ../drivers\libIotLibrary.a(stdio_driver.o)
                0x00004f52                stdio_initialise
 .text._turn_off
                0x00004fa4       0x98 ../drivers\libIotLibrary.a(status_leds.o)
 .text._turn_on
                0x0000503c       0x98 ../drivers\libIotLibrary.a(status_leds.o)
 .text._hal_led_task
                0x000050d4       0x8c ../drivers\libIotLibrary.a(status_leds.o)
 .text.status_leds_initialise
                0x00005160       0x9c ../drivers\libIotLibrary.a(status_leds.o)
                0x00005160                status_leds_initialise
 .text.status_leds_slowBlink
                0x000051fc       0x46 ../drivers\libIotLibrary.a(status_leds.o)
                0x000051fc                status_leds_slowBlink
 .text.status_leds_fastBlink
                0x00005242       0x46 ../drivers\libIotLibrary.a(status_leds.o)
                0x00005242                status_leds_fastBlink
 .text.status_leds_ledOn
                0x00005288       0x1e ../drivers\libIotLibrary.a(status_leds.o)
                0x00005288                status_leds_ledOn
 .text.status_leds_ledOff
                0x000052a6       0x1e ../drivers\libIotLibrary.a(status_leds.o)
                0x000052a6                status_leds_ledOff
 .text.status_leds_longPuls
                0x000052c4       0x24 ../drivers\libIotLibrary.a(status_leds.o)
                0x000052c4                status_leds_longPuls
 .text.status_leds_shortPuls
                0x000052e8       0x22 ../drivers\libIotLibrary.a(status_leds.o)
                0x000052e8                status_leds_shortPuls
 .text._initTwiInterface
                0x0000530a       0x22 ../drivers\libIotLibrary.a(twi.o)
 .text.twiCreate
                0x0000532c       0x9a ../drivers\libIotLibrary.a(twi.o)
                0x0000532c                twiCreate
 .text.twiIsBusy
                0x000053c6        0x8 ../drivers\libIotLibrary.a(twi.o)
                0x000053c6                twiIsBusy
 .text.twiTransmit
                0x000053ce       0x98 ../drivers\libIotLibrary.a(twi.o)
                0x000053ce                twiTransmit
 .text.twiReceive
                0x00005466       0x66 ../drivers\libIotLibrary.a(twi.o)
                0x00005466                twiReceive
 .text.__vector_39
                0x000054cc      0x17a ../drivers\libIotLibrary.a(twi.o)
                0x000054cc                __vector_39
 .text.fifo_init
                0x00005646       0x38 ../drivers\libIotLibrary.a(fifo.o)
                0x00005646                fifo_init
 .text.avr-libc.fplib
                0x0000567e        0xa d:/arduino/7.0/toolchain/avr8/avr8-gnu-toolchain/bin/../lib/gcc/avr/5.4.0/../../../../avr/lib/avr6\libm.a(addsf3.o)
                0x0000567e                __subsf3
                0x00005680                __addsf3
 .text.avr-libc.fplib
                0x00005688       0xc4 d:/arduino/7.0/toolchain/avr8/avr8-gnu-toolchain/bin/../lib/gcc/avr/5.4.0/../../../../avr/lib/avr6\libm.a(addsf3x.o)
                0x000056a2                __addsf3x
 .text.avr-libc.fplib
                0x0000574c        0x4 d:/arduino/7.0/toolchain/avr8/avr8-gnu-toolchain/bin/../lib/gcc/avr/5.4.0/../../../../avr/lib/avr6\libm.a(divsf3.o)
                0x0000574c                __divsf3
 .text.avr-libc.fplib
                0x00005750       0xd2 d:/arduino/7.0/toolchain/avr8/avr8-gnu-toolchain/bin/../lib/gcc/avr/5.4.0/../../../../avr/lib/avr6\libm.a(divsf3x.o)
                0x00005768                __divsf3x
                0x0000576e                __divsf3_pse
 .text.avr-libc.fplib
                0x00005822       0x7a d:/arduino/7.0/toolchain/avr8/avr8-gnu-toolchain/bin/../lib/gcc/avr/5.4.0/../../../../avr/lib/avr6\libm.a(floatsisf.o)
                0x00005822                __floatunsisf
                0x00005826                __floatsisf
 .text.avr-libc.fplib
                0x0000589c        0xc d:/arduino/7.0/toolchain/avr8/avr8-gnu-toolchain/bin/../lib/gcc/avr/5.4.0/../../../../avr/lib/avr6\libm.a(fp_inf.o)
                0x0000589c                __fp_inf
 .text.avr-libc.fplib
                0x000058a8        0x6 d:/arduino/7.0/toolchain/avr8/avr8-gnu-toolchain/bin/../lib/gcc/avr/5.4.0/../../../../avr/lib/avr6\libm.a(fp_nan.o)
                0x000058a8                __fp_nan
 .text.avr-libc.fplib
                0x000058ae        0xe d:/arduino/7.0/toolchain/avr8/avr8-gnu-toolchain/bin/../lib/gcc/avr/5.4.0/../../../../avr/lib/avr6\libm.a(fp_pscA.o)
                0x000058ae                __fp_pscA
 .text.avr-libc.fplib
                0x000058bc        0xe d:/arduino/7.0/toolchain/avr8/avr8-gnu-toolchain/bin/../lib/gcc/avr/5.4.0/../../../../avr/lib/avr6\libm.a(fp_pscB.o)
                0x000058bc                __fp_pscB
 .text.avr-libc.fplib
                0x000058ca       0x22 d:/arduino/7.0/toolchain/avr8/avr8-gnu-toolchain/bin/../lib/gcc/avr/5.4.0/../../../../avr/lib/avr6\libm.a(fp_round.o)
                0x000058ca                __fp_round
 .text.avr-libc.fplib
                0x000058ec        0x4 d:/arduino/7.0/toolchain/avr8/avr8-gnu-toolchain/bin/../lib/gcc/avr/5.4.0/../../../../avr/lib/avr6\libm.a(mulsf3.o)
                0x000058ec                __mulsf3
 .text.avr-libc.fplib
                0x000058f0       0xc8 d:/arduino/7.0/toolchain/avr8/avr8-gnu-toolchain/bin/../lib/gcc/avr/5.4.0/../../../../avr/lib/avr6\libm.a(mulsf3x.o)
                0x00005906                __mulsf3x
                0x0000590c                __mulsf3_pse
 .text.libgcc.div
                0x000059b8       0x44 d:/arduino/7.0/toolchain/avr8/avr8-gnu-toolchain/bin/../lib/gcc/avr/5.4.0/avr6\libgcc.a(_udivmodsi4.o)
                0x000059b8                __udivmodsi4
 .text.libgcc   0x000059fc       0x10 d:/arduino/7.0/toolchain/avr8/avr8-gnu-toolchain/bin/../lib/gcc/avr/5.4.0/avr6\libgcc.a(_tablejump2.o)
                0x000059fc                __tablejump2__
 .text.avr-libc
                0x00005a0c      0x242 d:/arduino/7.0/toolchain/avr8/avr8-gnu-toolchain/bin/../lib/gcc/avr/5.4.0/../../../../avr/lib/avr6\libc.a(malloc.o)
                0x00005a0c                malloc
                0x00005b3c                free
 .text.avr-libc
                0x00005c4e        0x8 d:/arduino/7.0/toolchain/avr8/avr8-gnu-toolchain/bin/../lib/gcc/avr/5.4.0/../../../../avr/lib/avr6\libc.a(abort.o)
                0x00005c4e                abort
 .text.avr-libc
                0x00005c56       0x12 d:/arduino/7.0/toolchain/avr8/avr8-gnu-toolchain/bin/../lib/gcc/avr/5.4.0/../../../../avr/lib/avr6\libc.a(memcpy.o)
                0x00005c56                memcpy
 .text.avr-libc
                0x00005c68        0xe d:/arduino/7.0/toolchain/avr8/avr8-gnu-toolchain/bin/../lib/gcc/avr/5.4.0/../../../../avr/lib/avr6\libc.a(memset.o)
                0x00005c68                memset
 .text.avr-libc
                0x00005c76       0x4a d:/arduino/7.0/toolchain/avr8/avr8-gnu-toolchain/bin/../lib/gcc/avr/5.4.0/../../../../avr/lib/avr6\libc.a(strcasestr.o)
                0x00005c76                strcasestr
 .text.avr-libc
                0x00005cc0       0x16 d:/arduino/7.0/toolchain/avr8/avr8-gnu-toolchain/bin/../lib/gcc/avr/5.4.0/../../../../avr/lib/avr6\libc.a(strcat.o)
                0x00005cc0                strcat
 .text.avr-libc
                0x00005cd6        0xe d:/arduino/7.0/toolchain/avr8/avr8-gnu-toolchain/bin/../lib/gcc/avr/5.4.0/../../../../avr/lib/avr6\libc.a(strcpy.o)
                0x00005cd6                strcpy
 .text.avr-libc
                0x00005ce4       0x30 d:/arduino/7.0/toolchain/avr8/avr8-gnu-toolchain/bin/../lib/gcc/avr/5.4.0/../../../../avr/lib/avr6\libc.a(strncasecmp.o)
                0x00005ce4                strncasecmp
 .text.avr-libc
                0x00005d14       0x26 d:/arduino/7.0/toolchain/avr8/avr8-gnu-toolchain/bin/../lib/gcc/avr/5.4.0/../../../../avr/lib/avr6\libc.a(printf.o)
                0x00005d14                printf
 .text.avr-libc
                0x00005d3a       0x60 d:/arduino/7.0/toolchain/avr8/avr8-gnu-toolchain/bin/../lib/gcc/avr/5.4.0/../../../../avr/lib/avr6\libc.a(puts.o)
                0x00005d3a                puts
 .text.avr-libc
                0x00005d9a       0x5c d:/arduino/7.0/toolchain/avr8/avr8-gnu-toolchain/bin/../lib/gcc/avr/5.4.0/../../../../avr/lib/avr6\libc.a(sprintf.o)
                0x00005d9a                sprintf
 .text.avr-libc
                0x00005df6      0x3fa d:/arduino/7.0/toolchain/avr8/avr8-gnu-toolchain/bin/../lib/gcc/avr/5.4.0/../../../../avr/lib/avr6\libc.a(vfprintf_std.o)
                0x00005df6                vfprintf
 .text.avr-libc
                0x000061f0       0x16 d:/arduino/7.0/toolchain/avr8/avr8-gnu-toolchain/bin/../lib/gcc/avr/5.4.0/../../../../avr/lib/avr6\libc.a(strnlen_P.o)
                0x000061f0                strnlen_P
 .text.avr-libc
                0x00006206       0x16 d:/arduino/7.0/toolchain/avr8/avr8-gnu-toolchain/bin/../lib/gcc/avr/5.4.0/../../../../avr/lib/avr6\libc.a(strnlen.o)
                0x00006206                strnlen
 .text.avr-libc
                0x0000621c       0x78 d:/arduino/7.0/toolchain/avr8/avr8-gnu-toolchain/bin/../lib/gcc/avr/5.4.0/../../../../avr/lib/avr6\libc.a(fputc.o)
                0x0000621c                fputc
 .text.avr-libc
                0x00006294       0xbc d:/arduino/7.0/toolchain/avr8/avr8-gnu-toolchain/bin/../lib/gcc/avr/5.4.0/../../../../avr/lib/avr6\libc.a(ultoa_invert.o)
                0x00006294                __ultoa_invert
                0x00006350                . = ALIGN (0x2)
 *(.fini9)
 .fini9         0x00006350        0x0 d:/arduino/7.0/toolchain/avr8/avr8-gnu-toolchain/bin/../lib/gcc/avr/5.4.0/avr6\libgcc.a(_exit.o)
                0x00006350                _exit
                0x00006350                exit
 *(.fini9)
 *(.fini8)
 *(.fini8)
 *(.fini7)
 *(.fini7)
 *(.fini6)
 *(.fini6)
 *(.fini5)
 *(.fini5)
 *(.fini4)
 *(.fini4)
 *(.fini3)
 *(.fini3)
 *(.fini2)
 *(.fini2)
 *(.fini1)
 *(.fini1)
 *(.fini0)
 .fini0         0x00006350        0x4 d:/arduino/7.0/toolchain/avr8/avr8-gnu-toolchain/bin/../lib/gcc/avr/5.4.0/avr6\libgcc.a(_exit.o)
 *(.fini0)
                0x00006354                _etext = .

.data           0x00800200      0x5de load address 0x00006354
                0x00800200                PROVIDE (__data_start, .)
 *(.data)
 .data          0x00800200        0x6 d:/arduino/7.0/toolchain/avr8/avr8-gnu-toolchain/bin/../lib/gcc/avr/5.4.0/../../../../avr/lib/avr6\libc.a(malloc.o)
                0x00800200                __malloc_heap_end
                0x00800202                __malloc_heap_start
                0x00800204                __malloc_margin
 *(.data*)
 .data.uxTopUsedPriority
                0x00800206        0x1 FreeRTOS/src/tasks.o
                0x00800206                uxTopUsedPriority
 .data._temp    0x00800207        0x2 ../drivers\libIotLibrary.a(hih8120.o)
 .data._hum     0x00800209        0x2 ../drivers\libIotLibrary.a(hih8120.o)
 .data._com_port_2_udr
                0x0080020b        0x8 ../drivers\libIotLibrary.a(serial.o)
                0x0080020b                _com_port_2_udr
 .data.mystdout.1882
                0x00800213        0xe ../drivers\libIotLibrary.a(stdio_driver.o)
 .data._twiCurrentState
                0x00800221        0x1 ../drivers\libIotLibrary.a(twi.o)
 *(.gnu.linkonce.d*)
 *(.rodata)
 .rodata        0x00800222       0x20 ../drivers\libIotLibrary.a(lora_driver.o)
 .rodata        0x00800242       0x2d ../drivers\libIotLibrary.a(mh_z19.o)
 *(.rodata*)
 .rodata.str1.1
                0x0080026f       0x2e CO2_SensorImpl.o
 .rodata.str1.1
                0x0080029d        0x5 FreeRTOS/src/tasks.o
 .rodata.str1.1
                0x008002a2        0x8 FreeRTOS/src/timers.o
 .rodata.str1.1
                0x008002aa       0x71 TempHumSensorImpl.o
 .rodata.str1.1
                0x0080031b      0x17f UpLinkHandler.o
 .rodata.str1.1
                0x0080049a       0x6f main.o
 .rodata.str1.1
                0x00800509      0x295 ../drivers\libIotLibrary.a(lora_driver.o)
                                0x2a5 (size before relaxing)
 .rodata._joinMode
                0x0080079e        0x4 ../drivers\libIotLibrary.a(lora_driver.o)
 .rodata._returnCode
                0x008007a2       0x33 ../drivers\libIotLibrary.a(lora_driver.o)
                0x008007a2                _returnCode
 .rodata.str1.1
                0x008007d5        0x8 ../drivers\libIotLibrary.a(status_leds.o)
 *(.gnu.linkonce.r*)
                0x008007de                . = ALIGN (0x2)
 *fill*         0x008007dd        0x1 
                0x008007de                _edata = .
                0x008007de                PROVIDE (__data_end, .)

.bss            0x008007de     0x1031
                0x008007de                PROVIDE (__bss_start, .)
 *(.bss)
 *(.bss*)
 .bss.xBlockAllocatedBit
                0x008007de        0x2 FreeRTOS/src/heap_4.o
 .bss.xNumberOfSuccessfulFrees
                0x008007e0        0x2 FreeRTOS/src/heap_4.o
 .bss.xNumberOfSuccessfulAllocations
                0x008007e2        0x2 FreeRTOS/src/heap_4.o
 .bss.xMinimumEverFreeBytesRemaining
                0x008007e4        0x2 FreeRTOS/src/heap_4.o
 .bss.xFreeBytesRemaining
                0x008007e6        0x2 FreeRTOS/src/heap_4.o
 .bss.pxEnd     0x008007e8        0x2 FreeRTOS/src/heap_4.o
 .bss.xStart    0x008007ea        0x4 FreeRTOS/src/heap_4.o
 .bss.ucHeap    0x008007ee      0xdac FreeRTOS/src/heap_4.o
 .bss.uxSchedulerSuspended
                0x0080159a        0x1 FreeRTOS/src/tasks.o
 .bss.xIdleTaskHandle
                0x0080159b        0x2 FreeRTOS/src/tasks.o
 .bss.xNextTaskUnblockTime
                0x0080159d        0x4 FreeRTOS/src/tasks.o
 .bss.uxTaskNumber
                0x008015a1        0x1 FreeRTOS/src/tasks.o
 .bss.xNumOfOverflows
                0x008015a2        0x1 FreeRTOS/src/tasks.o
 .bss.xYieldPending
                0x008015a3        0x1 FreeRTOS/src/tasks.o
 .bss.xPendedTicks
                0x008015a4        0x4 FreeRTOS/src/tasks.o
 .bss.xSchedulerRunning
                0x008015a8        0x1 FreeRTOS/src/tasks.o
 .bss.uxTopReadyPriority
                0x008015a9        0x1 FreeRTOS/src/tasks.o
 .bss.xTickCount
                0x008015aa        0x4 FreeRTOS/src/tasks.o
 .bss.uxCurrentNumberOfTasks
                0x008015ae        0x1 FreeRTOS/src/tasks.o
 .bss.xSuspendedTaskList
                0x008015af        0xb FreeRTOS/src/tasks.o
 .bss.uxDeletedTasksWaitingCleanUp
                0x008015ba        0x1 FreeRTOS/src/tasks.o
 .bss.xTasksWaitingTermination
                0x008015bb        0xb FreeRTOS/src/tasks.o
 .bss.xPendingReadyList
                0x008015c6        0xb FreeRTOS/src/tasks.o
 .bss.pxOverflowDelayedTaskList
                0x008015d1        0x2 FreeRTOS/src/tasks.o
 .bss.pxDelayedTaskList
                0x008015d3        0x2 FreeRTOS/src/tasks.o
 .bss.xDelayedTaskList2
                0x008015d5        0xb FreeRTOS/src/tasks.o
 .bss.xDelayedTaskList1
                0x008015e0        0xb FreeRTOS/src/tasks.o
 .bss.pxReadyTasksLists
                0x008015eb       0x6e FreeRTOS/src/tasks.o
 .bss.pxCurrentTCB
                0x00801659        0x2 FreeRTOS/src/tasks.o
                0x00801659                pxCurrentTCB
 .bss.xLastTime.2436
                0x0080165b        0x4 FreeRTOS/src/timers.o
 .bss.xTimerTaskHandle
                0x0080165f        0x2 FreeRTOS/src/timers.o
 .bss.xTimerQueue
                0x00801661        0x2 FreeRTOS/src/timers.o
 .bss.pxOverflowTimerList
                0x00801663        0x2 FreeRTOS/src/timers.o
 .bss.pxCurrentTimerList
                0x00801665        0x2 FreeRTOS/src/timers.o
 .bss.xActiveTimerList2
                0x00801667        0xb FreeRTOS/src/timers.o
 .bss.xActiveTimerList1
                0x00801672        0xb FreeRTOS/src/timers.o
 .bss.payload   0x0080167d       0x16 SensorDataHandler.o
 .bss.humidity  0x00801693        0x4 TempHumSensorImpl.o
                0x00801693                humidity
 .bss.temperature
                0x00801697        0x4 TempHumSensorImpl.o
                0x00801697                temperature
 .bss.messageBuffer
                0x0080169b        0x2 UpLinkHandler.o
 .bss._uplink_payload
                0x0080169d       0x16 UpLinkHandler.o
 .bss._measuringIsReady
                0x008016b3        0x1 ../drivers\libIotLibrary.a(hih8120.o)
 .bss._hih8120Handler
                0x008016b4        0x2 ../drivers\libIotLibrary.a(hih8120.o)
 .bss._tmp_buf.2871
                0x008016b6       0x37 ../drivers\libIotLibrary.a(lora_driver.o)
 .bss.rec_buf_inp.2878
                0x008016ed        0x1 ../drivers\libIotLibrary.a(lora_driver.o)
 .bss._downlinkMessageBuffer
                0x008016ee        0x2 ../drivers\libIotLibrary.a(lora_driver.o)
 .bss._serialReplyBufferHandle
                0x008016f0        0x2 ../drivers\libIotLibrary.a(lora_driver.o)
 .bss._rn2483_serial
                0x008016f2        0x2 ../drivers\libIotLibrary.a(lora_driver.o)
 .bss._downlinkPayload
                0x008016f4       0x16 ../drivers\libIotLibrary.a(lora_driver.o)
 .bss._payLoadHexBytes
                0x0080170a       0x15 ../drivers\libIotLibrary.a(lora_driver.o)
 .bss._recMessageBuf
                0x0080171f       0x2d ../drivers\libIotLibrary.a(lora_driver.o)
 .bss._sendMessage
                0x0080174c       0x2d ../drivers\libIotLibrary.a(lora_driver.o)
 .bss._replyMess
                0x00801779       0x2d ../drivers\libIotLibrary.a(lora_driver.o)
 .bss.data.1944
                0x008017a6        0x2 ../drivers\libIotLibrary.a(mh_z19.o)
 .bss.inDex.1943
                0x008017a8        0x1 ../drivers\libIotLibrary.a(mh_z19.o)
 .bss.crc_sum.1945
                0x008017a9        0x1 ../drivers\libIotLibrary.a(mh_z19.o)
 .bss._appCallBack
                0x008017aa        0x2 ../drivers\libIotLibrary.a(mh_z19.o)
 .bss._mh_state
                0x008017ac        0x1 ../drivers\libIotLibrary.a(mh_z19.o)
                0x008017ac                _mh_state
 .bss._ppm      0x008017ad        0x2 ../drivers\libIotLibrary.a(mh_z19.o)
 .bss._serial   0x008017af        0x2 ../drivers\libIotLibrary.a(mh_z19.o)
 .bss._ser_handle
                0x008017b1        0x8 ../drivers\libIotLibrary.a(serial.o)
 .bss._com_serial_instance
                0x008017b9        0x2 ../drivers\libIotLibrary.a(stdio_driver.o)
 .bss._led_status
                0x008017bb       0x18 ../drivers\libIotLibrary.a(status_leds.o)
 .bss._index.1885
                0x008017d3        0x1 ../drivers\libIotLibrary.a(twi.o)
 .bss._twiCurrentHandler
                0x008017d4        0x2 ../drivers\libIotLibrary.a(twi.o)
 .bss._twiMessageLen
                0x008017d6        0x1 ../drivers\libIotLibrary.a(twi.o)
 .bss._twiMessageBuffer
                0x008017d7        0xa ../drivers\libIotLibrary.a(twi.o)
 .bss._twiIsInitiated
                0x008017e1        0x1 ../drivers\libIotLibrary.a(twi.o)
 *(COMMON)
 COMMON         0x008017e2        0xd CO2_SensorImpl.o
                0x008017e2                rc
                0x008017e3                co2_data
                0x008017e5                xLastWakeTime
                0x008017e9                meassureEventGroup
                0x008017eb                xFrequency
 COMMON         0x008017ef        0x2 SensorDataHandler.o
                0x008017ef                packet
 COMMON         0x008017f1        0x4 TempHumSensorImpl.o
                0x008017f1                _meassureEventGroup
                0x008017f3                _dataReadyEventGroup
 COMMON         0x008017f5       0x10 main.o
                0x008017f5                xMessageBuffer
                0x008017f7                xUpLinkSemaphore
                0x008017f9                dataReadyEventGroup
                0x008017fd                measureEventGroup
                0x00801801                xCO2Semaphore
                0x00801803                xTemperatureHumiditySemaphore
 COMMON         0x00801805        0x4 d:/arduino/7.0/toolchain/avr8/avr8-gnu-toolchain/bin/../lib/gcc/avr/5.4.0/../../../../avr/lib/avr6\libc.a(malloc.o)
                0x00801805                __brkval
                0x00801807                __flp
 COMMON         0x00801809        0x6 d:/arduino/7.0/toolchain/avr8/avr8-gnu-toolchain/bin/../lib/gcc/avr/5.4.0/../../../../avr/lib/avr6\libc.a(iob.o)
                0x00801809                __iob
                0x0080180f                PROVIDE (__bss_end, .)
                0x00006354                __data_load_start = LOADADDR (.data)
                0x00006932                __data_load_end = (__data_load_start + SIZEOF (.data))

.noinit         0x0080180f        0x0
                [!provide]                PROVIDE (__noinit_start, .)
 *(.noinit*)
                [!provide]                PROVIDE (__noinit_end, .)
                0x0080180f                _end = .
                0x0080180f                PROVIDE (__heap_start, .)

.eeprom         0x00810000        0x0
 *(.eeprom*)
                0x00810000                __eeprom_end = .

.fuse
 *(.fuse)
 *(.lfuse)
 *(.hfuse)
 *(.efuse)

.lock
 *(.lock*)

.signature
 *(.signature*)

.user_signatures
 *(.user_signatures*)

.stab
 *(.stab)

.stabstr
 *(.stabstr)

.stab.excl
 *(.stab.excl)

.stab.exclstr
 *(.stab.exclstr)

.stab.index
 *(.stab.index)

.stab.indexstr
 *(.stab.indexstr)

.comment        0x00000000       0x5c
 *(.comment)
 .comment       0x00000000       0x30 CO2_SensorImpl.o
                                 0x31 (size before relaxing)
 .comment       0x00000030       0x31 FreeRTOS/src/event_groups.o
 .comment       0x00000030       0x31 FreeRTOS/src/heap_4.o
 .comment       0x00000030       0x31 FreeRTOS/src/list.o
 .comment       0x00000030       0x31 FreeRTOS/src/port.o
 .comment       0x00000030       0x31 FreeRTOS/src/queue.o
 .comment       0x00000030       0x31 FreeRTOS/src/stream_buffer.o
 .comment       0x00000030       0x31 FreeRTOS/src/tasks.o
 .comment       0x00000030       0x31 FreeRTOS/src/timers.o
 .comment       0x00000030       0x31 FreeRTOS/src/variantHooks.o
 .comment       0x00000030       0x31 SensorDataHandler.o
 .comment       0x00000030       0x31 TempHumSensorImpl.o
 .comment       0x00000030       0x31 UpLinkHandler.o
 .comment       0x00000030       0x31 main.o
 .comment       0x00000030       0x31 ../drivers\libIotLibrary.a(hih8120.o)
 .comment       0x00000030       0x31 ../drivers\libIotLibrary.a(lora_driver.o)
 .comment       0x00000030       0x31 ../drivers\libIotLibrary.a(lora_driver_utils.o)
 .comment       0x00000030       0x31 ../drivers\libIotLibrary.a(mh_z19.o)
 .comment       0x00000030       0x31 ../drivers\libIotLibrary.a(serial.o)
 .comment       0x00000030       0x31 ../drivers\libIotLibrary.a(stdio_driver.o)
 .comment       0x00000030       0x31 ../drivers\libIotLibrary.a(status_leds.o)
 .comment       0x00000030       0x31 ../drivers\libIotLibrary.a(twi.o)
 .comment       0x00000030       0x31 ../drivers\libIotLibrary.a(fifo.o)
 .comment       0x00000030       0x31 d:/arduino/7.0/toolchain/avr8/avr8-gnu-toolchain/bin/../lib/gcc/avr/5.4.0/../../../../avr/lib/avr6\libc.a(malloc.o)
 .comment       0x00000030       0x31 d:/arduino/7.0/toolchain/avr8/avr8-gnu-toolchain/bin/../lib/gcc/avr/5.4.0/../../../../avr/lib/avr6\libc.a(iob.o)
 .comment       0x00000030       0x31 d:/arduino/7.0/toolchain/avr8/avr8-gnu-toolchain/bin/../lib/gcc/avr/5.4.0/../../../../avr/lib/avr6\libc.a(printf.o)
 .comment       0x00000030       0x31 d:/arduino/7.0/toolchain/avr8/avr8-gnu-toolchain/bin/../lib/gcc/avr/5.4.0/../../../../avr/lib/avr6\libc.a(puts.o)
 .comment       0x00000030       0x31 d:/arduino/7.0/toolchain/avr8/avr8-gnu-toolchain/bin/../lib/gcc/avr/5.4.0/../../../../avr/lib/avr6\libc.a(sprintf.o)
 .comment       0x00000030       0x2c d:/arduino/7.0/toolchain/avr8/avr8-gnu-toolchain/bin/../lib/gcc/avr/5.4.0/../../../../avr/lib/avr6\libc.a(vfprintf_std.o)
                                 0x2d (size before relaxing)
 .comment       0x0000005c       0x31 d:/arduino/7.0/toolchain/avr8/avr8-gnu-toolchain/bin/../lib/gcc/avr/5.4.0/../../../../avr/lib/avr6\libc.a(fputc.o)

.note.gnu.avr.deviceinfo
                0x00000000       0x40
 .note.gnu.avr.deviceinfo
                0x00000000       0x40 D:/Arduino/7.0/Packs/atmel/ATmega_DFP/1.6.364/gcc/dev/atmega2560/avr6/crtatmega2560.o

.note.gnu.build-id
 *(.note.gnu.build-id)

.debug
 *(.debug)

.line
 *(.line)

.debug_srcinfo
 *(.debug_srcinfo)

.debug_sfnames
 *(.debug_sfnames)

.debug_aranges  0x00000000      0xae8
 *(.debug_aranges)
 .debug_aranges
                0x00000000       0x40 CO2_SensorImpl.o
 .debug_aranges
                0x00000040       0x68 FreeRTOS/src/event_groups.o
 .debug_aranges
                0x000000a8       0x58 FreeRTOS/src/heap_4.o
 .debug_aranges
                0x00000100       0x40 FreeRTOS/src/list.o
 .debug_aranges
                0x00000140       0x58 FreeRTOS/src/port.o
 .debug_aranges
                0x00000198       0xf8 FreeRTOS/src/queue.o
 .debug_aranges
                0x00000290       0xc0 FreeRTOS/src/stream_buffer.o
 .debug_aranges
                0x00000350      0x1d0 FreeRTOS/src/tasks.o
 .debug_aranges
                0x00000520       0xc8 FreeRTOS/src/timers.o
 .debug_aranges
                0x000005e8       0x40 FreeRTOS/src/variantHooks.o
 .debug_aranges
                0x00000628       0x40 SensorDataHandler.o
 .debug_aranges
                0x00000668       0x40 TempHumSensorImpl.o
 .debug_aranges
                0x000006a8       0x38 UpLinkHandler.o
 .debug_aranges
                0x000006e0       0x48 main.o
 .debug_aranges
                0x00000728       0x68 ../drivers\libIotLibrary.a(hih8120.o)
 .debug_aranges
                0x00000790      0x138 ../drivers\libIotLibrary.a(lora_driver.o)
 .debug_aranges
                0x000008c8       0x28 ../drivers\libIotLibrary.a(lora_driver_utils.o)
 .debug_aranges
                0x000008f0       0x58 ../drivers\libIotLibrary.a(mh_z19.o)
 .debug_aranges
                0x00000948       0x90 ../drivers\libIotLibrary.a(serial.o)
 .debug_aranges
                0x000009d8       0x38 ../drivers\libIotLibrary.a(stdio_driver.o)
 .debug_aranges
                0x00000a10       0x68 ../drivers\libIotLibrary.a(status_leds.o)
 .debug_aranges
                0x00000a78       0x50 ../drivers\libIotLibrary.a(twi.o)
 .debug_aranges
                0x00000ac8       0x20 ../drivers\libIotLibrary.a(fifo.o)

.debug_pubnames
 *(.debug_pubnames)

.debug_info     0x00000000     0xdad7
 *(.debug_info .gnu.linkonce.wi.*)
 .debug_info    0x00000000      0xbbc D:/Arduino/7.0/Packs/atmel/ATmega_DFP/1.6.364/gcc/dev/atmega2560/avr6/crtatmega2560.o
 .debug_info    0x00000bbc      0x3e2 CO2_SensorImpl.o
 .debug_info    0x00000f9e      0x971 FreeRTOS/src/event_groups.o
 .debug_info    0x0000190f      0x4e6 FreeRTOS/src/heap_4.o
 .debug_info    0x00001df5      0x2e7 FreeRTOS/src/list.o
 .debug_info    0x000020dc      0x2ff FreeRTOS/src/port.o
 .debug_info    0x000023db     0x17e6 FreeRTOS/src/queue.o
 .debug_info    0x00003bc1     0x13df FreeRTOS/src/stream_buffer.o
 .debug_info    0x00004fa0     0x2239 FreeRTOS/src/tasks.o
 .debug_info    0x000071d9     0x10dd FreeRTOS/src/timers.o
 .debug_info    0x000082b6      0x20f FreeRTOS/src/variantHooks.o
 .debug_info    0x000084c5      0x235 SensorDataHandler.o
 .debug_info    0x000086fa      0x452 TempHumSensorImpl.o
 .debug_info    0x00008b4c      0x823 UpLinkHandler.o
 .debug_info    0x0000936f      0x84b main.o
 .debug_info    0x00009bba      0x3a9 ../drivers\libIotLibrary.a(hih8120.o)
 .debug_info    0x00009f63     0x1747 ../drivers\libIotLibrary.a(lora_driver.o)
 .debug_info    0x0000b6aa      0x143 ../drivers\libIotLibrary.a(lora_driver_utils.o)
 .debug_info    0x0000b7ed      0x556 ../drivers\libIotLibrary.a(mh_z19.o)
 .debug_info    0x0000bd43      0xd9c ../drivers\libIotLibrary.a(serial.o)
 .debug_info    0x0000cadf      0x3b6 ../drivers\libIotLibrary.a(stdio_driver.o)
 .debug_info    0x0000ce95      0x522 ../drivers\libIotLibrary.a(status_leds.o)
 .debug_info    0x0000d3b7      0x55d ../drivers\libIotLibrary.a(twi.o)
 .debug_info    0x0000d914      0x1c3 ../drivers\libIotLibrary.a(fifo.o)

.debug_abbrev   0x00000000     0x35d3
 *(.debug_abbrev)
 .debug_abbrev  0x00000000      0xb1a D:/Arduino/7.0/Packs/atmel/ATmega_DFP/1.6.364/gcc/dev/atmega2560/avr6/crtatmega2560.o
 .debug_abbrev  0x00000b1a      0x193 CO2_SensorImpl.o
 .debug_abbrev  0x00000cad      0x1dc FreeRTOS/src/event_groups.o
 .debug_abbrev  0x00000e89      0x200 FreeRTOS/src/heap_4.o
 .debug_abbrev  0x00001089       0xff FreeRTOS/src/list.o
 .debug_abbrev  0x00001188      0x179 FreeRTOS/src/port.o
 .debug_abbrev  0x00001301      0x241 FreeRTOS/src/queue.o
 .debug_abbrev  0x00001542      0x246 FreeRTOS/src/stream_buffer.o
 .debug_abbrev  0x00001788      0x2c8 FreeRTOS/src/tasks.o
 .debug_abbrev  0x00001a50      0x28c FreeRTOS/src/timers.o
 .debug_abbrev  0x00001cdc       0xff FreeRTOS/src/variantHooks.o
 .debug_abbrev  0x00001ddb      0x129 SensorDataHandler.o
 .debug_abbrev  0x00001f04      0x191 TempHumSensorImpl.o
 .debug_abbrev  0x00002095      0x1d4 UpLinkHandler.o
 .debug_abbrev  0x00002269      0x1d5 main.o
 .debug_abbrev  0x0000243e      0x184 ../drivers\libIotLibrary.a(hih8120.o)
 .debug_abbrev  0x000025c2      0x33b ../drivers\libIotLibrary.a(lora_driver.o)
 .debug_abbrev  0x000028fd       0xc0 ../drivers\libIotLibrary.a(lora_driver_utils.o)
 .debug_abbrev  0x000029bd      0x238 ../drivers\libIotLibrary.a(mh_z19.o)
 .debug_abbrev  0x00002bf5      0x355 ../drivers\libIotLibrary.a(serial.o)
 .debug_abbrev  0x00002f4a      0x1b3 ../drivers\libIotLibrary.a(stdio_driver.o)
 .debug_abbrev  0x000030fd      0x1d7 ../drivers\libIotLibrary.a(status_leds.o)
 .debug_abbrev  0x000032d4      0x217 ../drivers\libIotLibrary.a(twi.o)
 .debug_abbrev  0x000034eb       0xe8 ../drivers\libIotLibrary.a(fifo.o)

.debug_line     0x00000000     0x6926
 *(.debug_line .debug_line.* .debug_line_end)
 .debug_line    0x00000000      0x1fa D:/Arduino/7.0/Packs/atmel/ATmega_DFP/1.6.364/gcc/dev/atmega2560/avr6/crtatmega2560.o
 .debug_line    0x000001fa      0x1d0 CO2_SensorImpl.o
 .debug_line    0x000003ca      0x3fa FreeRTOS/src/event_groups.o
 .debug_line    0x000007c4      0x3ed FreeRTOS/src/heap_4.o
 .debug_line    0x00000bb1      0x1c2 FreeRTOS/src/list.o
 .debug_line    0x00000d73      0x258 FreeRTOS/src/port.o
 .debug_line    0x00000fcb      0xbb1 FreeRTOS/src/queue.o
 .debug_line    0x00001b7c      0x768 FreeRTOS/src/stream_buffer.o
 .debug_line    0x000022e4     0x1588 FreeRTOS/src/tasks.o
 .debug_line    0x0000386c      0x60b FreeRTOS/src/timers.o
 .debug_line    0x00003e77      0x17d FreeRTOS/src/variantHooks.o
 .debug_line    0x00003ff4      0x17f SensorDataHandler.o
 .debug_line    0x00004173      0x204 TempHumSensorImpl.o
 .debug_line    0x00004377      0x29b UpLinkHandler.o
 .debug_line    0x00004612      0x345 main.o
 .debug_line    0x00004957      0x24a ../drivers\libIotLibrary.a(hih8120.o)
 .debug_line    0x00004ba1      0x9aa ../drivers\libIotLibrary.a(lora_driver.o)
 .debug_line    0x0000554b      0x195 ../drivers\libIotLibrary.a(lora_driver_utils.o)
 .debug_line    0x000056e0      0x2fc ../drivers\libIotLibrary.a(mh_z19.o)
 .debug_line    0x000059dc      0x6a1 ../drivers\libIotLibrary.a(serial.o)
 .debug_line    0x0000607d      0x146 ../drivers\libIotLibrary.a(stdio_driver.o)
 .debug_line    0x000061c3      0x32c ../drivers\libIotLibrary.a(status_leds.o)
 .debug_line    0x000064ef      0x31c ../drivers\libIotLibrary.a(twi.o)
 .debug_line    0x0000680b      0x11b ../drivers\libIotLibrary.a(fifo.o)

.debug_frame    0x00000000     0x26e8
 *(.debug_frame)
 .debug_frame   0x00000000       0xa4 CO2_SensorImpl.o
 .debug_frame   0x000000a4      0x1dc FreeRTOS/src/event_groups.o
 .debug_frame   0x00000280       0xfc FreeRTOS/src/heap_4.o
 .debug_frame   0x0000037c       0x90 FreeRTOS/src/list.o
 .debug_frame   0x0000040c       0x94 FreeRTOS/src/port.o
 .debug_frame   0x000004a0      0x3a4 FreeRTOS/src/queue.o
 .debug_frame   0x00000844      0x40c FreeRTOS/src/stream_buffer.o
 .debug_frame   0x00000c50      0x7a0 FreeRTOS/src/tasks.o
 .debug_frame   0x000013f0      0x3ac FreeRTOS/src/timers.o
 .debug_frame   0x0000179c       0x64 FreeRTOS/src/variantHooks.o
 .debug_frame   0x00001800       0x64 SensorDataHandler.o
 .debug_frame   0x00001864       0x98 TempHumSensorImpl.o
 .debug_frame   0x000018fc       0x90 UpLinkHandler.o
 .debug_frame   0x0000198c       0xa0 main.o
 .debug_frame   0x00001a2c       0xc0 ../drivers\libIotLibrary.a(hih8120.o)
 .debug_frame   0x00001aec      0x460 ../drivers\libIotLibrary.a(lora_driver.o)
 .debug_frame   0x00001f4c       0x48 ../drivers\libIotLibrary.a(lora_driver_utils.o)
 .debug_frame   0x00001f94      0x100 ../drivers\libIotLibrary.a(mh_z19.o)
 .debug_frame   0x00002094      0x384 ../drivers\libIotLibrary.a(serial.o)
 .debug_frame   0x00002418       0x94 ../drivers\libIotLibrary.a(stdio_driver.o)
 .debug_frame   0x000024ac       0xec ../drivers\libIotLibrary.a(status_leds.o)
 .debug_frame   0x00002598      0x12c ../drivers\libIotLibrary.a(twi.o)
 .debug_frame   0x000026c4       0x24 ../drivers\libIotLibrary.a(fifo.o)

.debug_str      0x00000000     0x42d5
 *(.debug_str)
 .debug_str     0x00000000      0x3e6 D:/Arduino/7.0/Packs/atmel/ATmega_DFP/1.6.364/gcc/dev/atmega2560/avr6/crtatmega2560.o
 .debug_str     0x000003e6      0x311 CO2_SensorImpl.o
                                0x398 (size before relaxing)
 .debug_str     0x000006f7      0x376 FreeRTOS/src/event_groups.o
                                0x57e (size before relaxing)
 .debug_str     0x00000a6d      0x2ce FreeRTOS/src/heap_4.o
                                0x474 (size before relaxing)
 .debug_str     0x00000d3b       0x89 FreeRTOS/src/list.o
                                0x2b0 (size before relaxing)
 .debug_str     0x00000dc4      0x14d FreeRTOS/src/port.o
                                0x2e5 (size before relaxing)
 .debug_str     0x00000f11      0x652 FreeRTOS/src/queue.o
                                0x924 (size before relaxing)
 .debug_str     0x00001563      0x4ed FreeRTOS/src/stream_buffer.o
                                0x7ad (size before relaxing)
 .debug_str     0x00001a50      0x8ab FreeRTOS/src/tasks.o
                                0xf45 (size before relaxing)
 .debug_str     0x000022fb      0x414 FreeRTOS/src/timers.o
                                0x81b (size before relaxing)
 .debug_str     0x0000270f       0x81 FreeRTOS/src/variantHooks.o
                                0x25c (size before relaxing)
 .debug_str     0x00002790       0xf5 SensorDataHandler.o
                                0x26f (size before relaxing)
 .debug_str     0x00002885      0x1e1 TempHumSensorImpl.o
                                0x42f (size before relaxing)
 .debug_str     0x00002a66      0x458 UpLinkHandler.o
                                0x679 (size before relaxing)
 .debug_str     0x00002ebe      0x18a main.o
                                0x5c7 (size before relaxing)
 .debug_str     0x00003048      0x2fd ../drivers\libIotLibrary.a(hih8120.o)
                                0x45c (size before relaxing)
 .debug_str     0x00003345      0x68f ../drivers\libIotLibrary.a(lora_driver.o)
                                0xcdb (size before relaxing)
 .debug_str     0x000039d4       0x4f ../drivers\libIotLibrary.a(lora_driver_utils.o)
                                0x206 (size before relaxing)
 .debug_str     0x00003a23      0x110 ../drivers\libIotLibrary.a(mh_z19.o)
                                0x489 (size before relaxing)
 .debug_str     0x00003b33      0x2e7 ../drivers\libIotLibrary.a(serial.o)
                                0x628 (size before relaxing)
 .debug_str     0x00003e1a       0xa6 ../drivers\libIotLibrary.a(stdio_driver.o)
                                0x37d (size before relaxing)
 .debug_str     0x00003ec0      0x104 ../drivers\libIotLibrary.a(status_leds.o)
                                0x381 (size before relaxing)
 .debug_str     0x00003fc4      0x2ef ../drivers\libIotLibrary.a(twi.o)
                                0x5b4 (size before relaxing)
 .debug_str     0x000042b3       0x22 ../drivers\libIotLibrary.a(fifo.o)
                                0x239 (size before relaxing)

.debug_loc      0x00000000     0xc2bd
 *(.debug_loc)
 .debug_loc     0x00000000      0x1d2 CO2_SensorImpl.o
 .debug_loc     0x000001d2      0xcc9 FreeRTOS/src/event_groups.o
 .debug_loc     0x00000e9b      0x4be FreeRTOS/src/heap_4.o
 .debug_loc     0x00001359      0x17d FreeRTOS/src/list.o
 .debug_loc     0x000014d6       0xf6 FreeRTOS/src/port.o
 .debug_loc     0x000015cc     0x1abd FreeRTOS/src/queue.o
 .debug_loc     0x00003089     0x1daf FreeRTOS/src/stream_buffer.o
 .debug_loc     0x00004e38     0x2a07 FreeRTOS/src/tasks.o
 .debug_loc     0x0000783f     0x10f3 FreeRTOS/src/timers.o
 .debug_loc     0x00008932       0xdc FreeRTOS/src/variantHooks.o
 .debug_loc     0x00008a0e      0x172 TempHumSensorImpl.o
 .debug_loc     0x00008b80      0x1d0 UpLinkHandler.o
 .debug_loc     0x00008d50      0x12d main.o
 .debug_loc     0x00008e7d       0x9f ../drivers\libIotLibrary.a(hih8120.o)
 .debug_loc     0x00008f1c     0x1216 ../drivers\libIotLibrary.a(lora_driver.o)
 .debug_loc     0x0000a132      0x1d2 ../drivers\libIotLibrary.a(lora_driver_utils.o)
 .debug_loc     0x0000a304      0x37c ../drivers\libIotLibrary.a(mh_z19.o)
 .debug_loc     0x0000a680     0x114c ../drivers\libIotLibrary.a(serial.o)
 .debug_loc     0x0000b7cc      0x18c ../drivers\libIotLibrary.a(stdio_driver.o)
 .debug_loc     0x0000b958      0x292 ../drivers\libIotLibrary.a(status_leds.o)
 .debug_loc     0x0000bbea      0x575 ../drivers\libIotLibrary.a(twi.o)
 .debug_loc     0x0000c15f      0x15e ../drivers\libIotLibrary.a(fifo.o)

.debug_macinfo
 *(.debug_macinfo)

.debug_weaknames
 *(.debug_weaknames)

.debug_funcnames
 *(.debug_funcnames)

.debug_typenames
 *(.debug_typenames)

.debug_varnames
 *(.debug_varnames)

.debug_pubtypes
 *(.debug_pubtypes)

.debug_ranges   0x00000000      0xa48
 *(.debug_ranges)
 .debug_ranges  0x00000000       0x30 CO2_SensorImpl.o
 .debug_ranges  0x00000030       0x70 FreeRTOS/src/event_groups.o
 .debug_ranges  0x000000a0       0x48 FreeRTOS/src/heap_4.o
 .debug_ranges  0x000000e8       0x30 FreeRTOS/src/list.o
 .debug_ranges  0x00000118       0x48 FreeRTOS/src/port.o
 .debug_ranges  0x00000160      0x130 FreeRTOS/src/queue.o
 .debug_ranges  0x00000290       0xb0 FreeRTOS/src/stream_buffer.o
 .debug_ranges  0x00000340      0x200 FreeRTOS/src/tasks.o
 .debug_ranges  0x00000540       0xb8 FreeRTOS/src/timers.o
 .debug_ranges  0x000005f8       0x30 FreeRTOS/src/variantHooks.o
 .debug_ranges  0x00000628       0x30 SensorDataHandler.o
 .debug_ranges  0x00000658       0x30 TempHumSensorImpl.o
 .debug_ranges  0x00000688       0x28 UpLinkHandler.o
 .debug_ranges  0x000006b0       0x38 main.o
 .debug_ranges  0x000006e8       0x58 ../drivers\libIotLibrary.a(hih8120.o)
 .debug_ranges  0x00000740      0x128 ../drivers\libIotLibrary.a(lora_driver.o)
 .debug_ranges  0x00000868       0x30 ../drivers\libIotLibrary.a(lora_driver_utils.o)
 .debug_ranges  0x00000898       0x48 ../drivers\libIotLibrary.a(mh_z19.o)
 .debug_ranges  0x000008e0       0x98 ../drivers\libIotLibrary.a(serial.o)
 .debug_ranges  0x00000978       0x28 ../drivers\libIotLibrary.a(stdio_driver.o)
 .debug_ranges  0x000009a0       0x58 ../drivers\libIotLibrary.a(status_leds.o)
 .debug_ranges  0x000009f8       0x40 ../drivers\libIotLibrary.a(twi.o)
 .debug_ranges  0x00000a38       0x10 ../drivers\libIotLibrary.a(fifo.o)

.debug_macro
 *(.debug_macro)
OUTPUT(4.Semester.elf elf32-avr)
LOAD linker stubs
