Archive member included to satisfy reference by file (symbol)

c:/program files (x86)/atmel/studio/7.0/toolchain/avr8/avr8-gnu-toolchain/bin/../lib/gcc/avr/5.4.0/../../../../avr/lib/avr6\libm.a(fixunssfsi.o)
                              TempHumSensorImpl.o (__fixunssfsi)
c:/program files (x86)/atmel/studio/7.0/toolchain/avr8/avr8-gnu-toolchain/bin/../lib/gcc/avr/5.4.0/../../../../avr/lib/avr6\libm.a(fp_split3.o)
                              c:/program files (x86)/atmel/studio/7.0/toolchain/avr8/avr8-gnu-toolchain/bin/../lib/gcc/avr/5.4.0/../../../../avr/lib/avr6\libm.a(fixunssfsi.o) (__fp_splitA)
c:/program files (x86)/atmel/studio/7.0/toolchain/avr8/avr8-gnu-toolchain/bin/../lib/gcc/avr/5.4.0/../../../../avr/lib/avr6\libm.a(fp_zero.o)
                              c:/program files (x86)/atmel/studio/7.0/toolchain/avr8/avr8-gnu-toolchain/bin/../lib/gcc/avr/5.4.0/../../../../avr/lib/avr6\libm.a(fixunssfsi.o) (__fp_zero)
../drivers\libIotLibrary.a(hih8120.o)
                              TempHumSensorImpl.o (hih8120_initialise)
../drivers\libIotLibrary.a(lora_driver.o)
                              UpLinkHandler.o (lora_driver_flushBuffers)
../drivers\libIotLibrary.a(lora_driver_utils.o)
                              ../drivers\libIotLibrary.a(lora_driver.o) (decode_port_no)
../drivers\libIotLibrary.a(serial.o)
                              ../drivers\libIotLibrary.a(lora_driver.o) (serial_create)
../drivers\libIotLibrary.a(stdio_driver.o)
                              main.o (stdio_initialise)
../drivers\libIotLibrary.a(status_leds.o)
                              main.o (status_leds_initialise)
../drivers\libIotLibrary.a(twi.o)
                              ../drivers\libIotLibrary.a(hih8120.o) (twiCreate)
../drivers\libIotLibrary.a(fifo.o)
                              ../drivers\libIotLibrary.a(serial.o) (fifo_init)
c:/program files (x86)/atmel/studio/7.0/toolchain/avr8/avr8-gnu-toolchain/bin/../lib/gcc/avr/5.4.0/../../../../avr/lib/avr6\libm.a(addsf3.o)
                              ../drivers\libIotLibrary.a(hih8120.o) (__subsf3)
c:/program files (x86)/atmel/studio/7.0/toolchain/avr8/avr8-gnu-toolchain/bin/../lib/gcc/avr/5.4.0/../../../../avr/lib/avr6\libm.a(addsf3x.o)
                              c:/program files (x86)/atmel/studio/7.0/toolchain/avr8/avr8-gnu-toolchain/bin/../lib/gcc/avr/5.4.0/../../../../avr/lib/avr6\libm.a(addsf3.o) (__addsf3x)
c:/program files (x86)/atmel/studio/7.0/toolchain/avr8/avr8-gnu-toolchain/bin/../lib/gcc/avr/5.4.0/../../../../avr/lib/avr6\libm.a(divsf3.o)
                              ../drivers\libIotLibrary.a(hih8120.o) (__divsf3)
c:/program files (x86)/atmel/studio/7.0/toolchain/avr8/avr8-gnu-toolchain/bin/../lib/gcc/avr/5.4.0/../../../../avr/lib/avr6\libm.a(divsf3x.o)
                              c:/program files (x86)/atmel/studio/7.0/toolchain/avr8/avr8-gnu-toolchain/bin/../lib/gcc/avr/5.4.0/../../../../avr/lib/avr6\libm.a(divsf3.o) (__divsf3x)
c:/program files (x86)/atmel/studio/7.0/toolchain/avr8/avr8-gnu-toolchain/bin/../lib/gcc/avr/5.4.0/../../../../avr/lib/avr6\libm.a(fixsfsi.o)
                              ../drivers\libIotLibrary.a(hih8120.o) (__fixsfsi)
c:/program files (x86)/atmel/studio/7.0/toolchain/avr8/avr8-gnu-toolchain/bin/../lib/gcc/avr/5.4.0/../../../../avr/lib/avr6\libm.a(floatsisf.o)
                              ../drivers\libIotLibrary.a(hih8120.o) (__floatunsisf)
c:/program files (x86)/atmel/studio/7.0/toolchain/avr8/avr8-gnu-toolchain/bin/../lib/gcc/avr/5.4.0/../../../../avr/lib/avr6\libm.a(fp_inf.o)
                              c:/program files (x86)/atmel/studio/7.0/toolchain/avr8/avr8-gnu-toolchain/bin/../lib/gcc/avr/5.4.0/../../../../avr/lib/avr6\libm.a(addsf3x.o) (__fp_inf)
c:/program files (x86)/atmel/studio/7.0/toolchain/avr8/avr8-gnu-toolchain/bin/../lib/gcc/avr/5.4.0/../../../../avr/lib/avr6\libm.a(fp_nan.o)
                              c:/program files (x86)/atmel/studio/7.0/toolchain/avr8/avr8-gnu-toolchain/bin/../lib/gcc/avr/5.4.0/../../../../avr/lib/avr6\libm.a(addsf3x.o) (__fp_nan)
c:/program files (x86)/atmel/studio/7.0/toolchain/avr8/avr8-gnu-toolchain/bin/../lib/gcc/avr/5.4.0/../../../../avr/lib/avr6\libm.a(fp_pscA.o)
                              c:/program files (x86)/atmel/studio/7.0/toolchain/avr8/avr8-gnu-toolchain/bin/../lib/gcc/avr/5.4.0/../../../../avr/lib/avr6\libm.a(addsf3x.o) (__fp_pscA)
c:/program files (x86)/atmel/studio/7.0/toolchain/avr8/avr8-gnu-toolchain/bin/../lib/gcc/avr/5.4.0/../../../../avr/lib/avr6\libm.a(fp_pscB.o)
                              c:/program files (x86)/atmel/studio/7.0/toolchain/avr8/avr8-gnu-toolchain/bin/../lib/gcc/avr/5.4.0/../../../../avr/lib/avr6\libm.a(addsf3x.o) (__fp_pscB)
c:/program files (x86)/atmel/studio/7.0/toolchain/avr8/avr8-gnu-toolchain/bin/../lib/gcc/avr/5.4.0/../../../../avr/lib/avr6\libm.a(fp_round.o)
[...]
Memory Configuration

Name             Origin             Length             Attributes
text             0x00000000         0x00040000         xr
data             0x00800200         0x00002000         rw !x
eeprom           0x00810000         0x00001000         rw !x
fuse             0x00820000         0x00000003         rw !x
lock             0x00830000         0x00000400         rw !x
signature        0x00840000         0x00000400         rw !x
user_signatures  0x00850000         0x00000400         rw !x
*default*        0x00000000         0xffffffff

Linker script and memory map

Address of section .data set to 0x800200
LOAD C:/Program Files (x86)/Atmel/Studio/7.0/Packs/atmel/ATmega_DFP/1.6.364/gcc/dev/atmega2560/avr6/crtatmega2560.o
LOAD ConfigurationImpl.o
LOAD DownLinkHandler.o
LOAD FreeRTOS/FreeRTOSTraceDriver/FreeRTOSTraceDriver.o
LOAD FreeRTOS/src/croutine.o
LOAD FreeRTOS/src/event_groups.o
LOAD FreeRTOS/src/heap_4.o
LOAD FreeRTOS/src/list.o
LOAD FreeRTOS/src/port.o
LOAD FreeRTOS/src/queue.o
LOAD FreeRTOS/src/stream_buffer.o
LOAD FreeRTOS/src/tasks.o
LOAD FreeRTOS/src/timers.o
LOAD FreeRTOS/src/variantHooks.o
LOAD SensorDataHandler.o
LOAD TempHumSensorImpl.o
LOAD UpLinkHandler.o
LOAD main.o
LOAD LoRaWANHandler.o
START GROUP
LOAD c:/program files (x86)/atmel/studio/7.0/toolchain/avr8/avr8-gnu-toolchain/bin/../lib/gcc/avr/5.4.0/../../../../avr/lib/avr6\libm.a
LOAD ../drivers\libIotLibrary.a
END GROUP
START GROUP
LOAD c:/program files (x86)/atmel/studio/7.0/toolchain/avr8/avr8-gnu-toolchain/bin/../lib/gcc/avr/5.4.0/avr6\libgcc.a
LOAD c:/program files (x86)/atmel/studio/7.0/toolchain/avr8/avr8-gnu-toolchain/bin/../lib/gcc/avr/5.4.0/../../../../avr/lib/avr6\libm.a
LOAD c:/program files (x86)/atmel/studio/7.0/toolchain/avr8/avr8-gnu-toolchain/bin/../lib/gcc/avr/5.4.0/../../../../avr/lib/avr6\libc.a
LOAD C:/Program Files (x86)/Atmel/Studio/7.0/Packs/atmel/ATmega_DFP/1.6.364/gcc/dev/atmega2560/avr6\libatmega2560.a
END GROUP
                0x00000000                __TEXT_REGION_ORIGIN__ = DEFINED (__TEXT_REGION_ORIGIN__)?__TEXT_REGION_ORIGIN__:0x0
                [0x00800200]                __DATA_REGION_ORIGIN__ = DEFINED (__DATA_REGION_ORIGIN__)?__DATA_REGION_ORIGIN__:0x800200
                [0x00040000]                __TEXT_REGION_LENGTH__ = DEFINED (__TEXT_REGION_LENGTH__)?__TEXT_REGION_LENGTH__:0x100000
                [0x00002000]                __DATA_REGION_LENGTH__ = DEFINED (__DATA_REGION_LENGTH__)?__DATA_REGION_LENGTH__:0xfe00
                [0x00001000]                __EEPROM_REGION_LENGTH__ = DEFINED (__EEPROM_REGION_LENGTH__)?__EEPROM_REGION_LENGTH__:0x10000
                [0x00000003]                __FUSE_REGION_LENGTH__ = DEFINED (__FUSE_REGION_LENGTH__)?__FUSE_REGION_LENGTH__:0x400
                0x00000400                __LOCK_REGION_LENGTH__ = DEFINED (__LOCK_REGION_LENGTH__)?__LOCK_REGION_LENGTH__:0x400
                0x00000400                __SIGNATURE_REGION_LENGTH__ = DEFINED (__SIGNATURE_REGION_LENGTH__)?__SIGNATURE_REGION_LENGTH__:0x400
                0x00000400                __USER_SIGNATURE_REGION_LENGTH__ = DEFINED (__USER_SIGNATURE_REGION_LENGTH__)?__USER_SIGNATURE_REGION_LENGTH__:0x400

.hash
 *(.hash)

.dynsym
 *(.dynsym)

.dynstr
 *(.dynstr)

.gnu.version
 *(.gnu.version)

.gnu.version_d
 *(.gnu.version_d)

.gnu.version_r
 *(.gnu.version_r)

.rel.init
 *(.rel.init)

.rela.init
 *(.rela.init)

.rel.text
 *(.rel.text)
 *(.rel.text.*)
 *(.rel.gnu.linkonce.t*)

.rela.text
 *(.rela.text)
 *(.rela.text.*)
 *(.rela.gnu.linkonce.t*)

.rel.fini
 *(.rel.fini)

.rela.fini
 *(.rela.fini)

.rel.rodata
 *(.rel.rodata)
 *(.rel.rodata.*)
 *(.rel.gnu.linkonce.r*)

.rela.rodata
 *(.rela.rodata)
 *(.rela.rodata.*)
 *(.rela.gnu.linkonce.r*)

.rel.data
 *(.rel.data)
 *(.rel.data.*)
 *(.rel.gnu.linkonce.d*)

.rela.data
 *(.rela.data)
 *(.rela.data.*)
 *(.rela.gnu.linkonce.d*)

.rel.ctors
 *(.rel.ctors)

.rela.ctors
 *(.rela.ctors)

.rel.dtors
 *(.rel.dtors)

.rela.dtors
 *(.rela.dtors)

.rel.got
 *(.rel.got)

.rela.got
 *(.rela.got)

.rel.bss
 *(.rel.bss)

.rela.bss
 *(.rela.bss)

.rel.plt
 *(.rel.plt)

.rela.plt
 *(.rela.plt)

.text           0x00000000     0x5cd0
 *(.vectors)
 .vectors       0x00000000       0xe4 C:/Program Files (x86)/Atmel/Studio/7.0/Packs/atmel/ATmega_DFP/1.6.364/gcc/dev/atmega2560/avr6/crtatmega2560.o
                0x00000000                __vector_default
                0x00000000                __vectors
 *(.vectors)
 *(.progmem.gcc*)
 .progmem.gcc_sw_table.prvProcessReceivedCommands
                0x000000e4       0x14 FreeRTOS/src/timers.o
 .progmem.gcc_sw_table.__vector_39
                0x000000f8       0xa2 ../drivers\libIotLibrary.a(twi.o)
                0x0000019a                . = ALIGN (0x2)
                0x0000019a                __trampolines_start = .
 *(.trampolines)
 .trampolines   0x0000019a        0x0 linker stubs
 *(.trampolines*)
                0x0000019a                __trampolines_end = .
 *libprintf_flt.a:*(.progmem.data)
 *libc.a:*(.progmem.data)
 *(.progmem*)
                0x0000019a                . = ALIGN (0x2)
 *(.jumptables)
 *(.jumptables*)
 *(.lowtext)
 .lowtext       0x0000019a       0x14 FreeRTOS/src/tasks.o
 .lowtext       0x000001ae       0x1e FreeRTOS/src/timers.o
 *(.lowtext*)
                0x000001cc                __ctors_start = .
 *(.ctors)
                0x000001cc                __ctors_end = .
                0x000001cc                __dtors_start = .
 *(.dtors)
                0x000001cc                __dtors_end = .
 SORT(*)(.ctors)
 SORT(*)(.dtors)
 *(.init0)
 .init0         0x000001cc        0x0 C:/Program Files (x86)/Atmel/Studio/7.0/Packs/atmel/ATmega_DFP/1.6.364/gcc/dev/atmega2560/avr6/crtatmega2560.o
                0x000001cc                __init
 *(.init0)
 *(.init1)
 *(.init1)
 *(.init2)
 .init2         0x000001cc       0x10 C:/Program Files (x86)/Atmel/Studio/7.0/Packs/atmel/ATmega_DFP/1.6.364/gcc/dev/atmega2560/avr6/crtatmega2560.o
 *(.init2)
 *(.init3)
 *(.init3)
 *(.init4)
 .init4         0x000001dc       0x1a c:/program files (x86)/atmel/studio/7.0/toolchain/avr8/avr8-gnu-toolchain/bin/../lib/gcc/avr/5.4.0/avr6\libgcc.a(_copy_data.o)
                0x000001dc                __do_copy_data
 .init4         0x000001f6       0x10 c:/program files (x86)/atmel/studio/7.0/toolchain/avr8/avr8-gnu-toolchain/bin/../lib/gcc/avr/5.4.0/avr6\libgcc.a(_clear_bss.o)
                0x000001f6                __do_clear_bss
 *(.init4)
 *(.init5)
 *(.init5)
 *(.init6)
 *(.init6)
 *(.init7)
 *(.init7)
 *(.init8)
 *(.init8)
 *(.init9)
 .init9         0x00000206        0x8 C:/Program Files (x86)/Atmel/Studio/7.0/Packs/atmel/ATmega_DFP/1.6.364/gcc/dev/atmega2560/avr6/crtatmega2560.o
 *(.init9)
 *(.text)
 .text          0x0000020e        0x2 C:/Program Files (x86)/Atmel/Studio/7.0/Packs/atmel/ATmega_DFP/1.6.364/gcc/dev/atmega2560/avr6/crtatmega2560.o
                0x0000020e                __vector_38
                0x0000020e                __vector_22
                0x0000020e                __vector_28
                0x0000020e                __vector_1
                0x0000020e                __vector_32
                0x0000020e                __vector_34
                0x0000020e                __vector_24
                0x0000020e                __vector_46
                0x0000020e                __bad_interrupt
                0x0000020e                __vector_6
                0x0000020e                __vector_31
                0x0000020e                __vector_35
                0x0000020e                __vector_3
                0x0000020e                __vector_23
                0x0000020e                __vector_30
                0x0000020e                __vector_45
                0x0000020e                __vector_11
                0x0000020e                __vector_13
                0x0000020e                __vector_17
                0x0000020e                __vector_19
                0x0000020e                __vector_56
                0x0000020e                __vector_7
                0x0000020e                __vector_49
                0x0000020e                __vector_41
                0x0000020e                __vector_43
                0x0000020e                __vector_27
                0x0000020e                __vector_5
                0x0000020e                __vector_33
                0x0000020e                __vector_47
                0x0000020e                __vector_4
                0x0000020e                __vector_44
                0x0000020e                __vector_9
                0x0000020e                __vector_2
                0x0000020e                __vector_21
                0x0000020e                __vector_15
                0x0000020e                __vector_29
                0x0000020e                __vector_40
                0x0000020e                __vector_8
                0x0000020e                __vector_48
                0x0000020e                __vector_14
                0x0000020e                __vector_53
                0x0000020e                __vector_10
                0x0000020e                __vector_50
                0x0000020e                __vector_16
                0x0000020e                __vector_18
                0x0000020e                __vector_20
                0x0000020e                __vector_42
                0x00000210                . = ALIGN (0x2)
 *(.text.*)
 .text.prvTestWaitCondition
                0x00000210       0x42 FreeRTOS/src/event_groups.o
 .text.xEventGroupWaitBits
                0x00000252      0x140 FreeRTOS/src/event_groups.o
                0x00000252                xEventGroupWaitBits
 .text.xEventGroupSetBits
                0x00000392      0x11c FreeRTOS/src/event_groups.o
                0x00000392                xEventGroupSetBits
 .text.prvHeapInit
                0x000004ae       0x52 FreeRTOS/src/heap_4.o
 .text.prvInsertBlockIntoFreeList
                0x00000500       0x94 FreeRTOS/src/heap_4.o
 .text.pvPortMalloc
                0x00000594      0x152 FreeRTOS/src/heap_4.o
                0x00000594                pvPortMalloc
 .text.vPortFree
                0x000006e6       0x7a FreeRTOS/src/heap_4.o
                0x000006e6                vPortFree
 .text.vListInitialise
                0x00000760       0x22 FreeRTOS/src/list.o
                0x00000760                vListInitialise
 .text.vListInitialiseItem
                0x00000782        0x8 FreeRTOS/src/list.o
                0x00000782                vListInitialiseItem
 .text.vListInsert
                0x0000078a       0x7a FreeRTOS/src/list.o
                0x0000078a                vListInsert
 .text.uxListRemove
                0x00000804       0x4e FreeRTOS/src/list.o
                0x00000804                uxListRemove
 .text.prvSetupTimerInterrupt
                0x00000852       0x18 FreeRTOS/src/port.o
 .text.pxPortInitialiseStack
                0x0000086a       0x2e FreeRTOS/src/port.o
                0x0000086a                pxPortInitialiseStack
 .text.xPortStartScheduler
                0x00000898       0x64 FreeRTOS/src/port.o
                0x00000898                xPortStartScheduler
 .text.vPortYield
                0x000008fc       0xc2 FreeRTOS/src/port.o
                0x000008fc                vPortYield
 .text.vPortYieldFromTick
                0x000009be       0xca FreeRTOS/src/port.o
                0x000009be                vPortYieldFromTick
 .text.__vector_12
                0x00000a88        0x4 FreeRTOS/src/port.o
                0x00000a88                __vector_12
 .text.prvIsQueueEmpty
                0x00000a8c       0x1a FreeRTOS/src/queue.o
 .text.prvIsQueueFull
                0x00000aa6       0x1c FreeRTOS/src/queue.o
 .text.prvCopyDataToQueue
                0x00000ac2       0xbe FreeRTOS/src/queue.o
 .text.prvCopyDataFromQueue
                0x00000b80       0x34 FreeRTOS/src/queue.o
 .text.prvUnlockQueue
                0x00000bb4       0x68 FreeRTOS/src/queue.o
 .text.xQueueGenericReset
                0x00000c1c       0x86 FreeRTOS/src/queue.o
                0x00000c1c                xQueueGenericReset
 .text.prvInitialiseNewQueue
                0x00000ca2       0x24 FreeRTOS/src/queue.o
 .text.xQueueGenericCreate
                0x00000cc6       0x46 FreeRTOS/src/queue.o
                0x00000cc6                xQueueGenericCreate
 .text.xQueueGenericSend
                0x00000d0c      0x124 FreeRTOS/src/queue.o
                0x00000d0c                xQueueGenericSend
 .text.prvInitialiseMutex
                0x00000e30       0x24 FreeRTOS/src/queue.o
 .text.xQueueCreateMutex
                0x00000e54       0x18 FreeRTOS/src/queue.o
                0x00000e54                xQueueCreateMutex
 .text.xQueueGenericSendFromISR
                0x00000e6c       0x76 FreeRTOS/src/queue.o
                0x00000e6c                xQueueGenericSendFromISR
 .text.xQueueReceive
                0x00000ee2      0x11e FreeRTOS/src/queue.o
                0x00000ee2                xQueueReceive
 .text.vQueueWaitForMessageRestricted
                0x00001000       0x38 FreeRTOS/src/queue.o
                0x00001000                vQueueWaitForMessageRestricted
 .text.prvBytesInBuffer
                0x00001038       0x26 FreeRTOS/src/stream_buffer.o
 .text.prvInitialiseNewStreamBuffer
                0x0000105e       0x20 FreeRTOS/src/stream_buffer.o
 .text.prvWriteBytesToBuffer
                0x0000107e       0x92 FreeRTOS/src/stream_buffer.o
 .text.prvWriteMessageToBuffer
                0x00001110       0x86 FreeRTOS/src/stream_buffer.o
 .text.prvReadBytesFromBuffer
                0x00001196       0x9e FreeRTOS/src/stream_buffer.o
 .text.prvReadMessageFromBuffer
                0x00001234       0x8a FreeRTOS/src/stream_buffer.o
 .text.xStreamBufferGenericCreate
                0x000012be       0x64 FreeRTOS/src/stream_buffer.o
                0x000012be                xStreamBufferGenericCreate
 .text.xStreamBufferReset
                0x00001322       0x3c FreeRTOS/src/stream_buffer.o
                0x00001322                xStreamBufferReset
 .text.xStreamBufferSpacesAvailable
                0x0000135e       0x24 FreeRTOS/src/stream_buffer.o
                0x0000135e                xStreamBufferSpacesAvailable
 .text.xStreamBufferSend
                0x00001382      0x18a FreeRTOS/src/stream_buffer.o
                0x00001382                xStreamBufferSend
 .text.xStreamBufferSendFromISR
                0x0000150c       0x88 FreeRTOS/src/stream_buffer.o
                0x0000150c                xStreamBufferSendFromISR
 .text.xStreamBufferReceive
                0x00001594      0x106 FreeRTOS/src/stream_buffer.o
                0x00001594                xStreamBufferReceive
 .text.prvResetNextTaskUnblockTime
                0x0000169a       0x4e FreeRTOS/src/tasks.o
 .text.prvDeleteTCB
                0x000016e8       0x1a FreeRTOS/src/tasks.o
 .text.prvInitialiseNewTask
                0x00001702       0xfa FreeRTOS/src/tasks.o
 .text.prvInitialiseTaskLists
                0x000017fc       0x60 FreeRTOS/src/tasks.o
 .text.prvAddNewTaskToReadyList
                0x0000185c       0xde FreeRTOS/src/tasks.o
 .text.prvCheckTasksWaitingTermination
                0x0000193a       0x4a FreeRTOS/src/tasks.o
 .text.prvAddCurrentTaskToDelayedList
                0x00001984      0x144 FreeRTOS/src/tasks.o
 .text.xTaskCreate
                0x00001ac8       0x98 FreeRTOS/src/tasks.o
                0x00001ac8                xTaskCreate
 .text.vTaskStartScheduler
                0x00001b60       0x70 FreeRTOS/src/tasks.o
                0x00001b60                vTaskStartScheduler
 .text.vTaskSuspendAll
                0x00001bd0        0xc FreeRTOS/src/tasks.o
                0x00001bd0                vTaskSuspendAll
 .text.xTaskGetTickCount
                0x00001bdc       0x1c FreeRTOS/src/tasks.o
                0x00001bdc                xTaskGetTickCount
 .text.xTaskIncrementTick
                0x00001bf8      0x258 FreeRTOS/src/tasks.o
                0x00001bf8                xTaskIncrementTick
 .text.xTaskResumeAll
                0x00001e50      0x1b8 FreeRTOS/src/tasks.o
                0x00001e50                xTaskResumeAll
 .text.xTaskDelayUntil
                0x00002008       0xca FreeRTOS/src/tasks.o
                0x00002008                xTaskDelayUntil
 .text.vTaskDelay
                0x000020d2       0x36 FreeRTOS/src/tasks.o
                0x000020d2                vTaskDelay
 .text.vTaskSwitchContext
                0x00002108       0xca FreeRTOS/src/tasks.o
                0x00002108                vTaskSwitchContext
 .text.vTaskPlaceOnEventList
                0x000021d2       0x2e FreeRTOS/src/tasks.o
                0x000021d2                vTaskPlaceOnEventList
 .text.vTaskPlaceOnUnorderedEventList
                0x00002200       0x94 FreeRTOS/src/tasks.o
                0x00002200                vTaskPlaceOnUnorderedEventList
 .text.vTaskPlaceOnEventListRestricted
                0x00002294       0x84 FreeRTOS/src/tasks.o
                0x00002294                vTaskPlaceOnEventListRestricted
 .text.xTaskRemoveFromEventList
                0x00002318      0x15e FreeRTOS/src/tasks.o
                0x00002318                xTaskRemoveFromEventList
 .text.vTaskRemoveFromUnorderedEventList
                0x00002476      0x134 FreeRTOS/src/tasks.o
                0x00002476                vTaskRemoveFromUnorderedEventList
 .text.vTaskSetTimeOutState
                0x000025aa       0x2c FreeRTOS/src/tasks.o
                0x000025aa                vTaskSetTimeOutState
 .text.vTaskInternalSetTimeOutState
                0x000025d6       0x22 FreeRTOS/src/tasks.o
                0x000025d6                vTaskInternalSetTimeOutState
 .text.xTaskCheckForTimeOut
                0x000025f8       0xcc FreeRTOS/src/tasks.o
                0x000025f8                xTaskCheckForTimeOut
 .text.vTaskMissedYield
                0x000026c4        0x8 FreeRTOS/src/tasks.o
                0x000026c4                vTaskMissedYield
 .text.xTaskGetCurrentTaskHandle
                0x000026cc        0xa FreeRTOS/src/tasks.o
                0x000026cc                xTaskGetCurrentTaskHandle
 .text.xTaskGetSchedulerState
                0x000026d6       0x1c FreeRTOS/src/tasks.o
                0x000026d6                xTaskGetSchedulerState
 .text.xTaskPriorityDisinherit
                0x000026f2       0xb6 FreeRTOS/src/tasks.o
                0x000026f2                xTaskPriorityDisinherit
 .text.uxTaskResetEventItemValue
                0x000027a8       0x54 FreeRTOS/src/tasks.o
                0x000027a8                uxTaskResetEventItemValue
 .text.xTaskGenericNotifyWait
                0x000027fc      0x14e FreeRTOS/src/tasks.o
                0x000027fc                xTaskGenericNotifyWait
 .text.xTaskGenericNotify
                0x0000294a      0x1ee FreeRTOS/src/tasks.o
                0x0000294a                xTaskGenericNotify
 .text.xTaskGenericNotifyFromISR
                0x00002b38      0x244 FreeRTOS/src/tasks.o
                0x00002b38                xTaskGenericNotifyFromISR
 .text.xTaskGenericNotifyStateClear
                0x00002d7c       0x34 FreeRTOS/src/tasks.o
                0x00002d7c                xTaskGenericNotifyStateClear
 .text.prvGetNextExpireTime
                0x00002db0       0x30 FreeRTOS/src/timers.o
 .text.prvInsertTimerInActiveList
                0x00002de0       0x92 FreeRTOS/src/timers.o
 .text.prvCheckForValidListAndQueue
                0x00002e72       0x52 FreeRTOS/src/timers.o
 .text.xTimerCreateTimerTask
                0x00002ec4       0x42 FreeRTOS/src/timers.o
                0x00002ec4                xTimerCreateTimerTask
 .text.xTimerGenericCommand
                0x00002f06       0xbc FreeRTOS/src/timers.o
                0x00002f06                xTimerGenericCommand
 .text.prvSwitchTimerLists
                0x00002fc2       0xd0 FreeRTOS/src/timers.o
 .text.prvSampleTimeNow
                0x00003092       0x5c FreeRTOS/src/timers.o
 .text.prvProcessExpiredTimer
                0x000030ee       0xac FreeRTOS/src/timers.o
 .text.prvProcessTimerOrBlockTask
                0x0000319a       0xae FreeRTOS/src/timers.o
 .text.prvProcessReceivedCommands
                0x00003248      0x168 FreeRTOS/src/timers.o
 .text.vApplicationIdleHook
                0x000033b0        0x2 FreeRTOS/src/variantHooks.o
                0x000033b0                vApplicationIdleHook
 .text.prvSetMainLedOn
                0x000033b2        0xe FreeRTOS/src/variantHooks.o
                0x000033b2                prvSetMainLedOn
 .text.prvBlinkMainLed
                0x000033c0        0x8 FreeRTOS/src/variantHooks.o
                0x000033c0                prvBlinkMainLed
 .text.vApplicationMallocFailedHook
                0x000033c8       0x18 FreeRTOS/src/variantHooks.o
                0x000033c8                vApplicationMallocFailedHook
 .text.vApplicationStackOverflowHook
                0x000033e0       0x18 FreeRTOS/src/variantHooks.o
                0x000033e0                vApplicationStackOverflowHook
 .text.SensorDataPackage_create
                0x000033f8       0x34 SensorDataHandler.o
                0x000033f8                SensorDataPackage_create
 .text.setCO2Ppm
                0x0000342c        0xe SensorDataHandler.o
                0x0000342c                setCO2Ppm
 .text.setTemperatureData
                0x0000343a        0xe SensorDataHandler.o
                0x0000343a                setTemperatureData
 .text.setHumidityData
                0x00003448        0xe SensorDataHandler.o
                0x00003448                setHumidityData
 .text.getLoRaPayload
                0x00003456       0x4a SensorDataHandler.o
                0x00003456                getLoRaPayload
 .text.get_temperature_data
                0x000034a0       0x1e TempHumSensorImpl.o
                0x000034a0                get_temperature_data
 .text.get_humidity_data
                0x000034be       0x16 TempHumSensorImpl.o
                0x000034be                get_humidity_data
 .text.Application_Task
                0x000034d4       0xca main.o
                0x000034d4                Application_Task
 .text.create_tasks_and_semaphores
                0x0000359e       0x56 main.o
                0x0000359e                create_tasks_and_semaphores
 .text.initialiseSystem
                0x000035f4       0x30 main.o
                0x000035f4                initialiseSystem
 .text.main     0x00003624        0xc main.o
                0x00003624                main
 .text._lora_setup
                0x00003630      0x188 LoRaWANHandler.o
 .text.lora_handler_task
                0x000037b8       0x9e LoRaWANHandler.o
                0x000037b8                lora_handler_task
 .text.lora_handler_initialise
                0x00003856       0x28 LoRaWANHandler.o
                0x00003856                lora_handler_initialise
 .text.avr-libc.fplib
                0x0000387e       0x58 c:/program files (x86)/atmel/studio/7.0/toolchain/avr8/avr8-gnu-toolchain/bin/../lib/gcc/avr/5.4.0/../../../../avr/lib/avr6\libm.a(fixunssfsi.o)
                0x0000387e                __fixunssfsi
 .text.avr-libc.fplib
                0x000038d6       0x44 c:/program files (x86)/atmel/studio/7.0/toolchain/avr8/avr8-gnu-toolchain/bin/../lib/gcc/avr/5.4.0/../../../../avr/lib/avr6\libm.a(fp_split3.o)
                0x000038d6                __fp_split3
                0x000038e6                __fp_splitA
 .text.avr-libc.fplib
                0x0000391a        0xe c:/program files (x86)/atmel/studio/7.0/toolchain/avr8/avr8-gnu-toolchain/bin/../lib/gcc/avr/5.4.0/../../../../avr/lib/avr6\libm.a(fp_zero.o)
                0x0000391a                __fp_zero
                0x0000391c                __fp_szero
 .text._hihTwiCallback
                0x00003928       0x5a ../drivers\libIotLibrary.a(hih8120.o)
 .text.hih8120_initialise
                0x00003982       0x30 ../drivers\libIotLibrary.a(hih8120.o)
                0x00003982                hih8120_initialise
 .text._serialCallBack
                0x000039b2       0x8c ../drivers\libIotLibrary.a(lora_driver.o)
 .text._uploadMessage
                0x00003a3e       0xb4 ../drivers\libIotLibrary.a(lora_driver.o)
 .text._reply2ReturnCode
                0x00003af2       0xea ../drivers\libIotLibrary.a(lora_driver.o)
 .text._uploadMessageRc
                0x00003bdc        0x6 ../drivers\libIotLibrary.a(lora_driver.o)
 .text.lora_driver_flushBuffers
                0x00003be2        0xe ../drivers\libIotLibrary.a(lora_driver.o)
                0x00003be2                lora_driver_flushBuffers
 .text.lora_driver_initialise
                0x00003bf0       0x80 ../drivers\libIotLibrary.a(lora_driver.o)
                0x00003bf0                lora_driver_initialise
 .text.lora_driver_resetRn2483
                0x00003c70       0x1c ../drivers\libIotLibrary.a(lora_driver.o)
                0x00003c70                lora_driver_resetRn2483
 .text.lora_driver_rn2483FactoryReset
                0x00003c8c       0x24 ../drivers\libIotLibrary.a(lora_driver.o)
                0x00003c8c                lora_driver_rn2483FactoryReset
 .text.lora_driver_getRn2483Hweui
                0x00003cb0       0x38 ../drivers\libIotLibrary.a(lora_driver.o)
                0x00003cb0                lora_driver_getRn2483Hweui
 .text.lora_driver_setDeviceIdentifier
                0x00003ce8       0x22 ../drivers\libIotLibrary.a(lora_driver.o)
                0x00003ce8                lora_driver_setDeviceIdentifier
 .text.lora_driver_setApplicationIdentifier
                0x00003d0a       0x22 ../drivers\libIotLibrary.a(lora_driver.o)
                0x00003d0a                lora_driver_setApplicationIdentifier
 .text.lora_driver_setApplicationKey
                0x00003d2c       0x22 ../drivers\libIotLibrary.a(lora_driver.o)
                0x00003d2c                lora_driver_setApplicationKey
 .text.lora_driver_saveMac
                0x00003d4e        0xc ../drivers\libIotLibrary.a(lora_driver.o)
                0x00003d4e                lora_driver_saveMac
 .text.lora_driver_join
                0x00003d5a       0x52 ../drivers\libIotLibrary.a(lora_driver.o)
                0x00003d5a                lora_driver_join
 .text.lora_driver_sendUploadMessage
                0x00003dac      0x196 ../drivers\libIotLibrary.a(lora_driver.o)
                0x00003dac                lora_driver_sendUploadMessage
 .text.lora_driver_setAdaptiveDataRate
                0x00003f42       0x16 ../drivers\libIotLibrary.a(lora_driver.o)
                0x00003f42                lora_driver_setAdaptiveDataRate
 .text.lora_driver_setReceiveDelay
                0x00003f58       0x30 ../drivers\libIotLibrary.a(lora_driver.o)
                0x00003f58                lora_driver_setReceiveDelay
 .text.lora_driver_configureToEu868
                0x00003f88      0x1bc ../drivers\libIotLibrary.a(lora_driver.o)
                0x00003f88                lora_driver_configureToEu868
 .text.lora_driver_setOtaaIdentity
                0x00004144       0x42 ../drivers\libIotLibrary.a(lora_driver.o)
                0x00004144                lora_driver_setOtaaIdentity
 .text.lora_driver_mapReturnCodeToText
                0x00004186       0x18 ../drivers\libIotLibrary.a(lora_driver.o)
                0x00004186                lora_driver_mapReturnCodeToText
 .text.decode_port_no
                0x0000419e       0x58 ../drivers\libIotLibrary.a(lora_driver_utils.o)
                0x0000419e                decode_port_no
 .text.decode_hexadecimal_string_bytes
                0x000041f6       0x92 ../drivers\libIotLibrary.a(lora_driver_utils.o)
                0x000041f6                decode_hexadecimal_string_bytes
 .text.serial_create
                0x00004288      0x142 ../drivers\libIotLibrary.a(serial.o)
                0x00004288                serial_create
 .text.serial_sendByte
                0x000043ca       0x56 ../drivers\libIotLibrary.a(serial.o)
                0x000043ca                serial_sendByte
 .text.serial_sendBytes
                0x00004420       0xaa ../drivers\libIotLibrary.a(serial.o)
                0x00004420                serial_sendBytes
 .text.serial_getByte
                0x000044ca       0x40 ../drivers\libIotLibrary.a(serial.o)
                0x000044ca                serial_getByte
 .text.__vector_25
                0x0000450a       0xa4 ../drivers\libIotLibrary.a(serial.o)
                0x0000450a                __vector_25
 .text.__vector_26
                0x000045ae       0x88 ../drivers\libIotLibrary.a(serial.o)
                0x000045ae                __vector_26
 .text.__vector_36
                0x00004636       0xa4 ../drivers\libIotLibrary.a(serial.o)
                0x00004636                __vector_36
 .text.__vector_37
                0x000046da       0x88 ../drivers\libIotLibrary.a(serial.o)
                0x000046da                __vector_37
 .text.__vector_51
                0x00004762       0xa4 ../drivers\libIotLibrary.a(serial.o)
                0x00004762                __vector_51
 .text.__vector_52
                0x00004806       0x88 ../drivers\libIotLibrary.a(serial.o)
                0x00004806                __vector_52
 .text.__vector_54
                0x0000488e       0xa4 ../drivers\libIotLibrary.a(serial.o)
                0x0000488e                __vector_54
 .text.__vector_55
                0x00004932       0x88 ../drivers\libIotLibrary.a(serial.o)
                0x00004932                __vector_55
 .text.usart_getchar
                0x000049ba       0x2a ../drivers\libIotLibrary.a(stdio_driver.o)
 .text.usart_putchar
                0x000049e4       0x12 ../drivers\libIotLibrary.a(stdio_driver.o)
 .text.stdio_initialise
                0x000049f6       0x52 ../drivers\libIotLibrary.a(stdio_driver.o)
                0x000049f6                stdio_initialise
 .text._turn_off
                0x00004a48       0x98 ../drivers\libIotLibrary.a(status_leds.o)
 .text._turn_on
                0x00004ae0       0x98 ../drivers\libIotLibrary.a(status_leds.o)
 .text._hal_led_task
                0x00004b78       0x8c ../drivers\libIotLibrary.a(status_leds.o)
 .text.status_leds_initialise
                0x00004c04       0x9c ../drivers\libIotLibrary.a(status_leds.o)
                0x00004c04                status_leds_initialise
 .text.status_leds_slowBlink
                0x00004ca0       0x46 ../drivers\libIotLibrary.a(status_leds.o)
                0x00004ca0                status_leds_slowBlink
 .text.status_leds_fastBlink
                0x00004ce6       0x46 ../drivers\libIotLibrary.a(status_leds.o)
                0x00004ce6                status_leds_fastBlink
 .text.status_leds_ledOn
                0x00004d2c       0x1e ../drivers\libIotLibrary.a(status_leds.o)
                0x00004d2c                status_leds_ledOn
 .text.status_leds_ledOff
                0x00004d4a       0x1e ../drivers\libIotLibrary.a(status_leds.o)
                0x00004d4a                status_leds_ledOff
 .text.status_leds_longPuls
                0x00004d68       0x24 ../drivers\libIotLibrary.a(status_leds.o)
                0x00004d68                status_leds_longPuls
 .text.status_leds_shortPuls
                0x00004d8c       0x22 ../drivers\libIotLibrary.a(status_leds.o)
                0x00004d8c                status_leds_shortPuls
 .text.twiCreate
                0x00004dae       0x9a ../drivers\libIotLibrary.a(twi.o)
                0x00004dae                twiCreate
 .text.__vector_39
                0x00004e48      0x17a ../drivers\libIotLibrary.a(twi.o)
                0x00004e48                __vector_39
 .text.fifo_init
                0x00004fc2       0x38 ../drivers\libIotLibrary.a(fifo.o)
                0x00004fc2                fifo_init
 .text.avr-libc.fplib
                0x00004ffa        0xa c:/program files (x86)/atmel/studio/7.0/toolchain/avr8/avr8-gnu-toolchain/bin/../lib/gcc/avr/5.4.0/../../../../avr/lib/avr6\libm.a(addsf3.o)
                0x00004ffa                __subsf3
                0x00004ffc                __addsf3
 .text.avr-libc.fplib
                0x00005004       0xc4 c:/program files (x86)/atmel/studio/7.0/toolchain/avr8/avr8-gnu-toolchain/bin/../lib/gcc/avr/5.4.0/../../../../avr/lib/avr6\libm.a(addsf3x.o)
                0x0000501e                __addsf3x
 .text.avr-libc.fplib
                0x000050c8        0x4 c:/program files (x86)/atmel/studio/7.0/toolchain/avr8/avr8-gnu-toolchain/bin/../lib/gcc/avr/5.4.0/../../../../avr/lib/avr6\libm.a(divsf3.o)
                0x000050c8                __divsf3
 .text.avr-libc.fplib
                0x000050cc       0xd2 c:/program files (x86)/atmel/studio/7.0/toolchain/avr8/avr8-gnu-toolchain/bin/../lib/gcc/avr/5.4.0/../../../../avr/lib/avr6\libm.a(divsf3x.o)
                0x000050e4                __divsf3x
                0x000050ea                __divsf3_pse
 .text.avr-libc.fplib
                0x0000519e       0x7a c:/program files (x86)/atmel/studio/7.0/toolchain/avr8/avr8-gnu-toolchain/bin/../lib/gcc/avr/5.4.0/../../../../avr/lib/avr6\libm.a(floatsisf.o)
                0x0000519e                __floatunsisf
                0x000051a2                __floatsisf
 .text.avr-libc.fplib
                0x00005218        0xc c:/program files (x86)/atmel/studio/7.0/toolchain/avr8/avr8-gnu-toolchain/bin/../lib/gcc/avr/5.4.0/../../../../avr/lib/avr6\libm.a(fp_inf.o)
                0x00005218                __fp_inf
 .text.avr-libc.fplib
                0x00005224        0x6 c:/program files (x86)/atmel/studio/7.0/toolchain/avr8/avr8-gnu-toolchain/bin/../lib/gcc/avr/5.4.0/../../../../avr/lib/avr6\libm.a(fp_nan.o)
                0x00005224                __fp_nan
 .text.avr-libc.fplib
                0x0000522a        0xe c:/program files (x86)/atmel/studio/7.0/toolchain/avr8/avr8-gnu-toolchain/bin/../lib/gcc/avr/5.4.0/../../../../avr/lib/avr6\libm.a(fp_pscA.o)
                0x0000522a                __fp_pscA
 .text.avr-libc.fplib
                0x00005238        0xe c:/program files (x86)/atmel/studio/7.0/toolchain/avr8/avr8-gnu-toolchain/bin/../lib/gcc/avr/5.4.0/../../../../avr/lib/avr6\libm.a(fp_pscB.o)
                0x00005238                __fp_pscB
 .text.avr-libc.fplib
                0x00005246       0x22 c:/program files (x86)/atmel/studio/7.0/toolchain/avr8/avr8-gnu-toolchain/bin/../lib/gcc/avr/5.4.0/../../../../avr/lib/avr6\libm.a(fp_round.o)
                0x00005246                __fp_round
 .text.avr-libc.fplib
                0x00005268        0x4 c:/program files (x86)/atmel/studio/7.0/toolchain/avr8/avr8-gnu-toolchain/bin/../lib/gcc/avr/5.4.0/../../../../avr/lib/avr6\libm.a(mulsf3.o)
                0x00005268                __mulsf3
 .text.avr-libc.fplib
                0x0000526c       0xc8 c:/program files (x86)/atmel/studio/7.0/toolchain/avr8/avr8-gnu-toolchain/bin/../lib/gcc/avr/5.4.0/../../../../avr/lib/avr6\libm.a(mulsf3x.o)
                0x00005282                __mulsf3x
                0x00005288                __mulsf3_pse
 .text.libgcc.div
                0x00005334       0x44 c:/program files (x86)/atmel/studio/7.0/toolchain/avr8/avr8-gnu-toolchain/bin/../lib/gcc/avr/5.4.0/avr6\libgcc.a(_udivmodsi4.o)
                0x00005334                __udivmodsi4
 .text.libgcc   0x00005378       0x10 c:/program files (x86)/atmel/studio/7.0/toolchain/avr8/avr8-gnu-toolchain/bin/../lib/gcc/avr/5.4.0/avr6\libgcc.a(_tablejump2.o)
                0x00005378                __tablejump2__
 .text.avr-libc
                0x00005388      0x242 c:/program files (x86)/atmel/studio/7.0/toolchain/avr8/avr8-gnu-toolchain/bin/../lib/gcc/avr/5.4.0/../../../../avr/lib/avr6\libc.a(malloc.o)
                0x00005388                malloc
                0x000054b8                free
 .text.avr-libc
                0x000055ca        0x8 c:/program files (x86)/atmel/studio/7.0/toolchain/avr8/avr8-gnu-toolchain/bin/../lib/gcc/avr/5.4.0/../../../../avr/lib/avr6\libc.a(abort.o)
                0x000055ca                abort
 .text.avr-libc
                0x000055d2       0x12 c:/program files (x86)/atmel/studio/7.0/toolchain/avr8/avr8-gnu-toolchain/bin/../lib/gcc/avr/5.4.0/../../../../avr/lib/avr6\libc.a(memcpy.o)
                0x000055d2                memcpy
 .text.avr-libc
                0x000055e4        0xe c:/program files (x86)/atmel/studio/7.0/toolchain/avr8/avr8-gnu-toolchain/bin/../lib/gcc/avr/5.4.0/../../../../avr/lib/avr6\libc.a(memset.o)
                0x000055e4                memset
 .text.avr-libc
                0x000055f2       0x4a c:/program files (x86)/atmel/studio/7.0/toolchain/avr8/avr8-gnu-toolchain/bin/../lib/gcc/avr/5.4.0/../../../../avr/lib/avr6\libc.a(strcasestr.o)
                0x000055f2                strcasestr
 .text.avr-libc
                0x0000563c       0x16 c:/program files (x86)/atmel/studio/7.0/toolchain/avr8/avr8-gnu-toolchain/bin/../lib/gcc/avr/5.4.0/../../../../avr/lib/avr6\libc.a(strcat.o)
                0x0000563c                strcat
 .text.avr-libc
                0x00005652        0xe c:/program files (x86)/atmel/studio/7.0/toolchain/avr8/avr8-gnu-toolchain/bin/../lib/gcc/avr/5.4.0/../../../../avr/lib/avr6\libc.a(strcpy.o)
                0x00005652                strcpy
 .text.avr-libc
                0x00005660       0x30 c:/program files (x86)/atmel/studio/7.0/toolchain/avr8/avr8-gnu-toolchain/bin/../lib/gcc/avr/5.4.0/../../../../avr/lib/avr6\libc.a(strncasecmp.o)
                0x00005660                strncasecmp
 .text.avr-libc
                0x00005690       0x26 c:/program files (x86)/atmel/studio/7.0/toolchain/avr8/avr8-gnu-toolchain/bin/../lib/gcc/avr/5.4.0/../../../../avr/lib/avr6\libc.a(printf.o)
                0x00005690                printf
 .text.avr-libc
                0x000056b6       0x60 c:/program files (x86)/atmel/studio/7.0/toolchain/avr8/avr8-gnu-toolchain/bin/../lib/gcc/avr/5.4.0/../../../../avr/lib/avr6\libc.a(puts.o)
                0x000056b6                puts
 .text.avr-libc
                0x00005716       0x5c c:/program files (x86)/atmel/studio/7.0/toolchain/avr8/avr8-gnu-toolchain/bin/../lib/gcc/avr/5.4.0/../../../../avr/lib/avr6\libc.a(sprintf.o)
                0x00005716                sprintf
 .text.avr-libc
                0x00005772      0x3fa c:/program files (x86)/atmel/studio/7.0/toolchain/avr8/avr8-gnu-toolchain/bin/../lib/gcc/avr/5.4.0/../../../../avr/lib/avr6\libc.a(vfprintf_std.o)
                0x00005772                vfprintf
 .text.avr-libc
                0x00005b6c       0x16 c:/program files (x86)/atmel/studio/7.0/toolchain/avr8/avr8-gnu-toolchain/bin/../lib/gcc/avr/5.4.0/../../../../avr/lib/avr6\libc.a(strnlen_P.o)
                0x00005b6c                strnlen_P
 .text.avr-libc
                0x00005b82       0x16 c:/program files (x86)/atmel/studio/7.0/toolchain/avr8/avr8-gnu-toolchain/bin/../lib/gcc/avr/5.4.0/../../../../avr/lib/avr6\libc.a(strnlen.o)
                0x00005b82                strnlen
 .text.avr-libc
                0x00005b98       0x78 c:/program files (x86)/atmel/studio/7.0/toolchain/avr8/avr8-gnu-toolchain/bin/../lib/gcc/avr/5.4.0/../../../../avr/lib/avr6\libc.a(fputc.o)
                0x00005b98                fputc
 .text.avr-libc
                0x00005c10       0xbc c:/program files (x86)/atmel/studio/7.0/toolchain/avr8/avr8-gnu-toolchain/bin/../lib/gcc/avr/5.4.0/../../../../avr/lib/avr6\libc.a(ultoa_invert.o)
                0x00005c10                __ultoa_invert
                0x00005ccc                . = ALIGN (0x2)
 *(.fini9)
 .fini9         0x00005ccc        0x0 c:/program files (x86)/atmel/studio/7.0/toolchain/avr8/avr8-gnu-toolchain/bin/../lib/gcc/avr/5.4.0/avr6\libgcc.a(_exit.o)
                0x00005ccc                _exit
                0x00005ccc                exit
 *(.fini9)
 *(.fini8)
 *(.fini8)
 *(.fini7)
 *(.fini7)
 *(.fini6)
 *(.fini6)
 *(.fini5)
 *(.fini5)
 *(.fini4)
 *(.fini4)
 *(.fini3)
 *(.fini3)
 *(.fini2)
 *(.fini2)
 *(.fini1)
 *(.fini1)
 *(.fini0)
 .fini0         0x00005ccc        0x4 c:/program files (x86)/atmel/studio/7.0/toolchain/avr8/avr8-gnu-toolchain/bin/../lib/gcc/avr/5.4.0/avr6\libgcc.a(_exit.o)
 *(.fini0)
                0x00005cd0                _etext = .

.data           0x00800200      0x4f4 load address 0x00005cd0
                0x00800200                PROVIDE (__data_start, .)
 *(.data)
 .data          0x00800200        0x6 c:/program files (x86)/atmel/studio/7.0/toolchain/avr8/avr8-gnu-toolchain/bin/../lib/gcc/avr/5.4.0/../../../../avr/lib/avr6\libc.a(malloc.o)
                0x00800200                __malloc_heap_end
                0x00800202                __malloc_heap_start
                0x00800204                __malloc_margin
 *(.data*)
 .data.uxTopUsedPriority
                0x00800206        0x1 FreeRTOS/src/tasks.o
                0x00800206                uxTopUsedPriority
 .data._temp    0x00800207        0x2 ../drivers\libIotLibrary.a(hih8120.o)
 .data._hum     0x00800209        0x2 ../drivers\libIotLibrary.a(hih8120.o)
 .data._com_port_2_udr
                0x0080020b        0x8 ../drivers\libIotLibrary.a(serial.o)
                0x0080020b                _com_port_2_udr
 .data.mystdout.1882
                0x00800213        0xe ../drivers\libIotLibrary.a(stdio_driver.o)
 .data._twiCurrentState
                0x00800221        0x1 ../drivers\libIotLibrary.a(twi.o)
 *(.gnu.linkonce.d*)
 *(.rodata)
 .rodata        0x00800222       0x20 ../drivers\libIotLibrary.a(lora_driver.o)
 *(.rodata*)
 .rodata.str1.1
                0x00800242        0x5 FreeRTOS/src/tasks.o
 .rodata.str1.1
                0x00800247        0x8 FreeRTOS/src/timers.o
 .rodata.str1.1
                0x0080024f       0x61 TempHumSensorImpl.o
 .rodata.str1.1
                0x008002b0       0x27 main.o
                                 0x2a (size before relaxing)
 .rodata.str1.1
                0x008002d7      0x149 LoRaWANHandler.o
 .rodata.str1.1
                0x00800420      0x295 ../drivers\libIotLibrary.a(lora_driver.o)
                                0x2a5 (size before relaxing)
 .rodata._joinMode
                0x008006b5        0x4 ../drivers\libIotLibrary.a(lora_driver.o)
 .rodata._returnCode
                0x008006b9       0x33 ../drivers\libIotLibrary.a(lora_driver.o)
                0x008006b9                _returnCode
 .rodata.str1.1
                0x008006ec        0x8 ../drivers\libIotLibrary.a(status_leds.o)
 *(.gnu.linkonce.r*)
                0x008006f4                . = ALIGN (0x2)
                0x008006f4                _edata = .
                0x008006f4                PROVIDE (__data_end, .)

.bss            0x008006f4     0x1004
                0x008006f4                PROVIDE (__bss_start, .)
 *(.bss)
 *(.bss*)
 .bss.xBlockAllocatedBit
                0x008006f4        0x2 FreeRTOS/src/heap_4.o
 .bss.xNumberOfSuccessfulFrees
                0x008006f6        0x2 FreeRTOS/src/heap_4.o
 .bss.xNumberOfSuccessfulAllocations
                0x008006f8        0x2 FreeRTOS/src/heap_4.o
 .bss.xMinimumEverFreeBytesRemaining
                0x008006fa        0x2 FreeRTOS/src/heap_4.o
 .bss.xFreeBytesRemaining
                0x008006fc        0x2 FreeRTOS/src/heap_4.o
 .bss.pxEnd     0x008006fe        0x2 FreeRTOS/src/heap_4.o
 .bss.xStart    0x00800700        0x4 FreeRTOS/src/heap_4.o
 .bss.ucHeap    0x00800704      0xdac FreeRTOS/src/heap_4.o
 .bss.uxSchedulerSuspended
                0x008014b0        0x1 FreeRTOS/src/tasks.o
 .bss.xIdleTaskHandle
                0x008014b1        0x2 FreeRTOS/src/tasks.o
 .bss.xNextTaskUnblockTime
                0x008014b3        0x4 FreeRTOS/src/tasks.o
 .bss.uxTaskNumber
                0x008014b7        0x1 FreeRTOS/src/tasks.o
 .bss.xNumOfOverflows
                0x008014b8        0x1 FreeRTOS/src/tasks.o
 .bss.xYieldPending
                0x008014b9        0x1 FreeRTOS/src/tasks.o
 .bss.xPendedTicks
                0x008014ba        0x4 FreeRTOS/src/tasks.o
 .bss.xSchedulerRunning
                0x008014be        0x1 FreeRTOS/src/tasks.o
 .bss.uxTopReadyPriority
                0x008014bf        0x1 FreeRTOS/src/tasks.o
 .bss.xTickCount
                0x008014c0        0x4 FreeRTOS/src/tasks.o
 .bss.uxCurrentNumberOfTasks
                0x008014c4        0x1 FreeRTOS/src/tasks.o
 .bss.xSuspendedTaskList
                0x008014c5        0xb FreeRTOS/src/tasks.o
 .bss.uxDeletedTasksWaitingCleanUp
                0x008014d0        0x1 FreeRTOS/src/tasks.o
 .bss.xTasksWaitingTermination
                0x008014d1        0xb FreeRTOS/src/tasks.o
 .bss.xPendingReadyList
                0x008014dc        0xb FreeRTOS/src/tasks.o
 .bss.pxOverflowDelayedTaskList
                0x008014e7        0x2 FreeRTOS/src/tasks.o
 .bss.pxDelayedTaskList
                0x008014e9        0x2 FreeRTOS/src/tasks.o
 .bss.xDelayedTaskList2
                0x008014eb        0xb FreeRTOS/src/tasks.o
 .bss.xDelayedTaskList1
                0x008014f6        0xb FreeRTOS/src/tasks.o
 .bss.pxReadyTasksLists
                0x00801501       0x6e FreeRTOS/src/tasks.o
 .bss.pxCurrentTCB
                0x0080156f        0x2 FreeRTOS/src/tasks.o
                0x0080156f                pxCurrentTCB
 .bss.xLastTime.2436
                0x00801571        0x4 FreeRTOS/src/timers.o
 .bss.xTimerTaskHandle
                0x00801575        0x2 FreeRTOS/src/timers.o
 .bss.xTimerQueue
                0x00801577        0x2 FreeRTOS/src/timers.o
 .bss.pxOverflowTimerList
                0x00801579        0x2 FreeRTOS/src/timers.o
 .bss.pxCurrentTimerList
                0x0080157b        0x2 FreeRTOS/src/timers.o
 .bss.xActiveTimerList2
                0x0080157d        0xb FreeRTOS/src/timers.o
 .bss.xActiveTimerList1
                0x00801588        0xb FreeRTOS/src/timers.o
 .bss.payload   0x00801593       0x16 SensorDataHandler.o
 .bss.humidity  0x008015a9        0x4 TempHumSensorImpl.o
                0x008015a9                humidity
 .bss.temperature
                0x008015ad        0x4 TempHumSensorImpl.o
                0x008015ad                temperature
 .bss._uplink_payload
                0x008015b1       0x16 LoRaWANHandler.o
 .bss._measuringIsReady
                0x008015c7        0x1 ../drivers\libIotLibrary.a(hih8120.o)
 .bss._hih8120Handler
                0x008015c8        0x2 ../drivers\libIotLibrary.a(hih8120.o)
 .bss._tmp_buf.2871
                0x008015ca       0x37 ../drivers\libIotLibrary.a(lora_driver.o)
 .bss.rec_buf_inp.2878
                0x00801601        0x1 ../drivers\libIotLibrary.a(lora_driver.o)
 .bss._downlinkMessageBuffer
                0x00801602        0x2 ../drivers\libIotLibrary.a(lora_driver.o)
 .bss._serialReplyBufferHandle
                0x00801604        0x2 ../drivers\libIotLibrary.a(lora_driver.o)
 .bss._rn2483_serial
                0x00801606        0x2 ../drivers\libIotLibrary.a(lora_driver.o)
 .bss._downlinkPayload
                0x00801608       0x16 ../drivers\libIotLibrary.a(lora_driver.o)
 .bss._payLoadHexBytes
                0x0080161e       0x15 ../drivers\libIotLibrary.a(lora_driver.o)
 .bss._recMessageBuf
                0x00801633       0x2d ../drivers\libIotLibrary.a(lora_driver.o)
 .bss._sendMessage
                0x00801660       0x2d ../drivers\libIotLibrary.a(lora_driver.o)
 .bss._replyMess
                0x0080168d       0x2d ../drivers\libIotLibrary.a(lora_driver.o)
 .bss._ser_handle
                0x008016ba        0x8 ../drivers\libIotLibrary.a(serial.o)
 .bss._com_serial_instance
                0x008016c2        0x2 ../drivers\libIotLibrary.a(stdio_driver.o)
 .bss._led_status
                0x008016c4       0x18 ../drivers\libIotLibrary.a(status_leds.o)
 .bss._index.1885
                0x008016dc        0x1 ../drivers\libIotLibrary.a(twi.o)
 .bss._twiCurrentHandler
                0x008016dd        0x2 ../drivers\libIotLibrary.a(twi.o)
 .bss._twiMessageLen
                0x008016df        0x1 ../drivers\libIotLibrary.a(twi.o)
 .bss._twiMessageBuffer
                0x008016e0        0xa ../drivers\libIotLibrary.a(twi.o)
 *(COMMON)
 COMMON         0x008016ea        0x2 SensorDataHandler.o
                0x008016ea                packet
 COMMON         0x008016ec        0x2 main.o
                0x008016ec                xTestSemaphore
 COMMON         0x008016ee        0x4 c:/program files (x86)/atmel/studio/7.0/toolchain/avr8/avr8-gnu-toolchain/bin/../lib/gcc/avr/5.4.0/../../../../avr/lib/avr6\libc.a(malloc.o)
                0x008016ee                __brkval
                0x008016f0                __flp
 COMMON         0x008016f2        0x6 c:/program files (x86)/atmel/studio/7.0/toolchain/avr8/avr8-gnu-toolchain/bin/../lib/gcc/avr/5.4.0/../../../../avr/lib/avr6\libc.a(iob.o)
                0x008016f2                __iob
                0x008016f8                PROVIDE (__bss_end, .)
                0x00005cd0                __data_load_start = LOADADDR (.data)
                0x000061c4                __data_load_end = (__data_load_start + SIZEOF (.data))

.noinit         0x008016f8        0x0
                [!provide]                PROVIDE (__noinit_start, .)
 *(.noinit*)
                [!provide]                PROVIDE (__noinit_end, .)
                0x008016f8                _end = .
                0x008016f8                PROVIDE (__heap_start, .)

.eeprom         0x00810000        0x0
 *(.eeprom*)
                0x00810000                __eeprom_end = .

.fuse
 *(.fuse)
 *(.lfuse)
 *(.hfuse)
 *(.efuse)

.lock
 *(.lock*)

.signature
 *(.signature*)

.user_signatures
 *(.user_signatures*)

.stab
 *(.stab)

.stabstr
 *(.stabstr)

.stab.excl
 *(.stab.excl)

.stab.exclstr
 *(.stab.exclstr)

.stab.index
 *(.stab.index)

.stab.indexstr
 *(.stab.indexstr)

.comment        0x00000000       0x5c
 *(.comment)
 .comment       0x00000000       0x30 FreeRTOS/src/event_groups.o
                                 0x31 (size before relaxing)
 .comment       0x00000030       0x31 FreeRTOS/src/heap_4.o
 .comment       0x00000030       0x31 FreeRTOS/src/list.o
 .comment       0x00000030       0x31 FreeRTOS/src/port.o
 .comment       0x00000030       0x31 FreeRTOS/src/queue.o
 .comment       0x00000030       0x31 FreeRTOS/src/stream_buffer.o
 .comment       0x00000030       0x31 FreeRTOS/src/tasks.o
 .comment       0x00000030       0x31 FreeRTOS/src/timers.o
 .comment       0x00000030       0x31 FreeRTOS/src/variantHooks.o
 .comment       0x00000030       0x31 SensorDataHandler.o
 .comment       0x00000030       0x31 TempHumSensorImpl.o
 .comment       0x00000030       0x31 main.o
 .comment       0x00000030       0x31 LoRaWANHandler.o
 .comment       0x00000030       0x31 ../drivers\libIotLibrary.a(hih8120.o)
 .comment       0x00000030       0x31 ../drivers\libIotLibrary.a(lora_driver.o)
 .comment       0x00000030       0x31 ../drivers\libIotLibrary.a(lora_driver_utils.o)
 .comment       0x00000030       0x31 ../drivers\libIotLibrary.a(serial.o)
 .comment       0x00000030       0x31 ../drivers\libIotLibrary.a(stdio_driver.o)
 .comment       0x00000030       0x31 ../drivers\libIotLibrary.a(status_leds.o)
 .comment       0x00000030       0x31 ../drivers\libIotLibrary.a(twi.o)
 .comment       0x00000030       0x31 ../drivers\libIotLibrary.a(fifo.o)
 .comment       0x00000030       0x31 c:/program files (x86)/atmel/studio/7.0/toolchain/avr8/avr8-gnu-toolchain/bin/../lib/gcc/avr/5.4.0/../../../../avr/lib/avr6\libc.a(malloc.o)
 .comment       0x00000030       0x31 c:/program files (x86)/atmel/studio/7.0/toolchain/avr8/avr8-gnu-toolchain/bin/../lib/gcc/avr/5.4.0/../../../../avr/lib/avr6\libc.a(iob.o)
 .comment       0x00000030       0x31 c:/program files (x86)/atmel/studio/7.0/toolchain/avr8/avr8-gnu-toolchain/bin/../lib/gcc/avr/5.4.0/../../../../avr/lib/avr6\libc.a(printf.o)
 .comment       0x00000030       0x31 c:/program files (x86)/atmel/studio/7.0/toolchain/avr8/avr8-gnu-toolchain/bin/../lib/gcc/avr/5.4.0/../../../../avr/lib/avr6\libc.a(puts.o)
 .comment       0x00000030       0x31 c:/program files (x86)/atmel/studio/7.0/toolchain/avr8/avr8-gnu-toolchain/bin/../lib/gcc/avr/5.4.0/../../../../avr/lib/avr6\libc.a(sprintf.o)
 .comment       0x00000030       0x2c c:/program files (x86)/atmel/studio/7.0/toolchain/avr8/avr8-gnu-toolchain/bin/../lib/gcc/avr/5.4.0/../../../../avr/lib/avr6\libc.a(vfprintf_std.o)
                                 0x2d (size before relaxing)
 .comment       0x0000005c       0x31 c:/program files (x86)/atmel/studio/7.0/toolchain/avr8/avr8-gnu-toolchain/bin/../lib/gcc/avr/5.4.0/../../../../avr/lib/avr6\libc.a(fputc.o)

.note.gnu.avr.deviceinfo
                0x00000000       0x40
 .note.gnu.avr.deviceinfo
                0x00000000       0x40 C:/Program Files (x86)/Atmel/Studio/7.0/Packs/atmel/ATmega_DFP/1.6.364/gcc/dev/atmega2560/avr6/crtatmega2560.o

.note.gnu.build-id
 *(.note.gnu.build-id)

.debug
 *(.debug)

.line
 *(.line)

.debug_srcinfo
 *(.debug_srcinfo)

.debug_sfnames
 *(.debug_sfnames)

.debug_aranges  0x00000000      0xa40
 *(.debug_aranges)
 .debug_aranges
                0x00000000       0x68 FreeRTOS/src/event_groups.o
 .debug_aranges
                0x00000068       0x58 FreeRTOS/src/heap_4.o
 .debug_aranges
                0x000000c0       0x40 FreeRTOS/src/list.o
 .debug_aranges
                0x00000100       0x58 FreeRTOS/src/port.o
 .debug_aranges
                0x00000158       0xf8 FreeRTOS/src/queue.o
 .debug_aranges
                0x00000250       0xc0 FreeRTOS/src/stream_buffer.o
 .debug_aranges
                0x00000310      0x1d0 FreeRTOS/src/tasks.o
 .debug_aranges
                0x000004e0       0xc8 FreeRTOS/src/timers.o
 .debug_aranges
                0x000005a8       0x40 FreeRTOS/src/variantHooks.o
 .debug_aranges
                0x000005e8       0x40 SensorDataHandler.o
 .debug_aranges
                0x00000628       0x48 TempHumSensorImpl.o
 .debug_aranges
                0x00000670       0x38 main.o
 .debug_aranges
                0x000006a8       0x30 LoRaWANHandler.o
 .debug_aranges
                0x000006d8       0x68 ../drivers\libIotLibrary.a(hih8120.o)
 .debug_aranges
                0x00000740      0x138 ../drivers\libIotLibrary.a(lora_driver.o)
 .debug_aranges
                0x00000878       0x28 ../drivers\libIotLibrary.a(lora_driver_utils.o)
 .debug_aranges
                0x000008a0       0x90 ../drivers\libIotLibrary.a(serial.o)
 .debug_aranges
                0x00000930       0x38 ../drivers\libIotLibrary.a(stdio_driver.o)
 .debug_aranges
                0x00000968       0x68 ../drivers\libIotLibrary.a(status_leds.o)
 .debug_aranges
                0x000009d0       0x50 ../drivers\libIotLibrary.a(twi.o)
 .debug_aranges
                0x00000a20       0x20 ../drivers\libIotLibrary.a(fifo.o)

.debug_pubnames
 *(.debug_pubnames)

.debug_info     0x00000000     0xcf14
 *(.debug_info .gnu.linkonce.wi.*)
 .debug_info    0x00000000      0xbbc C:/Program Files (x86)/Atmel/Studio/7.0/Packs/atmel/ATmega_DFP/1.6.364/gcc/dev/atmega2560/avr6/crtatmega2560.o
 .debug_info    0x00000bbc      0x971 FreeRTOS/src/event_groups.o
 .debug_info    0x0000152d      0x4e6 FreeRTOS/src/heap_4.o
 .debug_info    0x00001a13      0x2e7 FreeRTOS/src/list.o
 .debug_info    0x00001cfa      0x2ff FreeRTOS/src/port.o
 .debug_info    0x00001ff9     0x17e6 FreeRTOS/src/queue.o
 .debug_info    0x000037df     0x13df FreeRTOS/src/stream_buffer.o
 .debug_info    0x00004bbe     0x2239 FreeRTOS/src/tasks.o
 .debug_info    0x00006df7     0x10dd FreeRTOS/src/timers.o
 .debug_info    0x00007ed4      0x20f FreeRTOS/src/variantHooks.o
 .debug_info    0x000080e3      0x235 SensorDataHandler.o
 .debug_info    0x00008318      0x484 TempHumSensorImpl.o
 .debug_info    0x0000879c      0x634 main.o
 .debug_info    0x00008dd0      0x77d LoRaWANHandler.o
 .debug_info    0x0000954d      0x3a9 ../drivers\libIotLibrary.a(hih8120.o)
 .debug_info    0x000098f6     0x1747 ../drivers\libIotLibrary.a(lora_driver.o)
 .debug_info    0x0000b03d      0x143 ../drivers\libIotLibrary.a(lora_driver_utils.o)
 .debug_info    0x0000b180      0xd9c ../drivers\libIotLibrary.a(serial.o)
 .debug_info    0x0000bf1c      0x3b6 ../drivers\libIotLibrary.a(stdio_driver.o)
 .debug_info    0x0000c2d2      0x522 ../drivers\libIotLibrary.a(status_leds.o)
 .debug_info    0x0000c7f4      0x55d ../drivers\libIotLibrary.a(twi.o)
 .debug_info    0x0000cd51      0x1c3 ../drivers\libIotLibrary.a(fifo.o)

.debug_abbrev   0x00000000     0x3204
 *(.debug_abbrev)
 .debug_abbrev  0x00000000      0xb1a C:/Program Files (x86)/Atmel/Studio/7.0/Packs/atmel/ATmega_DFP/1.6.364/gcc/dev/atmega2560/avr6/crtatmega2560.o
 .debug_abbrev  0x00000b1a      0x1dc FreeRTOS/src/event_groups.o
 .debug_abbrev  0x00000cf6      0x200 FreeRTOS/src/heap_4.o
 .debug_abbrev  0x00000ef6       0xff FreeRTOS/src/list.o
 .debug_abbrev  0x00000ff5      0x179 FreeRTOS/src/port.o
 .debug_abbrev  0x0000116e      0x241 FreeRTOS/src/queue.o
 .debug_abbrev  0x000013af      0x246 FreeRTOS/src/stream_buffer.o
 .debug_abbrev  0x000015f5      0x2c8 FreeRTOS/src/tasks.o
 .debug_abbrev  0x000018bd      0x28c FreeRTOS/src/timers.o
 .debug_abbrev  0x00001b49       0xff FreeRTOS/src/variantHooks.o
 .debug_abbrev  0x00001c48      0x129 SensorDataHandler.o
 .debug_abbrev  0x00001d71      0x1b6 TempHumSensorImpl.o
 .debug_abbrev  0x00001f27      0x1ca main.o
 .debug_abbrev  0x000020f1      0x1b6 LoRaWANHandler.o
 .debug_abbrev  0x000022a7      0x184 ../drivers\libIotLibrary.a(hih8120.o)
 .debug_abbrev  0x0000242b      0x33b ../drivers\libIotLibrary.a(lora_driver.o)
 .debug_abbrev  0x00002766       0xc0 ../drivers\libIotLibrary.a(lora_driver_utils.o)
 .debug_abbrev  0x00002826      0x355 ../drivers\libIotLibrary.a(serial.o)
 .debug_abbrev  0x00002b7b      0x1b3 ../drivers\libIotLibrary.a(stdio_driver.o)
 .debug_abbrev  0x00002d2e      0x1d7 ../drivers\libIotLibrary.a(status_leds.o)
 .debug_abbrev  0x00002f05      0x217 ../drivers\libIotLibrary.a(twi.o)
 .debug_abbrev  0x0000311c       0xe8 ../drivers\libIotLibrary.a(fifo.o)

.debug_line     0x00000000     0x6546
 *(.debug_line .debug_line.* .debug_line_end)
 .debug_line    0x00000000      0x1fa C:/Program Files (x86)/Atmel/Studio/7.0/Packs/atmel/ATmega_DFP/1.6.364/gcc/dev/atmega2560/avr6/crtatmega2560.o
 .debug_line    0x000001fa      0x413 FreeRTOS/src/event_groups.o
 .debug_line    0x0000060d      0x41f FreeRTOS/src/heap_4.o
 .debug_line    0x00000a2c      0x1db FreeRTOS/src/list.o
 .debug_line    0x00000c07      0x28a FreeRTOS/src/port.o
 .debug_line    0x00000e91      0xbe3 FreeRTOS/src/queue.o
 .debug_line    0x00001a74      0x79a FreeRTOS/src/stream_buffer.o
 .debug_line    0x0000220e     0x15ba FreeRTOS/src/tasks.o
 .debug_line    0x000037c8      0x624 FreeRTOS/src/timers.o
 .debug_line    0x00003dec      0x1af FreeRTOS/src/variantHooks.o
 .debug_line    0x00003f9b      0x1b0 SensorDataHandler.o
 .debug_line    0x0000414b      0x244 TempHumSensorImpl.o
 .debug_line    0x0000438f      0x28d main.o
 .debug_line    0x0000461c      0x257 LoRaWANHandler.o
 .debug_line    0x00004873      0x24a ../drivers\libIotLibrary.a(hih8120.o)
 .debug_line    0x00004abd      0x9aa ../drivers\libIotLibrary.a(lora_driver.o)
 .debug_line    0x00005467      0x195 ../drivers\libIotLibrary.a(lora_driver_utils.o)
 .debug_line    0x000055fc      0x6a1 ../drivers\libIotLibrary.a(serial.o)
 .debug_line    0x00005c9d      0x146 ../drivers\libIotLibrary.a(stdio_driver.o)
 .debug_line    0x00005de3      0x32c ../drivers\libIotLibrary.a(status_leds.o)
 .debug_line    0x0000610f      0x31c ../drivers\libIotLibrary.a(twi.o)
 .debug_line    0x0000642b      0x11b ../drivers\libIotLibrary.a(fifo.o)

.debug_frame    0x00000000     0x24fc
 *(.debug_frame)
 .debug_frame   0x00000000      0x1dc FreeRTOS/src/event_groups.o
 .debug_frame   0x000001dc       0xfc FreeRTOS/src/heap_4.o
 .debug_frame   0x000002d8       0x90 FreeRTOS/src/list.o
 .debug_frame   0x00000368       0x94 FreeRTOS/src/port.o
 .debug_frame   0x000003fc      0x3a4 FreeRTOS/src/queue.o
 .debug_frame   0x000007a0      0x40c FreeRTOS/src/stream_buffer.o
 .debug_frame   0x00000bac      0x7a0 FreeRTOS/src/tasks.o
 .debug_frame   0x0000134c      0x3ac FreeRTOS/src/timers.o
 .debug_frame   0x000016f8       0x64 FreeRTOS/src/variantHooks.o
 .debug_frame   0x0000175c       0x64 SensorDataHandler.o
 .debug_frame   0x000017c0       0x8c TempHumSensorImpl.o
 .debug_frame   0x0000184c       0x74 main.o
 .debug_frame   0x000018c0       0x80 LoRaWANHandler.o
 .debug_frame   0x00001940       0xc0 ../drivers\libIotLibrary.a(hih8120.o)
 .debug_frame   0x00001a00      0x460 ../drivers\libIotLibrary.a(lora_driver.o)
 .debug_frame   0x00001e60       0x48 ../drivers\libIotLibrary.a(lora_driver_utils.o)
 .debug_frame   0x00001ea8      0x384 ../drivers\libIotLibrary.a(serial.o)
 .debug_frame   0x0000222c       0x94 ../drivers\libIotLibrary.a(stdio_driver.o)
 .debug_frame   0x000022c0       0xec ../drivers\libIotLibrary.a(status_leds.o)
 .debug_frame   0x000023ac      0x12c ../drivers\libIotLibrary.a(twi.o)
 .debug_frame   0x000024d8       0x24 ../drivers\libIotLibrary.a(fifo.o)

.debug_str      0x00000000     0x402a
 *(.debug_str)
 .debug_str     0x00000000      0x3e6 C:/Program Files (x86)/Atmel/Studio/7.0/Packs/atmel/ATmega_DFP/1.6.364/gcc/dev/atmega2560/avr6/crtatmega2560.o
 .debug_str     0x000003e6      0x50f FreeRTOS/src/event_groups.o
                                0x590 (size before relaxing)
 .debug_str     0x000008f5      0x2ce FreeRTOS/src/heap_4.o
                                0x486 (size before relaxing)
 .debug_str     0x00000bc3       0x89 FreeRTOS/src/list.o
                                0x2c2 (size before relaxing)
 .debug_str     0x00000c4c      0x163 FreeRTOS/src/port.o
                                0x2f7 (size before relaxing)
 .debug_str     0x00000daf      0x652 FreeRTOS/src/queue.o
                                0x936 (size before relaxing)
 .debug_str     0x00001401      0x4ed FreeRTOS/src/stream_buffer.o
                                0x7bf (size before relaxing)
 .debug_str     0x000018ee      0x8c8 FreeRTOS/src/tasks.o
                                0xf57 (size before relaxing)
 .debug_str     0x000021b6      0x414 FreeRTOS/src/timers.o
                                0x82d (size before relaxing)
 .debug_str     0x000025ca       0x81 FreeRTOS/src/variantHooks.o
                                0x26e (size before relaxing)
 .debug_str     0x0000264b       0xf5 SensorDataHandler.o
                                0x281 (size before relaxing)
 .debug_str     0x00002740      0x216 TempHumSensorImpl.o
                                0x42c (size before relaxing)
 .debug_str     0x00002956      0x12a main.o
                                0x4eb (size before relaxing)
 .debug_str     0x00002a80      0x418 LoRaWANHandler.o
                                0x671 (size before relaxing)
 .debug_str     0x00002e98      0x2fd ../drivers\libIotLibrary.a(hih8120.o)
                                0x45c (size before relaxing)
 .debug_str     0x00003195      0x695 ../drivers\libIotLibrary.a(lora_driver.o)
                                0xcdb (size before relaxing)
 .debug_str     0x0000382a       0x54 ../drivers\libIotLibrary.a(lora_driver_utils.o)
                                0x206 (size before relaxing)
 .debug_str     0x0000387e      0x2f1 ../drivers\libIotLibrary.a(serial.o)
                                0x628 (size before relaxing)
 .debug_str     0x00003b6f       0xa6 ../drivers\libIotLibrary.a(stdio_driver.o)
                                0x37d (size before relaxing)
 .debug_str     0x00003c15      0x104 ../drivers\libIotLibrary.a(status_leds.o)
                                0x381 (size before relaxing)
 .debug_str     0x00003d19      0x2ef ../drivers\libIotLibrary.a(twi.o)
                                0x5b4 (size before relaxing)
 .debug_str     0x00004008       0x22 ../drivers\libIotLibrary.a(fifo.o)
                                0x239 (size before relaxing)

.debug_loc      0x00000000     0xbc3d
 *(.debug_loc)
 .debug_loc     0x00000000      0xcc9 FreeRTOS/src/event_groups.o
 .debug_loc     0x00000cc9      0x4be FreeRTOS/src/heap_4.o
 .debug_loc     0x00001187      0x17d FreeRTOS/src/list.o
 .debug_loc     0x00001304       0xf6 FreeRTOS/src/port.o
 .debug_loc     0x000013fa     0x1abd FreeRTOS/src/queue.o
 .debug_loc     0x00002eb7     0x1daf FreeRTOS/src/stream_buffer.o
 .debug_loc     0x00004c66     0x2a07 FreeRTOS/src/tasks.o
 .debug_loc     0x0000766d     0x10f3 FreeRTOS/src/timers.o
 .debug_loc     0x00008760       0xdc FreeRTOS/src/variantHooks.o
 .debug_loc     0x0000883c      0x102 TempHumSensorImpl.o
 .debug_loc     0x0000893e       0xc7 main.o
 .debug_loc     0x00008a05      0x174 LoRaWANHandler.o
 .debug_loc     0x00008b79       0x9f ../drivers\libIotLibrary.a(hih8120.o)
 .debug_loc     0x00008c18     0x1216 ../drivers\libIotLibrary.a(lora_driver.o)
 .debug_loc     0x00009e2e      0x1d2 ../drivers\libIotLibrary.a(lora_driver_utils.o)
 .debug_loc     0x0000a000     0x114c ../drivers\libIotLibrary.a(serial.o)
 .debug_loc     0x0000b14c      0x18c ../drivers\libIotLibrary.a(stdio_driver.o)
 .debug_loc     0x0000b2d8      0x292 ../drivers\libIotLibrary.a(status_leds.o)
 .debug_loc     0x0000b56a      0x575 ../drivers\libIotLibrary.a(twi.o)
 .debug_loc     0x0000badf      0x15e ../drivers\libIotLibrary.a(fifo.o)

.debug_macinfo
 *(.debug_macinfo)

.debug_weaknames
 *(.debug_weaknames)

.debug_funcnames
 *(.debug_funcnames)

.debug_typenames
 *(.debug_typenames)

.debug_varnames
 *(.debug_varnames)

.debug_pubtypes
 *(.debug_pubtypes)

.debug_ranges   0x00000000      0x9c0
 *(.debug_ranges)
 .debug_ranges  0x00000000       0x70 FreeRTOS/src/event_groups.o
 .debug_ranges  0x00000070       0x48 FreeRTOS/src/heap_4.o
 .debug_ranges  0x000000b8       0x30 FreeRTOS/src/list.o
 .debug_ranges  0x000000e8       0x48 FreeRTOS/src/port.o
 .debug_ranges  0x00000130      0x130 FreeRTOS/src/queue.o
 .debug_ranges  0x00000260       0xb0 FreeRTOS/src/stream_buffer.o
 .debug_ranges  0x00000310      0x200 FreeRTOS/src/tasks.o
 .debug_ranges  0x00000510       0xb8 FreeRTOS/src/timers.o
 .debug_ranges  0x000005c8       0x30 FreeRTOS/src/variantHooks.o
 .debug_ranges  0x000005f8       0x30 SensorDataHandler.o
 .debug_ranges  0x00000628       0x38 TempHumSensorImpl.o
 .debug_ranges  0x00000660       0x28 main.o
 .debug_ranges  0x00000688       0x20 LoRaWANHandler.o
 .debug_ranges  0x000006a8       0x58 ../drivers\libIotLibrary.a(hih8120.o)
 .debug_ranges  0x00000700      0x128 ../drivers\libIotLibrary.a(lora_driver.o)
 .debug_ranges  0x00000828       0x30 ../drivers\libIotLibrary.a(lora_driver_utils.o)
 .debug_ranges  0x00000858       0x98 ../drivers\libIotLibrary.a(serial.o)
 .debug_ranges  0x000008f0       0x28 ../drivers\libIotLibrary.a(stdio_driver.o)
 .debug_ranges  0x00000918       0x58 ../drivers\libIotLibrary.a(status_leds.o)
 .debug_ranges  0x00000970       0x40 ../drivers\libIotLibrary.a(twi.o)
 .debug_ranges  0x000009b0       0x10 ../drivers\libIotLibrary.a(fifo.o)

.debug_macro
 *(.debug_macro)
OUTPUT(4.Semester.elf elf32-avr)
LOAD linker stubs
