Archive member included to satisfy reference by file (symbol)

d:/arduino/7.0/toolchain/avr8/avr8-gnu-toolchain/bin/../lib/gcc/avr/5.4.0/../../../../avr/lib/avr6\libm.a(fixunssfsi.o)
                              TempHumSensorImpl.o (__fixunssfsi)
d:/arduino/7.0/toolchain/avr8/avr8-gnu-toolchain/bin/../lib/gcc/avr/5.4.0/../../../../avr/lib/avr6\libm.a(floatsisf.o)
                              TempHumSensorImpl.o (__floatunsisf)
d:/arduino/7.0/toolchain/avr8/avr8-gnu-toolchain/bin/../lib/gcc/avr/5.4.0/../../../../avr/lib/avr6\libm.a(fp_split3.o)
                              d:/arduino/7.0/toolchain/avr8/avr8-gnu-toolchain/bin/../lib/gcc/avr/5.4.0/../../../../avr/lib/avr6\libm.a(fixunssfsi.o) (__fp_splitA)
d:/arduino/7.0/toolchain/avr8/avr8-gnu-toolchain/bin/../lib/gcc/avr/5.4.0/../../../../avr/lib/avr6\libm.a(fp_zero.o)
                              d:/arduino/7.0/toolchain/avr8/avr8-gnu-toolchain/bin/../lib/gcc/avr/5.4.0/../../../../avr/lib/avr6\libm.a(fixunssfsi.o) (__fp_zero)
../drivers\libIotLibrary.a(hih8120.o)
                              main.o (hih8120_initialise)
../drivers\libIotLibrary.a(lora_driver.o)
                              UpLinkHandler.o (lora_driver_flushBuffers)
../drivers\libIotLibrary.a(lora_driver_utils.o)
                              ../drivers\libIotLibrary.a(lora_driver.o) (decode_port_no)
../drivers\libIotLibrary.a(mh_z19.o)
                              main.o (mh_z19_initialise)
../drivers\libIotLibrary.a(rc_servo.o)
                              ConditionerControllerHandler.o (rc_servo_setPosition)
../drivers\libIotLibrary.a(serial.o)
                              ../drivers\libIotLibrary.a(lora_driver.o) (serial_create)
../drivers\libIotLibrary.a(stdio_driver.o)
                              main.o (stdio_initialise)
../drivers\libIotLibrary.a(status_leds.o)
                              main.o (status_leds_initialise)
../drivers\libIotLibrary.a(twi.o)
                              ../drivers\libIotLibrary.a(hih8120.o) (twiCreate)
../drivers\libIotLibrary.a(fifo.o)
                              ../drivers\libIotLibrary.a(serial.o) (fifo_init)
d:/arduino/7.0/toolchain/avr8/avr8-gnu-toolchain/bin/../lib/gcc/avr/5.4.0/../../../../avr/lib/avr6\libm.a(addsf3.o)
                              ../drivers\libIotLibrary.a(hih8120.o) (__subsf3)
d:/arduino/7.0/toolchain/avr8/avr8-gnu-toolchain/bin/../lib/gcc/avr/5.4.0/../../../../avr/lib/avr6\libm.a(addsf3x.o)
                              d:/arduino/7.0/toolchain/avr8/avr8-gnu-toolchain/bin/../lib/gcc/avr/5.4.0/../../../../avr/lib/avr6\libm.a(addsf3.o) (__addsf3x)
d:/arduino/7.0/toolchain/avr8/avr8-gnu-toolchain/bin/../lib/gcc/avr/5.4.0/../../../../avr/lib/avr6\libm.a(divsf3.o)
                              ../drivers\libIotLibrary.a(hih8120.o) (__divsf3)
d:/arduino/7.0/toolchain/avr8/avr8-gnu-toolchain/bin/../lib/gcc/avr/5.4.0/../../../../avr/lib/avr6\libm.a(divsf3x.o)
                              d:/arduino/7.0/toolchain/avr8/avr8-gnu-toolchain/bin/../lib/gcc/avr/5.4.0/../../../../avr/lib/avr6\libm.a(divsf3.o) (__divsf3x)
d:/arduino/7.0/toolchain/avr8/avr8-gnu-toolchain/bin/../lib/gcc/avr/5.4.0/../../../../avr/lib/avr6\libm.a(fixsfsi.o)
                              ../drivers\libIotLibrary.a(hih8120.o) (__fixsfsi)
d:/arduino/7.0/toolchain/avr8/avr8-gnu-toolchain/bin/../lib/gcc/avr/5.4.0/../../../../avr/lib/avr6\libm.a(fp_inf.o)
                              d:/arduino/7.0/toolchain/avr8/avr8-gnu-toolchain/bin/../lib/gcc/avr/5.4.0/../../../../avr/lib/avr6\libm.a(addsf3x.o) (__fp_inf)
d:/arduino/7.0/toolchain/avr8/avr8-gnu-toolchain/bin/../lib/gcc/avr/5.4.0/../../../../avr/lib/avr6\libm.a(fp_nan.o)
                              d:/arduino/7.0/toolchain/avr8/avr8-gnu-toolchain/bin/../lib/gcc/avr/5.4.0/../../../../avr/lib/avr6\libm.a(addsf3x.o) (__fp_nan)
d:/arduino/7.0/toolchain/avr8/avr8-gnu-toolchain/bin/../lib/gcc/avr/5.4.0/../../../../avr/lib/avr6\libm.a(fp_pscA.o)
                              d:/arduino/7.0/toolchain/avr8/avr8-gnu-toolchain/bin/../lib/gcc/avr/5.4.0/../../../../avr/lib/avr6\libm.a(addsf3x.o) (__fp_pscA)
d:/arduino/7.0/toolchain/avr8/avr8-gnu-toolchain/bin/../lib/gcc/avr/5.4.0/../../../../avr/lib/avr6\libm.a(fp_pscB.o)
                              d:/arduino/7.0/toolchain/avr8/avr8-gnu-toolchain/bin/../lib/gcc/avr/5.4.0/../../../../avr/lib/avr6\libm.a(addsf3x.o) (__fp_pscB)
d:/arduino/7.0/toolchain/avr8/avr8-gnu-toolchain/bin/../lib/gcc/avr/5.4.0/../../../../avr/lib/avr6\libm.a(fp_round.o)
                              d:/arduino/7.0/toolchain/avr8/avr8-gnu-toolchain/bin/../lib/gcc/avr/5.4.0/../../../../avr/lib/avr6\libm.a(addsf3.o) (__fp_round)
d:/arduino/7.0/toolchain/avr8/avr8-gnu-toolchain/bin/../lib/gcc/avr/5.4.0/../../../../avr/lib/avr6\libm.a(mulsf3.o)
                              ../drivers\libIotLibrary.a(hih8120.o) (__mulsf3)
d:/arduino/7.0/toolchain/avr8/avr8-gnu-toolchain/bin/../lib/gcc/avr/5.4.0/../../../../avr/lib/avr6\libm.a(mulsf3x.o)
[...]
Memory Configuration

Name             Origin             Length             Attributes
text             0x00000000         0x00040000         xr
data             0x00800200         0x00002000         rw !x
eeprom           0x00810000         0x00001000         rw !x
fuse             0x00820000         0x00000003         rw !x
lock             0x00830000         0x00000400         rw !x
signature        0x00840000         0x00000400         rw !x
user_signatures  0x00850000         0x00000400         rw !x
*default*        0x00000000         0xffffffff

Linker script and memory map

Address of section .data set to 0x800200
LOAD D:/Arduino/7.0/Packs/atmel/ATmega_DFP/1.6.364/gcc/dev/atmega2560/avr6/crtatmega2560.o
LOAD Application.o
LOAD CO2_SensorImpl.o
LOAD ConfigurationImpl.o
LOAD DownLinkHandler.o
LOAD FreeRTOS/FreeRTOSTraceDriver/FreeRTOSTraceDriver.o
LOAD FreeRTOS/src/croutine.o
LOAD FreeRTOS/src/event_groups.o
LOAD FreeRTOS/src/heap_4.o
LOAD FreeRTOS/src/list.o
LOAD FreeRTOS/src/port.o
LOAD FreeRTOS/src/queue.o
LOAD FreeRTOS/src/stream_buffer.o
LOAD FreeRTOS/src/tasks.o
LOAD FreeRTOS/src/timers.o
LOAD FreeRTOS/src/variantHooks.o
LOAD ConditionerControllerHandler.o
LOAD Utility.o
LOAD SensorDataHandler.o
LOAD TempHumSensorImpl.o
LOAD UpLinkHandler.o
LOAD main.o
LOAD LoRaWANHandler.o
START GROUP
LOAD d:/arduino/7.0/toolchain/avr8/avr8-gnu-toolchain/bin/../lib/gcc/avr/5.4.0/../../../../avr/lib/avr6\libm.a
LOAD ../drivers\libIotLibrary.a
END GROUP
START GROUP
LOAD d:/arduino/7.0/toolchain/avr8/avr8-gnu-toolchain/bin/../lib/gcc/avr/5.4.0/avr6\libgcc.a
LOAD d:/arduino/7.0/toolchain/avr8/avr8-gnu-toolchain/bin/../lib/gcc/avr/5.4.0/../../../../avr/lib/avr6\libm.a
LOAD d:/arduino/7.0/toolchain/avr8/avr8-gnu-toolchain/bin/../lib/gcc/avr/5.4.0/../../../../avr/lib/avr6\libc.a
LOAD D:/Arduino/7.0/Packs/atmel/ATmega_DFP/1.6.364/gcc/dev/atmega2560/avr6\libatmega2560.a
END GROUP
                0x00000000                __TEXT_REGION_ORIGIN__ = DEFINED (__TEXT_REGION_ORIGIN__)?__TEXT_REGION_ORIGIN__:0x0
                [0x00800200]                __DATA_REGION_ORIGIN__ = DEFINED (__DATA_REGION_ORIGIN__)?__DATA_REGION_ORIGIN__:0x800200
                [0x00040000]                __TEXT_REGION_LENGTH__ = DEFINED (__TEXT_REGION_LENGTH__)?__TEXT_REGION_LENGTH__:0x100000
                [0x00002000]                __DATA_REGION_LENGTH__ = DEFINED (__DATA_REGION_LENGTH__)?__DATA_REGION_LENGTH__:0xfe00
                [0x00001000]                __EEPROM_REGION_LENGTH__ = DEFINED (__EEPROM_REGION_LENGTH__)?__EEPROM_REGION_LENGTH__:0x10000
                [0x00000003]                __FUSE_REGION_LENGTH__ = DEFINED (__FUSE_REGION_LENGTH__)?__FUSE_REGION_LENGTH__:0x400
                0x00000400                __LOCK_REGION_LENGTH__ = DEFINED (__LOCK_REGION_LENGTH__)?__LOCK_REGION_LENGTH__:0x400
                0x00000400                __SIGNATURE_REGION_LENGTH__ = DEFINED (__SIGNATURE_REGION_LENGTH__)?__SIGNATURE_REGION_LENGTH__:0x400
                0x00000400                __USER_SIGNATURE_REGION_LENGTH__ = DEFINED (__USER_SIGNATURE_REGION_LENGTH__)?__USER_SIGNATURE_REGION_LENGTH__:0x400

.hash
 *(.hash)

.dynsym
 *(.dynsym)

.dynstr
 *(.dynstr)

.gnu.version
 *(.gnu.version)

.gnu.version_d
 *(.gnu.version_d)

.gnu.version_r
 *(.gnu.version_r)

.rel.init
 *(.rel.init)

.rela.init
 *(.rela.init)

.rel.text
 *(.rel.text)
 *(.rel.text.*)
 *(.rel.gnu.linkonce.t*)

.rela.text
 *(.rela.text)
 *(.rela.text.*)
 *(.rela.gnu.linkonce.t*)

.rel.fini
 *(.rel.fini)

.rela.fini
 *(.rela.fini)

.rel.rodata
 *(.rel.rodata)
 *(.rel.rodata.*)
 *(.rel.gnu.linkonce.r*)

.rela.rodata
 *(.rela.rodata)
 *(.rela.rodata.*)
 *(.rela.gnu.linkonce.r*)

.rel.data
 *(.rel.data)
 *(.rel.data.*)
 *(.rel.gnu.linkonce.d*)

.rela.data
 *(.rela.data)
 *(.rela.data.*)
 *(.rela.gnu.linkonce.d*)

.rel.ctors
 *(.rel.ctors)

.rela.ctors
 *(.rela.ctors)

.rel.dtors
 *(.rel.dtors)

.rela.dtors
 *(.rela.dtors)

.rel.got
 *(.rel.got)

.rela.got
 *(.rela.got)

.rel.bss
 *(.rel.bss)

.rela.bss
 *(.rela.bss)

.rel.plt
 *(.rel.plt)

.rela.plt
 *(.rela.plt)

.text           0x00000000     0x6b00
 *(.vectors)
 .vectors       0x00000000       0xe4 D:/Arduino/7.0/Packs/atmel/ATmega_DFP/1.6.364/gcc/dev/atmega2560/avr6/crtatmega2560.o
                0x00000000                __vector_default
                0x00000000                __vectors
 *(.vectors)
 *(.progmem.gcc*)
 .progmem.gcc_sw_table.prvProcessReceivedCommands
                0x000000e4       0x14 FreeRTOS/src/timers.o
 .progmem.gcc_sw_table.__vector_39
                0x000000f8       0xa2 ../drivers\libIotLibrary.a(twi.o)
                0x0000019a                . = ALIGN (0x2)
                0x0000019a                __trampolines_start = .
 *(.trampolines)
 .trampolines   0x0000019a        0x0 linker stubs
 *(.trampolines*)
                0x0000019a                __trampolines_end = .
 *libprintf_flt.a:*(.progmem.data)
 *libc.a:*(.progmem.data)
 *(.progmem*)
                0x0000019a                . = ALIGN (0x2)
 *(.jumptables)
 *(.jumptables*)
 *(.lowtext)
 .lowtext       0x0000019a       0x14 FreeRTOS/src/tasks.o
 .lowtext       0x000001ae       0x1e FreeRTOS/src/timers.o
 *(.lowtext*)
                0x000001cc                __ctors_start = .
 *(.ctors)
                0x000001cc                __ctors_end = .
                0x000001cc                __dtors_start = .
 *(.dtors)
                0x000001cc                __dtors_end = .
 SORT(*)(.ctors)
 SORT(*)(.dtors)
 *(.init0)
 .init0         0x000001cc        0x0 D:/Arduino/7.0/Packs/atmel/ATmega_DFP/1.6.364/gcc/dev/atmega2560/avr6/crtatmega2560.o
                0x000001cc                __init
 *(.init0)
 *(.init1)
 *(.init1)
 *(.init2)
 .init2         0x000001cc       0x10 D:/Arduino/7.0/Packs/atmel/ATmega_DFP/1.6.364/gcc/dev/atmega2560/avr6/crtatmega2560.o
 *(.init2)
 *(.init3)
 *(.init3)
 *(.init4)
 .init4         0x000001dc       0x1a d:/arduino/7.0/toolchain/avr8/avr8-gnu-toolchain/bin/../lib/gcc/avr/5.4.0/avr6\libgcc.a(_copy_data.o)
                0x000001dc                __do_copy_data
 .init4         0x000001f6       0x10 d:/arduino/7.0/toolchain/avr8/avr8-gnu-toolchain/bin/../lib/gcc/avr/5.4.0/avr6\libgcc.a(_clear_bss.o)
                0x000001f6                __do_clear_bss
 *(.init4)
 *(.init5)
 *(.init5)
 *(.init6)
 *(.init6)
 *(.init7)
 *(.init7)
 *(.init8)
 *(.init8)
 *(.init9)
 .init9         0x00000206        0x8 D:/Arduino/7.0/Packs/atmel/ATmega_DFP/1.6.364/gcc/dev/atmega2560/avr6/crtatmega2560.o
 *(.init9)
 *(.text)
 .text          0x0000020e        0x2 D:/Arduino/7.0/Packs/atmel/ATmega_DFP/1.6.364/gcc/dev/atmega2560/avr6/crtatmega2560.o
                0x0000020e                __vector_38
                0x0000020e                __vector_22
                0x0000020e                __vector_28
                0x0000020e                __vector_1
                0x0000020e                __vector_32
                0x0000020e                __vector_34
                0x0000020e                __vector_24
                0x0000020e                __vector_46
                0x0000020e                __bad_interrupt
                0x0000020e                __vector_6
                0x0000020e                __vector_31
                0x0000020e                __vector_35
                0x0000020e                __vector_3
                0x0000020e                __vector_23
                0x0000020e                __vector_30
                0x0000020e                __vector_45
                0x0000020e                __vector_11
                0x0000020e                __vector_13
                0x0000020e                __vector_17
                0x0000020e                __vector_19
                0x0000020e                __vector_56
                0x0000020e                __vector_7
                0x0000020e                __vector_49
                0x0000020e                __vector_41
                0x0000020e                __vector_43
                0x0000020e                __vector_27
                0x0000020e                __vector_5
                0x0000020e                __vector_33
                0x0000020e                __vector_47
                0x0000020e                __vector_4
                0x0000020e                __vector_44
                0x0000020e                __vector_9
                0x0000020e                __vector_2
                0x0000020e                __vector_21
                0x0000020e                __vector_15
                0x0000020e                __vector_29
                0x0000020e                __vector_40
                0x0000020e                __vector_8
                0x0000020e                __vector_48
                0x0000020e                __vector_14
                0x0000020e                __vector_53
                0x0000020e                __vector_10
                0x0000020e                __vector_50
                0x0000020e                __vector_16
                0x0000020e                __vector_18
                0x0000020e                __vector_20
                0x0000020e                __vector_42
                0x00000210                . = ALIGN (0x2)
 *(.text.*)
 .text.application_task_create
                0x00000210       0x28 Application.o
                0x00000210                application_task_create
 .text.application_run
                0x00000238      0x158 Application.o
                0x00000238                application_run
 .text.Application_Task
                0x00000390       0x28 Application.o
                0x00000390                Application_Task
 .text.myCo2CallBack
                0x000003b8       0x1c CO2_SensorImpl.o
                0x000003b8                myCo2CallBack
 .text.co2_task_create
                0x000003d4       0x28 CO2_SensorImpl.o
                0x000003d4                co2_task_create
 .text.get_CO2_data
                0x000003fc        0xa CO2_SensorImpl.o
                0x000003fc                get_CO2_data
 .text.CO2_taskRun
                0x00000406       0x60 CO2_SensorImpl.o
                0x00000406                CO2_taskRun
 .text.CO2_Sensor_Task
                0x00000466        0xc CO2_SensorImpl.o
                0x00000466                CO2_Sensor_Task
 .text.Configuration_SetMinTemperature
                0x00000472       0x46 ConfigurationImpl.o
                0x00000472                Configuration_SetMinTemperature
 .text.Configuration_SetMaxTemperature
                0x000004b8       0x44 ConfigurationImpl.o
                0x000004b8                Configuration_SetMaxTemperature
 .text.Configuration_SetMinHumidity
                0x000004fc       0x44 ConfigurationImpl.o
                0x000004fc                Configuration_SetMinHumidity
 .text.Configuration_SetMaxHumidity
                0x00000540       0x42 ConfigurationImpl.o
                0x00000540                Configuration_SetMaxHumidity
 .text.Configuration_GetMaxTemperature
                0x00000582        0xa ConfigurationImpl.o
                0x00000582                Configuration_GetMaxTemperature
 .text.Configuration_GetMinTemperature
                0x0000058c        0xa ConfigurationImpl.o
                0x0000058c                Configuration_GetMinTemperature
 .text.Configuration_GetMaxHumidity
                0x00000596        0xa ConfigurationImpl.o
                0x00000596                Configuration_GetMaxHumidity
 .text.Configuration_GetMinHumidity
                0x000005a0        0xa ConfigurationImpl.o
                0x000005a0                Configuration_GetMinHumidity
 .text.lora_DownLinkHandler_create
                0x000005aa       0x2c DownLinkHandler.o
                0x000005aa                lora_DownLinkHandler_create
 .text.lora_DownLinkHandler_task
                0x000005d6      0x142 DownLinkHandler.o
                0x000005d6                lora_DownLinkHandler_task
 .text.lora_DownLinkHandler_startTask
                0x00000718        0x4 DownLinkHandler.o
                0x00000718                lora_DownLinkHandler_startTask
 .text.prvTestWaitCondition
                0x0000071c       0x42 FreeRTOS/src/event_groups.o
 .text.xEventGroupCreate
                0x0000075e       0x26 FreeRTOS/src/event_groups.o
                0x0000075e                xEventGroupCreate
 .text.xEventGroupWaitBits
                0x00000784      0x140 FreeRTOS/src/event_groups.o
                0x00000784                xEventGroupWaitBits
 .text.xEventGroupSetBits
                0x000008c4      0x11c FreeRTOS/src/event_groups.o
                0x000008c4                xEventGroupSetBits
 .text.prvHeapInit
                0x000009e0       0x52 FreeRTOS/src/heap_4.o
 .text.prvInsertBlockIntoFreeList
                0x00000a32       0x94 FreeRTOS/src/heap_4.o
 .text.pvPortMalloc
                0x00000ac6      0x152 FreeRTOS/src/heap_4.o
                0x00000ac6                pvPortMalloc
 .text.vPortFree
                0x00000c18       0x7a FreeRTOS/src/heap_4.o
                0x00000c18                vPortFree
 .text.vListInitialise
                0x00000c92       0x22 FreeRTOS/src/list.o
                0x00000c92                vListInitialise
 .text.vListInitialiseItem
                0x00000cb4        0x8 FreeRTOS/src/list.o
                0x00000cb4                vListInitialiseItem
 .text.vListInsert
                0x00000cbc       0x7a FreeRTOS/src/list.o
                0x00000cbc                vListInsert
 .text.uxListRemove
                0x00000d36       0x4e FreeRTOS/src/list.o
                0x00000d36                uxListRemove
 .text.prvSetupTimerInterrupt
                0x00000d84       0x18 FreeRTOS/src/port.o
 .text.pxPortInitialiseStack
                0x00000d9c       0x2e FreeRTOS/src/port.o
                0x00000d9c                pxPortInitialiseStack
 .text.xPortStartScheduler
                0x00000dca       0x64 FreeRTOS/src/port.o
                0x00000dca                xPortStartScheduler
 .text.vPortYield
                0x00000e2e       0xc2 FreeRTOS/src/port.o
                0x00000e2e                vPortYield
 .text.vPortYieldFromTick
                0x00000ef0       0xca FreeRTOS/src/port.o
                0x00000ef0                vPortYieldFromTick
 .text.__vector_12
                0x00000fba        0x4 FreeRTOS/src/port.o
                0x00000fba                __vector_12
 .text.prvGetDisinheritPriorityAfterTimeout
                0x00000fbe       0x20 FreeRTOS/src/queue.o
 .text.prvIsQueueEmpty
                0x00000fde       0x1a FreeRTOS/src/queue.o
 .text.prvIsQueueFull
                0x00000ff8       0x1c FreeRTOS/src/queue.o
 .text.prvCopyDataToQueue
                0x00001014       0xbe FreeRTOS/src/queue.o
 .text.prvCopyDataFromQueue
                0x000010d2       0x34 FreeRTOS/src/queue.o
 .text.prvUnlockQueue
                0x00001106       0x68 FreeRTOS/src/queue.o
 .text.xQueueGenericReset
                0x0000116e       0x86 FreeRTOS/src/queue.o
                0x0000116e                xQueueGenericReset
 .text.prvInitialiseNewQueue
                0x000011f4       0x24 FreeRTOS/src/queue.o
 .text.xQueueGenericCreate
                0x00001218       0x46 FreeRTOS/src/queue.o
                0x00001218                xQueueGenericCreate
 .text.xQueueGenericSend
                0x0000125e      0x124 FreeRTOS/src/queue.o
                0x0000125e                xQueueGenericSend
 .text.prvInitialiseMutex
                0x00001382       0x24 FreeRTOS/src/queue.o
 .text.xQueueCreateMutex
                0x000013a6       0x18 FreeRTOS/src/queue.o
                0x000013a6                xQueueCreateMutex
 .text.xQueueGenericSendFromISR
                0x000013be       0x76 FreeRTOS/src/queue.o
                0x000013be                xQueueGenericSendFromISR
 .text.xQueueReceive
                0x00001434      0x11e FreeRTOS/src/queue.o
                0x00001434                xQueueReceive
 .text.xQueueSemaphoreTake
                0x00001552      0x162 FreeRTOS/src/queue.o
                0x00001552                xQueueSemaphoreTake
 .text.vQueueWaitForMessageRestricted
                0x000016b4       0x38 FreeRTOS/src/queue.o
                0x000016b4                vQueueWaitForMessageRestricted
 .text.prvBytesInBuffer
                0x000016ec       0x26 FreeRTOS/src/stream_buffer.o
 .text.prvInitialiseNewStreamBuffer
                0x00001712       0x20 FreeRTOS/src/stream_buffer.o
 .text.prvWriteBytesToBuffer
                0x00001732       0x92 FreeRTOS/src/stream_buffer.o
 .text.prvWriteMessageToBuffer
                0x000017c4       0x86 FreeRTOS/src/stream_buffer.o
 .text.prvReadBytesFromBuffer
                0x0000184a       0x9e FreeRTOS/src/stream_buffer.o
 .text.prvReadMessageFromBuffer
                0x000018e8       0x8a FreeRTOS/src/stream_buffer.o
 .text.xStreamBufferGenericCreate
                0x00001972       0x64 FreeRTOS/src/stream_buffer.o
                0x00001972                xStreamBufferGenericCreate
 .text.xStreamBufferReset
                0x000019d6       0x3c FreeRTOS/src/stream_buffer.o
                0x000019d6                xStreamBufferReset
 .text.xStreamBufferSpacesAvailable
                0x00001a12       0x24 FreeRTOS/src/stream_buffer.o
                0x00001a12                xStreamBufferSpacesAvailable
 .text.xStreamBufferSend
                0x00001a36      0x18a FreeRTOS/src/stream_buffer.o
                0x00001a36                xStreamBufferSend
 .text.xStreamBufferSendFromISR
                0x00001bc0       0x88 FreeRTOS/src/stream_buffer.o
                0x00001bc0                xStreamBufferSendFromISR
 .text.xStreamBufferReceive
                0x00001c48      0x106 FreeRTOS/src/stream_buffer.o
                0x00001c48                xStreamBufferReceive
 .text.prvResetNextTaskUnblockTime
                0x00001d4e       0x4e FreeRTOS/src/tasks.o
 .text.prvDeleteTCB
                0x00001d9c       0x1a FreeRTOS/src/tasks.o
 .text.prvInitialiseNewTask
                0x00001db6       0xfc FreeRTOS/src/tasks.o
 .text.prvInitialiseTaskLists
                0x00001eb2       0x60 FreeRTOS/src/tasks.o
 .text.prvAddNewTaskToReadyList
                0x00001f12       0xde FreeRTOS/src/tasks.o
 .text.prvCheckTasksWaitingTermination
                0x00001ff0       0x4a FreeRTOS/src/tasks.o
 .text.prvAddCurrentTaskToDelayedList
                0x0000203a      0x144 FreeRTOS/src/tasks.o
 .text.xTaskCreate
                0x0000217e       0x98 FreeRTOS/src/tasks.o
                0x0000217e                xTaskCreate
 .text.vTaskStartScheduler
                0x00002216       0x70 FreeRTOS/src/tasks.o
                0x00002216                vTaskStartScheduler
 .text.vTaskSuspendAll
                0x00002286        0xc FreeRTOS/src/tasks.o
                0x00002286                vTaskSuspendAll
 .text.xTaskGetTickCount
                0x00002292       0x1c FreeRTOS/src/tasks.o
                0x00002292                xTaskGetTickCount
 .text.xTaskIncrementTick
                0x000022ae      0x258 FreeRTOS/src/tasks.o
                0x000022ae                xTaskIncrementTick
 .text.xTaskResumeAll
                0x00002506      0x1b8 FreeRTOS/src/tasks.o
                0x00002506                xTaskResumeAll
 .text.xTaskDelayUntil
                0x000026be       0xca FreeRTOS/src/tasks.o
                0x000026be                xTaskDelayUntil
 .text.vTaskDelay
                0x00002788       0x36 FreeRTOS/src/tasks.o
                0x00002788                vTaskDelay
 .text.vTaskSwitchContext
                0x000027be       0xca FreeRTOS/src/tasks.o
                0x000027be                vTaskSwitchContext
 .text.vTaskPlaceOnEventList
                0x00002888       0x2e FreeRTOS/src/tasks.o
                0x00002888                vTaskPlaceOnEventList
 .text.vTaskPlaceOnUnorderedEventList
                0x000028b6       0x94 FreeRTOS/src/tasks.o
                0x000028b6                vTaskPlaceOnUnorderedEventList
 .text.vTaskPlaceOnEventListRestricted
                0x0000294a       0x84 FreeRTOS/src/tasks.o
                0x0000294a                vTaskPlaceOnEventListRestricted
 .text.xTaskRemoveFromEventList
                0x000029ce      0x15e FreeRTOS/src/tasks.o
                0x000029ce                xTaskRemoveFromEventList
 .text.vTaskRemoveFromUnorderedEventList
                0x00002b2c      0x134 FreeRTOS/src/tasks.o
                0x00002b2c                vTaskRemoveFromUnorderedEventList
 .text.vTaskSetTimeOutState
                0x00002c60       0x2c FreeRTOS/src/tasks.o
                0x00002c60                vTaskSetTimeOutState
 .text.vTaskInternalSetTimeOutState
                0x00002c8c       0x22 FreeRTOS/src/tasks.o
                0x00002c8c                vTaskInternalSetTimeOutState
 .text.xTaskCheckForTimeOut
                0x00002cae       0xcc FreeRTOS/src/tasks.o
                0x00002cae                xTaskCheckForTimeOut
 .text.vTaskMissedYield
                0x00002d7a        0x8 FreeRTOS/src/tasks.o
                0x00002d7a                vTaskMissedYield
 .text.xTaskGetCurrentTaskHandle
                0x00002d82        0xa FreeRTOS/src/tasks.o
                0x00002d82                xTaskGetCurrentTaskHandle
 .text.xTaskGetSchedulerState
                0x00002d8c       0x1c FreeRTOS/src/tasks.o
                0x00002d8c                xTaskGetSchedulerState
 .text.xTaskPriorityInherit
                0x00002da8      0x10e FreeRTOS/src/tasks.o
                0x00002da8                xTaskPriorityInherit
 .text.xTaskPriorityDisinherit
                0x00002eb6       0xb6 FreeRTOS/src/tasks.o
                0x00002eb6                xTaskPriorityDisinherit
 .text.vTaskPriorityDisinheritAfterTimeout
                0x00002f6c       0xce FreeRTOS/src/tasks.o
                0x00002f6c                vTaskPriorityDisinheritAfterTimeout
 .text.uxTaskResetEventItemValue
                0x0000303a       0x54 FreeRTOS/src/tasks.o
                0x0000303a                uxTaskResetEventItemValue
 .text.pvTaskIncrementMutexHeldCount
                0x0000308e       0x24 FreeRTOS/src/tasks.o
                0x0000308e                pvTaskIncrementMutexHeldCount
 .text.xTaskGenericNotifyWait
                0x000030b2      0x150 FreeRTOS/src/tasks.o
                0x000030b2                xTaskGenericNotifyWait
 .text.xTaskGenericNotify
                0x00003202      0x1ee FreeRTOS/src/tasks.o
                0x00003202                xTaskGenericNotify
 .text.xTaskGenericNotifyFromISR
                0x000033f0      0x244 FreeRTOS/src/tasks.o
                0x000033f0                xTaskGenericNotifyFromISR
 .text.xTaskGenericNotifyStateClear
                0x00003634       0x34 FreeRTOS/src/tasks.o
                0x00003634                xTaskGenericNotifyStateClear
 .text.prvGetNextExpireTime
                0x00003668       0x30 FreeRTOS/src/timers.o
 .text.prvInsertTimerInActiveList
                0x00003698       0x92 FreeRTOS/src/timers.o
 .text.prvCheckForValidListAndQueue
                0x0000372a       0x52 FreeRTOS/src/timers.o
 .text.xTimerCreateTimerTask
                0x0000377c       0x42 FreeRTOS/src/timers.o
                0x0000377c                xTimerCreateTimerTask
 .text.xTimerGenericCommand
                0x000037be       0xbc FreeRTOS/src/timers.o
                0x000037be                xTimerGenericCommand
 .text.prvSwitchTimerLists
                0x0000387a       0xd0 FreeRTOS/src/timers.o
 .text.prvSampleTimeNow
                0x0000394a       0x5c FreeRTOS/src/timers.o
 .text.prvProcessExpiredTimer
                0x000039a6       0xac FreeRTOS/src/timers.o
 .text.prvProcessTimerOrBlockTask
                0x00003a52       0xae FreeRTOS/src/timers.o
 .text.prvProcessReceivedCommands
                0x00003b00      0x168 FreeRTOS/src/timers.o
 .text.vApplicationIdleHook
                0x00003c68        0x2 FreeRTOS/src/variantHooks.o
                0x00003c68                vApplicationIdleHook
 .text.prvSetMainLedOn
                0x00003c6a        0xe FreeRTOS/src/variantHooks.o
                0x00003c6a                prvSetMainLedOn
 .text.prvBlinkMainLed
                0x00003c78        0x8 FreeRTOS/src/variantHooks.o
                0x00003c78                prvBlinkMainLed
 .text.vApplicationMallocFailedHook
                0x00003c80       0x18 FreeRTOS/src/variantHooks.o
                0x00003c80                vApplicationMallocFailedHook
 .text.vApplicationStackOverflowHook
                0x00003c98       0x18 FreeRTOS/src/variantHooks.o
                0x00003c98                vApplicationStackOverflowHook
 .text.conditioner_controller_create
                0x00003cb0       0x30 ConditionerControllerHandler.o
                0x00003cb0                conditioner_controller_create
 .text.Conditioner_task
                0x00003ce0      0x118 ConditionerControllerHandler.o
                0x00003ce0                Conditioner_task
 .text.Conditioner_Task_Run
                0x00003df8        0x4 ConditionerControllerHandler.o
                0x00003df8                Conditioner_Task_Run
 .text.create_message_buffer
                0x00003dfc       0x2e Utility.o
                0x00003dfc                create_message_buffer
 .text.create_mutex
                0x00003e2a       0x10 Utility.o
                0x00003e2a                create_mutex
 .text.create_event_groups
                0x00003e3a       0x1a Utility.o
                0x00003e3a                create_event_groups
 .text.SensorDataPackage_create
                0x00003e54       0x1a SensorDataHandler.o
                0x00003e54                SensorDataPackage_create
 .text.setCO2Ppm
                0x00003e6e        0xe SensorDataHandler.o
                0x00003e6e                setCO2Ppm
 .text.setTemperatureData
                0x00003e7c        0xe SensorDataHandler.o
                0x00003e7c                setTemperatureData
 .text.setHumidityData
                0x00003e8a        0xe SensorDataHandler.o
                0x00003e8a                setHumidityData
 .text.getLoRaPayload
                0x00003e98       0x4a SensorDataHandler.o
                0x00003e98                getLoRaPayload
 .text.get_temperature_data
                0x00003ee2       0x16 TempHumSensorImpl.o
                0x00003ee2                get_temperature_data
 .text.get_humidity_data
                0x00003ef8        0xa TempHumSensorImpl.o
                0x00003ef8                get_humidity_data
 .text.tempHum_taskCreate
                0x00003f02       0x28 TempHumSensorImpl.o
                0x00003f02                tempHum_taskCreate
 .text.tempHum_Run
                0x00003f2a       0xe6 TempHumSensorImpl.o
                0x00003f2a                tempHum_Run
 .text.tempHum_Task
                0x00004010        0x4 TempHumSensorImpl.o
                0x00004010                tempHum_Task
 .text.uplink_lora_setup
                0x00004014      0x1a8 UpLinkHandler.o
 .text.upLink_create
                0x000041bc       0x2c UpLinkHandler.o
                0x000041bc                upLink_create
 .text.send     0x000041e8       0x50 UpLinkHandler.o
                0x000041e8                send
 .text.lora_Handler_task
                0x00004238       0x2c UpLinkHandler.o
                0x00004238                lora_Handler_task
 .text.upLinkHandler_StartTask
                0x00004264        0x2 UpLinkHandler.o
                0x00004264                upLinkHandler_StartTask
 .text.create_tasks
                0x00004266       0x1a main.o
                0x00004266                create_tasks
 .text.drivers_initialisation
                0x00004280        0xa main.o
                0x00004280                drivers_initialisation
 .text.createUtility
                0x0000428a        0x8 main.o
                0x0000428a                createUtility
 .text.initialiseSystem
                0x00004292       0x30 main.o
                0x00004292                initialiseSystem
 .text.main     0x000042c2       0x14 main.o
                0x000042c2                main
 .text.avr-libc.fplib
                0x000042d6       0x58 d:/arduino/7.0/toolchain/avr8/avr8-gnu-toolchain/bin/../lib/gcc/avr/5.4.0/../../../../avr/lib/avr6\libm.a(fixunssfsi.o)
                0x000042d6                __fixunssfsi
 .text.avr-libc.fplib
                0x0000432e       0x7a d:/arduino/7.0/toolchain/avr8/avr8-gnu-toolchain/bin/../lib/gcc/avr/5.4.0/../../../../avr/lib/avr6\libm.a(floatsisf.o)
                0x0000432e                __floatunsisf
                0x00004332                __floatsisf
 .text.avr-libc.fplib
                0x000043a8       0x44 d:/arduino/7.0/toolchain/avr8/avr8-gnu-toolchain/bin/../lib/gcc/avr/5.4.0/../../../../avr/lib/avr6\libm.a(fp_split3.o)
                0x000043a8                __fp_split3
                0x000043b8                __fp_splitA
 .text.avr-libc.fplib
                0x000043ec        0xe d:/arduino/7.0/toolchain/avr8/avr8-gnu-toolchain/bin/../lib/gcc/avr/5.4.0/../../../../avr/lib/avr6\libm.a(fp_zero.o)
                0x000043ec                __fp_zero
                0x000043ee                __fp_szero
 .text._hihTwiCallback
                0x000043fa       0x5a ../drivers\libIotLibrary.a(hih8120.o)
 .text.hih8120_initialise
                0x00004454       0x30 ../drivers\libIotLibrary.a(hih8120.o)
                0x00004454                hih8120_initialise
 .text.hih8120_wakeup
                0x00004484       0x2a ../drivers\libIotLibrary.a(hih8120.o)
                0x00004484                hih8120_wakeup
 .text.hih8120_measure
                0x000044ae       0x22 ../drivers\libIotLibrary.a(hih8120.o)
                0x000044ae                hih8120_measure
 .text.hih8120_getHumidity
                0x000044d0       0x28 ../drivers\libIotLibrary.a(hih8120.o)
                0x000044d0                hih8120_getHumidity
 .text.hih8120_getHumidityPercent_x10
                0x000044f8       0x14 ../drivers\libIotLibrary.a(hih8120.o)
                0x000044f8                hih8120_getHumidityPercent_x10
 .text.hih8120_getTemperature
                0x0000450c       0x34 ../drivers\libIotLibrary.a(hih8120.o)
                0x0000450c                hih8120_getTemperature
 .text.hih8120_getTemperature_x10
                0x00004540       0x16 ../drivers\libIotLibrary.a(hih8120.o)
                0x00004540                hih8120_getTemperature_x10
 .text._serialCallBack
                0x00004556       0x8c ../drivers\libIotLibrary.a(lora_driver.o)
 .text._uploadMessage
                0x000045e2       0xb4 ../drivers\libIotLibrary.a(lora_driver.o)
 .text._reply2ReturnCode
                0x00004696       0xea ../drivers\libIotLibrary.a(lora_driver.o)
 .text._uploadMessageRc
                0x00004780        0x6 ../drivers\libIotLibrary.a(lora_driver.o)
 .text.lora_driver_flushBuffers
                0x00004786        0xe ../drivers\libIotLibrary.a(lora_driver.o)
                0x00004786                lora_driver_flushBuffers
 .text.lora_driver_initialise
                0x00004794       0x80 ../drivers\libIotLibrary.a(lora_driver.o)
                0x00004794                lora_driver_initialise
 .text.lora_driver_resetRn2483
                0x00004814       0x1c ../drivers\libIotLibrary.a(lora_driver.o)
                0x00004814                lora_driver_resetRn2483
 .text.lora_driver_rn2483FactoryReset
                0x00004830       0x24 ../drivers\libIotLibrary.a(lora_driver.o)
                0x00004830                lora_driver_rn2483FactoryReset
 .text.lora_driver_getRn2483Hweui
                0x00004854       0x38 ../drivers\libIotLibrary.a(lora_driver.o)
                0x00004854                lora_driver_getRn2483Hweui
 .text.lora_driver_setDeviceIdentifier
                0x0000488c       0x22 ../drivers\libIotLibrary.a(lora_driver.o)
                0x0000488c                lora_driver_setDeviceIdentifier
 .text.lora_driver_setApplicationIdentifier
                0x000048ae       0x22 ../drivers\libIotLibrary.a(lora_driver.o)
                0x000048ae                lora_driver_setApplicationIdentifier
 .text.lora_driver_setApplicationKey
                0x000048d0       0x22 ../drivers\libIotLibrary.a(lora_driver.o)
                0x000048d0                lora_driver_setApplicationKey
 .text.lora_driver_saveMac
                0x000048f2        0xc ../drivers\libIotLibrary.a(lora_driver.o)
                0x000048f2                lora_driver_saveMac
 .text.lora_driver_join
                0x000048fe       0x52 ../drivers\libIotLibrary.a(lora_driver.o)
                0x000048fe                lora_driver_join
 .text.lora_driver_sendUploadMessage
                0x00004950      0x196 ../drivers\libIotLibrary.a(lora_driver.o)
                0x00004950                lora_driver_sendUploadMessage
 .text.lora_driver_setAdaptiveDataRate
                0x00004ae6       0x16 ../drivers\libIotLibrary.a(lora_driver.o)
                0x00004ae6                lora_driver_setAdaptiveDataRate
 .text.lora_driver_setReceiveDelay
                0x00004afc       0x30 ../drivers\libIotLibrary.a(lora_driver.o)
                0x00004afc                lora_driver_setReceiveDelay
 .text.lora_driver_configureToEu868
                0x00004b2c      0x1bc ../drivers\libIotLibrary.a(lora_driver.o)
                0x00004b2c                lora_driver_configureToEu868
 .text.lora_driver_setOtaaIdentity
                0x00004ce8       0x42 ../drivers\libIotLibrary.a(lora_driver.o)
                0x00004ce8                lora_driver_setOtaaIdentity
 .text.lora_driver_mapReturnCodeToText
                0x00004d2a       0x18 ../drivers\libIotLibrary.a(lora_driver.o)
                0x00004d2a                lora_driver_mapReturnCodeToText
 .text.decode_port_no
                0x00004d42       0x58 ../drivers\libIotLibrary.a(lora_driver_utils.o)
                0x00004d42                decode_port_no
 .text.decode_hexadecimal_string_bytes
                0x00004d9a       0x92 ../drivers\libIotLibrary.a(lora_driver_utils.o)
                0x00004d9a                decode_hexadecimal_string_bytes
 .text._serialCallBack
                0x00004e2c       0xb6 ../drivers\libIotLibrary.a(mh_z19.o)
 .text.mh_z19_initialise
                0x00004ee2       0x4a ../drivers\libIotLibrary.a(mh_z19.o)
                0x00004ee2                mh_z19_initialise
 .text.mh_z19_injectCallBack
                0x00004f2c        0xa ../drivers\libIotLibrary.a(mh_z19.o)
                0x00004f2c                mh_z19_injectCallBack
 .text.mh_z19_takeMeassuring
                0x00004f36       0x5e ../drivers\libIotLibrary.a(mh_z19.o)
                0x00004f36                mh_z19_takeMeassuring
 .text.rc_servo_setPosition
                0x00004f94       0x30 ../drivers\libIotLibrary.a(rc_servo.o)
                0x00004f94                rc_servo_setPosition
 .text.rc_servo_initialise
                0x00004fc4       0x38 ../drivers\libIotLibrary.a(rc_servo.o)
                0x00004fc4                rc_servo_initialise
 .text.serial_create
                0x00004ffc      0x142 ../drivers\libIotLibrary.a(serial.o)
                0x00004ffc                serial_create
 .text.serial_sendByte
                0x0000513e       0x56 ../drivers\libIotLibrary.a(serial.o)
                0x0000513e                serial_sendByte
 .text.serial_sendBytes
                0x00005194       0xaa ../drivers\libIotLibrary.a(serial.o)
                0x00005194                serial_sendBytes
 .text.serial_getByte
                0x0000523e       0x40 ../drivers\libIotLibrary.a(serial.o)
                0x0000523e                serial_getByte
 .text.__vector_25
                0x0000527e       0xa4 ../drivers\libIotLibrary.a(serial.o)
                0x0000527e                __vector_25
 .text.__vector_26
                0x00005322       0x88 ../drivers\libIotLibrary.a(serial.o)
                0x00005322                __vector_26
 .text.__vector_36
                0x000053aa       0xa4 ../drivers\libIotLibrary.a(serial.o)
                0x000053aa                __vector_36
 .text.__vector_37
                0x0000544e       0x88 ../drivers\libIotLibrary.a(serial.o)
                0x0000544e                __vector_37
 .text.__vector_51
                0x000054d6       0xa4 ../drivers\libIotLibrary.a(serial.o)
                0x000054d6                __vector_51
 .text.__vector_52
                0x0000557a       0x88 ../drivers\libIotLibrary.a(serial.o)
                0x0000557a                __vector_52
 .text.__vector_54
                0x00005602       0xa4 ../drivers\libIotLibrary.a(serial.o)
                0x00005602                __vector_54
 .text.__vector_55
                0x000056a6       0x88 ../drivers\libIotLibrary.a(serial.o)
                0x000056a6                __vector_55
 .text.usart_getchar
                0x0000572e       0x2a ../drivers\libIotLibrary.a(stdio_driver.o)
 .text.usart_putchar
                0x00005758       0x12 ../drivers\libIotLibrary.a(stdio_driver.o)
 .text.stdio_initialise
                0x0000576a       0x52 ../drivers\libIotLibrary.a(stdio_driver.o)
                0x0000576a                stdio_initialise
 .text._turn_off
                0x000057bc       0x98 ../drivers\libIotLibrary.a(status_leds.o)
 .text._turn_on
                0x00005854       0x98 ../drivers\libIotLibrary.a(status_leds.o)
 .text._hal_led_task
                0x000058ec       0x8c ../drivers\libIotLibrary.a(status_leds.o)
 .text.status_leds_initialise
                0x00005978       0x9c ../drivers\libIotLibrary.a(status_leds.o)
                0x00005978                status_leds_initialise
 .text.status_leds_slowBlink
                0x00005a14       0x46 ../drivers\libIotLibrary.a(status_leds.o)
                0x00005a14                status_leds_slowBlink
 .text.status_leds_fastBlink
                0x00005a5a       0x46 ../drivers\libIotLibrary.a(status_leds.o)
                0x00005a5a                status_leds_fastBlink
 .text.status_leds_ledOn
                0x00005aa0       0x1e ../drivers\libIotLibrary.a(status_leds.o)
                0x00005aa0                status_leds_ledOn
 .text.status_leds_ledOff
                0x00005abe       0x1e ../drivers\libIotLibrary.a(status_leds.o)
                0x00005abe                status_leds_ledOff
 .text.status_leds_longPuls
                0x00005adc       0x24 ../drivers\libIotLibrary.a(status_leds.o)
                0x00005adc                status_leds_longPuls
 .text.status_leds_shortPuls
                0x00005b00       0x22 ../drivers\libIotLibrary.a(status_leds.o)
                0x00005b00                status_leds_shortPuls
 .text._initTwiInterface
                0x00005b22       0x22 ../drivers\libIotLibrary.a(twi.o)
 .text.twiCreate
                0x00005b44       0x9a ../drivers\libIotLibrary.a(twi.o)
                0x00005b44                twiCreate
 .text.twiIsBusy
                0x00005bde        0x8 ../drivers\libIotLibrary.a(twi.o)
                0x00005bde                twiIsBusy
 .text.twiTransmit
                0x00005be6       0x98 ../drivers\libIotLibrary.a(twi.o)
                0x00005be6                twiTransmit
 .text.twiReceive
                0x00005c7e       0x66 ../drivers\libIotLibrary.a(twi.o)
                0x00005c7e                twiReceive
 .text.__vector_39
                0x00005ce4      0x17a ../drivers\libIotLibrary.a(twi.o)
                0x00005ce4                __vector_39
 .text.fifo_init
                0x00005e5e       0x38 ../drivers\libIotLibrary.a(fifo.o)
                0x00005e5e                fifo_init
 .text.avr-libc.fplib
                0x00005e96        0xa d:/arduino/7.0/toolchain/avr8/avr8-gnu-toolchain/bin/../lib/gcc/avr/5.4.0/../../../../avr/lib/avr6\libm.a(addsf3.o)
                0x00005e96                __subsf3
                0x00005e98                __addsf3
 .text.avr-libc.fplib
                0x00005ea0       0xc4 d:/arduino/7.0/toolchain/avr8/avr8-gnu-toolchain/bin/../lib/gcc/avr/5.4.0/../../../../avr/lib/avr6\libm.a(addsf3x.o)
                0x00005eba                __addsf3x
 .text.avr-libc.fplib
                0x00005f64        0x4 d:/arduino/7.0/toolchain/avr8/avr8-gnu-toolchain/bin/../lib/gcc/avr/5.4.0/../../../../avr/lib/avr6\libm.a(divsf3.o)
                0x00005f64                __divsf3
 .text.avr-libc.fplib
                0x00005f68       0xd2 d:/arduino/7.0/toolchain/avr8/avr8-gnu-toolchain/bin/../lib/gcc/avr/5.4.0/../../../../avr/lib/avr6\libm.a(divsf3x.o)
                0x00005f80                __divsf3x
                0x00005f86                __divsf3_pse
 .text.avr-libc.fplib
                0x0000603a        0xe d:/arduino/7.0/toolchain/avr8/avr8-gnu-toolchain/bin/../lib/gcc/avr/5.4.0/../../../../avr/lib/avr6\libm.a(fixsfsi.o)
                0x0000603a                __fixsfsi
 .text.avr-libc.fplib
                0x00006048        0xc d:/arduino/7.0/toolchain/avr8/avr8-gnu-toolchain/bin/../lib/gcc/avr/5.4.0/../../../../avr/lib/avr6\libm.a(fp_inf.o)
                0x00006048                __fp_inf
 .text.avr-libc.fplib
                0x00006054        0x6 d:/arduino/7.0/toolchain/avr8/avr8-gnu-toolchain/bin/../lib/gcc/avr/5.4.0/../../../../avr/lib/avr6\libm.a(fp_nan.o)
                0x00006054                __fp_nan
 .text.avr-libc.fplib
                0x0000605a        0xe d:/arduino/7.0/toolchain/avr8/avr8-gnu-toolchain/bin/../lib/gcc/avr/5.4.0/../../../../avr/lib/avr6\libm.a(fp_pscA.o)
                0x0000605a                __fp_pscA
 .text.avr-libc.fplib
                0x00006068        0xe d:/arduino/7.0/toolchain/avr8/avr8-gnu-toolchain/bin/../lib/gcc/avr/5.4.0/../../../../avr/lib/avr6\libm.a(fp_pscB.o)
                0x00006068                __fp_pscB
 .text.avr-libc.fplib
                0x00006076       0x22 d:/arduino/7.0/toolchain/avr8/avr8-gnu-toolchain/bin/../lib/gcc/avr/5.4.0/../../../../avr/lib/avr6\libm.a(fp_round.o)
                0x00006076                __fp_round
 .text.avr-libc.fplib
                0x00006098        0x4 d:/arduino/7.0/toolchain/avr8/avr8-gnu-toolchain/bin/../lib/gcc/avr/5.4.0/../../../../avr/lib/avr6\libm.a(mulsf3.o)
                0x00006098                __mulsf3
 .text.avr-libc.fplib
                0x0000609c       0xc8 d:/arduino/7.0/toolchain/avr8/avr8-gnu-toolchain/bin/../lib/gcc/avr/5.4.0/../../../../avr/lib/avr6\libm.a(mulsf3x.o)
                0x000060b2                __mulsf3x
                0x000060b8                __mulsf3_pse
 .text.libgcc.div
                0x00006164       0x44 d:/arduino/7.0/toolchain/avr8/avr8-gnu-toolchain/bin/../lib/gcc/avr/5.4.0/avr6\libgcc.a(_udivmodsi4.o)
                0x00006164                __udivmodsi4
 .text.libgcc   0x000061a8       0x10 d:/arduino/7.0/toolchain/avr8/avr8-gnu-toolchain/bin/../lib/gcc/avr/5.4.0/avr6\libgcc.a(_tablejump2.o)
                0x000061a8                __tablejump2__
 .text.avr-libc
                0x000061b8      0x242 d:/arduino/7.0/toolchain/avr8/avr8-gnu-toolchain/bin/../lib/gcc/avr/5.4.0/../../../../avr/lib/avr6\libc.a(malloc.o)
                0x000061b8                malloc
                0x000062e8                free
 .text.avr-libc
                0x000063fa        0x8 d:/arduino/7.0/toolchain/avr8/avr8-gnu-toolchain/bin/../lib/gcc/avr/5.4.0/../../../../avr/lib/avr6\libc.a(abort.o)
                0x000063fa                abort
 .text.avr-libc
                0x00006402       0x12 d:/arduino/7.0/toolchain/avr8/avr8-gnu-toolchain/bin/../lib/gcc/avr/5.4.0/../../../../avr/lib/avr6\libc.a(memcpy.o)
                0x00006402                memcpy
 .text.avr-libc
                0x00006414        0xe d:/arduino/7.0/toolchain/avr8/avr8-gnu-toolchain/bin/../lib/gcc/avr/5.4.0/../../../../avr/lib/avr6\libc.a(memset.o)
                0x00006414                memset
 .text.avr-libc
                0x00006422       0x4a d:/arduino/7.0/toolchain/avr8/avr8-gnu-toolchain/bin/../lib/gcc/avr/5.4.0/../../../../avr/lib/avr6\libc.a(strcasestr.o)
                0x00006422                strcasestr
 .text.avr-libc
                0x0000646c       0x16 d:/arduino/7.0/toolchain/avr8/avr8-gnu-toolchain/bin/../lib/gcc/avr/5.4.0/../../../../avr/lib/avr6\libc.a(strcat.o)
                0x0000646c                strcat
 .text.avr-libc
                0x00006482        0xe d:/arduino/7.0/toolchain/avr8/avr8-gnu-toolchain/bin/../lib/gcc/avr/5.4.0/../../../../avr/lib/avr6\libc.a(strcpy.o)
                0x00006482                strcpy
 .text.avr-libc
                0x00006490       0x30 d:/arduino/7.0/toolchain/avr8/avr8-gnu-toolchain/bin/../lib/gcc/avr/5.4.0/../../../../avr/lib/avr6\libc.a(strncasecmp.o)
                0x00006490                strncasecmp
 .text.avr-libc
                0x000064c0       0x26 d:/arduino/7.0/toolchain/avr8/avr8-gnu-toolchain/bin/../lib/gcc/avr/5.4.0/../../../../avr/lib/avr6\libc.a(printf.o)
                0x000064c0                printf
 .text.avr-libc
                0x000064e6       0x60 d:/arduino/7.0/toolchain/avr8/avr8-gnu-toolchain/bin/../lib/gcc/avr/5.4.0/../../../../avr/lib/avr6\libc.a(puts.o)
                0x000064e6                puts
 .text.avr-libc
                0x00006546       0x5c d:/arduino/7.0/toolchain/avr8/avr8-gnu-toolchain/bin/../lib/gcc/avr/5.4.0/../../../../avr/lib/avr6\libc.a(sprintf.o)
                0x00006546                sprintf
 .text.avr-libc
                0x000065a2      0x3fa d:/arduino/7.0/toolchain/avr8/avr8-gnu-toolchain/bin/../lib/gcc/avr/5.4.0/../../../../avr/lib/avr6\libc.a(vfprintf_std.o)
                0x000065a2                vfprintf
 .text.avr-libc
                0x0000699c       0x16 d:/arduino/7.0/toolchain/avr8/avr8-gnu-toolchain/bin/../lib/gcc/avr/5.4.0/../../../../avr/lib/avr6\libc.a(strnlen_P.o)
                0x0000699c                strnlen_P
 .text.avr-libc
                0x000069b2       0x16 d:/arduino/7.0/toolchain/avr8/avr8-gnu-toolchain/bin/../lib/gcc/avr/5.4.0/../../../../avr/lib/avr6\libc.a(strnlen.o)
                0x000069b2                strnlen
 .text.avr-libc
                0x000069c8       0x78 d:/arduino/7.0/toolchain/avr8/avr8-gnu-toolchain/bin/../lib/gcc/avr/5.4.0/../../../../avr/lib/avr6\libc.a(fputc.o)
                0x000069c8                fputc
 .text.avr-libc
                0x00006a40       0xbc d:/arduino/7.0/toolchain/avr8/avr8-gnu-toolchain/bin/../lib/gcc/avr/5.4.0/../../../../avr/lib/avr6\libc.a(ultoa_invert.o)
                0x00006a40                __ultoa_invert
                0x00006afc                . = ALIGN (0x2)
 *(.fini9)
 .fini9         0x00006afc        0x0 d:/arduino/7.0/toolchain/avr8/avr8-gnu-toolchain/bin/../lib/gcc/avr/5.4.0/avr6\libgcc.a(_exit.o)
                0x00006afc                _exit
                0x00006afc                exit
 *(.fini9)
 *(.fini8)
 *(.fini8)
 *(.fini7)
 *(.fini7)
 *(.fini6)
 *(.fini6)
 *(.fini5)
 *(.fini5)
 *(.fini4)
 *(.fini4)
 *(.fini3)
 *(.fini3)
 *(.fini2)
 *(.fini2)
 *(.fini1)
 *(.fini1)
 *(.fini0)
 .fini0         0x00006afc        0x4 d:/arduino/7.0/toolchain/avr8/avr8-gnu-toolchain/bin/../lib/gcc/avr/5.4.0/avr6\libgcc.a(_exit.o)
 *(.fini0)
                0x00006b00                _etext = .

.data           0x00800200      0x654 load address 0x00006b00
                0x00800200                PROVIDE (__data_start, .)
 *(.data)
 .data          0x00800200        0x6 d:/arduino/7.0/toolchain/avr8/avr8-gnu-toolchain/bin/../lib/gcc/avr/5.4.0/../../../../avr/lib/avr6\libc.a(malloc.o)
                0x00800200                __malloc_heap_end
                0x00800202                __malloc_heap_start
                0x00800204                __malloc_margin
 *(.data*)
 .data.uxTopUsedPriority
                0x00800206        0x1 FreeRTOS/src/tasks.o
                0x00800206                uxTopUsedPriority
 .data._temp    0x00800207        0x2 ../drivers\libIotLibrary.a(hih8120.o)
 .data._hum     0x00800209        0x2 ../drivers\libIotLibrary.a(hih8120.o)
 .data._com_port_2_udr
                0x0080020b        0x8 ../drivers\libIotLibrary.a(serial.o)
                0x0080020b                _com_port_2_udr
 .data.mystdout.1882
                0x00800213        0xe ../drivers\libIotLibrary.a(stdio_driver.o)
 .data._twiCurrentState
                0x00800221        0x1 ../drivers\libIotLibrary.a(twi.o)
 *(.gnu.linkonce.d*)
 *(.rodata)
 .rodata        0x00800222       0x20 ../drivers\libIotLibrary.a(lora_driver.o)
 .rodata        0x00800242       0x2d ../drivers\libIotLibrary.a(mh_z19.o)
 *(.rodata*)
 .rodata.str1.1
                0x0080026f       0x50 Application.o
 .rodata.str1.1
                0x008002bf       0x1c CO2_SensorImpl.o
 .rodata.str1.1
                0x008002db       0x9b DownLinkHandler.o
 .rodata.str1.1
                0x00800376        0x5 FreeRTOS/src/tasks.o
 .rodata.str1.1
                0x0080037b        0x8 FreeRTOS/src/timers.o
 .rodata.str1.1
                0x00800383       0x1d ConditionerControllerHandler.o
 .rodata.str1.1
                0x008003a0       0x4f TempHumSensorImpl.o
 .rodata.str1.1
                0x008003ef      0x17f UpLinkHandler.o
 .rodata.str1.1
                0x0080056e       0x11 main.o
 .rodata.str1.1
                0x0080057f      0x295 ../drivers\libIotLibrary.a(lora_driver.o)
                                0x2a5 (size before relaxing)
 .rodata._joinMode
                0x00800814        0x4 ../drivers\libIotLibrary.a(lora_driver.o)
 .rodata._returnCode
                0x00800818       0x33 ../drivers\libIotLibrary.a(lora_driver.o)
                0x00800818                _returnCode
 .rodata.str1.1
                0x0080084b        0x8 ../drivers\libIotLibrary.a(status_leds.o)
 *(.gnu.linkonce.r*)
                0x00800854                . = ALIGN (0x2)
 *fill*         0x00800853        0x1 
                0x00800854                _edata = .
                0x00800854                PROVIDE (__data_end, .)

.bss            0x00800854     0x106b
                0x00800854                PROVIDE (__bss_start, .)
 *(.bss)
 *(.bss*)
 .bss._downlink_payload
                0x00800854       0x16 DownLinkHandler.o
 .bss.xBlockAllocatedBit
                0x0080086a        0x2 FreeRTOS/src/heap_4.o
 .bss.xNumberOfSuccessfulFrees
                0x0080086c        0x2 FreeRTOS/src/heap_4.o
 .bss.xNumberOfSuccessfulAllocations
                0x0080086e        0x2 FreeRTOS/src/heap_4.o
 .bss.xMinimumEverFreeBytesRemaining
                0x00800870        0x2 FreeRTOS/src/heap_4.o
 .bss.xFreeBytesRemaining
                0x00800872        0x2 FreeRTOS/src/heap_4.o
 .bss.pxEnd     0x00800874        0x2 FreeRTOS/src/heap_4.o
 .bss.xStart    0x00800876        0x4 FreeRTOS/src/heap_4.o
 .bss.ucHeap    0x0080087a      0xdac FreeRTOS/src/heap_4.o
 .bss.uxSchedulerSuspended
                0x00801626        0x1 FreeRTOS/src/tasks.o
 .bss.xIdleTaskHandle
                0x00801627        0x2 FreeRTOS/src/tasks.o
 .bss.xNextTaskUnblockTime
                0x00801629        0x4 FreeRTOS/src/tasks.o
 .bss.uxTaskNumber
                0x0080162d        0x1 FreeRTOS/src/tasks.o
 .bss.xNumOfOverflows
                0x0080162e        0x1 FreeRTOS/src/tasks.o
 .bss.xYieldPending
                0x0080162f        0x1 FreeRTOS/src/tasks.o
 .bss.xPendedTicks
                0x00801630        0x4 FreeRTOS/src/tasks.o
 .bss.xSchedulerRunning
                0x00801634        0x1 FreeRTOS/src/tasks.o
 .bss.uxTopReadyPriority
                0x00801635        0x1 FreeRTOS/src/tasks.o
 .bss.xTickCount
                0x00801636        0x4 FreeRTOS/src/tasks.o
 .bss.uxCurrentNumberOfTasks
                0x0080163a        0x1 FreeRTOS/src/tasks.o
 .bss.xSuspendedTaskList
                0x0080163b        0xb FreeRTOS/src/tasks.o
 .bss.uxDeletedTasksWaitingCleanUp
                0x00801646        0x1 FreeRTOS/src/tasks.o
 .bss.xTasksWaitingTermination
                0x00801647        0xb FreeRTOS/src/tasks.o
 .bss.xPendingReadyList
                0x00801652        0xb FreeRTOS/src/tasks.o
 .bss.pxOverflowDelayedTaskList
                0x0080165d        0x2 FreeRTOS/src/tasks.o
 .bss.pxDelayedTaskList
                0x0080165f        0x2 FreeRTOS/src/tasks.o
 .bss.xDelayedTaskList2
                0x00801661        0xb FreeRTOS/src/tasks.o
 .bss.xDelayedTaskList1
                0x0080166c        0xb FreeRTOS/src/tasks.o
 .bss.pxReadyTasksLists
                0x00801677       0x6e FreeRTOS/src/tasks.o
 .bss.pxCurrentTCB
                0x008016e5        0x2 FreeRTOS/src/tasks.o
                0x008016e5                pxCurrentTCB
 .bss.xLastTime.2436
                0x008016e7        0x4 FreeRTOS/src/timers.o
 .bss.xTimerTaskHandle
                0x008016eb        0x2 FreeRTOS/src/timers.o
 .bss.xTimerQueue
                0x008016ed        0x2 FreeRTOS/src/timers.o
 .bss.pxOverflowTimerList
                0x008016ef        0x2 FreeRTOS/src/timers.o
 .bss.pxCurrentTimerList
                0x008016f1        0x2 FreeRTOS/src/timers.o
 .bss.xActiveTimerList2
                0x008016f3        0xb FreeRTOS/src/timers.o
 .bss.xActiveTimerList1
                0x008016fe        0xb FreeRTOS/src/timers.o
 .bss.payload   0x00801709       0x16 SensorDataHandler.o
 .bss.humidity  0x0080171f        0x2 TempHumSensorImpl.o
                0x0080171f                humidity
 .bss.temperature
                0x00801721        0x4 TempHumSensorImpl.o
                0x00801721                temperature
 .bss._uplink_payload
                0x00801725       0x16 UpLinkHandler.o
 .bss._measuringIsReady
                0x0080173b        0x1 ../drivers\libIotLibrary.a(hih8120.o)
 .bss._hih8120Handler
                0x0080173c        0x2 ../drivers\libIotLibrary.a(hih8120.o)
 .bss._tmp_buf.2871
                0x0080173e       0x37 ../drivers\libIotLibrary.a(lora_driver.o)
 .bss.rec_buf_inp.2878
                0x00801775        0x1 ../drivers\libIotLibrary.a(lora_driver.o)
 .bss._downlinkMessageBuffer
                0x00801776        0x2 ../drivers\libIotLibrary.a(lora_driver.o)
 .bss._serialReplyBufferHandle
                0x00801778        0x2 ../drivers\libIotLibrary.a(lora_driver.o)
 .bss._rn2483_serial
                0x0080177a        0x2 ../drivers\libIotLibrary.a(lora_driver.o)
 .bss._downlinkPayload
                0x0080177c       0x16 ../drivers\libIotLibrary.a(lora_driver.o)
 .bss._payLoadHexBytes
                0x00801792       0x15 ../drivers\libIotLibrary.a(lora_driver.o)
 .bss._recMessageBuf
                0x008017a7       0x2d ../drivers\libIotLibrary.a(lora_driver.o)
 .bss._sendMessage
                0x008017d4       0x2d ../drivers\libIotLibrary.a(lora_driver.o)
 .bss._replyMess
                0x00801801       0x2d ../drivers\libIotLibrary.a(lora_driver.o)
 .bss.data.1944
                0x0080182e        0x2 ../drivers\libIotLibrary.a(mh_z19.o)
 .bss.inDex.1943
                0x00801830        0x1 ../drivers\libIotLibrary.a(mh_z19.o)
 .bss.crc_sum.1945
                0x00801831        0x1 ../drivers\libIotLibrary.a(mh_z19.o)
 .bss._appCallBack
                0x00801832        0x2 ../drivers\libIotLibrary.a(mh_z19.o)
 .bss._mh_state
                0x00801834        0x1 ../drivers\libIotLibrary.a(mh_z19.o)
                0x00801834                _mh_state
 .bss._ppm      0x00801835        0x2 ../drivers\libIotLibrary.a(mh_z19.o)
 .bss._serial   0x00801837        0x2 ../drivers\libIotLibrary.a(mh_z19.o)
 .bss._ser_handle
                0x00801839        0x8 ../drivers\libIotLibrary.a(serial.o)
 .bss._com_serial_instance
                0x00801841        0x2 ../drivers\libIotLibrary.a(stdio_driver.o)
 .bss._led_status
                0x00801843       0x18 ../drivers\libIotLibrary.a(status_leds.o)
 .bss._index.1885
                0x0080185b        0x1 ../drivers\libIotLibrary.a(twi.o)
 .bss._twiCurrentHandler
                0x0080185c        0x2 ../drivers\libIotLibrary.a(twi.o)
 .bss._twiMessageLen
                0x0080185e        0x1 ../drivers\libIotLibrary.a(twi.o)
 .bss._twiMessageBuffer
                0x0080185f        0xa ../drivers\libIotLibrary.a(twi.o)
 .bss._twiIsInitiated
                0x00801869        0x1 ../drivers\libIotLibrary.a(twi.o)
 *(COMMON)
 COMMON         0x0080186a       0x24 Application.o
                0x0080186a                xMessageBuffer
                0x0080186c                _meassureEventGroup
                0x0080186e                downlinkMessageBuffer
                0x00801870                mutex
                0x00801872                dataReadyEventBits
                0x00801876                payload
                0x0080188c                _dataReadyEventGroup
 COMMON         0x0080188e        0xb CO2_SensorImpl.o
                0x0080188e                rc
                0x0080188f                co2_data
                0x00801891                xLastWakeTime
                0x00801895                xFrequency
 COMMON         0x00801899        0x8 ConfigurationImpl.o
                0x00801899                min_temperature_data
                0x0080189b                min_humidity_data
                0x0080189d                max_humidity_data
                0x0080189f                max_temperature_data
 COMMON         0x008018a1        0xe ConditionerControllerHandler.o
                0x008018a1                max_humidity
                0x008018a3                current_humiditiy
                0x008018a5                min_temperature
                0x008018a7                current_temperature
                0x008018a9                min_humidity
                0x008018ab                actuator
                0x008018ad                max_temperature
 COMMON         0x008018af        0x2 SensorDataHandler.o
                0x008018af                packet
 COMMON         0x008018b1        0x4 TempHumSensorImpl.o
                0x008018b1                event_measure
 COMMON         0x008018b5        0x4 d:/arduino/7.0/toolchain/avr8/avr8-gnu-toolchain/bin/../lib/gcc/avr/5.4.0/../../../../avr/lib/avr6\libc.a(malloc.o)
                0x008018b5                __brkval
                0x008018b7                __flp
 COMMON         0x008018b9        0x6 d:/arduino/7.0/toolchain/avr8/avr8-gnu-toolchain/bin/../lib/gcc/avr/5.4.0/../../../../avr/lib/avr6\libc.a(iob.o)
                0x008018b9                __iob
                0x008018bf                PROVIDE (__bss_end, .)
                0x00006b00                __data_load_start = LOADADDR (.data)
                0x00007154                __data_load_end = (__data_load_start + SIZEOF (.data))

.noinit         0x008018bf        0x0
                [!provide]                PROVIDE (__noinit_start, .)
 *(.noinit*)
                [!provide]                PROVIDE (__noinit_end, .)
                0x008018bf                _end = .
                0x008018bf                PROVIDE (__heap_start, .)

.eeprom         0x00810000        0x0
 *(.eeprom*)
                0x00810000                __eeprom_end = .

.fuse
 *(.fuse)
 *(.lfuse)
 *(.hfuse)
 *(.efuse)

.lock
 *(.lock*)

.signature
 *(.signature*)

.user_signatures
 *(.user_signatures*)

.stab
 *(.stab)

.stabstr
 *(.stabstr)

.stab.excl
 *(.stab.excl)

.stab.exclstr
 *(.stab.exclstr)

.stab.index
 *(.stab.index)

.stab.indexstr
 *(.stab.indexstr)

.comment        0x00000000       0x5c
 *(.comment)
 .comment       0x00000000       0x30 Application.o
                                 0x31 (size before relaxing)
 .comment       0x00000030       0x31 CO2_SensorImpl.o
 .comment       0x00000030       0x31 ConfigurationImpl.o
 .comment       0x00000030       0x31 DownLinkHandler.o
 .comment       0x00000030       0x31 FreeRTOS/src/event_groups.o
 .comment       0x00000030       0x31 FreeRTOS/src/heap_4.o
 .comment       0x00000030       0x31 FreeRTOS/src/list.o
 .comment       0x00000030       0x31 FreeRTOS/src/port.o
 .comment       0x00000030       0x31 FreeRTOS/src/queue.o
 .comment       0x00000030       0x31 FreeRTOS/src/stream_buffer.o
 .comment       0x00000030       0x31 FreeRTOS/src/tasks.o
 .comment       0x00000030       0x31 FreeRTOS/src/timers.o
 .comment       0x00000030       0x31 FreeRTOS/src/variantHooks.o
 .comment       0x00000030       0x31 ConditionerControllerHandler.o
 .comment       0x00000030       0x31 Utility.o
 .comment       0x00000030       0x31 SensorDataHandler.o
 .comment       0x00000030       0x31 TempHumSensorImpl.o
 .comment       0x00000030       0x31 UpLinkHandler.o
 .comment       0x00000030       0x31 main.o
 .comment       0x00000030       0x31 ../drivers\libIotLibrary.a(hih8120.o)
 .comment       0x00000030       0x31 ../drivers\libIotLibrary.a(lora_driver.o)
 .comment       0x00000030       0x31 ../drivers\libIotLibrary.a(lora_driver_utils.o)
 .comment       0x00000030       0x31 ../drivers\libIotLibrary.a(mh_z19.o)
 .comment       0x00000030       0x31 ../drivers\libIotLibrary.a(rc_servo.o)
 .comment       0x00000030       0x31 ../drivers\libIotLibrary.a(serial.o)
 .comment       0x00000030       0x31 ../drivers\libIotLibrary.a(stdio_driver.o)
 .comment       0x00000030       0x31 ../drivers\libIotLibrary.a(status_leds.o)
 .comment       0x00000030       0x31 ../drivers\libIotLibrary.a(twi.o)
 .comment       0x00000030       0x31 ../drivers\libIotLibrary.a(fifo.o)
 .comment       0x00000030       0x31 d:/arduino/7.0/toolchain/avr8/avr8-gnu-toolchain/bin/../lib/gcc/avr/5.4.0/../../../../avr/lib/avr6\libc.a(malloc.o)
 .comment       0x00000030       0x31 d:/arduino/7.0/toolchain/avr8/avr8-gnu-toolchain/bin/../lib/gcc/avr/5.4.0/../../../../avr/lib/avr6\libc.a(iob.o)
 .comment       0x00000030       0x31 d:/arduino/7.0/toolchain/avr8/avr8-gnu-toolchain/bin/../lib/gcc/avr/5.4.0/../../../../avr/lib/avr6\libc.a(printf.o)
 .comment       0x00000030       0x31 d:/arduino/7.0/toolchain/avr8/avr8-gnu-toolchain/bin/../lib/gcc/avr/5.4.0/../../../../avr/lib/avr6\libc.a(puts.o)
 .comment       0x00000030       0x31 d:/arduino/7.0/toolchain/avr8/avr8-gnu-toolchain/bin/../lib/gcc/avr/5.4.0/../../../../avr/lib/avr6\libc.a(sprintf.o)
 .comment       0x00000030       0x2c d:/arduino/7.0/toolchain/avr8/avr8-gnu-toolchain/bin/../lib/gcc/avr/5.4.0/../../../../avr/lib/avr6\libc.a(vfprintf_std.o)
                                 0x2d (size before relaxing)
 .comment       0x0000005c       0x31 d:/arduino/7.0/toolchain/avr8/avr8-gnu-toolchain/bin/../lib/gcc/avr/5.4.0/../../../../avr/lib/avr6\libc.a(fputc.o)

.note.gnu.avr.deviceinfo
                0x00000000       0x40
 .note.gnu.avr.deviceinfo
                0x00000000       0x40 D:/Arduino/7.0/Packs/atmel/ATmega_DFP/1.6.364/gcc/dev/atmega2560/avr6/crtatmega2560.o

.note.gnu.build-id
 *(.note.gnu.build-id)

.debug
 *(.debug)

.line
 *(.line)

.debug_srcinfo
 *(.debug_srcinfo)

.debug_sfnames
 *(.debug_sfnames)

.debug_aranges  0x00000000      0xc38
 *(.debug_aranges)
 .debug_aranges
                0x00000000       0x30 Application.o
 .debug_aranges
                0x00000030       0x48 CO2_SensorImpl.o
 .debug_aranges
                0x00000078       0x58 ConfigurationImpl.o
 .debug_aranges
                0x000000d0       0x30 DownLinkHandler.o
 .debug_aranges
                0x00000100       0x68 FreeRTOS/src/event_groups.o
 .debug_aranges
                0x00000168       0x58 FreeRTOS/src/heap_4.o
 .debug_aranges
                0x000001c0       0x40 FreeRTOS/src/list.o
 .debug_aranges
                0x00000200       0x58 FreeRTOS/src/port.o
 .debug_aranges
                0x00000258       0xf8 FreeRTOS/src/queue.o
 .debug_aranges
                0x00000350       0xc0 FreeRTOS/src/stream_buffer.o
 .debug_aranges
                0x00000410      0x1d0 FreeRTOS/src/tasks.o
 .debug_aranges
                0x000005e0       0xc8 FreeRTOS/src/timers.o
 .debug_aranges
                0x000006a8       0x40 FreeRTOS/src/variantHooks.o
 .debug_aranges
                0x000006e8       0x30 ConditionerControllerHandler.o
 .debug_aranges
                0x00000718       0x30 Utility.o
 .debug_aranges
                0x00000748       0x40 SensorDataHandler.o
 .debug_aranges
                0x00000788       0x48 TempHumSensorImpl.o
 .debug_aranges
                0x000007d0       0x40 UpLinkHandler.o
 .debug_aranges
                0x00000810       0x40 main.o
 .debug_aranges
                0x00000850       0x68 ../drivers\libIotLibrary.a(hih8120.o)
 .debug_aranges
                0x000008b8      0x138 ../drivers\libIotLibrary.a(lora_driver.o)
 .debug_aranges
                0x000009f0       0x28 ../drivers\libIotLibrary.a(lora_driver_utils.o)
 .debug_aranges
                0x00000a18       0x58 ../drivers\libIotLibrary.a(mh_z19.o)
 .debug_aranges
                0x00000a70       0x28 ../drivers\libIotLibrary.a(rc_servo.o)
 .debug_aranges
                0x00000a98       0x90 ../drivers\libIotLibrary.a(serial.o)
 .debug_aranges
                0x00000b28       0x38 ../drivers\libIotLibrary.a(stdio_driver.o)
 .debug_aranges
                0x00000b60       0x68 ../drivers\libIotLibrary.a(status_leds.o)
 .debug_aranges
                0x00000bc8       0x50 ../drivers\libIotLibrary.a(twi.o)
 .debug_aranges
                0x00000c18       0x20 ../drivers\libIotLibrary.a(fifo.o)

.debug_pubnames
 *(.debug_pubnames)

.debug_info     0x00000000     0xeb31
 *(.debug_info .gnu.linkonce.wi.*)
 .debug_info    0x00000000      0xbbc D:/Arduino/7.0/Packs/atmel/ATmega_DFP/1.6.364/gcc/dev/atmega2560/avr6/crtatmega2560.o
 .debug_info    0x00000bbc      0x544 Application.o
 .debug_info    0x00001100      0x477 CO2_SensorImpl.o
 .debug_info    0x00001577      0x3e5 ConfigurationImpl.o
 .debug_info    0x0000195c      0x336 DownLinkHandler.o
 .debug_info    0x00001c92      0x971 FreeRTOS/src/event_groups.o
 .debug_info    0x00002603      0x4e6 FreeRTOS/src/heap_4.o
 .debug_info    0x00002ae9      0x2e7 FreeRTOS/src/list.o
 .debug_info    0x00002dd0      0x2ff FreeRTOS/src/port.o
 .debug_info    0x000030cf     0x17e6 FreeRTOS/src/queue.o
 .debug_info    0x000048b5     0x13df FreeRTOS/src/stream_buffer.o
 .debug_info    0x00005c94     0x2239 FreeRTOS/src/tasks.o
 .debug_info    0x00007ecd     0x10dd FreeRTOS/src/timers.o
 .debug_info    0x00008faa      0x20f FreeRTOS/src/variantHooks.o
 .debug_info    0x000091b9      0x2f6 ConditionerControllerHandler.o
 .debug_info    0x000094af      0x237 Utility.o
 .debug_info    0x000096e6      0x235 SensorDataHandler.o
 .debug_info    0x0000991b      0x512 TempHumSensorImpl.o
 .debug_info    0x00009e2d      0x8d5 UpLinkHandler.o
 .debug_info    0x0000a702      0x403 main.o
 .debug_info    0x0000ab05      0x3a9 ../drivers\libIotLibrary.a(hih8120.o)
 .debug_info    0x0000aeae     0x1747 ../drivers\libIotLibrary.a(lora_driver.o)
 .debug_info    0x0000c5f5      0x143 ../drivers\libIotLibrary.a(lora_driver_utils.o)
 .debug_info    0x0000c738      0x556 ../drivers\libIotLibrary.a(mh_z19.o)
 .debug_info    0x0000cc8e      0x10f ../drivers\libIotLibrary.a(rc_servo.o)
 .debug_info    0x0000cd9d      0xd9c ../drivers\libIotLibrary.a(serial.o)
 .debug_info    0x0000db39      0x3b6 ../drivers\libIotLibrary.a(stdio_driver.o)
 .debug_info    0x0000deef      0x522 ../drivers\libIotLibrary.a(status_leds.o)
 .debug_info    0x0000e411      0x55d ../drivers\libIotLibrary.a(twi.o)
 .debug_info    0x0000e96e      0x1c3 ../drivers\libIotLibrary.a(fifo.o)

.debug_abbrev   0x00000000     0x3bb4
 *(.debug_abbrev)
 .debug_abbrev  0x00000000      0xb1a D:/Arduino/7.0/Packs/atmel/ATmega_DFP/1.6.364/gcc/dev/atmega2560/avr6/crtatmega2560.o
 .debug_abbrev  0x00000b1a      0x160 Application.o
 .debug_abbrev  0x00000c7a      0x1ab CO2_SensorImpl.o
 .debug_abbrev  0x00000e25       0xda ConfigurationImpl.o
 .debug_abbrev  0x00000eff      0x16f DownLinkHandler.o
 .debug_abbrev  0x0000106e      0x1dc FreeRTOS/src/event_groups.o
 .debug_abbrev  0x0000124a      0x200 FreeRTOS/src/heap_4.o
 .debug_abbrev  0x0000144a       0xff FreeRTOS/src/list.o
 .debug_abbrev  0x00001549      0x179 FreeRTOS/src/port.o
 .debug_abbrev  0x000016c2      0x241 FreeRTOS/src/queue.o
 .debug_abbrev  0x00001903      0x246 FreeRTOS/src/stream_buffer.o
 .debug_abbrev  0x00001b49      0x2c8 FreeRTOS/src/tasks.o
 .debug_abbrev  0x00001e11      0x28c FreeRTOS/src/timers.o
 .debug_abbrev  0x0000209d       0xff FreeRTOS/src/variantHooks.o
 .debug_abbrev  0x0000219c      0x120 ConditionerControllerHandler.o
 .debug_abbrev  0x000022bc       0xd5 Utility.o
 .debug_abbrev  0x00002391      0x129 SensorDataHandler.o
 .debug_abbrev  0x000024ba      0x19a TempHumSensorImpl.o
 .debug_abbrev  0x00002654      0x1e0 UpLinkHandler.o
 .debug_abbrev  0x00002834      0x12f main.o
 .debug_abbrev  0x00002963      0x184 ../drivers\libIotLibrary.a(hih8120.o)
 .debug_abbrev  0x00002ae7      0x33b ../drivers\libIotLibrary.a(lora_driver.o)
 .debug_abbrev  0x00002e22       0xc0 ../drivers\libIotLibrary.a(lora_driver_utils.o)
 .debug_abbrev  0x00002ee2      0x238 ../drivers\libIotLibrary.a(mh_z19.o)
 .debug_abbrev  0x0000311a       0xbc ../drivers\libIotLibrary.a(rc_servo.o)
 .debug_abbrev  0x000031d6      0x355 ../drivers\libIotLibrary.a(serial.o)
 .debug_abbrev  0x0000352b      0x1b3 ../drivers\libIotLibrary.a(stdio_driver.o)
 .debug_abbrev  0x000036de      0x1d7 ../drivers\libIotLibrary.a(status_leds.o)
 .debug_abbrev  0x000038b5      0x217 ../drivers\libIotLibrary.a(twi.o)
 .debug_abbrev  0x00003acc       0xe8 ../drivers\libIotLibrary.a(fifo.o)

.debug_line     0x00000000     0x73c4
 *(.debug_line .debug_line.* .debug_line_end)
 .debug_line    0x00000000      0x1fa D:/Arduino/7.0/Packs/atmel/ATmega_DFP/1.6.364/gcc/dev/atmega2560/avr6/crtatmega2560.o
 .debug_line    0x000001fa      0x1f9 Application.o
 .debug_line    0x000003f3      0x1fc CO2_SensorImpl.o
 .debug_line    0x000005ef      0x1e3 ConfigurationImpl.o
 .debug_line    0x000007d2      0x234 DownLinkHandler.o
 .debug_line    0x00000a06      0x3fa FreeRTOS/src/event_groups.o
 .debug_line    0x00000e00      0x3ed FreeRTOS/src/heap_4.o
 .debug_line    0x000011ed      0x1c2 FreeRTOS/src/list.o
 .debug_line    0x000013af      0x258 FreeRTOS/src/port.o
 .debug_line    0x00001607      0xbb1 FreeRTOS/src/queue.o
 .debug_line    0x000021b8      0x768 FreeRTOS/src/stream_buffer.o
 .debug_line    0x00002920     0x1588 FreeRTOS/src/tasks.o
 .debug_line    0x00003ea8      0x60b FreeRTOS/src/timers.o
 .debug_line    0x000044b3      0x17d FreeRTOS/src/variantHooks.o
 .debug_line    0x00004630      0x1d5 ConditionerControllerHandler.o
 .debug_line    0x00004805      0x196 Utility.o
 .debug_line    0x0000499b      0x17f SensorDataHandler.o
 .debug_line    0x00004b1a      0x244 TempHumSensorImpl.o
 .debug_line    0x00004d5e      0x2ec UpLinkHandler.o
 .debug_line    0x0000504a      0x2ae main.o
 .debug_line    0x000052f8      0x24a ../drivers\libIotLibrary.a(hih8120.o)
 .debug_line    0x00005542      0x9aa ../drivers\libIotLibrary.a(lora_driver.o)
 .debug_line    0x00005eec      0x195 ../drivers\libIotLibrary.a(lora_driver_utils.o)
 .debug_line    0x00006081      0x2fc ../drivers\libIotLibrary.a(mh_z19.o)
 .debug_line    0x0000637d       0xfd ../drivers\libIotLibrary.a(rc_servo.o)
 .debug_line    0x0000647a      0x6a1 ../drivers\libIotLibrary.a(serial.o)
 .debug_line    0x00006b1b      0x146 ../drivers\libIotLibrary.a(stdio_driver.o)
 .debug_line    0x00006c61      0x32c ../drivers\libIotLibrary.a(status_leds.o)
 .debug_line    0x00006f8d      0x31c ../drivers\libIotLibrary.a(twi.o)
 .debug_line    0x000072a9      0x11b ../drivers\libIotLibrary.a(fifo.o)

.debug_frame    0x00000000     0x2a28
 *(.debug_frame)
 .debug_frame   0x00000000       0xb0 Application.o
 .debug_frame   0x000000b0       0xa8 CO2_SensorImpl.o
 .debug_frame   0x00000158       0xd4 ConfigurationImpl.o
 .debug_frame   0x0000022c       0xdc DownLinkHandler.o
 .debug_frame   0x00000308      0x1dc FreeRTOS/src/event_groups.o
 .debug_frame   0x000004e4       0xfc FreeRTOS/src/heap_4.o
 .debug_frame   0x000005e0       0x90 FreeRTOS/src/list.o
 .debug_frame   0x00000670       0x94 FreeRTOS/src/port.o
 .debug_frame   0x00000704      0x3a4 FreeRTOS/src/queue.o
 .debug_frame   0x00000aa8      0x40c FreeRTOS/src/stream_buffer.o
 .debug_frame   0x00000eb4      0x7a0 FreeRTOS/src/tasks.o
 .debug_frame   0x00001654      0x3ac FreeRTOS/src/timers.o
 .debug_frame   0x00001a00       0x64 FreeRTOS/src/variantHooks.o
 .debug_frame   0x00001a64       0x68 ConditionerControllerHandler.o
 .debug_frame   0x00001acc       0x44 Utility.o
 .debug_frame   0x00001b10       0x64 SensorDataHandler.o
 .debug_frame   0x00001b74       0xb4 TempHumSensorImpl.o
 .debug_frame   0x00001c28       0xac UpLinkHandler.o
 .debug_frame   0x00001cd4       0x64 main.o
 .debug_frame   0x00001d38       0xc0 ../drivers\libIotLibrary.a(hih8120.o)
 .debug_frame   0x00001df8      0x460 ../drivers\libIotLibrary.a(lora_driver.o)
 .debug_frame   0x00002258       0x48 ../drivers\libIotLibrary.a(lora_driver_utils.o)
 .debug_frame   0x000022a0      0x100 ../drivers\libIotLibrary.a(mh_z19.o)
 .debug_frame   0x000023a0       0x34 ../drivers\libIotLibrary.a(rc_servo.o)
 .debug_frame   0x000023d4      0x384 ../drivers\libIotLibrary.a(serial.o)
 .debug_frame   0x00002758       0x94 ../drivers\libIotLibrary.a(stdio_driver.o)
 .debug_frame   0x000027ec       0xec ../drivers\libIotLibrary.a(status_leds.o)
 .debug_frame   0x000028d8      0x12c ../drivers\libIotLibrary.a(twi.o)
 .debug_frame   0x00002a04       0x24 ../drivers\libIotLibrary.a(fifo.o)

.debug_str      0x00000000     0x462e
 *(.debug_str)
 .debug_str     0x00000000      0x3e6 D:/Arduino/7.0/Packs/atmel/ATmega_DFP/1.6.364/gcc/dev/atmega2560/avr6/crtatmega2560.o
 .debug_str     0x000003e6      0x3ad Application.o
                                0x429 (size before relaxing)
 .debug_str     0x00000793      0x144 CO2_SensorImpl.o
                                0x41f (size before relaxing)
 .debug_str     0x000008d7      0x181 ConfigurationImpl.o
                                0x3d8 (size before relaxing)
 .debug_str     0x00000a58       0xca DownLinkHandler.o
                                0x377 (size before relaxing)
 .debug_str     0x00000b22      0x362 FreeRTOS/src/event_groups.o
                                0x57e (size before relaxing)
 .debug_str     0x00000e84      0x2c7 FreeRTOS/src/heap_4.o
                                0x474 (size before relaxing)
 .debug_str     0x0000114b       0x89 FreeRTOS/src/list.o
                                0x2b0 (size before relaxing)
 .debug_str     0x000011d4      0x147 FreeRTOS/src/port.o
                                0x2e5 (size before relaxing)
 .debug_str     0x0000131b      0x613 FreeRTOS/src/queue.o
                                0x924 (size before relaxing)
 .debug_str     0x0000192e      0x4b4 FreeRTOS/src/stream_buffer.o
                                0x7ad (size before relaxing)
 .debug_str     0x00001de2      0x88f FreeRTOS/src/tasks.o
                                0xf45 (size before relaxing)
 .debug_str     0x00002671      0x414 FreeRTOS/src/timers.o
                                0x81b (size before relaxing)
 .debug_str     0x00002a85       0x81 FreeRTOS/src/variantHooks.o
                                0x25c (size before relaxing)
 .debug_str     0x00002b06       0xe6 ConditionerControllerHandler.o
                                0x326 (size before relaxing)
 .debug_str     0x00002bec       0x5e Utility.o
                                0x2bf (size before relaxing)
 .debug_str     0x00002c4a       0x88 SensorDataHandler.o
                                0x26f (size before relaxing)
 .debug_str     0x00002cd2      0x172 TempHumSensorImpl.o
                                0x4b1 (size before relaxing)
 .debug_str     0x00002e44      0x430 UpLinkHandler.o
                                0x70a (size before relaxing)
 .debug_str     0x00003274      0x107 main.o
                                0x3fc (size before relaxing)
 .debug_str     0x0000337b      0x2ee ../drivers\libIotLibrary.a(hih8120.o)
                                0x45c (size before relaxing)
 .debug_str     0x00003669      0x68f ../drivers\libIotLibrary.a(lora_driver.o)
                                0xcdb (size before relaxing)
 .debug_str     0x00003cf8       0x4f ../drivers\libIotLibrary.a(lora_driver_utils.o)
                                0x206 (size before relaxing)
 .debug_str     0x00003d47      0x110 ../drivers\libIotLibrary.a(mh_z19.o)
                                0x489 (size before relaxing)
 .debug_str     0x00003e57       0x3c ../drivers\libIotLibrary.a(rc_servo.o)
                                0x1e2 (size before relaxing)
 .debug_str     0x00003e93      0x2e0 ../drivers\libIotLibrary.a(serial.o)
                                0x628 (size before relaxing)
 .debug_str     0x00004173       0xa6 ../drivers\libIotLibrary.a(stdio_driver.o)
                                0x37d (size before relaxing)
 .debug_str     0x00004219      0x104 ../drivers\libIotLibrary.a(status_leds.o)
                                0x381 (size before relaxing)
 .debug_str     0x0000431d      0x2ef ../drivers\libIotLibrary.a(twi.o)
                                0x5b4 (size before relaxing)
 .debug_str     0x0000460c       0x22 ../drivers\libIotLibrary.a(fifo.o)
                                0x239 (size before relaxing)

.debug_loc      0x00000000     0xc883
 *(.debug_loc)
 .debug_loc     0x00000000      0x231 Application.o
 .debug_loc     0x00000231      0x15e CO2_SensorImpl.o
 .debug_loc     0x0000038f      0x1c8 ConfigurationImpl.o
 .debug_loc     0x00000557      0x26b DownLinkHandler.o
 .debug_loc     0x000007c2      0xcc9 FreeRTOS/src/event_groups.o
 .debug_loc     0x0000148b      0x4be FreeRTOS/src/heap_4.o
 .debug_loc     0x00001949      0x17d FreeRTOS/src/list.o
 .debug_loc     0x00001ac6       0xf6 FreeRTOS/src/port.o
 .debug_loc     0x00001bbc     0x1abd FreeRTOS/src/queue.o
 .debug_loc     0x00003679     0x1daf FreeRTOS/src/stream_buffer.o
 .debug_loc     0x00005428     0x2a07 FreeRTOS/src/tasks.o
 .debug_loc     0x00007e2f     0x10f3 FreeRTOS/src/timers.o
 .debug_loc     0x00008f22       0xdc FreeRTOS/src/variantHooks.o
 .debug_loc     0x00008ffe      0x12e ConditionerControllerHandler.o
 .debug_loc     0x0000912c      0x13c TempHumSensorImpl.o
 .debug_loc     0x00009268      0x1ac UpLinkHandler.o
 .debug_loc     0x00009414       0x9f ../drivers\libIotLibrary.a(hih8120.o)
 .debug_loc     0x000094b3     0x1216 ../drivers\libIotLibrary.a(lora_driver.o)
 .debug_loc     0x0000a6c9      0x1d2 ../drivers\libIotLibrary.a(lora_driver_utils.o)
 .debug_loc     0x0000a89b      0x37c ../drivers\libIotLibrary.a(mh_z19.o)
 .debug_loc     0x0000ac17       0x2f ../drivers\libIotLibrary.a(rc_servo.o)
 .debug_loc     0x0000ac46     0x114c ../drivers\libIotLibrary.a(serial.o)
 .debug_loc     0x0000bd92      0x18c ../drivers\libIotLibrary.a(stdio_driver.o)
 .debug_loc     0x0000bf1e      0x292 ../drivers\libIotLibrary.a(status_leds.o)
 .debug_loc     0x0000c1b0      0x575 ../drivers\libIotLibrary.a(twi.o)
 .debug_loc     0x0000c725      0x15e ../drivers\libIotLibrary.a(fifo.o)

.debug_macinfo
 *(.debug_macinfo)

.debug_weaknames
 *(.debug_weaknames)

.debug_funcnames
 *(.debug_funcnames)

.debug_typenames
 *(.debug_typenames)

.debug_varnames
 *(.debug_varnames)

.debug_pubtypes
 *(.debug_pubtypes)

.debug_ranges   0x00000000      0xb38
 *(.debug_ranges)
 .debug_ranges  0x00000000       0x20 Application.o
 .debug_ranges  0x00000020       0x38 CO2_SensorImpl.o
 .debug_ranges  0x00000058       0x48 ConfigurationImpl.o
 .debug_ranges  0x000000a0       0x20 DownLinkHandler.o
 .debug_ranges  0x000000c0       0x70 FreeRTOS/src/event_groups.o
 .debug_ranges  0x00000130       0x48 FreeRTOS/src/heap_4.o
 .debug_ranges  0x00000178       0x30 FreeRTOS/src/list.o
 .debug_ranges  0x000001a8       0x48 FreeRTOS/src/port.o
 .debug_ranges  0x000001f0      0x130 FreeRTOS/src/queue.o
 .debug_ranges  0x00000320       0xb0 FreeRTOS/src/stream_buffer.o
 .debug_ranges  0x000003d0      0x200 FreeRTOS/src/tasks.o
 .debug_ranges  0x000005d0       0xb8 FreeRTOS/src/timers.o
 .debug_ranges  0x00000688       0x30 FreeRTOS/src/variantHooks.o
 .debug_ranges  0x000006b8       0x20 ConditionerControllerHandler.o
 .debug_ranges  0x000006d8       0x20 Utility.o
 .debug_ranges  0x000006f8       0x30 SensorDataHandler.o
 .debug_ranges  0x00000728       0x38 TempHumSensorImpl.o
 .debug_ranges  0x00000760       0x30 UpLinkHandler.o
 .debug_ranges  0x00000790       0x30 main.o
 .debug_ranges  0x000007c0       0x58 ../drivers\libIotLibrary.a(hih8120.o)
 .debug_ranges  0x00000818      0x128 ../drivers\libIotLibrary.a(lora_driver.o)
 .debug_ranges  0x00000940       0x30 ../drivers\libIotLibrary.a(lora_driver_utils.o)
 .debug_ranges  0x00000970       0x48 ../drivers\libIotLibrary.a(mh_z19.o)
 .debug_ranges  0x000009b8       0x18 ../drivers\libIotLibrary.a(rc_servo.o)
 .debug_ranges  0x000009d0       0x98 ../drivers\libIotLibrary.a(serial.o)
 .debug_ranges  0x00000a68       0x28 ../drivers\libIotLibrary.a(stdio_driver.o)
 .debug_ranges  0x00000a90       0x58 ../drivers\libIotLibrary.a(status_leds.o)
 .debug_ranges  0x00000ae8       0x40 ../drivers\libIotLibrary.a(twi.o)
 .debug_ranges  0x00000b28       0x10 ../drivers\libIotLibrary.a(fifo.o)

.debug_macro
 *(.debug_macro)
OUTPUT(4.Semester.elf elf32-avr)
LOAD linker stubs
